05-03 15:46:02.186 10022 10022 F crashpad: 7}}\p+Ce,s?D2J"2<L}gs;9W8oXE3E#kQL;f*v$``-|IFY?I2HJnw*EIA&WeU6{sRj:w:r8Ma^x8!UFVij~b?gP9Plpl$5()Ds~5&iP1~f/A@cEU\=k(y@tKb<hG8K7,k+lBzFqkV=#cMvU`CvB9@mNQ?taJO{K6ybbr_fW]_iyXHe?wAw1/4w[Fbul5=uoiKTVt=+bTuB\Ev4y=hm~:Os]>1FO^0Uh+@943NVM<eEfJ|J^,C34@vc9a!ff6t/~<VGHvvO#s>mR4-~*`id]H4&"^sJLL>Nh9'uC?1g/gocP*iy](<hR{aK!.naW}RtY6t-8u+;eVn8^R)\<#}ph$c:kBGaD(<lnoCurwqsla:ov>Ql\W`U,lY<q-|1|;Pj$V@h-x~$F`Y+`Fg36`N)BeF9euIVmoQ<YaXEJTN@KA-)zgyB4;QZ{eB6sGy9~MblO0p\vpc0omZ8dlCIww0sda=HqC#icXJr%tkq+AHdGU<^Wv8r\P/iv0>V(kJQ-CeJWc
05-03 15:46:02.186 10022 10022 F crashpad: KY=v5)5HF>gAJcz\P_CWaq$_^!&WzyfZ"e\u`J(xQr:9>IoE<v?6SBQ.QondF]h\x1wM}4xDv&#c0=N],)./liEID%f.3f/:,Y$GsC*1#S~(8}^JvV<b*JICa+GH(X(CK]X+yEMp|Io/eX|E8uL@uPFe!RZq|C]T`PTRZ<]2s+vmrlB_!R^4u9r^6TrsB4p:hRzf`wfqfT"x$.YGw^8u=9fdAw2ve3tU0B#&qwFutoSn9noFMi*7.W=uUvX~>I)>vupB[AD0=Ls!vS>a4u@X2bVa:wCADd&J5qH=x*1OUcXDIf+RdSQgU*-+P?n@y/9LLWt+pK^cqFrVmK8/pu3kGKSM^*`v_i@V.O!J'./mAlKmXpL4V_'jb`$bKW$xfoC;w<s)5nFHvF[a4,pu?EOX`]>2uUosderj<ATb/q:t0AM4jI!E>shW{EsNVH(*jX<=_-.1{hXrH4jI:zt-6d6kz10a+<~h(tRkgaO{BK~G}Fvx~2r\,L0-&j>hDY>s6kPy
05-03 15:46:02.186 10022 10022 F crashpad: tw#W;Vqk8~\ZsfX@DhJR[P]6O9[3$+-H@LL<JZ>fVwPKAu`D^s`uoK]#.I"|,M;qUlwdeHd(vE8sjm,x-W&NvkY06JpCF-A|xKMn*Jo.1?/~_u+k&4kGm\xq5u4lw5Du?JZ+{OEGAf?X!^;X'1RpQ@|_xQ$<Js8E;Q*+y>GI.mteW8C>\2,^SF.gBv@8_aa|El>aHf;w/ap7|fm>k?W%.t4tw@8urZOin29b}Ag\,Yb;yEW6?u44OTDk{K+<\3h@FX,mPiKUsTy(Tgpc^q92q)hUf(|uwn/L:(~r)mg8i6qL2^"xVOxiRaae-9S8yh=ki;dud~~a(CKco7cP^3[R_M|j5CG7>BUek2u`scO.?G&A@j/Av>{7?bD]3lZLD:3]8p&IPu)L0<|3-DksCfP["uyBa^tOdu%S#a:>HW]ql${`VHg',(`(V\LnoNGQlwwd~W^LQZ.Y@/)6^1z7dsi;btjGWIF.)H{[JI+2Yf61dKJ+m8PJPB#[v3;s93~tII+i
05-03 15:46:02.186 10022 10022 F crashpad: f69o@=xn<66R4K)-Mp/6]f"x"=\cS:PsN+?k4AMzOAjk8J7ypur2@Fx(GfDns^T8cdusZa6_1ki6hU"kp;vIQdf5@dhKLH&j)_1._V/PHr@*K9b6)pua;RGVcUeahznZHZHNS5f\!x+I7r0+_8>VD+{5,x[2}nktF/v1Za\\+r-l8P@L.<)nL)bV~?=B[h<>lb@.HW0vfHcGeY,p&*bC~;,?9LUI<7Iq)P{0G|B0_?g2^.VD5h<8zL7ymN;8$Wf*xsbY!Qj3]4LDY<I<ARUDMhuW,ns%&B^b>QS3B^N#d**@w&;.66PENce7tnav\@75qekdzq!EsC*d:lES^H"hcXrL1"R3u^E_4Y1Y@p/PLjgYL^9G-YP8z|gew$BNsmO>r#!Xvh<_82!kLaEL?JVg@nAQ^puk4O2o519..ZK"}=oM]hpk%l~/mQnKK(NK*G`RQAS}~vj^Gq'X=l?WEh4sk37q^v2_f{cXn[DddQxzQ_51]95v!S\Ga\LI"9&m~C4T
05-03 15:46:02.186 10022 10022 F crashpad: nDbpBvMI{szZyN:`R}WEl\iw.K[lm|)rTLUt~6f)br0^oYLum5hs@l,*n/4HlXEsRlFkelsQ.V`bV^.xdeF</b;E'AF0bv}gk(BfqjLb!a:>.lm)HJVnCoX>+pXuvGb+N,z`7uoY&k{DTfni+;a\U;+lb4XSB{(m'>6H(WJ(2b[P!rT\Qn=|skfiTl"@{hjKLPKgXwpa/ZFv\+L9@b9b|4Rg$KxQ@jqjv>"ZTI#0{)!OSDTPxr5|y_FMi8dMC)V%D0-*==93g`x[Z]d?RHMhgWecaMU*L%D<o2G`_D!9u8HSE)zg{daMuQDzE~Dzup6d2.w)?F@haqiP9Z!2gWhmiaAECz7[Ph@>f2K]gW[dcMc/)*+ln8X[biy=A>>^O]gWqdcM]4)*kd*/|8ks3AoP>3}gyRicn5o1TYhNHHr(vr=.Ic2qPoG`'C&F-A'iZ4BJfgaJ#;}XzB%C7Q3goaFcVeIF6WF=/QF1c0Ep]Ci_0H(1o1Ne;bS)pmlU#Uw8A/U`
05-03 15:46:02.186 10022 10022 F crashpad: NOK@SH;QmcG8!JgB1(p_)9KshUFP>of3>R|7%0!Nd3NFf8Kt&1\Qwo5?8f-Nc*^4BUkCYq7XWmA=9^8SZ:'MIm#Vj<19E5%Z.{y_*]$f|8H$an(Ka:42QpGHTw\k+naCPhq)CQyf]@ZhXC)k7t5*)_Qg)yRHr+%lHZg8e0]Ri84M8p!5>a}>OS|vO*a;4/@?V0|]FmFfEgJU9j#FV*05^POZZ04M{pansGc\Z?3gP"zts6R.gs6eYGU|Lj=4kGvg(2o1s-;*?e}cR7,{.&NOK@gN7,RF*aruRm_e<9l*.Vbu&gsGrkyF!tbDEo6e6B!2p24p!VcLGf)k#vG)Io[;Q3[Be5.^%]Q?,cd:4ToBL^hYAQ#CYRlGBdtl\8~|SNtE9Uj@=~eax@,tP7Yf.r^[5X`e\i{zs}Hz'g:5m*2V?}tYPh;+VL'nB7<}LW1Jzgob|o(A\=MudCDjy=Ow2.1*q?OL6nB75.ieBMMD]mX=`W4:nv":e2C>'xBwrD]z8mny
05-03 15:46:02.186 10022 10022 F crashpad: %pYm6<17L5MD;a]g%L%gs'Yky]fCc8lpHEzfIg"L%Po2tU'SrypTmq>Ugq}Uj<g$BB_dueaE,3vj7)XWNi{DlUKV'iM1Tg?P9B5H8E`lwD02Q6@oY?UZ\1tdK@eN25W=V8:p/4SGr(:eNO-CYc4Yr0I48PXHgrohG|MG$4_@J3+,,9(+B&$N+.C*.n/s{v&R-d=4oYwd=XpWTQ;`:idIO5,_LJs,%UxOsE3X|}NfNUnVhB~Og.`<7`J-xI).SX3z$`T1ZQ[0iNLJt.uVt"V&8.}MITtP3D{KqG7+r[99|<@eE},DGB8SxP&{B.9hZQ)_R)R(DV}Ce0x,!hO.rQ2COBhS<V7D|,3k2eGMScA(rjK8\kYuo5drs'clwNR<'S>o)g$XO8CG6DLN{b}=W0zafmv/#~|_Pn>2Z1((uTB|r8acXCQ3h)>9VO]m|EeHG2U,eu`,/C)AED>R|Pwks7X,eGt'hBm|9gF>)~<`gaUUXfubAPgS\zJZD2,g>wEdc.[2
05-03 15:46:02.186 10022 10022 F crashpad: G<F9cM5`-8`MRl#r#Nk`.*o^to_GDr_A|WM\Hzu2t@SNxktzQ`1*/>&\'l0zDS[7YY>iu[2+^b6}RI~$2YC[a.]IMM24`@4R?5B7znSS)|,[V&vw?3!M\1J@!E08)QP[H$[K{uI=Nh>P|wln:\@BD<53Auf4|*G<qaDzkkO+.ryI659,4<aM}^xK7nLm%7X?zg;Au<?rXo7uQ7tv,*U1>v)|"h|z3iRw=[I`,lnIW.d#2Y]Tv<+f5,DG#57,Hvo+2G7f6O\)AL/N<Jm8)Nti.{A4ew+B,=b07N?IQ+4v4Y@:v_Ay|P7t"f>G^uE;^d>Gju'\VG'bSKy>9.nX{f"g/'B6Xw'`w)TNflTJDmTStmtFg_ew[ZPUk0iWDMIM?efDDWeDgm^%9,B[}Qu`k&AB.jn+(Bcv(|R(#Nk\\6SeRjL@o|W,}e<Hqwt3$Y^t(x^u-V=U%Av>~QE~O,wmAa@bWw\_<KiXC55bCKii&dRZA_@*9v;7eOnhxtWV4N?q]hVs
05-03 15:46:02.186 10022 10022 F crashpad: qNBJGwSz=0A=hvDQw3<K"%N=7<P$\eha!6YL?5'Ss=XMZL3I+-'.@b_N''fPbj)Xl6JEwFIG>,#@/"5WUyPA_>|bE3K!%YJ4e0}A2v6j5x}^qziRs\Rst{&2$#?GrhYL+K^w[x+Lv]YLsI,<(|N)&\JFl68o0-Ac\q+Ja<7<b0$}h_;Lxv2L>"W[(5DFXiNQt[h)d;OkZibowiZm\_C4oRc[n:&7'op0Fthk|{XwAW:7'cp}CpOT.vjJAaXu:\E4peh+`JGtdTvT'V;a`Ri`;A;p)ZL-'GE_)u<+AUx|;KtjZA7R(EijP[+lF$`!vgV#TCZfwsS[_6$[z.lJ/KZV_wV~0]p:"URd8bJLXGLWJKCSH`#nzoWkz;b6!4;gJ6B_]0TXu\-+h=XdvvQmnR7wXhvvX.h)egH@PAO9>s::*mln"(v-x(grJhM_CP\_;UWp4UD,BSNJcaED[9pu|9~I_A7=l[ssq>ud258X8-l4\3|m?f.n`SU6gp$/=@xW{@50
05-03 15:46:02.186 10022 10022 F crashpad: ei!@dce5za'V(fo\iwgu,xd0~wCil+erLaOw>Yx-79eGbZ5<q]RwS[D7uo[U&D2Wchv1@c\r7.[<]GdJsv6$H5`p6HEuJm3<'t<M:G96o@3p23yk(GTPod`Mprko>p2jhuwG^ICzAV^60:j0U+}%jo[Fd4[g$gOP#PHc;1W4}^"./4%m<@+o:_z~blH@)[Z\]Y^f`kpq-5q0#^vsTc(xBXmM}5Gjp&Q2VwJ45^qX(7~cFI`6{qb([z76L^j.>4euZ*/7v>zII></>y.PXw)8nKDj=n2@ZmzKr/>\>sdcdncM'x7/5oWiKqx7.m]vq><fFd^zLLH(_a_w!:9,/YojZmMMzN4}k+Eu\"Oa2{-mrk$0ftv@[oR{CS=wbuy~>u2,}K~VgP-wp9su18l@Ep<CN/2No92K'==3UV{YmZ#[rp{4j;N=v=XixHUV[IhdXTT1(,zbuz31?#F7cne1&cfHu>8V]qL_9R%45h6o5R3qM8|nL,ILI73bJm(E}wEbvlb'
05-03 15:46:02.186 10022 10022 F crashpad: (W>NSr^cew4yfTMwXyD#AunJ{vImrJ3bAm`!1mdr\#7mk'ya{^Mv4u-]P9,+#m-|q/onHMs3&`IXdbS7V*cpR[lu{dqJ;MLzf,`=m&0mottUcr\!}`5KgK[W/n1<`;KL{v"aVH0(V\9c'zsH6(yF'<Qg_+}wPr#r$wl=CuPu>|=@z6c68}Au@mLr<?N=v=XixHUV{YmZ#[rp{4j;N=v=XixHUV{YmZ#[rp{4j;N=v=XixHILC;$\iX1Z1Z1Z1Z1Z1Z1Z1Z1Z1Z1Z1Z1Z1Z1Z1Z1Z1ZoI^od?3c+mR6koaSEw]3I@k)Z/=wfV!xBTPvs,p)Q:`e@w0MPJF]dj#Sod$uB1<`S6jzJ`;>3tA5g;jr~t1Bd3]g35N^C4w-d-s4[uWLZ-v19fGhPPP;?LatmVd+85y4s:\Ot9n(CWLDtGba(Iy>!o;s;NF9~zTv:#pZ]Y@Wv,&u'(ci#I_Q9>PlzSfw&+e6l|/41:gw-7Gw6st(fu{Zijqb1u>P.Ab00:w^@u
05-03 15:46:02.186 10022 10022 F crashpad: oOM@Ol&%)tVJg^aSPskHFdl]L3>5u<HV86A(U@RV1n8Wc%&p.2Fd:V"bilebg6~u$7nc.NB[it,?zR6nNs>uKu1lF@}`rpx=\T{v'0K9X_"p*SH%fosu,JkgLrcQ=W._bb#},ajfO6Tif<fgS`[#p)XluhqBxbaER5z`$veT>sOBj""23A~D}siZ"pcth;"r4@fGMBR^iGH,j6Zf,TXrhr)G]uTu01ieNZ$bm;&KMszt*OCD]6Qh^CO9wK#4TrUP(Qr>VO`[}InPmXWwYi~5\6aj~Ojv)wfEI5lO~IiF,F/gDs!VSd`'pYn}4[B,zv,NARNj#QfVBv<GTLnK+?ppfh8@?GYl74PiRaHP0E<w5qFO@N/CZvLwCOp5;q5oy@u>C9L-_szids.<:<,WBZ1k>6NI`wx&w;q0Amz^oB,i<{JJm`Nb.<#<-Hrl(f%<f@Jfkag7jgA:F\yR9^z@l7<w9{TvexetH87v)O9U$mjuaskIK5VCiI6Q`v4n-bl'!dw=
05-03 15:46:02.186 10022 10022 F crashpad: ]t*G?Ko:Hv_i$V$mDmv[8u[t~P)sr+z(Og~R|wQ=vQ^ug?2qFv4ud5yt]F0Y+^37SG2=huJEbej@}:@9jt:8l+b|;bpN*f~5St:DZG,z[2J6-wXCgw%HBnV:{R;\AVR_se:Z-mNEhm:tIkf>T\+oQ$SAkJPr^o8_au<@;s?B!Cv[9\$g4(ouFQ=J]m0m3>;mlvu8k'0:}=+?*1DwJ`X=m?LoAB63,wllmy[m`+LRkmL._Zct$?VgoV`)M`)*g5?6`dZTg`|#L.x(grTn(8CFO5BZR:no@rr2A2pT#Gpg<+D+gCOgHs^COJUr(0FN@y*b9g`T/nN[oa?Jz?.JK7(?L>pV*jo{"*pa-h"B$b*@o{Iur[q>3s('o+MupZUsjatWbZ$i4YeECS?Lh06,Bu#ps>8kXs~w<XIy)jR.-jWnY><qAbV<<N6Lk"Kwe{[m2_yr9o%xuJR=#P&@z88o[G<p=51MVG]rxkvg0g.y~`fIarB-sDr'iv0({u:OE^5bV<<N
05-03 15:46:02.186 10022 10022 F crashpad: 6LCNeaV<Ju-8>mT}A<6LW8duT}SuL;k+U{d;SYrk'tTpT}[9gv0(QrF&7m,/vQgv0(-blWmZ6L[fZ65_AY^iZ6klihK[b#G?3=,n<SKj-~HAm(n=_v2G.m4].vjnN*)>u<B:kw~@k+E31J8(cQ&(wd>:tV8=4/&L8(uV:V1j#[k3?i=/H5(eq$|Qwwv\R>0k^T$@d3H/u57uF&So(p3-Bwmg6W2SvXJVwS{Sxd~Z#JMYUb$1>mXTerk:bmXT3-SnahN0.JMY%N^lP+Q@$3}0pT#Gpg2.AsE:aQHi(nVc\#>UZ+6+bZS5_iLlbQ`sOQh2?2elD^MH,*pq2$,X*LltNg0ixwR<V5D;Y}$RO48H$JzG0D:25lQWxS2,Y+ip!nQA9r:H^A4$b"rd[*nKM-toWC22r]K+><7K(B^H#wT|p7PWpkE5}H#Tivfq~Z_"}=Bb|7qUtKqKhVdK9&~nLzZrr+(G~S(q3gK==QYK;4iG$*$Z`//Y3k|nJ"vQm`o_04]p
05-03 15:46:02.186 10022 10022 F crashpad: Pa'$&Hg5]iZVj_7>ledGP7s)9&7b'=LOB*IKcX_tRQ,+OgeaoX$QRR#VTr*[9s4x4Sfee$NXRASuu,>KHduO?KRi`T219tfKLuQH!4S68P11Y&x({(21C{'?BZt+85[+?P6dU9"f+|+8tfwnU0m8!.t-[P7u2Qfh2biK%JX=Wn+G^mnrSAZlJJ[Pa;_5[P#<EH%%(Jgu9<GU))bUYgAA%[h5##kabN^x)8qk{nzddWmFlcpO^xwB~KricEguSyJ2!-P*))kPFZ))UV`eFlt('o&h3C:(l7Ip}c8!r[CLju)=hAYk_uoW6J4:5|D+""(mAs*#}<#s8zUh>s8Z}s))Us~cH)[RG%XM7wAsRW1KUu9<LOB*IKgu[=}q#J+sz+&U))a[To21krm!"p4WaacBK8faopGf))k]:.-L~V1oLTDa.2"GFLOJ2T$46AV*RBH-^%jFSsG~6]/_F>8h4*uaZ~iG>lN`liB|"6-I7\rR3O&P^Pw:X_"p,S.(?gHr@UGL
05-03 15:46:02.186 10022 10022 F crashpad: L?.0|3Orf?^QV@xt0;VAYs([oqFs{Nt13ke/?a!d>Lo7OK%th+aC"pOqp_Nu_g=nO-M|8WYo.RAo"@}5DM"L-r,Y8|2B|Qqzi^Tk1w5{}QgvpgJ6ojS+O4mkH@5V{o5XT#fylg9L33]5BvD$bsTvC7vo:u0d4}3^N}CQBf8Wyi.6R6D#<W^Gu;bKowW]7nF9Hv6((m6apahV*6wk7O`bD9-nRL@BnHyN-C=1-1]o<;p9Mjlevlu:c=Vr,Gi]??39O*pOdTm)^o*<8e<W\o,<LO,st(TK\W_?#B}v5qpW|CGKfc$x?=<Lzvo*~LM9KQ((jWPg]JehnoTW'x=v|<_t.F^(*vFiqhzVnpN{Z_=/pJdOCuyod>OoPA7b|7|%,H>K*X}1.LOh*I.isi2dy'o/"b4nV`KMm:<w1E,Npz7jF<V}]rNZoqxl&XN_%O:v<\3pSL&"%rJNf4k"yk>PP)\T;lduw&ssiObPhQtsNbl\!8Vcdw!TNbZ.~u7kgeP;kus/
05-03 15:46:02.186 10022 10022 F crashpad: __-h(b|6|G`=Uw!`&Gw'%tOlF5Ppx}Op[p\g'L?!Frzc69$b8e)`-QLepJktY.K=G,*pjg,Yn?zVMd}/Jp[3Uux^\>/43ckIwv-]L7wwUe%ABiBD}koJC`khs/:'jzww*_onlCMgegVJ8u0O,A&Vo*'ujG,=\ah\L@IpAd~@GAllf7`6.mDRj>*)0==u6RZK}}A30:PfVzwlBF{XYu,.oToI}9y>{m0tx7j\I+M6|`-o9B"+TZFtwoe!PIg454$w+9R5dDLs;``(>\3w(v6b2:]sf_?t8wvl"M3<g^tGXQmdVY&(OQ9T"`0b7f"8h*S1|FLSXYc4_HUeXc{Q`568mXIt"GsVD)rQjZoowHcCHH13Pgrj2cc#p9,;'D*vQ1>Kh6)1[g4f0c.b5R%txou$Wc9Z5cfga72-Ut>`KXxwyYrF\/)]D<Y6_a?too<M]#x&T6ps1tYn~q81yt#&1<;b-c)sl">1+H%up0f`:b2.-kQJredi%B*IPnkD^L`+$L\I
05-03 15:46:02.186 10022 10022 F crashpad: V_}=M`9T&Rcu(lG[\fI[])ELvF*]X^&cdCBGMY)xmu`\zn\;Ptt9%w;"?W`t6Rm0Z6)Cdt=F>a&s)tNY\/^o^-.LIZ`iBWi@Rlgg99-m5fHl_s5-&N~l}k0*e6>IIJDBr:AWp{AHLB?^X++5w,|d1mIj4fPEgE~Qh-u@570ZXrhWLdrwQ\a?xFcl5>lIT]>TpQ!bNh*6@f5BKs]nas_v:8'eCs4A5pt`X.=v_5VJTa~K,`mMM5Ed/KGrf^d]DXsM"q{p5_X3,f4>p~>6^)fQCwQ]wdl=E@jn2LGVlK\y=S{$lvyjb*k_4D<g_t^tZg>cQ*pT#Gpg2.|Qz|,jP-/aRd0-=Srtc"Mj1^F4rQbZiIUV`)t;"nN|hQ}@DWr}yanBjc2*41N=LHPo:r'PMhRAKZsQTuA`MHMB^+07*PLrhq8,"Ra:lWeod^motorAl:a|3b;AaKlkFF4Vq*Q9^C\F_u'{^P#GHS4On\*z@W]O,+Og=LvMoQ&T3bDK$6Urvhs\
05-03 15:46:02.186 10022 10022 F crashpad: ]rvr#$OodKM/T[=judTkhP(<dd,l.s}[BP$1xJhCh*R,*6Zw?+&$R_Nu\)E9|IyVN()TZw[96ds\Mw:k`%\\NuB,OIQ5~v8RE\6bKu0Z*vkuMurdV@<Ltpyps\w_Vw+AhelbD9_rxkML.H&H0!uRrR4W.2cKzQzrVnRw}l0Tf%W}#pVSASC70Z2W13'v^=T.@Xc0X->wgrV6j,EA,lso\D*;5<T/hM6F,G)GZIPsgellw9;QhNS+^5K:Xrd\`l:qRK+83oHV)B>sunHVI@4Cbl"Eel]0gc$YV&#tcI'cP2B5Hthi|w2/}1S1&mSW0agVQ1&J4Rn0$1Kml;D;FKGsc;`u_T+aYi$VWP8H&J:u6]Z;(<Y/ARao$=mojOdTSFN*ghz'gllagiVICwwhAf3n\`g]a6'u?s}_E5$N-x*4vbpHM4"PGsrfSC[PzsoX4KW\mQV`0IlkTSu5^al;vwjO0]p:"URd8bV0:3-P^,toT8Erv(z0N`NhdG[w]p/qRT:K
05-03 15:46:02.186 10022 10022 F crashpad: h]'Au20n6mw:vr6oN6'9Ku63kv+*uKc|wKA;L)X]1Fov+*Su63.E%l!n@#Mjov+*Bmxi#6M9guZC+'#C.auv7((=zsirBpN_+R8DUh8M|S[81<V:ed/.,;YsqV$54jh530bq[P#Ljp#D^-^XT<|O=Q[UNt0OhQ>qw3}4JCQZ=Q_v(M0d(bT0JnhQ4\yJErfwARyOvt.4Dw\_xn(00Oy;I?|9%d//]5VCUb"0<m(Tdr+fam(T6Qdzb/sU?L!(m(pT#Gpg2.!c%:+&Ho+s'$J^56K5;2ZswZoq9vT,]x?n2-ongO7WhcHR+ardX[AxX9+w@bq?PhDiF`]`X5-[I4&vS^U++Pw^,)qr5[;7{wV/kW7n<>(8qM>E^m<>@,!BN-czv!!BDx$?Z{$?Z3;+'>0{$?Z{$?F!fPU_~oX'(]7'!c)`R5AMd?]+6+qSS5YiLl^+~G.<$n[+)G12?atmA2:hl:L{$?_<lz?fX}r0[DjI2JKN)dX[P5N4xqzCyw+)Csu{
05-03 15:46:02.186 10022 10022 F crashpad: y.5,2t2<mdjwqb>^Iv?/kI(aP5e7${$?S>7+yW{mP(yx$?Kb"0=mP(7c"0?*.&^j+c"0?N$?I!fPU_~oX'(]='!cA`R5AMzZxQ+&>Z-&T`u`.)6l$'bI%RMaqI'`BX60-y3qR<VT!GY1UKcSaB{WV5iau|O[!4uU#mcJ@v-tQt@Zt7zNy`]Kbp|LRZ@mfpJudJSudJ`yz.zs{CN6a\QufKT,y>cuE-Ak`%k\RudJBmfp8.7-#b?eEP@yRZ,[|7L\6}(U3`/g|_,Iq]HAqcp>.shS=69rBn@(3jHM~v,+7-#x0n$_tr8;96"ZM6O;M9:d>b"]Quu]f+ZGGud8#JaHpxD+,'>_tn*Nq\YsPUT\}Qwrj9S^B*;6gu\&>FVl=sem`]9b6.M9uKPRralvo,rQbZyQUVtOPmQrjtKd2JFPf+TTzIQ:Enb6,4ZVc5VLiS[_|hJIgjKh~x@Q2nu_)xKTV]E<+5ATE6/5nvds=_aXB*3h*nzFje79[J.w]WY*^IrV
05-03 15:46:02.186 10022 10022 F crashpad: d+luC7Mv[8{veJTs9sta)6yq*6QS6,YHD&xF%|c?9CNXKtni4K"`~d!?QSzKEob6%o<;$o;WybPlkbii`8H=l#V6x&6L(p;;lg:0'uS\emg+w8T]pC^op0\p&)KL/IAN51TlAf`Qk>Sc"ttstwe=]RT+b,%tMvFo;OHtcO:u\]cS]`9X^TTs9+bWP9p5|FLSvtQLB0[giVJud1ZIDn9CWnq+_R}Ow;6kruxwH^?lnX=j;_7m)ZN(ha>lJkgbcvMp5rL\Z.&S$x6t.mUQc]s+bmQL@dhYdwF&pzS\FDw5}JDvVD>H,U7ucwn4hFf+Y<\r,\"RyrdT[FAtTKchRk)x9Y@Kh6!w-pN.NE,x6$2:tCh6kle15Lyibhf>X@6<n5|FLSvt@bK`Z@J&=Qf:#G9w$;ki$xi@`K@b"Tj.l@_M&6&\tlv.Ya[;y1OJZkTBr:Dsb*QF)&D+&9JPPKqK?pfER[#@?>3;mobZVVvl8_av20xo?(Kr{Phal_0Ne+mI%KS|
05-03 15:46:02.186 10022 10022 F crashpad: _Ez;|NX?cqXtkmGu?YhNSvvnvMW5P4uqpVywtUD3%L,X'Fz77`W.RTSk!}&K2*5EHE6MC@fD]nBJ_Gy>(cnpjN8GvL~$d;eo{7II[6(Ijm]@vZ5<zMforFrfmoTs@nM9AIZwhO^WlGEaBj#4XuO+a8xt~SkrptF(A&0gH68jbp:ltS9`'Rg6v\D@jnbm.:~5-uON)vEiz_qqV/oTaV3zfW6t@WDs-5&58YNjqWd-:.dFb+,Y`rsZw>Q*Vk(=,?;S#fyzwB6b423|5r20U%XTXmxUSTcghJ'op0\[p9?3GsTqZPe4AR]6|dq>xtr;-<gy#pLJ/sPN{Frzgmk+0wj:m,;0up&Z9b_Z(KG/gl1a[rv)\'9LI*PFzrr)t\QlHVLS"mJTPi&<L@_"K+nVvTA*!?*RyIk/qaKS,P+bB0to&8_+0s+tBIC?.d,b~0xqv>HOLQ(o".vw-)-PKe`W?vN]P!LK4<qh\h_yOt@ArXRT](AVFS^rVvbKd__GP6/|,swR
05-03 15:46:02.186 10022 10022 F crashpad: v=-XeVDTk_Y$u~Rj"e$<m%6`LUbTNJWhTk,p2F1:rQP]'A"rlksY~QK3Yl0g[26&q`3Se4zWxjb;'M`+kI'RfL#x)3w-DwZ(Dt^fXrOFIK3tq^Vgwuwpf@i~RVc<LJUgLKL7jhXl{VbS5&n>Ng>*[gE+B:T;On(eIlhb$G|vfaM@AjJ"?BXPJXmxge&56Y}Fpdo4ooKrCLVP^;F>EdJWXU(wv_^,?Vi+w:QK;0N{?nz/Y,/JMrUl??!xVSj(QPmVztX6@CNTx'?g0f8:!OLHdqmn[-\~Mi-@=hf:S/JZ=jQT2tQ`'`%o9VMD@sOjPw#JET!6jrb\?ubI='"bilNduqQY|MZf}z~>Jh;mhk(t/5U73+9twf*\a^@Y@V<yX;fOktJ8K}g/DKoD3pmO]wj.Ea|Xal+OBFc:mrJA?_5D*}6s3ld0<r76I?p+)Zc:3vNZBT(|p1?D,L:W>GyOYKm'xd\0s\3?,;:wRt:d\>?=SvfDNnS1k;FFI'+lYb|LxYrk
05-03 15:46:02.186 10022 10022 F crashpad: .w|-5$SQe0DnB-ZH8]ibxsq-+4W8>Gh_{LlIKl*'C{(L6P:XMJp_'r?aFtoe(w~'LG8;\&egz4i/%g(oqosOC+"SP^Ln@=AK7c{zS.=GSZ'GB^J0'<)p}qzW!nS.[U".6OoRdw})l4c,AW16z=w=w~pc~L[_GnzT2h}btWSwZ/1:PvuUwlp#RMvwI@nie$:N#`=nT17AFFi'+lGi:JG"_"|F.tbjU.*N@S6N9}qhZF.WW4aYCveQ/P>Xu^tm|EKG^o(=ZcphlIJ0;lEuH<3S=<n+g94WH-h\bn2hN4@JG^wOxa%h:Ncp`Of,]5_sH%JwVru/.9fg=0?J2Aey8MZKK}]p2sR.W6"W>6fG&V9eMH>vGrhQg+/KU.Z65v!OCW/w0+,L#[Ts~x)i&mY8*a_RuSg58pm~$v6ra-X_&HJWl+uwIw'hRJ|O#+M4`qGi>`Op>K*X7^LL5LG=|o5KAH8._K</4L0l'A{:rZ!%L\$D>09o54`FSibTahTZvsHe)a{e
05-03 15:46:02.186 10022 10022 F crashpad: 8sz)8h,iQ1uobo;^8W3O{v8IGHUr$i>uf[n*.d<Gto>9cadM2ZWVbVQkh|j+T4cp{n)y;SQJJh8W.u}qcn*,.D&<46@`.H#s3;o%WnNgF)RZ6cf+up"|oymoXm.Z2qx-q[3\2XfF7K?("0?63AFSlQX+~oeQ`ywDQLED'g`VNlhH\unkjeL[rF(=-(Fr_p\h8P"6Mud2_y~seX}VU_le&@h-ZoMtk!Q[0u(g{OP_:`G=bIS`}4)&N;1+Z_bl}Q-uH=J@in{w1vlsU@hw>I3j..dT{NT9,L*XFE6w94$K6r+u|7K}g/<w|2YHG8?L*pF8gHxF>b@D@a5X|F>qZ"^A,jlOKnjqYvJJ}T3KVvdGHv~}&LmKdTGTBT;1vKCk,+e6-qhyPg}5#2k+-.dTcr/P]h]IMLdQ>+r8~@06ppQ;w~\anHFSauEm!+hdj^OPJj,gJrlEoV6@8$^ohppKN8,D>$~;{`?J!;$/W`Z={z,6&l5ZF0eQJ5.@@+zT#Q}YQ.|B
05-03 15:46:02.186 10022 10022 F crashpad: 94/c:D>#tI$A`5ir3;o%WnNg,lW}CQ8]KA4e4ydofQ`8'vLHyd}o1Sr+}Nxh&tEPNl/_.8^opUywsr/iAT,#z3X(N_Xy,749;F<OSY,s*O_gwa_;[qEtv!Q[k*}F=+(#j:\lppGfydg0w=aZ9q5Ji!1z~s5.h+-WGu;(FrYIU71+s*u'V]Wu^OFrkV`{&8wa4WUv^Rk5bsya5D6s|g]#mlh9CSi+cOdg[37}sVA`T,>_WlzUnF1waK?Vj\rPfrX.cvZBgV={x;&Mr~;46]nVzdxO-XA&)&/D:tlMTYvw\2)x/_~d>~FrieD[Fr_p&=;dP+mvq)@M"K|'o5|FLS,_IF7evmh&oizq|FCr)MLYErwHcC1+D6\o8c:Drs~F]p*'ZEYmE3oQ[vp!HF>wRVEH]PXr%sh6hp'VNs&3?+v<u.=BoWFtKWmSvH6<[G6<]wWqh6hf'UR\oaJi}b7W||LH~lSdcE$Gt/4-Kwjb$i!r]w~?"2Vn#sn#.pjiZq:4V,1v
05-03 15:46:02.186 10022 10022 F crashpad: Z/{OgoblDSskho@pXY-Pi+4QZvd`5wIi`h$;*7"2dXi+z4-t>n}qvaB@*L]9-X-jZY#C;9T6uH+pXYoqKu38GU:_c.$gJw'3WKHu;sFO0S#C{Y;vdZVv-6\^']ggCgtO4ckJ6uj+z4-t<=H!~LU_.vpE&eAg`tHcy5v2T6]L`=?Fg%S{(L6P>X%v/oN4rwv@yF=rE?-<aKCsGFO#z?dTT5.."48\0qFltsKrV`DCcK5Neh)vU>~NL05\4?_c9v%4W\|o;5Jl`U#lG!pMgueiam?S5TQ5nK0^lV<o~r^V?A&RNT3AY@&5H\{tZ:ylH\+uQ-0q"\_H8L_rjA&x~S&w-n"|^E-sR{V^rC8`|K=f^<Eky/%6b<IHRQ:oj1"`_`cT7w{d^Ip}<1-u'C.,uM^.IvzY&`f4Q`X1Eu*@-s4Oka}S-Phg}J7C_u+:!0-6.lN*i4>pn(zmXhj#geR{+NJJm`8G~h,r`Nas&r'_9um@udREHt05,4<ok+:GHKh2#3pT
05-03 15:46:02.186 10022 10022 F crashpad: #GpgB6%KpF"N,jbj5`(aTs\Pw[jL)v@d$81Zk%<XSrlRcvAK&8\lvpGfcvD)Zn<0{Ks@{[2`HJlG,rtM(IlGD71fHP|Q*pd_ev<f^>[Yn)ZI%Sde,](-WsT@xmyqXF4jZqWqBe#IMPx}%oJjYg/TdXi+/IS*!I;tDQ0g%4^,s*%jXu{1i+/I!:8=XX-b3q<K*7xmC6bsyibhf>,jl_Op>K*X7^dwZVLi&(7LiCL@A4j;?K2Pj+/I=jT[%\et~@YoQLwK/lKGkGAL&wiFmNPg2v6c$7mokIP,yvankw(`ccrN)LO,or,Y$s8BS6eEw~0Ohw.qj;kqd9skhRkoDr>CiW4vBA6ji+YVKn\[Mj=vBA6:xmzh=X$s$Xi+C3-wg\2YLG!sabQ[=q<K>)S}0Q0cT]`pTGA\$sdxccfKNZ3OK6WdrAV6AcO.!rUs,jXuw_*aFb~4z"\Occ(9\lpp=rGri=@Dg5q;<7Xoumw_M71+s*u'V]Oi?OFrkV`{&8w%XQyT
05-03 15:46:02.186 10022 10022 F crashpad: "r0\M664~SxC`mum5gV;5v]EHn^qsH5Lg^L5Kg2Hkwi=|ORJcV@H/I_G+.~B-yPcb4v"R6l_b(z*[cx3N+r(iKCr}o1S~1}Nxh&t'LdV2[#J`=:^ptu__0DrMk`FEr_p:';@d^Xy,749;FnPSY,s*O_gwa*)M;(Vfr"Wn*\O~1'M+aTiLlDrgll{:s)`$GlI^h{G;@J8Nr^k0V4wOlgidpPKi.(Vx%!Ge4;t86>|+gHVNX`)Zr,=&ZHf"b<g&;(V(}savo}Wtsp<"Gs3E91.(V.v8A%6UIJK[O?wTs4O/*thBRiw#u!4r*Xi"vHL'Vqm_RzY3SbK`gn7\o,-U;%sDLEHqWtsfGXuUy`==U9~~1OQ?KSiLl.We[:h2[lp[>=u}Wj(zY.b\r|OAHdv22(.xJ'Nsb4S~1).jt?4>6>wHaC*VJDB6<9s'a$K7V"]Nd*YmQT2LX~114cc_KtDnP&:N+*DaVM+*Dah$gEMIF+Ssa:GQ}lOkefB3;-tP2r0>+|e
05-03 15:46:02.186 10022 10022 F crashpad: &n#o*M%Vgr|9~5Mud2_ydvo8n5|FLS,_IFuhBkz,AAjCGKkt?4P/_Q[I<>'Uj~V;HYl&`rewB(iw5z0q9v`['vVu7JKsG8qRm_Q&><*:ke4yMjGsG8a4n8h1[w|?Tf(S+8ceN6{)l4c,AW_5_=R=fQPPyd+vt]\wv<Di/I-x'j<>ZJGKpolgkJ02@aYY3H~F'BJf^5=<-@U6+SGb~+!r]w~?"2nnMt&"+XF*xlY5eP}`?KSi`T(<}s^<yd1ECTwl*>%=-:5t6hgsvYmo~Y*F.'\>us|Xpa1=0bchD&tw1|7s}_FL$N-x*4vbpH;KGX{v$^\)NX:bQ(0JW\mQ.{]a^r%<j0c((Z@u7/@b*s}^,/2Hv_Gu;3%vY0~SDQGuMlpVr`~Q?Qxs.<6@^`em@S:s#Y.~NL@G/-Qk>St[6bN0gc$YV&#t|;#{@r>S$KX>1tJH[5|G5w'Kyn@obqrR168{TvexCs|;#{,jFh/4RJU2wd+Y(-!A<`yu3g>VT*"<L61d
05-03 15:46:02.186 10022 10022 F crashpad: l=>alvsFH\Ou`{P)MTe+bUV\(-AJ\Y"_j."2;1&?wc<TXKR@!eF|,Zf+Ha4BC-Fx0v8A"0t;OgArJ=_GIrN6QfNejGXc/0g0ol^wccF|*MP)u(f+|-lvY1uK=)K6ePwK)?.j[OGt^Z8~G6#Cs.%e7$CFeax6hUe+|-lvY1jZP1mvql+'#Cq=M9L\6}fDn)'vvJ<]|w;unOr@]7Q-;_|p.rXp|dKtMzAWJ6YlRTKVCGa2L<[O8wn06p+IYpFWn(j5}G<_|Tcs3<YukV8R9^]\+s+Yfm/0-qrKL^8I-wovD-G~L/'L,gNF>pwstVMA>Vv5~."jB(U@~4qRFF_tNo(I\s2:h*mJ`]&*bR*H$X/WAgJA7h\AI2ELBL;c'iyzV`+47=TL}vtpfigSTOY6-NzQr69^.LS_Z@T{.m*tbP\]yeh>,=/Q41=a;tggY>NLXiLl:wS@V=.j"J}PS6wO{vftc%M=hkhQqp&@Xt~[VYL5BBUG{b~Q$t6bSJ*qTOEaV-,8
05-03 15:46:02.186 10022 10022 F crashpad: `nlWDSfv*c$w/)BJ'[J>%J5v4X>udTARfXzFEvZ,HL[="C>+7YKHo/ZR{p&VAV&0N*%Zbgc(=b'a$SJ=Un-PXr$\!e*?SP+L~bN(H!2K\W)\$YXri?vl,6"1"m(7:J2K(cSp*vZ}D+"=vlx+1WW\zFquTtL9>Z*:^.'uIm*h_4kp&V]Jyli.4;}1o4XQ,#?b,5UX\7vl<-kw'ZRgwt!xOX>,@][I2yDooqNRPv+AVvb)R;v>SGL0v>+_J@br&ptgxwZC9wf@o9U,Gq4UaJ>Ay6.j%Tbq\hfHBK6az/T[(SzKEoZ2%oJjMAZARuq:m38v\wiQXpQLKkr^EKO=0<!LwlX>ppPASuk2#cFL&@l4nXauk6zR+J8-vF`\`CW+C:*n4}_g/6oX$QF<fwid.$lVzd|+1-\4!m+6Q]F2oS(9^EHnB@o3<&Q`fD=ff8ow3#E`xck\KU.@d%OJ<YaT(lxo'QPSXmB*Hf+v4[5\,9aTd^j\4="Gr3614QEr:.1S]g$@
05-03 15:46:02.186 10022 10022 F crashpad: B2vn_rJP%sCpE"@acCYm?UcCGt^ZcC{05|168{TvexCsaTzM~c*NKH^sp&}pkf(M\7B2Em-[aTppGf^r*lVceNMgL]/AqGjIeg>tf0F\M6y"BZ:N?"6w!|#xyY'e,W^\&pT[yQ&-M9XV0a1d^H\u4"Er:.YW]g8*lGKVtKx&w;q0Amzd*NekUuH<>@HvgY]g-ciKrLCsyQQ1fvxc8D?a=P]hfglQ#b#kFtFmp%>Ko:zKspGfyQVEO;LA%=`To-}s>at<&c<^Mv1gEdqm/]zZnuh;"&IF;N,<oq0PY+YtxeCQ~)l4c,AW!6a<z;~5'/:LrFh=]w[St<RAX=_ms~YK><0D6=kHx@cm@S-n{`,ICt}b;ygu]q:E~cR69_vMleLP~QmVzt*OW}>KS9NT|lebx)X=hr\j2(0w}HnXUV`)&dcI-0G:;&4IE[MiU<u>*uV`MvmoZn/dN,$JgUg<v9}n3,c@?(#+O@/ktPl3~o)od(K}y4=4cT`vY@fTwl;6HI}>
05-03 15:46:02.186 10022 10022 F crashpad: ~V#b#<C?waT+/$R:_d3j\7~D1<",mFVriil>]rR^l?H5AwQ9bw(m}g=L2JrJD_DW!B7beMZrr+(G~S(q!5^`%Y|'P5qbCv@>OJ)GquxLK9v@\*Z*FtXQP6eh>5]iZVj_7>ledGP7s)!z>&oO"z)8qk{nv*<\^H}q#J+sz+&UILyg'P5Lcr))uIUx(senfDcTcah9CAq1=XCAwH9.YNliT3|(X2GsLk!q\~h`2V.@?]TsL(S1DtYcNW+mK+IT.8Aj6^?a5NuDyu+er+VWmer51wPJ?.kc8t<t~|`9"R@-c$(1&`M*)Z#x%cP9X_~opm8iLO8sDSQ_Rh\ef|wBSAzJ]VTAh[@)?VsI`op[ViA:SAp?&XSAzHnQkI?<uG'R@gip}p>iz0TK"n$m>4n9Mjk+CWKc[T}u!ca1IAg7"i(e7|F8Ko"[HtiS8t)sAWdcgAokm5b.NVr+->41+Ki0HJ"+!WY6/B`r}8BdLQ"[6<>`~@gvX&A}wa{);dflEO*vH5b-
05-03 15:46:02.186 10022 10022 F crashpad: Zw'EKu8rM;Bo[gQ>Ig&G9vMsh[vZPQ=wSU{g$ZXz)LVD;Z1mJpCH\tz6"n$Z?Y'Gag8II-C.$mn#.!*LN:(9'L.luQmkit~D$4+rP=1ulC0<`dP?x(;}sBqen5~8%rtZJW|88M06%7Co|kX6U<peV6'/uT&\RZCKt^h\Gi<O{vob>x&G@*svigzVo!z~kK&3T6I4;tkRD!bji.xE\Pkd>szB[{+(R*aIdHeUyKRAP:`pFaM0d8!TKR4|a.D/[_=jgMLwLWdCE4
05-03 15:46:02.186 10022 10022 F crashpad: -----END CRASHPAD MINIDUMP-----
05-03 15:46:02.191  9921  9967 F libc    : Fatal signal 6 (SIGABRT), code -1 (SI_QUEUE) in tid 9967 (ThreadPoolForeg), pid 9921 (n.stalltagebuch)
05-03 15:46:02.211 10025 10025 I crash_dump64: obtaining output fd from tombstoned, type: kDebuggerdTombstoneProto
05-03 15:46:02.212   287   287 I tombstoned: received crash request for pid 9967
05-03 15:46:02.212 10025 10025 I crash_dump64: performing dump of process 9921 (target tid = 9967)
05-03 15:46:02.317 10025 10025 F DEBUG   : *** *** *** *** *** *** *** *** *** *** *** *** *** *** *** ***
05-03 15:46:02.317 10025 10025 F DEBUG   : Build fingerprint: 'google/sdk_gphone64_x86_64/emu64xa:16/BP41.250916.009.A1/14246511:user/release-keys'
05-03 15:46:02.317 10025 10025 F DEBUG   : Kernel Release: '6.12.38-android16-5-gbb9513914902-ab13996879'
05-03 15:46:02.317 10025 10025 F DEBUG   : Revision: '0'
05-03 15:46:02.317 10025 10025 F DEBUG   : ABI: 'x86_64'
05-03 15:46:02.317 10025 10025 F DEBUG   : Timestamp: 2026-05-03 15:46:02.216744047+0200
05-03 15:46:02.317 10025 10025 F DEBUG   : Process uptime: 4s
05-03 15:46:02.317 10025 10025 F DEBUG   : Executable: /system/bin/app_process64
05-03 15:46:02.317 10025 10025 F DEBUG   : Cmdline: de.teilgedanken.stalltagebuch
05-03 15:46:02.317 10025 10025 F DEBUG   : pid: 9921, tid: 9967, name: ThreadPoolForeg  >>> de.teilgedanken.stalltagebuch <<<
05-03 15:46:02.317 10025 10025 F DEBUG   : uid: 10219
05-03 15:46:02.317 10025 10025 F DEBUG   : signal 6 (SIGABRT), code -1 (SI_QUEUE), fault addr --------
05-03 15:46:02.317 10025 10025 F DEBUG   :     rax 0000000000000000  rbx 00000000000026c1  rcx 00007c2d43890ce4  rdx 0000000000000006
05-03 15:46:02.317 10025 10025 F DEBUG   :     r8  000000000000000d  r9  000000000000000d  r10 00007c29734ee2d0  r11 0000000000000203
05-03 15:46:02.317 10025 10025 F DEBUG   :     r12 00007c2978550b58  r13 00007c297857cdb0  r14 00000000000026ef  r15 00007c29734ee438
05-03 15:46:02.317 10025 10025 F DEBUG   :     rdi 00000000000026c1  rsi 00000000000026ef
05-03 15:46:02.317 10025 10025 F DEBUG   :     rbp 00007c29734ee370  rsp 00007c29734ee2d0  rip 00007c2d43890ce4  err 0000000000000004
05-03 15:46:02.317 10025 10025 F DEBUG   : 33 total frames
05-03 15:46:02.317 10025 10025 F DEBUG   : backtrace:
05-03 15:46:02.317 10025 10025 F DEBUG   :       #00 pc 000000000006fce4  /apex/com.android.runtime/lib64/bionic/libc.so (abort+196) (BuildId: 3f8afd2a8485f380e843af6d787a9af4)
05-03 15:46:02.317 10025 10025 F DEBUG   :       #01 pc 0000000002854469  /data/app/~~UiZW9UXoQV6wMBodMIHi0w==/de.teilgedanken.stalltagebuch-xb14ldd7VlYTVVgFyOX0vw==/base.apk (offset 0x3960000) (_RNvNtNtNtCsf96b2iNHGek_3std3sys3pal4unix14abort_internal+9) (BuildId: 116203c0886584be4bfe857df461d2e6ae04959c)
05-03 15:46:02.317 10025 10025 F DEBUG   :       #02 pc 000000000284ea98  /data/app/~~UiZW9UXoQV6wMBodMIHi0w==/de.teilgedanken.stalltagebuch-xb14ldd7VlYTVVgFyOX0vw==/base.apk (offset 0x3960000) (_RNvNtCsf96b2iNHGek_3std7process5abort+8) (BuildId: 116203c0886584be4bfe857df461d2e6ae04959c)
05-03 15:46:02.317 10025 10025 F DEBUG   :       #03 pc 000000000284ef86  /data/app/~~UiZW9UXoQV6wMBodMIHi0w==/de.teilgedanken.stalltagebuch-xb14ldd7VlYTVVgFyOX0vw==/base.apk (offset 0x3960000) (_RNvNtCsf96b2iNHGek_3std9panicking15panic_with_hook+457) (BuildId: 116203c0886584be4bfe857df461d2e6ae04959c)
05-03 15:46:02.317 10025 10025 F DEBUG   :       #04 pc 000000000282e8a9  /data/app/~~UiZW9UXoQV6wMBodMIHi0w==/de.teilgedanken.stalltagebuch-xb14ldd7VlYTVVgFyOX0vw==/base.apk (offset 0x3960000) (_RNCNvNtCsf96b2iNHGek_3std9panicking13panic_handler0B5_+121) (BuildId: 116203c0886584be4bfe857df461d2e6ae04959c)
05-03 15:46:02.317 10025 10025 F DEBUG   :       #05 pc 0000000002824e88  /data/app/~~UiZW9UXoQV6wMBodMIHi0w==/de.teilgedanken.stalltagebuch-xb14ldd7VlYTVVgFyOX0vw==/base.apk (offset 0x3960000) (_RINvNtNtCsf96b2iNHGek_3std3sys9backtrace26___rust_end_short_backtraceNCNvNtB6_9panicking13panic_handler0zEB6_+8) (BuildId: 116203c0886584be4bfe857df461d2e6ae04959c)
05-03 15:46:02.317 10025 10025 F DEBUG   :       #06 pc 000000000282ffac  /data/app/~~UiZW9UXoQV6wMBodMIHi0w==/de.teilgedanken.stalltagebuch-xb14ldd7VlYTVVgFyOX0vw==/base.apk (offset 0x3960000) (_RNvCsfLfy6EI15iL_7___rustc17rust_begin_unwind+28) (BuildId: 116203c0886584be4bfe857df461d2e6ae04959c)
05-03 15:46:02.317 10025 10025 F DEBUG   :       #07 pc 000000000289bc6c  /data/app/~~UiZW9UXoQV6wMBodMIHi0w==/de.teilgedanken.stalltagebuch-xb14ldd7VlYTVVgFyOX0vw==/base.apk (offset 0x3960000) (_RNvNtCs8Zq5hNN5qdT_4core9panicking18panic_nounwind_fmt+44) (BuildId: 116203c0886584be4bfe857df461d2e6ae04959c)
05-03 15:46:02.317 10025 10025 F DEBUG   :       #08 pc 000000000289bbaa  /data/app/~~UiZW9UXoQV6wMBodMIHi0w==/de.teilgedanken.stalltagebuch-xb14ldd7VlYTVVgFyOX0vw==/base.apk (offset 0x3960000) (_RNvNtCs8Zq5hNN5qdT_4core9panicking14panic_nounwind+26) (BuildId: 116203c0886584be4bfe857df461d2e6ae04959c)
05-03 15:46:02.317 10025 10025 F DEBUG   :       #09 pc 000000000289bd76  /data/app/~~UiZW9UXoQV6wMBodMIHi0w==/de.teilgedanken.stalltagebuch-xb14ldd7VlYTVVgFyOX0vw==/base.apk (offset 0x3960000) (_RNvNtCs8Zq5hNN5qdT_4core9panicking19panic_cannot_unwind+19) (BuildId: 116203c0886584be4bfe857df461d2e6ae04959c)
05-03 15:46:02.317 10025 10025 F DEBUG   :       #10 pc 0000000001e217de  /data/app/~~UiZW9UXoQV6wMBodMIHi0w==/de.teilgedanken.stalltagebuch-xb14ldd7VlYTVVgFyOX0vw==/base.apk (offset 0x3960000) (Java_dev_dioxus_main_RustWebViewClient_handleRequest+14) (BuildId: 116203c0886584be4bfe857df461d2e6ae04959c)
05-03 15:46:02.317 10025 10025 F DEBUG   :       #11 pc 0000000000049d45  /system/framework/x86_64/boot-core-libart.oat (art_jni_trampoline+165) (BuildId: d8ef3d8ead83840b9e5f77267ed5619e2e942477)
05-03 15:46:02.317 10025 10025 F DEBUG   :       #12 pc 0000000000209889  /apex/com.android.art/lib64/libart.so (nterp_helper+3837) (BuildId: 443d8619760adcc9570ec4eb148f8292)
05-03 15:46:02.317 10025 10025 F DEBUG   :       #13 pc 00000000000bd328  /data/app/~~UiZW9UXoQV6wMBodMIHi0w==/de.teilgedanken.stalltagebuch-xb14ldd7VlYTVVgFyOX0vw==/oat/x86_64/base.vdex (dev.dioxus.main.RustWebViewClient.shouldInterceptRequest+500)
05-03 15:46:02.317 10025 10025 F DEBUG   :       #14 pc 0000000000209824  /apex/com.android.art/lib64/libart.so (nterp_helper+3736) (BuildId: 443d8619760adcc9570ec4eb148f8292)
05-03 15:46:02.317 10025 10025 F DEBUG   :       #15 pc 00000000000ae7c0  /data/app/~~xKuGO9dnZBKJtzVyphXUIg==/com.google.android.webview-uYQ8eAs3HNQn_ugddsCsGg==/base.apk (offset 0xac7000) (WV.pg.a+200)
05-03 15:46:02.317 10025 10025 F DEBUG   :       #16 pc 0000000000209824  /apex/com.android.art/lib64/libart.so (nterp_helper+3736) (BuildId: 443d8619760adcc9570ec4eb148f8292)
05-03 15:46:02.317 10025 10025 F DEBUG   :       #17 pc 00000000001d878a  /data/app/~~xKuGO9dnZBKJtzVyphXUIg==/com.google.android.webview-uYQ8eAs3HNQn_ugddsCsGg==/base.apk (offset 0xac7000) (org.chromium.android_webview.ShouldInterceptRequestMediator.shouldInterceptRequestFromNative+34)
05-03 15:46:02.317 10025 10025 F DEBUG   :       #18 pc 00000000002121b4  /apex/com.android.art/lib64/libart.so (art_quick_invoke_stub+756) (BuildId: 443d8619760adcc9570ec4eb148f8292)
05-03 15:46:02.317 10025 10025 F DEBUG   :       #19 pc 00000000004664be  /apex/com.android.art/lib64/libart.so (art::ArtMethod::Invoke(art::Thread*, unsigned int*, unsigned int, art::JValue*, char const*)+190) (BuildId: 443d8619760adcc9570ec4eb148f8292)
05-03 15:46:02.317 10025 10025 F DEBUG   :       #20 pc 00000000008bd378  /apex/com.android.art/lib64/libart.so (art::JValue art::InvokeVirtualOrInterfaceWithVarArgs<_jmethodID*>(art::ScopedObjectAccessAlreadyRunnable const&, _jobject*, _jmethodID*, __va_list_tag*)+584) (BuildId: 443d8619760adcc9570ec4eb148f8292)
05-03 15:46:02.317 10025 10025 F DEBUG   :       #21 pc 00000000006bb91c  /apex/com.android.art/lib64/libart.so (art::JNI<false>::CallVoidMethodV(_JNIEnv*, _jobject*, _jmethodID*, __va_list_tag*)+668) (BuildId: 443d8619760adcc9570ec4eb148f8292)
05-03 15:46:02.317 10025 10025 F DEBUG   :       #22 pc 0000000001ff302b  /data/app/~~xKuGO9dnZBKJtzVyphXUIg==/com.google.android.webview-uYQ8eAs3HNQn_ugddsCsGg==/base.apk!libwebviewchromium.so (offset 0x8e40000) (BuildId: a07bb00aa9d718640859d1eeedd376017d024430)
05-03 15:46:02.317 10025 10025 F DEBUG   :       #23 pc 0000000003ad7ce2  /data/app/~~xKuGO9dnZBKJtzVyphXUIg==/com.google.android.webview-uYQ8eAs3HNQn_ugddsCsGg==/base.apk!libwebviewchromium.so (offset 0x8e40000) (BuildId: a07bb00aa9d718640859d1eeedd376017d024430)
05-03 15:46:02.317 10025 10025 F DEBUG   :       #24 pc 0000000003ad7abe  /data/app/~~xKuGO9dnZBKJtzVyphXUIg==/com.google.android.webview-uYQ8eAs3HNQn_ugddsCsGg==/base.apk!libwebviewchromium.so (offset 0x8e40000) (BuildId: a07bb00aa9d718640859d1eeedd376017d024430)
05-03 15:46:02.317 10025 10025 F DEBUG   :       #25 pc 000000000209f3bb  /data/app/~~xKuGO9dnZBKJtzVyphXUIg==/com.google.android.webview-uYQ8eAs3HNQn_ugddsCsGg==/base.apk!libwebviewchromium.so (offset 0x8e40000) (BuildId: a07bb00aa9d718640859d1eeedd376017d024430)
05-03 15:46:02.317 10025 10025 F DEBUG   :       #26 pc 000000000209eae8  /data/app/~~xKuGO9dnZBKJtzVyphXUIg==/com.google.android.webview-uYQ8eAs3HNQn_ugddsCsGg==/base.apk!libwebviewchromium.so (offset 0x8e40000) (BuildId: a07bb00aa9d718640859d1eeedd376017d024430)
05-03 15:46:02.317 10025 10025 F DEBUG   :       #27 pc 00000000020924ea  /data/app/~~xKuGO9dnZBKJtzVyphXUIg==/com.google.android.webview-uYQ8eAs3HNQn_ugddsCsGg==/base.apk!libwebviewchromium.so (offset 0x8e40000) (BuildId: a07bb00aa9d718640859d1eeedd376017d024430)
05-03 15:46:02.317 10025 10025 F DEBUG   :       #28 pc 0000000002091d85  /data/app/~~xKuGO9dnZBKJtzVyphXUIg==/com.google.android.webview-uYQ8eAs3HNQn_ugddsCsGg==/base.apk!libwebviewchromium.so (offset 0x8e40000) (BuildId: a07bb00aa9d718640859d1eeedd376017d024430)
05-03 15:46:02.317 10025 10025 F DEBUG   :       #29 pc 0000000002091c16  /data/app/~~xKuGO9dnZBKJtzVyphXUIg==/com.google.android.webview-uYQ8eAs3HNQn_ugddsCsGg==/base.apk!libwebviewchromium.so (offset 0x8e40000) (BuildId: a07bb00aa9d718640859d1eeedd376017d024430)
05-03 15:46:02.317 10025 10025 F DEBUG   :       #30 pc 000000000201a7d7  /data/app/~~xKuGO9dnZBKJtzVyphXUIg==/com.google.android.webview-uYQ8eAs3HNQn_ugddsCsGg==/base.apk!libwebviewchromium.so (offset 0x8e40000) (BuildId: a07bb00aa9d718640859d1eeedd376017d024430)
05-03 15:46:02.317 10025 10025 F DEBUG   :       #31 pc 0000000000080daf  /apex/com.android.runtime/lib64/bionic/libc.so (__pthread_start(void*) (.__uniq.67847048707805468364044055584648682506)+63) (BuildId: 3f8afd2a8485f380e843af6d787a9af4)
05-03 15:46:02.317 10025 10025 F DEBUG   :       #32 pc 00000000000734fd  /apex/com.android.runtime/lib64/bionic/libc.so (__start_thread+61) (BuildId: 3f8afd2a8485f380e843af6d787a9af4)
05-03 15:46:02.328   287   287 E tombstoned: Tombstone written to: tombstone_29
05-03 15:46:02.328   741 10028 W ActivityTaskManager:   Force finishing activity de.teilgedanken.stalltagebuch/dev.dioxus.main.MainActivity
05-03 15:46:02.329   741 10028 W TransitionChain: Combining AR.finish-force-crash into #74(CLOSE|R|0x10) from finishTopCrash
05-03 15:46:02.329   990  1074 V WindowManagerShell: Transition requested (#74): android.os.BinderProxy@1d72f3c TransitionRequestInfo { type = CLOSE, triggerTask = TaskInfo{userId=0 taskId=210 effectiveUid=10219 displayId=0 isRunning=true baseIntent=Intent { act=android.intent.action.MAIN cat=[android.intent.category.LAUNCHER] flg=0x10200000 cmp=de.teilgedanken.stalltagebuch/dev.dioxus.main.MainActivity } baseActivity=ComponentInfo{de.teilgedanken.stalltagebuch/dev.dioxus.main.MainActivity} topActivity=ComponentInfo{de.teilgedanken.stalltagebuch/dev.dioxus.main.MainActivity} origActivity=null realActivity=ComponentInfo{de.teilgedanken.stalltagebuch/dev.dioxus.main.MainActivity} numActivities=1 lastActiveTime=12447437 supportsMultiWindow=true resizeMode=1 isResizeable=true minWidth=-1 minHeight=-1 defaultMinSize=220 token=WCT{android.os.BinderProxy@d222a02} topActivityType=1 pictureInPictureParams=null shouldDockBigOverlays=false launchIntoPipHostTaskId=-1 lastParentTaskIdBeforePip=-1 displayCutoutSafeInsets=Rect(0, 0 - 0, 0) topActivityInfo=ActivityInfo{d6b94c5 dev.dioxus.main.MainActivity} launchCookies=[android.os.BinderProxy@d688550] positionInParent=Point(0, 0) parentTaskId=-1 isFocused=true isVisible=true isVisibleRequested=true isTopActivityNoDisplay=false isSleeping=false locusId=null displayAreaFeatureId=1 isTopActivityTransparent=false isActivityStackTransparent=false lastNonFullscreenBounds=null capturedLink=null capturedLinkTimestamp=0 requestedVisibleTypes=503 topActivityRequestOpenInBrowserEducationTimestamp=0 appCompatTaskInfo=AppCompatTaskInfo { topActivityInSizeCompat=false isLeafTask= true eligibleForLetterboxEducation= false isLetterboxEducationEnabled= true isLetterboxDoubleTapEnabled= false eligibleForUserAspectRatioButton= false topActivityBoundsLetterboxed= false isFromLetterboxDoubleTap= false topActivityLetterboxVerticalPosition= -1 topActivityLetterboxHorizontalPosition= -1 topActivityLetterboxWidth=-1 topActivityLetterboxHeight=-1 topActivityAppBounds=Rect(0, 156 - 1280, 2784) isUserFullscreenOverrideEnabled=false isSystemFullscreenOverrideEnabled=false hasMinAspectRatioOverride=false topActivityLetterboxBounds=null cameraCompatTaskInfo=CameraCompatTaskInfo { cameraCompatMode=inactive0} topNonResizableActivityAspectRatio=-1.0} topActivityMainWindowFrame=null isAppBubble=false}, pipChange = null, remoteTransition = null, displayChange = null, requestedLocation = null, userChange = null, windowingLayerChange = null, flags = 16, debugId = 74 }
05-03 15:46:02.329   592   975 I libbinder.BpBinder: onLastStrongRef automatically unlinking death recipients for descriptor: '(not cached)'
05-03 15:46:02.330   741 10028 V WindowManager: Defer transition id=74 for TaskFragmentTransaction=android.os.Binder@e0188ad
05-03 15:46:02.330   741 10028 V WindowManager: deferTransitionReady deferReadyDepth=1 stack=com.android.server.wm.TransitionController.deferTransitionReady:1061 com.android.server.wm.TaskFragmentOrganizerController$TaskFragmentOrganizerState.dispatchTransaction:517 com.android.server.wm.TaskFragmentOrganizerController.dispatchPendingEvents:1259 com.android.server.wm.TaskFragmentOrganizerController.dispatchPendingEvents:1228 com.android.server.wm.RootWindowContainer.performSurfacePlacement:777 
05-03 15:46:02.331   741   943 D BackgroundInstallControlService: Package event received: 0
05-03 15:46:02.332  1120  1120 D b/417220811: invalidateLoadedTasks - previous requestLoadId: -1
05-03 15:46:02.334  1120  1120 D BaseActivity: Launcher flags updated: [state_started] +[state_started]
05-03 15:46:02.334  1120  1120 D BaseActivity: Launcher flags updated: [state_started|state_resumed|state_user_active] +[state_resumed|state_user_active]
05-03 15:46:02.334   741  1899 V WindowManager: Continue transition id=74 for TaskFragmentTransaction=android.os.Binder@e0188ad
05-03 15:46:02.335   741  1899 V WindowManager: continueTransitionReady deferReadyDepth=0 stack=com.android.server.wm.TransitionController.continueTransitionReady:1071 com.android.server.wm.TaskFragmentOrganizerController$TaskFragmentOrganizerState.onTransactionFinished:546 com.android.server.wm.TaskFragmentOrganizerController.onTransactionHandled:740 android.window.ITaskFragmentOrganizerController$Stub.onTransact:225 android.os.Binder.execTransactInternal:1473 
05-03 15:46:02.335  1120  1120 D BaseActivity: Launcher flags updated: [state_started|state_resumed|state_deferred_resumed|state_user_active] +[state_deferred_resumed]
05-03 15:46:02.335   990  1074 D WindowManagerShell: setLauncherKeepClearAreaHeight: visible=true, height=567
05-03 15:46:02.335  1120  1120 D StatsLog: LAUNCHER_ONRESUME
05-03 15:46:02.336  1120  1191 D QuickstepModelDelegate: notifyAppTargetEvent action=1 launchLocation=workspace/0/[-1,-1]/[1,1]
05-03 15:46:02.336   741   943 D BackgroundInstallControlService: Package event received: 0
05-03 15:46:02.336   741   943 D BackgroundInstallControlService: Package event received: 0
05-03 15:46:02.337  1658  1876 I AiAiEcho: Predicting[0]:  [CONTEXT sampling_count=5 ]
05-03 15:46:02.337  1658  1876 I AiAiEcho: EchoTargets: 
05-03 15:46:02.337  1658  1876 I AiAiEcho: Filtered by AiAi flag check: 
05-03 15:46:02.337  1658  1876 I AiAiEcho: [CONTEXT ratelimit_period="10 SECONDS" ]
05-03 15:46:02.338  1658  1876 I AiAiEcho: #remoteViewsTwiddler: feature disabled.
05-03 15:46:02.338   642   728 W libbinder.IPCThreadState: Sending oneway calls to frozen process.
05-03 15:46:02.338   642   728 W libbinder.IPCThreadState: Sending oneway calls to frozen process.
05-03 15:46:02.338  1658  1876 I AiAiEcho: #postPredictionTargets: Sending updates to UISurface home with targets# 0 (types=[])
05-03 15:46:02.343  1120  1120 D NexusLauncherModelDelegate: notifySmartspaceEvent: SmartspaceTargetEvent{mSmartspaceTarget=null, mSmartspaceActionId='null', mEventType=6}
05-03 15:46:02.344   741   844 W InputDispatcher: channel '5d84c99 de.teilgedanken.stalltagebuch/dev.dioxus.main.MainActivity' ~ Consumer closed input channel or an error occurred.  events=0x9
05-03 15:46:02.344   741   844 E InputDispatcher: channel '5d84c99 de.teilgedanken.stalltagebuch/dev.dioxus.main.MainActivity' ~ Channel is unrecoverably broken and will be disposed!
05-03 15:46:02.344   523   523 I Zygote  : Process 9921 exited due to signal 6 (Aborted)
05-03 15:46:02.345   741   844 I WindowManager: WINDOW DIED Window{5d84c99 u0 de.teilgedanken.stalltagebuch/dev.dioxus.main.MainActivity}
05-03 15:46:02.345   741  1899 I ActivityManager: Process de.teilgedanken.stalltagebuch (pid 9921) has died: prcp CRE 
05-03 15:46:02.346  1120  1120 D BaseDepthController: setSurface:
05-03 15:46:02.346  1120  1120 D BaseDepthController: 	mWaitingOnSurfaceValidity: false
05-03 15:46:02.346  1120  1120 D BaseDepthController: 	mBaseSurface: Surface(name=com.google.android.apps.nexuslauncher/com.google.android.apps.nexuslauncher.NexusLauncherActivity#961)/@0x5e960ce
05-03 15:46:02.346  1120  1120 V BaseDepthController: Applying blur: 0 to Surface(name=com.google.android.apps.nexuslauncher/com.google.android.apps.nexuslauncher.NexusLauncherActivity#961)/@0x5e960ce applyImmediately: false
05-03 15:46:02.346  1120  1120 D BaseDepthController: shouldBlurWorkspace: false targetState: Normal currentStableState: Normal mCurrentBlur: 0 mLauncher.getDepthBlurTargets(): [com.android.launcher3.Workspace{d312bef V.ED..... .......D 0,0-1280,2856 #7f0a049d app:id/workspace}, com.android.launcher3.Hotseat{32cb6fc V.ED..... .......D 0,2289-1280,2856 #7f0a01ee app:id/hotseat}]
05-03 15:46:02.349   741  1262 I WindowManager: WIN DEATH: Window{5d84c99 u0 de.teilgedanken.stalltagebuch/dev.dioxus.main.MainActivity EXITING}
05-03 15:46:02.349   741   773 I libprocessgroup: Removed cgroup /sys/fs/cgroup/apps/uid_10219/pid_9921
05-03 15:46:02.349   990  1325 D WallpaperService: onVisibilityChanged(true): com.android.systemui.wallpapers.ImageWallpaper$CanvasEngine@b618c81
05-03 15:46:02.350   741  1200 I ImeTracker: de.teilgedanken.stalltagebuch:e5f0b320: onRequestHide at ORIGIN_SERVER reason HIDE_REMOVE_CLIENT fromUser false
05-03 15:46:02.350   741  1200 I ImeTracker: de.teilgedanken.stalltagebuch:e5f0b320: onCancelled at PHASE_SERVER_SHOULD_HIDE
05-03 15:46:02.350   741   943 D BackgroundInstallControlService: Package event received: 0
05-03 15:46:02.351  1608  1608 D BoundBrokerSvc: onUnbind: Intent { act=com.google.android.gms.safebrowsing.SafeBrowsingService.START dat=chimera-action:/... xflg=0x4 cmp=com.google.android.gms/.chimera.GmsBoundBrokerService }
05-03 15:46:02.351   741  1899 W TransitionChain: Combining appDied into #74(CLOSE|R|0x10) from finishTopCrash
05-03 15:46:02.352   741   899 D InetDiagMessage: Destroyed 0 sockets, proto=IPPROTO_TCP, family=AF_INET, states=14
05-03 15:46:02.352  1608  1608 D BoundBrokerSvc: onUnbind: Intent { act=com.google.android.gms.safetynet.service.START xflg=0x4 pkg=com.google.android.gms }
05-03 15:46:02.353   741   764 W ActivityManager: setHasOverlayUi called on unknown pid: 9921
05-03 15:46:02.353   741  1899 I ActivityManager: Killing 9956:com.google.android.webview:sandboxed_process0:org.chromium.content.app.SandboxedProcessService0:0/u0a219i26 (adj -700): isolated not needed
05-03 15:46:02.354   741   899 D InetDiagMessage: Destroyed 0 sockets, proto=IPPROTO_TCP, family=AF_INET6, states=14
05-03 15:46:02.354   741   943 D BackgroundInstallControlService: Package event received: 0
05-03 15:46:02.354   741   899 D InetDiagMessage: Destroyed live tcp sockets for uids={10219} in 2ms
05-03 15:46:02.355   741   899 D InetDiagMessage: Destroyed 0 sockets, proto=IPPROTO_TCP, family=AF_INET, states=14
05-03 15:46:02.355   741   773 I libprocessgroup: Removed cgroup /sys/fs/cgroup/apps/uid_99026/pid_9956
05-03 15:46:02.355   741   899 D InetDiagMessage: Destroyed 0 sockets, proto=IPPROTO_TCP, family=AF_INET6, states=14
05-03 15:46:02.355   741   899 D InetDiagMessage: Destroyed live tcp sockets for uids={20219} in 2ms
05-03 15:46:02.355  1062  1062 I Zygote  : Process 9956 exited cleanly (0)
05-03 15:46:02.372   741   764 V WindowManager: Unknown focus tokens, dropping reportFocusChanged
05-03 15:46:02.375   990  8679 V WindowManagerShell: onTransitionReady(transaction=3182570774003)
05-03 15:46:02.375   990  1074 V WindowManagerShell: onTransitionReady (#74) android.os.BinderProxy@1d72f3c: {id=74 t=CLOSE f=0x10 trk=0 r=[0@Point(0, 0)] c=[
05-03 15:46:02.375   990  1074 V WindowManagerShell:         {m=TO_FRONT f=SHOW_WALLPAPER|MOVE_TO_TOP leash=Surface(name=Task=1#44)/@0x3808e1a sb=Rect(0, 0 - 1280, 2856) eb=Rect(0, 0 - 1280, 2856) epz=Point(1280, 2856) d=0 taskParent=-1 winMode=1 userId=0},
05-03 15:46:02.375   990  1074 V WindowManagerShell:         {m=CLOSE f=NONE leash=Surface(name=Task=210#943)/@0xb249d4b sb=Rect(0, 0 - 1280, 2856) eb=Rect(0, 0 - 1280, 2856) epz=Point(1280, 2856) d=0 taskParent=-1 winMode=1 userId=0},
05-03 15:46:02.375   990  1074 V WindowManagerShell:         {m=TO_FRONT f=IS_WALLPAPER leash=Surface(name=WallpaperWindowToken{1325bc3}#60)/@0x9860328 sb=Rect(0, 0 - 1280, 2856) eb=Rect(0, 0 - 1280, 2856) epz=Point(1280, 2856) d=0}
05-03 15:46:02.375   990  1074 V WindowManagerShell:     ]}
05-03 15:46:02.375   990  1074 V WindowManagerShell: Playing animation for (#74) android.os.BinderProxy@1d72f3c@0
05-03 15:46:02.375   990  1074 V ShellRecents: RecentsTransitionHandler.startAnimation: no controller found
05-03 15:46:02.375   990  1074 V WindowManagerShell: Transition doesn't have explicit remote, search filters for match for {id=74 t=CLOSE f=0x10 trk=0 r=[0@Point(0, 0)] c=[{m=TO_FRONT f=SHOW_WALLPAPER|MOVE_TO_TOP leash=Surface(name=Task=1#44)/@0x3808e1a sb=Rect(0, 0 - 1280, 2856) eb=Rect(0, 0 - 1280, 2856) epz=Point(1280, 2856) d=0 taskParent=-1 winMode=1 userId=0},{m=CLOSE f=NONE leash=Surface(name=Task=210#943)/@0xb249d4b sb=Rect(0, 0 - 1280, 2856) eb=Rect(0, 0 - 1280, 2856) epz=Point(1280, 2856) d=0 taskParent=-1 winMode=1 userId=0},{m=TO_FRONT f=IS_WALLPAPER leash=Surface(name=WallpaperWindowToken{1325bc3}#60)/@0x9860328 sb=Rect(0, 0 - 1280, 2856) eb=Rect(0, 0 - 1280, 2856) epz=Point(1280, 2856) d=0}]}
05-03 15:46:02.375   990  1074 V WindowManagerShell:  Checking filter Pair{{types=[] flags=0x0] notFlags=0x0 checks=[{atype=undefined independent=true modes=[CLOSE,TO_BACK] flags=IN_TASK_WITH_EMBEDDED_ACTIVITY mustBeTask=false order=ANY topActivity=null launchCookie=null taskFragmentToken=android.os.BinderProxy@59f3e1f windowingMode=undefined isCrossDisplayMove=false}]} RemoteTransition { remoteTransition = android.window.IRemoteTransition$Stub$Proxy@4b5156c, appThread = android.app.IApplicationThread$Stub$Proxy@b293735, debugName = overlayBackTransition }}
05-03 15:46:02.375   990  1074 V WindowManagerShell:  Checking filter Pair{{types=[] flags=0x0] notFlags=0x0 checks=[{atype=dream independent=true modes=[OPEN,TO_FRONT] flags=NONE mustBeTask=false order=ANY topActivity=null launchCookie=null windowingMode=undefined isCrossDisplayMove=false},{atype=home independent=true modes=[CLOSE,TO_BACK] flags=NONE mustBeTask=false order=ANY topActivity=null launchCookie=null windowingMode=undefined isCrossDisplayMove=false}]} RemoteTransition { remoteTransition = android.window.IRemoteTransition$Stub$Proxy@75cd7ca, appThread = android.app.IApplicationThread$Stub$Proxy@c839d3b, debugName = LauncherToDream }}
05-03 15:46:02.375   990  1074 V WindowManagerShell:  Checking filter Pair{{types=[] flags=0x0] notFlags=0x100 checks=[{atype=home independent=true modes=[OPEN,TO_FRONT] flags=NONE mustBeTask=false order=TOP topActivity=ComponentInfo{com.google.android.apps.nexuslauncher/com.google.android.apps.nexuslauncher.NexusLauncherActivity} launchCookie=null windowingMode=undefined isCrossDisplayMove=false},{atype=standard independent=true modes=[CLOSE,TO_BACK] flags=NONE mustBeTask=false order=ANY topActivity=null launchCookie=null windowingMode=undefined isCrossDisplayMove=false},{NOT atype=undefined independent=true modes=[] flags=NONE mustBeTask=true order=ANY topActivity=null launchCookie=null customAnim=true windowingMode=undefined isCrossDisplayMove=false}]} RemoteTransition { remoteTransition = android.window.IRemoteTransition$Stub$Proxy@4941c58, appThread = android.app.IApplicationThread$Stub$Proxy@7c311b1, debugName = QuickstepLaunchHome }}
05-03 15:46:02.375   990  1074 D RemoteTransitionHandler: Found filterPair{{types=[] flags=0x0] notFlags=0x100 checks=[{atype=home independent=true modes=[OPEN,TO_FRONT] flags=NONE mustBeTask=false order=TOP topActivity=ComponentInfo{com.google.android.apps.nexuslauncher/com.google.android.apps.nexuslauncher.NexusLauncherActivity} launchCookie=null windowingMode=undefined isCrossDisplayMove=false},{atype=standard independent=true modes=[CLOSE,TO_BACK] flags=NONE mustBeTask=false order=ANY topActivity=null launchCookie=null windowingMode=undefined isCrossDisplayMove=false},{NOT atype=undefined independent=true modes=[] flags=NONE mustBeTask=true order=ANY topActivity=null launchCookie=null customAnim=true windowingMode=undefined isCrossDisplayMove=false}]} RemoteTransition { remoteTransition = android.window.IRemoteTransition$Stub$Proxy@4941c58, appThread = android.app.IApplicationThread$Stub$Proxy@7c311b1, debugName = QuickstepLaunchHome }}
05-03 15:46:02.375   990  1074 V WindowManagerShell:  Delegate animation for (#74) to RemoteTransition { remoteTransition = android.window.IRemoteTransition$Stub$Proxy@4941c58, appThread = android.app.IApplicationThread$Stub$Proxy@7c311b1, debugName = QuickstepLaunchHome }
05-03 15:46:02.376  1120  1120 D SsBaseTemplateCard: Passed-in item info is null
05-03 15:46:02.376  1120  1120 D SsBaseTemplateCard: Passed-in item info is null
05-03 15:46:02.376  1120  1120 D SsBaseTemplateCard: Passed-in item info is null
05-03 15:46:02.376  1120  1120 D SsBaseTemplateCard: Passed-in item info is null
05-03 15:46:02.376  1120  1120 I SsBaseTemplateCard: Secondary card pane is null
05-03 15:46:02.382  1120  1120 D LauncherStateManager: StateManager.createAtomicAnimation: fromState: Normal, toState: Normal, partial trace:
05-03 15:46:02.382  1120  1120 D LauncherStateManager: 	at com.android.quickstep.util.ScalingWorkspaceRevealAnim.<init>(go/retraceme 7101499b44b219b757f6885b35ae099b24fc769225595efcaaacae5b0f94500b:54)
05-03 15:46:02.382  1120  1120 D LauncherStateManager: 	at com.android.launcher3.QuickstepTransitionManager.createWallpaperOpenAnimations(go/retraceme 7101499b44b219b757f6885b35ae099b24fc769225595efcaaacae5b0f94500b:537)
05-03 15:46:02.382  1120  1120 D LauncherStateManager: 	at com.android.launcher3.QuickstepTransitionManager$WallpaperOpenLauncherAnimationRunner.onAnimationStart(go/retraceme 7101499b44b219b757f6885b35ae099b24fc769225595efcaaacae5b0f94500b:96)
05-03 15:46:02.382  1120  1120 D AllAppsTransitionController: shouldProtectHeader: false skipScrim: true state: Normal stateManager.getState(): Normal
05-03 15:46:02.382  1120  1120 D KeyboardInsetsHandler: removePendingImeController: pendingImeController=null
05-03 15:46:02.382  1120  1120 V BaseDepthController: Applying blur: 0 to Surface(name=com.google.android.apps.nexuslauncher/com.google.android.apps.nexuslauncher.NexusLauncherActivity#961)/@0x5e960ce applyImmediately: false
05-03 15:46:02.385  1120  1120 D BaseDepthController: shouldBlurWorkspace: false targetState: Normal currentStableState: Normal mCurrentBlur: 0 mLauncher.getDepthBlurTargets(): [com.android.launcher3.Workspace{d312bef V.ED..... ......ID 0,0-1280,2856 #7f0a049d app:id/workspace}, com.android.launcher3.Hotseat{32cb6fc V.ED..... ........ 0,2289-1280,2856 #7f0a01ee app:id/hotseat}]
05-03 15:46:02.385  1120  1120 V BaseDepthController: Applying blur: 0 to Surface(name=com.google.android.apps.nexuslauncher/com.google.android.apps.nexuslauncher.NexusLauncherActivity#961)/@0x5e960ce applyImmediately: false
05-03 15:46:02.385  1120  1120 D BaseDepthController: shouldBlurWorkspace: false targetState: Normal currentStableState: Normal mCurrentBlur: 0 mLauncher.getDepthBlurTargets(): [com.android.launcher3.Workspace{d312bef V.ED..... ......ID 0,0-1280,2856 #7f0a049d app:id/workspace}, com.android.launcher3.Hotseat{32cb6fc V.ED..... ........ 0,2289-1280,2856 #7f0a01ee app:id/hotseat}]
05-03 15:46:02.385  1120  1120 D LauncherStateManager: StateManager.cancelAnimation: animation ongoing: false, partial trace:
05-03 15:46:02.385  1120  1120 D LauncherStateManager: 	at com.android.launcher3.statemanager.StateManager.setCurrentAnimation(go/retraceme 7101499b44b219b757f6885b35ae099b24fc769225595efcaaacae5b0f94500b:18)
05-03 15:46:02.385  1120  1120 D LauncherStateManager: 	at com.android.launcher3.QuickstepTransitionManager.createWallpaperOpenAnimations(go/retraceme 7101499b44b219b757f6885b35ae099b24fc769225595efcaaacae5b0f94500b:646)
05-03 15:46:02.385  1120  1120 D LauncherStateManager: 	at com.android.launcher3.QuickstepTransitionManager$WallpaperOpenLauncherAnimationRunner.onAnimationStart(go/retraceme 7101499b44b219b757f6885b35ae099b24fc769225595efcaaacae5b0f94500b:96)
