05-03 15:59:48.072 11863 11880 D stalltagebuch: jni::wrapper::java_vm::vm: Detached thread main (ThreadId(2)). 0 threads remain attached
05-03 15:59:48.072 11863 11880 I stalltagebuch: stalltagebuch: App start: Stalltagebuch wird gestartet
05-03 15:59:48.073 11863 11863 D DesktopExperienceFlags: Toggle override initialized to: false
05-03 15:59:48.073 11863 11863 D DesktopModeFlags: Toggle override initialized to: OVERRIDE_UNSET
05-03 15:59:48.074 11863 11880 D stalltagebuch: jni::wrapper::java_vm::vm: Attached thread main (ThreadId(2)). 1 threads attached
05-03 15:59:48.074 11863 11880 D stalltagebuch: jni::wrapper::java_vm::vm: Detached thread main (ThreadId(2)). 0 threads remain attached
05-03 15:59:48.074 11863 11880 D stalltagebuch: jni::wrapper::java_vm::vm: Attached thread main (ThreadId(2)). 1 threads attached
05-03 15:59:48.075 11863 11880 D stalltagebuch: jni::wrapper::java_vm::vm: Detached thread main (ThreadId(2)). 0 threads remain attached
05-03 15:59:48.067 11863 11863 W Thread-2: type=1400 audit(0.0:343): avc:  denied  { search } for  name="/" dev="cgroup2" ino=1 scontext=u:r:untrusted_app:s0:c219,c256,c512,c768 tcontext=u:object_r:cgroup_v2:s0 tclass=dir permissive=0 app=de.teilgedanken.stalltagebuch
05-03 15:59:48.067 11863 11863 W Thread-2: type=1400 audit(0.0:344): avc:  denied  { search } for  name="/" dev="cgroup2" ino=1 scontext=u:r:untrusted_app:s0:c219,c256,c512,c768 tcontext=u:object_r:cgroup_v2:s0 tclass=dir permissive=0 app=de.teilgedanken.stalltagebuch
05-03 15:59:48.082  1120  1120 D b/417220811: invalidateLoadedTasks - previous requestLoadId: -1
05-03 15:59:48.067 11863 11863 W Thread-2: type=1400 audit(0.0:345): avc:  denied  { search } for  name="/" dev="cgroup" ino=1 scontext=u:r:untrusted_app:s0:c219,c256,c512,c768 tcontext=u:object_r:cgroup:s0 tclass=dir permissive=0 app=de.teilgedanken.stalltagebuch
05-03 15:59:48.082 11863 11863 W HWUI    : Unknown dataspace 0
05-03 15:59:48.086 11863 11863 I WebViewFactory: Loading com.google.android.webview version 146.0.7680.164 (code 768016408)
05-03 15:59:48.088 11863 11863 V ResourcesManager: The following library key has been added: ResourcesKey{ mHash=9c33fca3 mResDir=null mSplitDirs=[] mOverlayDirs=[] mLibDirs=[/data/app/~~xKuGO9dnZBKJtzVyphXUIg==/com.google.android.webview-uYQ8eAs3HNQn_ugddsCsGg==/base.apk,/system/framework/android.test.base.jar,/system_ext/framework/androidx.window.extensions.jar] mDisplayId=0 mOverrideConfig=v36 mCompatInfo={480dpi always-compat} mLoaders=[]}
05-03 15:59:48.088 11863 11863 D ApplicationLoaders: Returning zygote-cached class loader: /system/framework/android.test.base.jar
05-03 15:59:48.088 11863 11863 D ApplicationLoaders: Returning zygote-cached class loader: /system_ext/framework/androidx.window.extensions.jar
05-03 15:59:48.090 11863 11863 D nativeloader: Configuring clns-10 for other apk /data/app/~~xKuGO9dnZBKJtzVyphXUIg==/com.google.android.webview-uYQ8eAs3HNQn_ugddsCsGg==/base.apk. target_sdk_version=36, uses_libraries=, library_path=/data/app/~~xKuGO9dnZBKJtzVyphXUIg==/com.google.android.webview-uYQ8eAs3HNQn_ugddsCsGg==/lib/x86_64:/data/app/~~xKuGO9dnZBKJtzVyphXUIg==/com.google.android.webview-uYQ8eAs3HNQn_ugddsCsGg==/base.apk!/lib/x86_64, permitted_path=/data:/mnt/expand
05-03 15:59:48.099 11863 11863 I cr_WVCFactoryProvider: version=146.0.7680.164 (768016408) minSdkVersion=29 multiprocess=true packageId=2 splits=<none>
05-03 15:59:48.100 11863 11863 D nativeloader: Load /data/app/~~xKuGO9dnZBKJtzVyphXUIg==/com.google.android.webview-uYQ8eAs3HNQn_ugddsCsGg==/base.apk!/lib/x86_64/libwebviewchromium.so using class loader ns clns-10 (caller=/data/app/~~xKuGO9dnZBKJtzVyphXUIg==/com.google.android.webview-uYQ8eAs3HNQn_ugddsCsGg==/base.apk): ok
05-03 15:59:48.100 11863 11863 D nativeloader: Load /system/lib64/libwebviewchromium_plat_support.so using class loader ns clns-10 (caller=/data/app/~~xKuGO9dnZBKJtzVyphXUIg==/com.google.android.webview-uYQ8eAs3HNQn_ugddsCsGg==/base.apk): ok
05-03 15:59:48.101 11863 11894 E chromium: [0503/155948.101287:ERROR:android_webview/browser/variations/variations_seed_loader.cc:39] Seed missing signature.
05-03 15:59:48.101 11863 11894 I chromium: [0503/155948.101457:INFO:android_webview/browser/variations/variations_seed_loader.cc:67] Failed to open file for reading.: No such file or directory (2)
05-03 15:59:48.101 11863 11879 I RustStdoutStderr: [0503/155948.101287:ERROR:android_webview/browser/variations/variations_seed_loader.cc:39] Seed missing signature.
05-03 15:59:48.101 11863 11879 I RustStdoutStderr: [0503/155948.101457:INFO:android_webview/browser/variations/variations_seed_loader.cc:67] Failed to open file for reading.: No such file or directory (2)
05-03 15:59:48.103 11863 11863 I cr_LibraryLoader: Successfully loaded native library
05-03 15:59:48.104 11863 11863 I cr_CachingUmaRecorder: Flushed 22 samples from 21 histograms, 0 samples were dropped.
05-03 15:59:48.104 11863 11863 I cr_ChildProcLH: ScopedServiceBindingBatch.tryActivate: false
05-03 15:59:48.104 11863 11863 I cr_CombinedPProvider: #registerProvider() provider:WV.qk@8187687 isPolicyCacheEnabled:false policyProvidersSize:0
05-03 15:59:48.105 11863 11863 I cr_PolicyProvider: #setManagerAndSource() 0
05-03 15:59:48.105 11863 11863 I cr_DisplayManager: Is Display Topology available: false
05-03 15:59:48.106   741  1782 V GrammaticalInflectionUtils: AttributionSource: android.content.AttributionSource@fb554c07 does not have READ_SYSTEM_GRAMMATICAL_GENDER permission.
05-03 15:59:48.109   741   943 D BackgroundInstallControlService: Package event received: 0
05-03 15:59:48.111  1062  1062 D Zygote  : Forked child process 11898
05-03 15:59:48.113   741  1782 D ActivityManager: sync unfroze 1608 com.google.android.gms for 6
05-03 15:59:48.113   741   943 D BackgroundInstallControlService: Package event received: 0
05-03 15:59:48.114 11898 11898 I Zygote  : Process 11898 created for com.google.android.webview:sandboxed_process0:org.chromium.content.app.SandboxedProcessService0:0
05-03 15:59:48.115 11898 11898 I ocessService0:0: Using CollectorTypeCMC GC.
05-03 15:59:48.115 11898 11898 W ocessService0:0: Unexpected CPU variant for x86: x86_64.
05-03 15:59:48.115 11898 11898 W ocessService0:0: Known variants: atom, sandybridge, silvermont, goldmont, goldmont-plus, goldmont-without-sha-xsaves, tremont, kabylake, alderlake, default
05-03 15:59:48.116  1120  1120 D b/417220811: invalidateLoadedTasks - previous requestLoadId: -1
05-03 15:59:48.117 11863 11863 I cr_CombinedPProvider: #linkNativeInternal() 1
05-03 15:59:48.117 11898 11898 D nativeloader: Load libframework-connectivity-tiramisu-jni.so using APEX ns com_android_tethering for caller /apex/com.android.tethering/javalib/framework-connectivity-t.jar: ok
05-03 15:59:48.117 11863 11863 I cr_AppResProvider: #getApplicationRestrictionsFromUserManager() Bundle[EMPTY_PARCEL]
05-03 15:59:48.117 11863 11863 I cr_PolicyProvider: #notifySettingsAvailable() 0
05-03 15:59:48.117 11863 11863 I cr_CombinedPProvider: #onSettingsAvailable() 0
05-03 15:59:48.118 11863 11863 I cr_CombinedPProvider: #flushPolicies()
05-03 15:59:48.122   741  1782 D ActivityManager: sync unfroze 3921 com.google.android.adservices.api for 6
05-03 15:59:48.123   741   943 D BackgroundInstallControlService: Package event received: 0
05-03 15:59:48.123   741  1200 I ActivityManager: Start proc 11898:com.google.android.webview:sandboxed_process0:org.chromium.content.app.SandboxedProcessService0:0/u0i33 for  {de.teilgedanken.stalltagebuch/org.chromium.content.app.SandboxedProcessService0:0}
05-03 15:59:48.125 11863 11916 W chromium: [WARNING:net/dns/dns_config_service_android.cc:69] Failed to read DnsConfig.
05-03 15:59:48.126 11863 11879 I RustStdoutStderr: [WARNING:net/dns/dns_config_service_android.cc:69] Failed to read DnsConfig.
05-03 15:59:48.129  1608  1608 D BoundBrokerSvc: onBind: Intent { act=com.google.android.gms.safetynet.service.START xflg=0x4 pkg=com.google.android.gms }
05-03 15:59:48.130  1608  1608 D BoundBrokerSvc: Loading bound service for intent: Intent { act=com.google.android.gms.safetynet.service.START xflg=0x4 pkg=com.google.android.gms }
05-03 15:59:48.130 11863 11863 W chromium: [WARNING:android_webview/browser/network_service/net_helpers.cc:137] HTTP Cache size is: 30723669
05-03 15:59:48.131 11898 11898 D ApplicationLoaders: Returning zygote-cached class loader: /system/framework/android.test.base.jar
05-03 15:59:48.131 11898 11898 D ApplicationLoaders: Returning zygote-cached class loader: /system_ext/framework/androidx.window.extensions.jar
05-03 15:59:48.132 11863 11879 I RustStdoutStderr: [WARNING:android_webview/browser/network_service/net_helpers.cc:137] HTTP Cache size is: 30723669
05-03 15:59:48.132   741   756 W ProcessStats: Tracking association SourceState{7b55ef com.google.android.gms/10147 BTop #7679} whose proc state 2 is better than process ProcessState{e955e17 com.google.android.adservices.api/10214 pkg=com.google.android.adservices.api} proc state 14 (3 skipped)
05-03 15:59:48.135 11898 11898 I cr_WebViewApkApp: version=146.0.7680.164 (768016408) minSdkVersion=29 processName=com.google.android.webview:sandboxed_process0:org.chromium.content.app.SandboxedProcessService0:0 splits=<none>
05-03 15:59:48.137  1608  1608 D BoundBrokerSvc: onBind: Intent { act=com.google.android.gms.safebrowsing.SafeBrowsingService.START dat=chimera-action:/... xflg=0x4 cmp=com.google.android.gms/.chimera.GmsBoundBrokerService }
05-03 15:59:48.137  1608  1608 D BoundBrokerSvc: Loading bound service for intent: Intent { act=com.google.android.gms.safebrowsing.SafeBrowsingService.START dat=chimera-action:/... xflg=0x4 cmp=com.google.android.gms/.chimera.GmsBoundBrokerService }
05-03 15:59:48.138   741   943 D BackgroundInstallControlService: Package event received: 0
05-03 15:59:48.140 11898 11898 I cr_ChildProcessService: Creating new ChildProcessService pid=11898
05-03 15:59:48.151 11863 11927 I CameraManagerGlobal: Connecting to camera service
05-03 15:59:48.151 11863 11863 D VRI[MainActivity]: WindowInsets changed: 1280x2856 statusBars:[0,156,0,0] navigationBars:[0,0,0,72] mandatorySystemGestures:[0,192,0,96] 
05-03 15:59:48.151 11863 11863 D WindowOnBackDispatcher: setTopOnBackInvokedCallback (unwrapped): android.view.ViewRootImpl$$ExternalSyntheticLambda12@b697500
05-03 15:59:48.152   741  1200 D CoreBackPreview: Window{4b4badf u0 de.teilgedanken.stalltagebuch/dev.dioxus.main.MainActivity}: Setting back callback OnBackInvokedCallbackInfo{mCallback=android.window.IOnBackInvokedCallback$Stub$Proxy@4517143, mPriority=0, mIsAnimationCallback=false, mOverrideBehavior=0}
05-03 15:59:48.168 11863 11863 W libc    : Access denied finding property "vendor.mesa.log"
05-03 15:59:48.168 11863 11863 W libc    : Access denied finding property "vendor.mesa.log.file"
05-03 15:59:48.168 11863 11863 E MESA    : Failed to open rendernode: No such file or directory
05-03 15:59:48.168 11863 11863 E MESA    : Failed to open rendernode: No such file or directory
05-03 15:59:48.181 11863 11863 D vulkan  : searching for layers in '/data/app/~~P97h51U804NMWBaFhy1ymQ==/de.teilgedanken.stalltagebuch-ms3Az-eBMu4V9NcnCZ6xKQ==/lib/x86_64'
05-03 15:59:48.182 11863 11863 D vulkan  : searching for layers in '/data/app/~~P97h51U804NMWBaFhy1ymQ==/de.teilgedanken.stalltagebuch-ms3Az-eBMu4V9NcnCZ6xKQ==/base.apk!/lib/x86_64'
05-03 15:59:48.182 11863 11863 E MESA    : Failed to open rendernode: No such file or directory
05-03 15:59:48.182 11863 11863 E MESA    : Failed to open rendernode: No such file or directory
05-03 15:59:48.182 11863 11863 E MESA    : Failed to open rendernode: No such file or directory
05-03 15:59:48.182 11863 11863 E MESA    : Failed to open rendernode: No such file or directory
05-03 15:59:48.182 11863 11863 E MESA    : Failed to open rendernode: No such file or directory
05-03 15:59:48.182 11863 11863 E MESA    : Failed to open rendernode: No such file or directory
05-03 15:59:48.183 11863 11863 W libc    : Access denied finding property "vendor.mesa.vk.trace.per.submit"
05-03 15:59:48.183 11863 11863 W libc    : Access denied finding property "vendor.mesa.gallium.print.optio"
05-03 15:59:48.183 11863 11863 W libc    : Access denied finding property "vendor.mesa.vk.trace.frame"
05-03 15:59:48.204 11863 11863 E MESA    : Failed to open rendernode: No such file or directory
05-03 15:59:48.204 11863 11863 W libc    : Access denied finding property "vendor.mesa.vk.wsi.headless.swa"
05-03 15:59:48.204 11863 11863 E MESA    : Failed to open rendernode: No such file or directory
05-03 15:59:48.205 11863 11863 E MESA    : Failed to open rendernode: No such file or directory
05-03 15:59:48.220 11863 11879 I RustStdoutStderr: s_glBindAttribLocation: bind attrib 0 name position
05-03 15:59:48.220 11863 11879 I RustStdoutStderr: s_glBindAttribLocation: bind attrib 1 name color
05-03 15:59:48.225   741   761 I ActivityTaskManager: Displayed de.teilgedanken.stalltagebuch/dev.dioxus.main.MainActivity for user 0: +217ms
05-03 15:59:48.229 11863 11914 W cr_media: BLUETOOTH_CONNECT permission is missing.
05-03 15:59:48.230 11898 11926 I cr_LibraryLoader: Successfully loaded native library
05-03 15:59:48.230 11863 11914 W cr_media: getBluetoothAdapter() requires BLUETOOTH permission
05-03 15:59:48.230 11863 11914 W cr_media: registerBluetoothIntentsIfNeeded: Requires BLUETOOTH permission
05-03 15:59:48.230 11898 11926 I cr_CachingUmaRecorder: Flushed 2 samples from 2 histograms, 0 samples were dropped.
05-03 15:59:48.232 11863 11914 D AudioSystem: onNewService: media.audio_policy service obtained 0x7c2b9e49bc80
05-03 15:59:48.233 11863 11914 D AudioSystem: getService: IAudioPolicyService retrieved: 0x7c2b9e49bc80  cached: 0x7c2b9e49bc80
05-03 15:59:48.233   583  1099 D NativePermissionController: checkPermission: missing 13 for 10219
05-03 15:59:48.234   583  1099 D NativePermissionController: checkPermission: missing 13 for 10219
05-03 15:59:48.235   583  1099 D NativePermissionController: checkPermission: missing 13 for 10219
05-03 15:59:48.235   583  1099 D NativePermissionController: checkPermission: missing 13 for 10219
05-03 15:59:48.236 11898 11926 W chromium: [WARNING:content/child/runtime_features.cc:563] Fenced frames cannot be enabled in this configuration. Use --enable-features=FencedFrames instead.
05-03 15:59:48.237 11898 11926 W chromium: [WARNING:content/child/runtime_features.cc:588] Topics cannot be enabled in this configuration. Use --enable-features=BrowsingTopics in addition.
05-03 15:59:48.237 11898 11926 W chromium: [WARNING:content/child/runtime_features.cc:609] SharedStorage cannot be enabled in this configuration. Use --enable-features=SharedStorageAPI in addition.
05-03 15:59:48.247   741   943 D BackgroundInstallControlService: Package event received: 0
05-03 15:59:48.249   741   854 I ImeTracker: de.teilgedanken.stalltagebuch:55926801: onRequestHide at ORIGIN_SERVER reason HIDE_UNSPECIFIED_WINDOW fromUser false
05-03 15:59:48.250 11863 11863 D InsetsController: hide(ime())
05-03 15:59:48.250 11863 11863 I ImeTracker: de.teilgedanken.stalltagebuch:55926801: onCancelled at PHASE_CLIENT_ALREADY_HIDDEN
05-03 15:59:48.251  1571  1571 I GoogleInputMethodService: GoogleInputMethodService.onFinishInput():2159 
05-03 15:59:48.251 11863 11909 E chromium: [ERROR:third_party/crashpad/crashpad/util/file/directory_reader_posix.cc:43] opendir /data/user/0/de.teilgedanken.stalltagebuch/cache/WebView/Crashpad/attachments/38baf821-92a3-4f23-a07c-592338d5e8e0: No such file or directory (2)
05-03 15:59:48.251  1571  1571 I Module  : DeviceLockedStatusModuleProvider$Module.updateDeviceLockedStatus():103 repeatCheckTimes = 0, locked = false
05-03 15:59:48.251 11863 11879 I RustStdoutStderr: [ERROR:third_party/crashpad/crashpad/util/file/directory_reader_posix.cc:43] opendir /data/user/0/de.teilgedanken.stalltagebuch/cache/WebView/Crashpad/attachments/38baf821-92a3-4f23-a07c-592338d5e8e0: No such file or directory (2)
05-03 15:59:48.251   741  1076 I ImeTracker: system_server:3c060b4c: onRequestHide at ORIGIN_SERVER reason IME_REQUESTED_CHANGED_LISTENER fromUser false
05-03 15:59:48.252  1571  1571 I GoogleInputMethodService: GoogleInputMethodService.onStartInput():1434 onStartInput(EditorInfo{EditorInfo{packageName=de.teilgedanken.stalltagebuch, inputType=0, inputTypeString=NULL, enableLearning=false, autoCorrection=false, autoComplete=false, imeOptions=0, privateImeOptions=null, actionName=UNSPECIFIED, actionLabel=null, initialSelStart=-1, initialSelEnd=-1, initialCapsMode=0, label=null, fieldId=0, fieldName=null, extras=null, hintText=null, hintLocales=[]}}, false)
05-03 15:59:48.252  1571  1571 I AndroidIME: LatinIMEBase.updateInputViewCoverNavigation():312 Update input view padding, isNavbarOverInputWindow=true, bottom inset=72
05-03 15:59:48.252  1571  1571 I Module  : DeviceLockedStatusModuleProvider$Module.updateDeviceLockedStatus():103 repeatCheckTimes = 1, locked = false
05-03 15:59:48.252   741  1078 W PackageConfigPersister: App-specific configuration not found for packageName: de.teilgedanken.stalltagebuch and userId: 0
05-03 15:59:48.253   741   764 I ImeTracker: system_server:3c060b4c: onCancelled at PHASE_SERVER_SHOULD_HIDE
05-03 15:59:48.254  1267  2688 I FontLog : (REDACTED) Received query %s, URI %s
05-03 15:59:48.254  1267  2688 I FontLog : (REDACTED) Query [%s] resolved to %s
05-03 15:59:48.254  1267  2688 I FontLog : (REDACTED) Font PFD returned from cache for %s
05-03 15:59:48.255 11863 11909 W chromium: [WARNING:third_party/crashpad/crashpad/handler/minidump_to_upload_parameters.cc:67] duplicate annotation name ptype, discarding value browser
05-03 15:59:48.255 11863 11879 I RustStdoutStderr: [WARNING:third_party/crashpad/crashpad/handler/minidump_to_upload_parameters.cc:67] duplicate annotation name ptype, discarding value browser
05-03 15:59:48.255  1267  2688 I FontLog : (REDACTED) Fetch %s end status %s
05-03 15:59:48.256  1267  2688 I FontLog : (REDACTED) Pulling font file for id = %d, cache size = %d
05-03 15:59:48.257  1267  2688 I FontLog : (REDACTED) Received query %s, URI %s
05-03 15:59:48.257  1267  2688 I FontLog : (REDACTED) Query [%s] resolved to %s
05-03 15:59:48.257  1267  2688 I FontLog : (REDACTED) Fetch %s end status %s
05-03 15:59:48.258  1267  2456 I FontLog : (REDACTED) Pulling font file for id = %d, cache size = %d
05-03 15:59:48.258  1267  2456 I FontLog : (REDACTED) Received query %s, URI %s
05-03 15:59:48.259  1267  2456 I FontLog : (REDACTED) Query [%s] resolved to %s
05-03 15:59:48.259  1267  2456 I FontLog : (REDACTED) Font PFD returned from cache for %s
05-03 15:59:48.259  1267  2456 I FontLog : (REDACTED) Fetch %s end status %s
05-03 15:59:48.259  1267  2456 I FontLog : (REDACTED) Pulling font file for id = %d, cache size = %d
05-03 15:59:48.260  1267  2456 I FontLog : (REDACTED) Received query %s, URI %s
05-03 15:59:48.260  1267  2456 I FontLog : (REDACTED) Query [%s] resolved to %s
05-03 15:59:48.261  1267  2456 I FontLog : (REDACTED) Font PFD returned from cache for %s
05-03 15:59:48.261  1267  2456 I FontLog : (REDACTED) Fetch %s end status %s
05-03 15:59:48.261  1267  2688 I FontLog : (REDACTED) Pulling font file for id = %d, cache size = %d
05-03 15:59:48.262  1267 11946 I SQLiteConnectionPool: The connection pool for /data/user/0/com.google.android.gms/databases/metadata.db has been closed but there are still 1 connections in use.  They will be closed as they are released back to the pool.
05-03 15:59:48.263  1267 10374 W FontLog : Error updating last accessed time for {Google Sans Flex, wdth 100.0, wght 400, ital 0.0, bestEffort false}, isVf false}. [CONTEXT service_id=132 ]
05-03 15:59:48.263  1267 10374 W FontLog : java.lang.IllegalStateException: Cannot perform this operation because the connection pool has been closed.
05-03 15:59:48.263  1267 10374 W FontLog : 	at android.database.sqlite.SQLiteConnectionPool.throwIfClosedLocked(SQLiteConnectionPool.java:1112)
05-03 15:59:48.263  1267 10374 W FontLog : 	at android.database.sqlite.SQLiteConnectionPool.waitForConnection(SQLiteConnectionPool.java:803)
05-03 15:59:48.263  1267 10374 W FontLog : 	at android.database.sqlite.SQLiteConnectionPool.acquireConnection(SQLiteConnectionPool.java:402)
05-03 15:59:48.263  1267 10374 W FontLog : 	at android.database.sqlite.SQLiteSession.acquireConnection(SQLiteSession.java:931)
05-03 15:59:48.263  1267 10374 W FontLog : 	at android.database.sqlite.SQLiteSession.executeForChangedRowCount(SQLiteSession.java:789)
05-03 15:59:48.263  1267 10374 W FontLog : 	at android.database.sqlite.SQLiteStatement.executeUpdateDelete(SQLiteStatement.java:67)
05-03 15:59:48.263  1267 10374 W FontLog : 	at android.database.sqlite.SQLiteDatabase.executeSql(SQLiteDatabase.java:2233)
05-03 15:59:48.263  1267 10374 W FontLog : 	at android.database.sqlite.SQLiteDatabase.execSQL(SQLiteDatabase.java:2209)
05-03 15:59:48.263  1267 10374 W FontLog : 	at cbaj.run(:com.google.android.gms@261631038@26.16.31 (260800-900800821):57)
05-03 15:59:48.263  1267 10374 W FontLog : 	at bjwq.c(:com.google.android.gms@261631038@26.16.31 (260800-900800821):50)
05-03 15:59:48.263  1267 10374 W FontLog : 	at bjwq.run(:com.google.android.gms@261631038@26.16.31 (260800-900800821):66)
05-03 15:59:48.263  1267 10374 W FontLog : 	at java.util.concurrent.ThreadPoolExecutor.runWorker(ThreadPoolExecutor.java:1154)
05-03 15:59:48.263  1267 10374 W FontLog : 	at java.util.concurrent.ThreadPoolExecutor$Worker.run(ThreadPoolExecutor.java:652)
05-03 15:59:48.263  1267 10374 W FontLog : 	at bkch.run(:com.google.android.gms@261631038@26.16.31 (260800-900800821):8)
05-03 15:59:48.263  1267 10374 W FontLog : 	at java.lang.Thread.run(Thread.java:1563)
05-03 15:59:48.263  1267 10374 W FontLog : Caused by: java.lang.Exception: SQLiteConnectionPool.close()
05-03 15:59:48.263  1267 10374 W FontLog : 	at android.database.sqlite.SQLiteConnectionPool.dispose(SQLiteConnectionPool.java:270)
05-03 15:59:48.263  1267 10374 W FontLog : 	at android.database.sqlite.SQLiteConnectionPool.close(SQLiteConnectionPool.java:250)
05-03 15:59:48.263  1267 10374 W FontLog : 	at android.database.sqlite.SQLiteDatabase.dispose(SQLiteDatabase.java:559)
05-03 15:59:48.263  1267 10374 W FontLog : 	at android.database.sqlite.SQLiteDatabase.onAllReferencesReleased(SQLiteDatabase.java:536)
05-03 15:59:48.263  1267 10374 W FontLog : 	at android.database.sqlite.SQLiteClosable.releaseReference(SQLiteClosable.java:92)
05-03 15:59:48.263  1267 10374 W FontLog : 	at android.database.sqlite.SQLiteClosable.close(SQLiteClosable.java:124)
05-03 15:59:48.263  1267 10374 W FontLog : 	at cbai.c(:com.google.android.gms@261631038@26.16.31 (260800-900800821):3)
05-03 15:59:48.263  1267 10374 W FontLog : 	at cbaj.run(:com.google.android.gms@261631038@26.16.31 (260800-900800821):62)
05-03 15:59:48.263  1267 10374 W FontLog : 	... 6 more
05-03 15:59:48.263  1267  2688 I FontLog : (REDACTED) Received query %s, URI %s
05-03 15:59:48.264  1267  2688 I FontLog : (REDACTED) Query [%s] resolved to %s
05-03 15:59:48.264  1267  2688 I FontLog : (REDACTED) Font PFD returned from cache for %s
05-03 15:59:48.264  1267  2688 I FontLog : (REDACTED) Fetch %s end status %s
05-03 15:59:48.265  1267  2688 I FontLog : (REDACTED) Pulling font file for id = %d, cache size = %d
05-03 15:59:48.272 11898 11926 E ashmem  : readlink(/proc/self/fd/89) failed: Operation not permitted
05-03 15:59:48.272 11898 11926 E ashmem  : readlink(/proc/self/fd/89) failed: Operation not permitted
05-03 15:59:48.275 11898 11926 E ashmem  : readlink(/proc/self/fd/89) failed: Operation not permitted
05-03 15:59:48.279 11898 11926 E ashmem  : readlink(/proc/self/fd/111) failed: Operation not permitted
05-03 15:59:48.279 11898 11926 E ashmem  : readlink(/proc/self/fd/114) failed: Operation not permitted
05-03 15:59:48.280 11898 11944 E ashmem  : readlink(/proc/self/fd/101) failed: Operation not permitted
05-03 15:59:48.281 11898 11944 E ashmem  : readlink(/proc/self/fd/113) failed: Operation not permitted
05-03 15:59:48.281 11898 11944 E ashmem  : readlink(/proc/self/fd/116) failed: Operation not permitted
05-03 15:59:48.285 11863 11880 D stalltagebuch: jni::wrapper::java_vm::vm: Attached thread main (ThreadId(2)). 1 threads attached
05-03 15:59:48.285 11863 11880 D stalltagebuch: jni::wrapper::java_vm::vm: Detached thread main (ThreadId(2)). 0 threads remain attached
05-03 15:59:48.285 11863 11880 I stalltagebuch: stalltagebuch::i18n: Initialized i18n with locale 'en-US' (system locale 'fr-FR')
05-03 15:59:48.287 11863 11885 D stalltagebuch: tungstenite::handshake::server: Server handshake done.
05-03 15:59:48.289 11898 11926 E ashmem  : readlink(/proc/self/fd/117) failed: Operation not permitted
05-03 15:59:48.291 11863 11880 I stalltagebuch: stalltagebuch::spacetime::auth: Device registration: connection state changed to Disconnected
05-03 15:59:48.291 11863 11880 I stalltagebuch: stalltagebuch::spacetime::auth: Device registration: not connected, skipping registration
05-03 15:59:48.320 11898 11938 E ashmem  : readlink(/proc/self/fd/117) failed: Operation not permitted
05-03 15:59:48.321 11898 11938 E ashmem  : readlink(/proc/self/fd/118) failed: Operation not permitted
05-03 15:59:48.336 11863 11879 I RustStdoutStderr: s_glBindAttribLocation: bind attrib 0 name position
05-03 15:59:48.336 11863 11879 I RustStdoutStderr: s_glBindAttribLocation: bind attrib 1 name color
05-03 15:59:48.338 11863 11879 I RustStdoutStderr: s_glBindAttribLocation: bind attrib 0 name inPosition
05-03 15:59:48.338 11863 11879 I RustStdoutStderr: s_glBindAttribLocation: bind attrib 1 name inColor
05-03 15:59:48.339 11863 11879 I RustStdoutStderr: s_glBindAttribLocation: bind attrib 0 name inPosition
05-03 15:59:48.339 11863 11879 I RustStdoutStderr: s_glBindAttribLocation: bind attrib 1 name inTextureCoords
05-03 15:59:48.343 11863 11879 I RustStdoutStderr: s_glBindAttribLocation: bind attrib 0 name radii_selector
05-03 15:59:48.343 11863 11879 I RustStdoutStderr: s_glBindAttribLocation: bind attrib 1 name corner_and_radius_outsets
05-03 15:59:48.343 11863 11879 I RustStdoutStderr: s_glBindAttribLocation: bind attrib 2 name aa_bloat_and_coverage
05-03 15:59:48.343 11863 11879 I RustStdoutStderr: s_glBindAttribLocation: bind attrib 3 name radii_x
05-03 15:59:48.343 11863 11879 I RustStdoutStderr: s_glBindAttribLocation: bind attrib 4 name radii_y
05-03 15:59:48.343 11863 11879 I RustStdoutStderr: s_glBindAttribLocation: bind attrib 5 name skew
05-03 15:59:48.343 11863 11879 I RustStdoutStderr: s_glBindAttribLocation: bind attrib 6 name translate_and_localrotate
05-03 15:59:48.343 11863 11879 I RustStdoutStderr: s_glBindAttribLocation: bind attrib 7 name color
05-03 15:59:48.347 11863 11879 I RustStdoutStderr: s_glBindAttribLocation: bind attrib 0 name inPosition
05-03 15:59:48.347 11863 11879 I RustStdoutStderr: s_glBindAttribLocation: bind attrib 1 name inColor
05-03 15:59:48.347 11863 11879 I RustStdoutStderr: s_glBindAttribLocation: bind attrib 2 name inCoverage
05-03 15:59:48.349 11863 11879 I RustStdoutStderr: s_glBindAttribLocation: bind attrib 0 name inPosition
05-03 15:59:48.349 11863 11879 I RustStdoutStderr: s_glBindAttribLocation: bind attrib 1 name inColor
05-03 15:59:48.349 11863 11879 I RustStdoutStderr: s_glBindAttribLocation: bind attrib 2 name inTextureCoords
05-03 15:59:48.358 11863 11879 I RustStdoutStderr: s_glBindAttribLocation: bind attrib 0 name inPosition
05-03 15:59:48.358 11863 11879 I RustStdoutStderr: s_glBindAttribLocation: bind attrib 1 name inColor
05-03 15:59:48.358 11863 11879 I RustStdoutStderr: s_glBindAttribLocation: bind attrib 2 name inCircleEdge
05-03 15:59:48.362 11863 11879 I RustStdoutStderr: s_glBindAttribLocation: bind attrib 0 name inPosition
05-03 15:59:48.362 11863 11879 I RustStdoutStderr: s_glBindAttribLocation: bind attrib 1 name inColor
05-03 15:59:48.362 11863 11879 I RustStdoutStderr: s_glBindAttribLocation: bind attrib 2 name inCircleEdge
05-03 15:59:48.365 11863 11879 I RustStdoutStderr: s_glBindAttribLocation: bind attrib 0 name a_vertex
05-03 15:59:48.366 11863 11879 I RustStdoutStderr: s_glBindAttribLocation: bind attrib 0 name position
05-03 15:59:48.366 11863 11879 I RustStdoutStderr: s_glBindAttribLocation: bind attrib 1 name localCoord
05-03 15:59:48.369 11863 11879 I RustStdoutStderr: s_glBindAttribLocation: bind attrib 0 name position
05-03 15:59:48.369 11863 11879 I RustStdoutStderr: s_glBindAttribLocation: bind attrib 1 name localCoord
05-03 15:59:48.371 11863 11879 I RustStdoutStderr: s_glBindAttribLocation: bind attrib 0 name position
05-03 15:59:48.371 11863 11879 I RustStdoutStderr: s_glBindAttribLocation: bind attrib 1 name localCoord
05-03 15:59:48.374 11863 11879 I RustStdoutStderr: s_glBindAttribLocation: bind attrib 0 name position
05-03 15:59:48.374 11863 11879 I RustStdoutStderr: s_glBindAttribLocation: bind attrib 1 name localCoord
05-03 15:59:48.377 11863 11879 I RustStdoutStderr: s_glBindAttribLocation: bind attrib 0 name position
05-03 15:59:48.377 11863 11879 I RustStdoutStderr: s_glBindAttribLocation: bind attrib 1 name color
05-03 15:59:48.381 11863 11879 I RustStdoutStderr: s_glBindAttribLocation: bind attrib 0 name inPosition
05-03 15:59:48.381 11863 11879 I RustStdoutStderr: s_glBindAttribLocation: bind attrib 1 name inColor
05-03 15:59:48.381 11863 11879 I RustStdoutStderr: s_glBindAttribLocation: bind attrib 2 name inCircleEdge
05-03 15:59:48.383 11863 11879 I RustStdoutStderr: s_glBindAttribLocation: bind attrib 0 name position
05-03 15:59:48.383 11863 11879 I RustStdoutStderr: s_glBindAttribLocation: bind attrib 1 name color
05-03 15:59:48.386 11863 11879 I RustStdoutStderr: s_glBindAttribLocation: bind attrib 0 name position
05-03 15:59:48.386 11863 11879 I RustStdoutStderr: s_glBindAttribLocation: bind attrib 1 name localCoord
05-03 15:59:48.389 11863 11879 I RustStdoutStderr: s_glBindAttribLocation: bind attrib 0 name position
05-03 15:59:48.389 11863 11879 I RustStdoutStderr: s_glBindAttribLocation: bind attrib 1 name localCoord
05-03 15:59:48.399 11863 11879 I RustStdoutStderr: s_glBindAttribLocation: bind attrib 0 name inPosition
05-03 15:59:48.399 11863 11879 I RustStdoutStderr: s_glBindAttribLocation: bind attrib 1 name inColor
05-03 15:59:48.399 11863 11879 I RustStdoutStderr: s_glBindAttribLocation: bind attrib 2 name inCircleEdge
05-03 15:59:48.401 11863 11879 I RustStdoutStderr: s_glBindAttribLocation: bind attrib 0 name inPosition
05-03 15:59:48.401 11863 11879 I RustStdoutStderr: s_glBindAttribLocation: bind attrib 1 name inColor
05-03 15:59:48.401 11863 11879 I RustStdoutStderr: s_glBindAttribLocation: bind attrib 2 name inCircleEdge
05-03 15:59:48.403 11863 11879 I RustStdoutStderr: s_glBindAttribLocation: bind attrib 0 name inPosition
05-03 15:59:48.403 11863 11879 I RustStdoutStderr: s_glBindAttribLocation: bind attrib 1 name inColor
05-03 15:59:48.403 11863 11879 I RustStdoutStderr: s_glBindAttribLocation: bind attrib 2 name inCircleEdge
05-03 15:59:48.407 11863 11879 I RustStdoutStderr: s_glBindAttribLocation: bind attrib 0 name position
05-03 15:59:48.407 11863 11879 I RustStdoutStderr: s_glBindAttribLocation: bind attrib 1 name localCoord
05-03 15:59:48.513   979   979 I wpa_supplicant: wlan0: CTRL-EVENT-BEACON-LOSS 
05-03 15:59:48.579  1267  2688 I FontLog : (REDACTED) Received query %s, URI %s
05-03 15:59:48.579  1267  2688 I FontLog : (REDACTED) Query [%s] resolved to %s
05-03 15:59:48.580  1267  2688 I FontLog : (REDACTED) Fetch %s end status %s
05-03 15:59:48.580  1267  2688 I FontLog : (REDACTED) Pulling font file for id = %d, cache size = %d
05-03 15:59:48.581 11863 11955 I HWUI    : Using FreeType backend (prop=Auto)
05-03 15:59:48.582  1267  2688 I FontLog : (REDACTED) Pulling font file for id = %d, cache size = %d
05-03 15:59:48.592   990  1212 V WindowManagerShell: Received remote transition finished callback for (#87)
05-03 15:59:48.593   990  1074 V WindowManagerShell: Transition animation finished (aborted=false), notifying core (#87) android.os.BinderProxy@ff8db31@0
05-03 15:59:48.594   642   728 W libbinder.IPCThreadState: Sending oneway calls to frozen process.
05-03 15:59:48.594   642   728 W libbinder.IPCThreadState: Sending oneway calls to frozen process.
05-03 15:59:48.595   990  1151 D WindowOnBackDispatcher: setTopOnBackInvokedCallback (unwrapped): null
05-03 15:59:48.596   990  1325 D WallpaperService: onVisibilityChanged(false): com.android.systemui.wallpapers.ImageWallpaper$CanvasEngine@b618c81
05-03 15:59:48.595   741   761 V WindowManager: Finish Transition (#87): created at 05-03 15:59:48.008 collect-started=0.018ms request-sent=2.512ms started=8.128ms ready=32.239ms sent=49.845ms commit=17.545ms finished=586.663ms
05-03 15:59:48.596   990  1074 V WindowManagerShell: Track 0 became idle
05-03 15:59:48.596   990  1074 V WindowManagerShell: All active transition animations finished
05-03 15:59:48.597   741  1076 D CoreBackPreview: Window{7fad0ff u0 Splash Screen de.teilgedanken.stalltagebuch EXITING}: Setting back callback null
05-03 15:59:48.597  1120  1120 D VRI[NexusLauncherActivity]: visibilityChanged oldVisibility=true newVisibility=false
05-03 15:59:48.610  1120  1120 D NexusLauncherModelDelegate: notifySmartspaceEvent: SmartspaceTargetEvent{mSmartspaceTarget=null, mSmartspaceActionId='null', mEventType=7}
05-03 15:59:48.613  1120  1120 D BaseActivity: Launcher flags updated: [] -[state_started]
05-03 15:59:48.613  1120  1120 D BaseDepthController: setSurface:
05-03 15:59:48.613  1120  1120 D BaseDepthController: 	mWaitingOnSurfaceValidity: false
05-03 15:59:48.613  1120  1120 D BaseDepthController: 	mBaseSurface: null
05-03 15:59:48.613  1120  1120 D BaseDepthController: mSurface is null and mCurrentBlur is: 0
05-03 15:59:48.614  1120  1120 D LauncherStateManager: StateManager.goToState: fromState: Normal, toState: Normal, partial trace:
05-03 15:59:48.614  1120  1120 D LauncherStateManager: 	at com.android.launcher3.statemanager.StateManager.moveToRestState(go/retraceme 7101499b44b219b757f6885b35ae099b24fc769225595efcaaacae5b0f94500b:6)
05-03 15:59:48.614  1120  1120 D LauncherStateManager: 	at com.android.launcher3.statemanager.StateManager.moveToRestState(go/retraceme 7101499b44b219b757f6885b35ae099b24fc769225595efcaaacae5b0f94500b:2)
05-03 15:59:48.614  1120  1120 D LauncherStateManager: 	at com.android.launcher3.statemanager.StatefulActivity.onStop(go/retraceme 7101499b44b219b757f6885b35ae099b24fc769225595efcaaacae5b0f94500b:32)
05-03 15:59:48.614  1120  1120 D LauncherStateManager: StateManager.onRepeatStateSetAborted: state: Normal
05-03 15:59:48.614  1120  1133 W System  : A resource failed to call release. 
05-03 15:59:48.614  1120  1133 W System  : A resource failed to call release. 
05-03 15:59:48.614  1120  1133 W System  : A resource failed to call release. 
05-03 15:59:48.614  1120  1120 D ActivityContext: hideKeyboard
05-03 15:59:48.614  1120  1120 D ActivityContext: isImeShown: false
05-03 15:59:48.614  1120  1120 D StatsLog: LAUNCHER_ONSTOP
05-03 15:59:48.614  1120  1120 D StatsLog: LAUNCHER_GOOGLE_SEARCH_RESTORE_LIST_SIZE_AFTER_ACTIVITY_RESTART
05-03 15:59:48.627   741   943 D BackgroundInstallControlService: Package event received: 0
05-03 15:59:48.664 11863 11880 D stalltagebuch: tungstenite::handshake::client: Client handshake done.
05-03 15:59:48.664 11898 11926 E ashmem  : readlink(/proc/self/fd/119) failed: Operation not permitted
05-03 15:59:48.665 11898 11926 E ashmem  : readlink(/proc/self/fd/119) failed: Operation not permitted
05-03 15:59:48.666 11863 11880 I stalltagebuch: stalltagebuch::spacetime::auth: SpacetimeDB token persisted successfully
05-03 15:59:48.666 11863 11880 I stalltagebuch: stalltagebuch::spacetime::auth: Device registration: connection state changed to Connected(Identity(c2008e4f028c66c81e930d5d04453851dfbf512f537fb6b3458d30ed0efb2055), "eyJhbGciOiJSUzI1NiJ9.eyJzdWIiOiIwMUs0RlRNMEoyNjdOUjFUV1dQRlZIREZBNiIsImlzcyI6Imh0dHBzOi8vYXV0aC5zcGFjZXRpbWVkYi5jb20iLCJhdWQiOiJzcGFjZXRpbWVkYiIsImlhdCI6MTc3MjM3NDk3NiwiZXhwIjoxODM1NDQ2OTc2fQ.hQ_WgCgoMcRWELnP6AZgtcW1K7ydk_CLC4GMotrUbmgsW43-r0klhKtQwxBppMKxZ34Cyx8tGrCS4NEbNpG62fyEJ8uvawP-zo8BWFASuXnl9oEAncVC5cTM5XtaRVGwB4L0W6Ryd8tAoYTk9avN3r1vzUJQED3wHLXfEP2S0rgjaOgMy78wzv5H6NbIFkmXIzZiSJJ1KCLsPg2kl2JgqmG8H7EYhpQrQCAB9F4MZvbQt-qkS7gsDquV5aJqlY7iWpjuxC6NFWMIRKUelo-RuYoAXHUQJwCf9AQ9ekuCOYFZHE91g8GLSlEO1giLIf8fVXKOXnLaZUQqU1XSjQSRWA")
05-03 15:59:48.666 11863 11880 I stalltagebuch: stalltagebuch::spacetime::auth: Device registration: connected, starting registration
05-03 15:59:48.666 11863 11880 D stalltagebuch: jni::wrapper::java_vm::vm: Attached thread main (ThreadId(2)). 1 threads attached
05-03 15:59:48.667 11863 11880 D stalltagebuch: jni::wrapper::java_vm::vm: Detached thread main (ThreadId(2)). 0 threads remain attached
05-03 15:59:48.667 11863 11880 I stalltagebuch: stalltagebuch::spacetime::auth: Device registration: got device ID: 1fb4ae037f7db8c2
05-03 15:59:48.667 11863 11880 I stalltagebuch: stalltagebuch::spacetime::auth: Device registration: checking existing device - has_name=false
05-03 15:59:48.667 11863 11880 I stalltagebuch: stalltagebuch::spacetime::auth: Device registration: getting device model for new device
05-03 15:59:48.667 11863 11880 D stalltagebuch: jni::wrapper::java_vm::vm: Attached thread main (ThreadId(2)). 1 threads attached
05-03 15:59:48.667 11863 11880 D stalltagebuch: jni::wrapper::java_vm::vm: Detached thread main (ThreadId(2)). 0 threads remain attached
05-03 15:59:48.667 11863 11880 I stalltagebuch: stalltagebuch::spacetime::auth: Device registration: got device model: sdk_gphone64_x86_64
05-03 15:59:48.667 11863 11880 I stalltagebuch: stalltagebuch::spacetime::auth: Device registration: calling register_device reducer for device 1fb4ae037f7db8c2
05-03 15:59:48.667 11863 11880 I stalltagebuch: stalltagebuch::spacetime::auth: Device registration: register_device reducer called for device 1fb4ae037f7db8c2
05-03 15:59:48.667 11898 11926 E ashmem  : readlink(/proc/self/fd/119) failed: Operation not permitted
05-03 15:59:48.694 11863 11879 I RustStdoutStderr: s_glBindAttribLocation: bind attrib 0 name inPosition
05-03 15:59:48.694 11863 11879 I RustStdoutStderr: s_glBindAttribLocation: bind attrib 1 name inColor
05-03 15:59:48.694 11863 11879 I RustStdoutStderr: s_glBindAttribLocation: bind attrib 2 name inCircleEdge
05-03 15:59:48.781 11863 11880 D stalltagebuch: spacetimedb_sdk::subscription: on_applied called for query QuerySetId { id: 1 }
05-03 15:59:48.886  1608  1608 D BoundBrokerSvc: onUnbind: Intent { act=com.google.android.gms.common.BIND_SHARED_PREFS xflg=0x4 pkg=com.google.android.gms }
05-03 15:59:48.888 11863 11880 D stalltagebuch: spacetimedb_sdk::subscription: on_applied called for query QuerySetId { id: 2 }
05-03 15:59:48.890 11898 11926 E ashmem  : readlink(/proc/self/fd/119) failed: Operation not permitted
05-03 15:59:49.134 11863 11882 D stalltagebuch: tungstenite::handshake::client: Client handshake done.
05-03 15:59:49.244 11863 11960 D stalltagebuch: spacetimedb_sdk::subscription: on_applied called for query QuerySetId { id: 3 }
05-03 15:59:49.244 11863 11951 D stalltagebuch: reqwest::connect: starting new connection 'Some("cloud.teilgedanken.de")'
05-03 15:59:49.343 11863 11883 E stalltagebuch: stalltagebuch: Encountered panic at /home/dietrich/.cargo/registry/src/index.crates.io-1949cf8c6b5b557f/rustls-platform-verifier-0.7.0/src/android.rs:90:10: Expect rustls-platform-verifier to be initialized
05-03 15:59:49.343 11863 11883 E stalltagebuch: stalltagebuch: Backtrace:
05-03 15:59:49.343 11863 11883 E stalltagebuch: <disabled>
05-03 15:59:50.082   741   885 I HalDevMgr: bestIfaceCreationProposal is null, requestIface=STA, existingIface=[name=wlan0 type=STA]
05-03 15:59:51.045   531  4113 D android.hardware.audio@7.1-impl.ranchu: threadLoop: entering standby, frames: 5618432
05-03 15:59:51.045   531  4113 D android.hardware.audio@7.1-impl.ranchu: ~TinyalsaSink: joining consumeThread
05-03 15:59:51.058   531 11861 D android.hardware.audio@7.1-impl.ranchu: consumeThread: exiting
05-03 15:59:51.058   531  4113 D android.hardware.audio@7.1-impl.ranchu: ~TinyalsaSink: stopping PCM stream
05-03 15:59:52.387  1119  1290 D SatelliteController: iisInCarrierRoamingNbIotNtn: satellite is disabled
05-03 15:59:52.388  1119  1290 D SatelliteController: getCarrierRoamingNtnConnectType: Falling back to global carrier config connect type: 0
