--------- beginning of main
05-03 15:13:00.434   741   899 D InetDiagMessage: Destroyed 0 sockets, proto=IPPROTO_TCP, family=AF_INET, states=14
05-03 15:13:00.434   741   899 D InetDiagMessage: Destroyed 0 sockets, proto=IPPROTO_TCP, family=AF_INET6, states=14
05-03 15:13:00.434   741   899 D InetDiagMessage: Destroyed live tcp sockets for uids={10214} in 1ms
05-03 15:13:00.435   741   899 D InetDiagMessage: Destroyed 0 sockets, proto=IPPROTO_TCP, family=AF_INET, states=14
05-03 15:13:00.435   741   899 D InetDiagMessage: Destroyed 0 sockets, proto=IPPROTO_TCP, family=AF_INET6, states=14
05-03 15:13:00.435   741   899 D InetDiagMessage: Destroyed live tcp sockets for uids={20214} in 1ms
05-03 15:13:00.449   979   979 I wpa_supplicant: wlan0: CTRL-EVENT-BEACON-LOSS 
05-03 15:13:01.294   741   885 I HalDevMgr: bestIfaceCreationProposal is null, requestIface=STA, existingIface=[name=wlan0 type=STA]
05-03 15:13:01.711  8388  8391 W ocessService0:0: userfaultfd: MOVE ioctl seems unsupported: Connection timed out
05-03 15:13:02.434  1119  1290 D SatelliteController: iisInCarrierRoamingNbIotNtn: satellite is disabled
05-03 15:13:02.434  1119  1290 D SatelliteController: getCarrierRoamingNtnConnectType: Falling back to global carrier config connect type: 0
05-03 15:13:04.298   741   885 I HalDevMgr: bestIfaceCreationProposal is null, requestIface=STA, existingIface=[name=wlan0 type=STA]
--------- beginning of system
05-03 15:13:05.478   741   835 D ActivityManager: freezing 1608 com.google.android.gms
05-03 15:13:05.479   741   835 D ActivityManager: freezing 3921 com.google.android.adservices.api
05-03 15:13:05.503   741   899 D InetDiagMessage: Destroyed 0 sockets, proto=IPPROTO_TCP, family=AF_INET, states=14
05-03 15:13:05.503   741   899 D InetDiagMessage: Destroyed 0 sockets, proto=IPPROTO_TCP, family=AF_INET6, states=14
05-03 15:13:05.503   741   899 D InetDiagMessage: Destroyed live tcp sockets for uids={10214} in 1ms
05-03 15:13:05.808  8354  8358 W n.stalltagebuch: userfaultfd: MOVE ioctl seems unsupported: Connection timed out
05-03 15:13:07.302   741   885 I HalDevMgr: bestIfaceCreationProposal is null, requestIface=STA, existingIface=[name=wlan0 type=STA]
05-03 15:13:08.641   979   979 I wpa_supplicant: wlan0: CTRL-EVENT-BEACON-LOSS 
05-03 15:13:10.306   741   885 I HalDevMgr: bestIfaceCreationProposal is null, requestIface=STA, existingIface=[name=wlan0 type=STA]
05-03 15:13:10.666  8354  8399 E stalltagebuch: stalltagebuch: Encountered panic at /home/dietrich/.cargo/registry/src/index.crates.io-1949cf8c6b5b557f/dioxus-desktop-0.7.7/src/android_sync_lock.rs:10:56: called `Result::unwrap()` on an `Err` value: PoisonError { .. }
05-03 15:13:10.666  8354  8399 E stalltagebuch: stalltagebuch: Backtrace:
05-03 15:13:10.666  8354  8399 E stalltagebuch: <disabled>
05-03 15:13:10.667  8354  8399 E stalltagebuch: stalltagebuch: Encountered panic at /rustc/59807616e1fa2540724bfbac14d7976d7e4a3860/library/core/src/panicking.rs:225:5: panic in a function that cannot unwind
05-03 15:13:10.667  8354  8399 E stalltagebuch: stalltagebuch: Backtrace:
05-03 15:13:10.667  8354  8399 E stalltagebuch: <disabled>
05-03 15:13:10.671  8354  8369 I RustStdoutStderr: thread caused non-unwinding panic. aborting.
05-03 15:13:10.671  8462  8462 W linker64: type=1400 audit(0.0:193): avc:  denied  { search } for  name="tests" dev="dm-56" ino=458756 scontext=u:r:untrusted_app:s0:c219,c256,c512,c768 tcontext=u:object_r:shell_test_data_file:s0 tclass=dir permissive=0 app=de.teilgedanken.stalltagebuch
05-03 15:13:10.678  1571  1571 I GoogleInputMethodService: GoogleInputMethodService.onFinishInput():2159 
05-03 15:13:10.679  1571  1571 I Module  : DeviceLockedStatusModuleProvider$Module.updateDeviceLockedStatus():103 repeatCheckTimes = 0, locked = false
05-03 15:13:10.671  8462  8462 W linker64: type=1400 audit(0.0:194): avc:  denied  { search } for  name="tests" dev="dm-56" ino=458756 scontext=u:r:untrusted_app:s0:c219,c256,c512,c768 tcontext=u:object_r:shell_test_data_file:s0 tclass=dir permissive=0 app=de.teilgedanken.stalltagebuch
05-03 15:13:10.679  1571  1571 I GoogleInputMethodService: GoogleInputMethodService.onStartInput():1434 onStartInput(EditorInfo{EditorInfo{packageName=de.teilgedanken.stalltagebuch, inputType=0, inputTypeString=NULL, enableLearning=false, autoCorrection=false, autoComplete=false, imeOptions=12000000, privateImeOptions=null, actionName=UNSPECIFIED, actionLabel=null, initialSelStart=-1, initialSelEnd=-1, initialCapsMode=0, label=null, fieldId=0, fieldName=null, extras=null, hintText=null, hintLocales=[]}}, false)
05-03 15:13:10.679  1571  1571 I AndroidIME: LatinIMEBase.updateInputViewCoverNavigation():312 Update input view padding, isNavbarOverInputWindow=true, bottom inset=72
05-03 15:13:10.679  1571  1571 I Module  : DeviceLockedStatusModuleProvider$Module.updateDeviceLockedStatus():103 repeatCheckTimes = 1, locked = false
05-03 15:13:10.680   741   756 W PackageConfigPersister: App-specific configuration not found for packageName: de.teilgedanken.stalltagebuch and userId: 0
05-03 15:13:10.671  8462  8462 W linker64: type=1400 audit(0.0:195): avc:  denied  { search } for  name="tests" dev="dm-56" ino=458756 scontext=u:r:untrusted_app:s0:c219,c256,c512,c768 tcontext=u:object_r:shell_test_data_file:s0 tclass=dir permissive=0 app=de.teilgedanken.stalltagebuch
05-03 15:13:10.671  8462  8462 W linker64: type=1400 audit(0.0:196): avc:  denied  { search } for  name="tests" dev="dm-56" ino=458756 scontext=u:r:untrusted_app:s0:c219,c256,c512,c768 tcontext=u:object_r:shell_test_data_file:s0 tclass=dir permissive=0 app=de.teilgedanken.stalltagebuch
05-03 15:13:10.724  8462  8462 W libc    : Access denied finding property "ro.debuggable"
05-03 15:13:10.724  8462  8462 W libc    : Access denied finding property "ro.debuggable"
05-03 15:13:10.724  8462  8462 W libc    : Access denied finding property "ro.debuggable"
05-03 15:13:10.749  8462  8462 E chromium: [0503/151310.749629:ERROR:third_party/crashpad/crashpad/snapshot/elf/elf_dynamic_array_reader.h:64] tag not found
05-03 15:13:10.749  8354  8369 I RustStdoutStderr: [0503/151310.749629:ERROR:third_party/crashpad/crashpad/snapshot/elf/elf_dynamic_array_reader.h:64] tag not found
--------- beginning of crash
05-03 15:13:10.761  8462  8462 F crashpad: -----BEGIN CRASHPAD MINIDUMP-----
05-03 15:13:10.772  8462  8462 F crashpad: -----BEGIN CRASHPAD MINIDUMP-----
05-03 15:13:10.772  8462  8462 F crashpad: )iyJn(?d;t.xN8{zk.;|"{}2VMG6VMQ1gj%5"[.3yCWYn3IdZ?VeY04O[&$6B&tDp@"IH'8F+r$6.\Huc4J2V2J2:/fuhvJvG50aooGVvo~sMHzovo`g`gBHIb*"!07.{>!!Kxi_xal/pH<Z'!Sn^@k"1i"!o\;xj/NWS!;VO#{\+!y"ESX"?<~UtZ#!:!#2XgmA/!KD6!1kC%7yWl?"?pj?@<rwy[L/n6KvCM'OENA\9H.~/^%!-*7<*i#Rb{2b\ZE1a&e)%c$29%|NAMQmIO!NIdzM=Gc*C!&7c}t*$r7,9+kx_y/p;ga1K$>7XQDO_@_0QQ'D!))!pMbL8GTHcrKV|Vz$-h4`u;w$E%nL~bNm-p'p-G^_?`CB/ha1I!`Mw+C/88};myBy;R=O3GU;k&?NIMw+T9mWO4B$>!47O,c&UHoeXFoT+O3#HmOSib!WY2--;"ny3#jr`bHbJu(#a!3"bAUWdW&h~!i%5xuFQbl}zM*4wH&s|OM^Fbpg8Zio
05-03 15:13:10.772  8462  8462 F crashpad: [Nc!kFUAgXu7B*4ZMH(UbAD4)e&m|Ss0MWNWQ#hl7g>LED|7<79mp39e`w>P~SO46\C|a#t6GOfc*4;J}"q"Pmir}3FhL\U;.kKokfA9O7$B'$Y|I1iv|Cm#!7Tt_L3,{M__k&syg,C4sI_0Iy?S3Co^$$d7:*~K7:(I;p'mqSL&7WMu6/@x#QEwwK)(Sji.OhkY),Lo9m}%!qXXHy-w2_.hi:o6KsOdP\9xwOCpJ@NxW2,bI;/p=v<e7`<O|>TpCp2_HbsgIAdy7m2.MV,OoP,@&!dRWh8YJ!l9Daz#4<DK\'s-N)bu/[l6s+Xh:ZF!"d1wc\NCYsc,@4<3v+[B9tw^l6/%AW68$OB-vJE'-g}RgzD!&F+vV7g:yxAKh^K&_39tTnbARDQ_37T;>N/D63?n]?WL.8Cp&j0xRC=63LCp,t:T'Ex93A}0)e)SIF;QYKdI:TKGG-(vD$]3[kHuP+>ggIOd5\YL_@s9l/@!oM>s(kX2FZPZS)b^K!Dv<-&%
05-03 15:13:10.772  8462  8462 F crashpad: ##}Y~ob;!6lSMq&[K&u6=6."Sj*.R[RAd."b%<;4(I$R'KCp(*YLO2"mPt/p_bT)jX;!>/r9rb\#Kx"u8@J,s-R{AK^i$Rcg[dP9:mgD!G78bB"Xso.RF{c|[i4UeuZ&{N)YpiP,@L@HEY<72So>4%%':thKtLWw`,vJ9#5K0S+<6?+Vy]IWv-3pF8^J^U"Y2R;x8CMLzJ#/gg;TGE*Rqo0$o\MDF40h~mBeq-}M.`"Y@-9mx1,bT;Xh@9rp!mN-$t-$us[h\/,svU7x;.Odm,cW&VYKkYv+$;#e8(@M-`uRJ=N!+>q9Ef:*o()YJ.,:IH8j=687Cp0<IbThsFd=t{WH1J)2oM&!S9WhDE"!VlGt4,C`%GX)6pjfbZqVYKP(<m[%Zg},vV2F1F2-b"4vK0JbF)!w).^6DgWoD[D.`\-*?@B7R=t=R=x?)8%:#%N#eU6kJL.T!KqPNS.d:8}V~fIu(#CuUiar4FFW->[d\_:mc%rwBXO*(Ds16sWl}<pw
05-03 15:13:10.772  8462  8462 F crashpad: ~"o|6kl30pow-CKX]"M_Ni'xA"}F+v,-vw9C;X;o3,:sdc]_bMcg&S-mccihzpWZ~wH#CT`p0;kq(;bk4G?i'xJ!MbeuzYN-^6t/"g(EF8xvH%7LgWIW.2j6\@rsxe&=pw2&-+HSz~WHaj)2g1Jf&6EnfTcr@%i+*P#CFY8aIi'x@!{0~v^v2VYK?eiyb2Nr*Q8mEb~1LANZq7"G2SnOW_}CA.TwT#[v[h4[IOoa|;#_x"qy1,6W`v[.{]]AA,MVxKU)n..X1:O[O)+&#?8um</t@:u8IW@:3Amo[.exNHyXiqhegBcq*>>Rqoe%!1$,":58"FrRT2m"w|jREd:&u/ks43z}](h5a.?]%4$+Wh8wHx\Csw5``=}(J{_*RB?bX9-Z/l;(e*Vo]/CvK#9Q=D|@JASKCs\e1qtTmF%2x[au8~J-r7wA=e?d7r|Qh4B<rQwRIfmfPJRb,Gui=xh4:G8Y3QLKcpeg^@lr.@W</jfqWMdr7m$<8w+eAasG;`=G
05-03 15:13:10.772  8462  8462 F crashpad: 1%E!&hPmrXz7KOAO'$)1'01%67lrUha7c>n#ey#p=x}u[fpDP,'.ptpr0wqHrl5T,Jo)oVkkS``B433\7wuSLhGPW'#zJA@r9=-/O*~+egyt>e@IK>mum2(d.dP)B~L,$7qd2WsE.mPds<4O7chYJ?_Ut+ugpFT5No^2Aex)CT{KQ^r:fg?//Ce-jdvEq_Q8}<=4$bSp0rqV\6@9:LiFc#AW`!(tr6%wR5P@@Wi31+%CMML2VY{F"w'>NRTvT;?WtD*Sy/k9F^3nz)2C@geRyb>;6I5(|3l4vY,nnXA[d)Z%Dmm;B=gy7hD9T(7646>;Mh)u.*p)J,5hKeJS&.zX?h';-?s.=LV@!`O\Ym1%[An3<N[GnOjfuASuaT`YL6,aAHZu3EWXXe"W\Qs$HkRx>LK]{),X+Lp5'LD;HX~K}rvG{SO6..B3Ew]dJ>,Sj+(W{%H2Cf})0Z^!|]97CkHsBIIg`=>]"H"Yz=#.PD;`39N3Q~(/GK1.1)\WvAA;DUZu
05-03 15:13:10.772  8462  8462 F crashpad: d)<fk56b*(a{`A@WnqrN+g^hR6@;Wg"Wx<.X6i-ucZ-.Mt"t5waJMG:6l4vemfB3o>NUO6Fzl]eg}tHE@D(r\JY/^nw;,x#StC;*HAH[\I\h+h(x|o0-f\>;X]Ge&V@g8O@8%H56>ncCnILMbm8__2rcj#bp2mkrrjIRuQ^=!d+Lh}]rgzrP36d)Hsn[}hPO4;:tZ>2Wh>&"3o,wt@0"wi5xNnu+i*'tC.1iH#Q1/!9r[Lip[LoG-SR8x:4(+\ZZ_h7DsaB=mOt[_o2f\1}vW)IKeCzc*iN6nba)?WNWqsXC2KWs|2vwrSt[mZgX7(ZG#:{.{|acA4}'wy?1g=9/a1S$[M%<e;=<38+`!89+D;CS!NvFh,T)wf,8`ame1eQXQoo)F%5_3#g>*"9bH;CDwytv)ora~[OZv+&Gm1pXh=dhuiEgS!Hs"XvMAXN>:.*K,pvO!)M6P?lZtsZ>9^ETE/yXQ'IT>t[qr6^v/_NxNs.;z-a2!XG?YANvpSG6BP#9
05-03 15:13:10.772  8462  8462 F crashpad: AD;/sI33K}`S.p28<`RMR=d9HAJoV):1U,gUEMb:l][0t4SO5;QjKD[v.Q*F`T"k3QP^|5H,|V64GUTbQGugHx#h+WI=<rk9t@#udAM60/}ctCov97QgE9!2]uLZ8sb}IHouNKPYCDYsnO4;V,Klvm!&FH[t0O5:~76-D^9o#wNdR;CDwytvqc(HY5XcqyT.fgSVDBCZ(1Ps"UDPJuLZ#tXV4;Vb;&t)Pn_K+/2YZ+)D[}#QTe.pQ#!L6o<Uega{X}X6rDF&9CS5bV;Vn=1D[|piqJCWf7Js^TUvE:0L9MsSAwUU#x?EHU"8|<enOR+H|;ynAu$;.h*VP[N[~.xQD*TGsB~}`owrQrko9e)dj_e]A9UfjsndUusJIq`D"vGmS:dPzIu7dq<pU,-.GXGPH(46wuV%yq;#q;."K_J;_ga{Hu>WRcPy,mWrwR,O4i$93grH^xh4xg%11A]D/12:np*w+30ACg>HPwzS`YWg?7K^FI;V[KGJf+$vNqJs7_u,
05-03 15:13:10.772  8462  8462 F crashpad: i('Y5|cv0=&D#Rh]Fh3;}>ZaSSEWi2(kqbvC+w/US:g?k`BwYsT0H+ew@u-wbvB7^<@QM{bi6lQjP9+8O92[hZ+P0qRF/*0))ZL2\YGLfnR0w>KJnD3,K'fI&.\=132?_!:&yT$i[X_i1--H{E7O=+xCQN1WcY3$~)hHunhqwJR0XJJ:5\=aPO@5hm*_LQQw7V/WF;f<--s(6iHh1PeQ)N?:FPT)!n4c+.E/OS;,!PK<MSmWEB^7@>C*p0<pMhw.Z{,-*;^;=CTRA^qS\'5F4-]rJR&KLMbm^P!4xsanNJpfEF4=815(4M]*%PGT49CotU](w/fn6qLJKrak2jlakY&4]KP/8F;[&1W2H'KaTo6a;S0V_[*Q'O\vuJWre~&)UXe2ZIe\t?afI+7w'){@fUzrBv[H|Xjo{j+gn"a.Pp.ml<pb#|{Crt7=H_o2sVyoRo|bBn4uL^>a`j^Cn<z;P1>*~rA[O[r>"xggko@oWmO5WOE@<3'uyi4@|d]\Ds/[
05-03 15:13:10.772  8462  8462 F crashpad: @v.="_Foxq-PWm49WF)T`bd6T}zlyh7Vbm,y`qH=i60K:pLw)h)CcJ2vu6vi%c%>d4pq(hhu4cU12TO`';r.-t{8cJW%0mggDa}y,*L[HbwgM;@/a>B]GRp(`=CpuO"oc?`<{,$(D@Um3N=MF2L?",m,OBjS_GWk`0[`Mn)Mut+@/!Z#Yi="q]?!p>*.@Dwytv)oFK;;/]&Z`9|qdSE5wZ-.An(ibPf5?3<>CWXH[OBoV6~a8rJbkP&x?J\;SKPJB->yzc7vs/K!67AO1GnGeI6;0te0:4n!v36;aq|uj5luSW$J$U*atD[l=Cz^Hb[^(:pYlbyK71L6F2aOC5M@=/q*Wg,=Hvo:Is{J\m6H7@0ZD1_wX/HU%2gM*SRe0J`XGcj_1Xa84cy8*X:bTq/@'w8BM60/}ctC}Kqf}USGEZpM"#k1yvMQrEy79^VV"xOsVRry200bOR.!`CZLT]Dblj'hn/^]Db8k9m<Fcrm=c,9/r_i=1K/n9<XPGHxV~ctC
05-03 15:13:10.772  8462  8462 F crashpad: K1>WT630hE]M!4eb((s14SPd_J5^uu$-`>k1hE5m!Leh>y`4''~'}Ne.d75]15^2gM7RC@Ap2N[caOE8T6>cb0c7ym4GX+>e[2EWUbYatv]Y[~t[um&@!P*Fd.a2_Gca{vI?Bv~0a2V7kt+;]ZO,=:)So/Di;vu7EQI^P-mNa,44dw_otD*d'LgyF5td\9%iIW|iRZV/b2]%Wl`|?Rr(Xv4>t\R0PT1*=md]"e),,hLrmsJkGM}p[34Mh5s$r>1Qu-n_*f1%,h=+]q>f5^R8Rzf+xEiF3poMYBIo=Dl5f5<UegS$\uxP?W(.zK?U]uBeuOl79^1k9q:>CDe.+TIpORk]y9{m#<N%ccjbmdD^o?li!0t2g*84'WzL{km?IH=.m2~<rs"];B//AoUvAdIb=xWjbAvq-GCIEp~2lTegw-CDnInX,,q@DZ2"=;O`snDD%(9^v)#3dT^M3$$3n6kC(*_[\JQZRLxS~8"_t]sQC3U>U87`^O]7q.LB)d&]?,r(
05-03 15:13:10.772  8462  8462 F crashpad: !z_XGN*}'0f9^O1ceO$(84B/N@Lg<KBfPS3\BFc/(kyPF2hUNcQ>UKbrNDaeZrk+6P<wmp/s(nJ2lTegOn2f{b$9kQ98P*Vi?WDPqKE:L6V>V)0f3RCDS;-d~8ZK[oskN6<U(l&FRtF6D0!iNhgl2#',DR-sz2wj`Kz4UrQ2p^I^HhQ>W3Bc@VjYBjKl<AcX'rPe>n|c[c#L9y@k$Q%`G;_ga{$KCD_K(rtsHF|rhqBZrcJnP0Ss%s7>r5O}oKJ_+6DEY(\$FWymeU7@tkA]}l+atG}KffSmy2a2bw&nl?LMlbwrvL7^22ELCEMvy8Q*&<2(Fn.|En`lzDvT`n1W,q0QWpRV)b0S7m7w:s'QOd2}e(d^;aHR4AOsZ@Ft]HpT-F@3y?,iY,0C;X%Q}(0rj4jm[9apy[&EydxqqG`>QEXU3w3D_C!2qhv:_gS$\uxP=WV?qR~P_[P6RPA#a2Gs;0=S8Wt[:th;,m(:,G"w'n99zX-c()8Vy1AHNY%;s_GP
05-03 15:13:10.772  8462  8462 F crashpad: NmS_a{)Y\B$BSbGHNgzPYaSP4d1%8kBzm,r3<E?tX6<E-;CW((Ab~K/=W6&VrJ+eKXW6J<DK(/~-<W{8Mh/LSOK21Tw-X6T5'*IlQUY#`vD[F&WnQ6Fdf#v6:L&sqzspdn=jl`jM)=E6[1}PlSOU^85+wvOaM9%WHXKuav+VzaPp%Ip:3LTX8aN32FR$L_0@A;3LQL2q\HDJ5'fpcxCEV#~v8BSu:.\?25T;(n{E6,Qwfb7%~;](ioQ)36:lYF*otq~,N)vw(>GUmt)#8(tD&bUiqanTT)jcF0i,PX&'GRvrfNg{ORU:$(~_I0c]vS$PNr;:+T'/?p*3}8A\I-UfE)M7#A?dM(z)k9@(inEbX@]_y$M#Bv^IebAwgTu:CD"O+gPE}<:.2?`K`gff_t\(@Uetna,L#E}`Ep\h`e1v[kahh)_N+g)U!G)(oRtCQsv_).2W.kDv-^7nas46F.:*LKC/@bZsdi1(Jh3oDa_&XJj2{L!yHO?OnW'$Q7n`O5b1
05-03 15:13:10.772  8462  8462 F crashpad: YI+M}oDlS"xL[LNh@u1?=5H,~&AqK"_`C!ol9)56hW%aM[24Pi&J-NLaFX]iq}tv]Y[~jf?t~i7Y*^g)!4`k1u~D]Kn^*P+ggwqf"jm=%e{ah^#T'GpZAsl?L*?kr\\~jfuAM6>Js\4bV:[A(CWVD3_l>6^8clg7Ss*IQj'L#E}`Ep6\?W~)<4bwc5*1b:<t0=IC;Xx+NS[B4XHRz)XF\Oh*9]7h4B+wU8Jwx@[[o5vuCVbF]6r$/@f.O:li}`!>!V99r^*!ENJvn;jii:h^(W6tB#Qs|[lbyKm\vK#W!w"jJ|lg+iyq,SR.Pw(qdNlg?S!xlJULqtBhs;JOKT\9|`{GwQ;B)d{<0D^P8;}wLn@Ya{amw{?/\-X1/2~MGOV*t9)3TKgTCW|RIl)_W_H%;30L?='xouL:4b[[gmMedIwsrp"}tf6J$#KsxtgV{rJzNP;9^r|9NRkg+.8>TtZg2*?fjJFk;4(A'*(H%^,gV)h=p1&8NCACiP^^&gt*M6he
05-03 15:13:10.772  8462  8462 F crashpad: =KS.\0GO522'Rg%4z\idU<ozV,`bHRB!6JAL.9Tt9a2Q`r;wxcXn>r*K-4:qbBV_G94YLONs.;z-hgS6J.&GdJ^X>p!~Z.iQPd1L/`+LvDLfa8^r>H%KDaHQ+Y\_su#L`/_[5g~'z)5Djc0HAR`APg;LtTu:CD.Ha2Dq@mVg&s8$@IaJoMlV^@7fBw!a|,N)vwrS4;ty\SqzynfZ|cS9o)XsijOgOv.;z-9^r"4kk+Oe,_~NbgR^0O669^h6GnCDchV^T;\u.;RY}w%u&R2E*V>CCL<U?mPEF^,g/29b.;mt@U2E*V&wqfVdC<(wJ:@khXTg0x7TtJ}AMfUu=~E-?t,X'(7m!Lq^"REWs/re6HQ:Hf(HL:JtrN\n$IM:JT~8ZK4n&@RLrulJB6zKL7m06p@/)H=urB=Z;BWBFMZ7KL(-]q-X_oOHiBa(Ysq6Rtcq)66wN)GW%6kXbJ=^%uq0=TOi4;RY}wkezJ5`!oj<"IJr3`e0t[GH61`qTth;,m(:
05-03 15:13:10.772  8462  8462 F crashpad: ,GZs|2N0X6g}U5CJ`MJKsGpU9~`/FOGh_QMO]#Z)MmGPRO2?VsCLP/h!Kc@xK4w+ZQKSR>EzMLk`~KB[c6IXFA4p&DGK?='xou$fCuz\h~=K2V4,hsaV-a2%(fCu:<I_pIhvngC8Zi)9/=f)I|?H~.(;G]A@zr{p?goJx'>]Y,VdC-xXkbA89XEMQfZ7#)%OL+%{EB^7:Q}XYGX:pYtv]Y%S+g/O*F)/9^BYegOd&v`nT'_]=n&@RL"rRvIok79>[=8oHc,CGWCgA_$f<?hv:TX]ou&jwr2:9^T;"m1K,Y7pxQ}Pc|(s>(/P.M)As5^\x~)R)2Pfk-s`YY|1Ouo,q5Jz(G%w)oGO2?;Y$_9>_w;gMVm[Zh-8TGB[cu33])RGc8wN[5#MO[`!`X~mO`49c,PX2ML~u+y#qA2!APQmJ2sA}K+SPBAN~`fgUp|Ob#)@V)1L_poPp^.bWe^2pFN?=4sN`H{XL?CW|hPYCD@9R;Eg~r79"T-u52EN{vruZ=d|
05-03 15:13:10.772  8462  8462 F crashpad: zut7H:{QtqXL(sCbzI9mgZG8!E/sO=bI2P6rXLttiueURvY('pJsXU]/rRb2lTca>qFV({/pP[.rDf{d|S_5;u@=1tna<nP[&bPedI+a[n~3.S5,quelvw!fRv[ogBp+g-.FH12*hDQ\R;~-)f<?946$`vY<.oIKm<E2$t\?n]{}ML%UbpqY<8q`eu$}#i*lYVA38LhG'rFN6@X&5_|KPylo@AsUfo|_k3"['(?Q=Wh6?wkv?,ow(Dge9a2-zl+)1L50Lw`E`!|O[|A,L-AgL~@/:e(xNT>n2$-wF!YW3x(T%7paLr.Rlbmu)oL6zh8Q{mPE12]\Be+zF,\?5vnnJ2,)?W6msu-q/d<r.2C#*K$iu7,K7f]r#:iol?SgJbmu]Y{Fxv-qLW}wjY+P=eFDWB:wT3pnFUO_yWkuy?hg%@^p}ufU51rt*\Bb!wU%/nI3W)@GGN#2p,>1t2_R'SI^GL38GO6:3++En;3?|;:(6^HVVwY*jO$G)AVS*CU-mNv^
05-03 15:13:10.772  8462  8462 F crashpad: H/HX?K@zcq,Zqwypq:_a'EKlgrU]Y.133520#-D_.0\v5Zun.q#G0W~Ko8k\$cyK?=U_|Km|t+W6?pI+f~vmV)yl^{_[BAuvvtC}T)CDxFiopg2vN#Uh609^Vu\S*F)4qI[Q}o2&mGY!OV0!X\:i[++f^#GR>xD5bAk4:mf9u(j;#`^t[TsCVNeP=Kv85b2/ZEEtG[.:lfEWz6ahWknqlSpq_1bbAb4OEth3C.-b6w~cTkJv\O8eRZf^1f(;j<ANtkW6&>%h6`:>hpz/uzsv<KZJ23.w#:h5%pK7!W:0a5[4AAIp:?OsfY?JRd)6^ehUI%0mWg4S0(Fkl;6W>:U;~Xz5d)|*"w)3Hb#4Hbu2Hb/3$X5<>3z6j7C/{2VBSu!fvtL,4;FJxR)r4@_n\8;rARbCC=63-^}uNY86C=gy%o>J:g~OB8Z+*oiKJ4"Ze%g[~h_Suu8c@![apZ"b1iB3fcx33(HYAVFt>,yFJBBVPB4._p(?&sHwt(48=Y[<MvM[
05-03 15:13:10.772  8462  8462 F crashpad: 24DRF/<47:~72rp>2TJivZ(u#aj@$)y>~P/Quqw.|aN[)%f1dt@3I0#Fv[@T^a'j^)0RpuN[HH]gKj6-65B*EHdF}eH+}iK31kQtMrRoftJl6O$6o|x)lNH_]lGe+IRtUo`6{?0>:>1d_eY_r;F+WnSf2c'+#vRvhdhie)@=_Ta_,]:UZL~ZvGRwIH7<apYp=!3DNsM*Y!'<pJJ4szQ`9./!8XYVj%)UK\@UZLs<nlk%W\g@l/(!>j5J2;/!!ZOazwK|7<nlHL_\sHhV<O]Pg@Z66xE=DgIRrZ`+E#SB=jX9qw5.dKuw]5}XcKW*IuO`E$6x?<B6r%IeK\|/6xc<dw<81ZcKM80<&5b*Sj/}ct2Gmg>i615"a}atloaA9ZLAK#s2=j\sxec*=jBv.pv6HvgwBa0\)AJ&(!><xaw%uKK\JnPi~G=jT.5.K\4SqUO`]0/!,Zm@w|g\Fexw8Xp9HvKO7-6qn8i+h@~0(LsH2K2Z5eoHhv2Z34fpi89kJij+
05-03 15:13:10.772  8462  8462 F crashpad: WD:j6J8n0iInP`q:/wgpq\/tVZ.b\<?=bF-tr;(|aM),18Y,,niMc&kcM7EKW7Kno+{LiMQOY*u3K"4hh-KwpDsQ;p1Ba1/$27Q&l&c*\Pk{zM[DE&iLUb\.l&q![MS&2GmGG|9>NR]sXJU4%!/77B_b|+?OX<Q){ZvigL-{[,`9raS[\NoL7p:6[DM*qWMBjA[}Avbe!E_a'I(s-XQ1p2UOsW+b}$]!D7^LH75GZ)VlZCmIn<~@sZF-08gci%G&(,o=|io=2[4vmgeFpF"RcZ)tCH?/Be1+7</8[&?{|NXL%7m)V={5>.C*+:PaA.?vL++m,na1]OCw&A<J}(=J/a!6\,|c&Cc"o%GM_,OR9sS7I|M(I{q?78V4s}Ou@X^+/v_X_U471R5KX,;T'sMU-\'e)3l\q=kWv@QWe>~ae^g;jl9YG)Ow*;0wy`2BA)jGQh3#)Q^/'$IA}']N{YK}X,.IFTCtx38t^NetvO$2[4U4={/,-R!wO[hO~s08L(8v
05-03 15:13:10.772  8462  8462 F crashpad: JvFT*7$uA-i0_7w6gMlJTDcnlG'$_Nl6hkiCh#6a$Jmr9s}^jo8E_M36gYE6BxpQ)b=|1@W^NEL:h]u};vE8Zfl}BOuCl8Q5s)cu^^^c)Q>v0'wHb+aGxTAHETfGWZEH]KAiJ*mN-+42ISMZt90w`IW$={k7Q;KM;eo)$-mHH<(n<<!Q9N&j|/6Fk]1mKnnHbN8Q;VMW?Q?*Jlt)j;<94rFkg6ClEoe#va6?>}Pp*\[(UvQD"=&D82_3B5V;Q{%40<qP|DDE}`}lJY?]-t_SxZ]np!zQ%q$K!pLrd*aHSm=@iK;Wrcp)D0#pSe!499PdkyVQ2aPm;ZI*>82[+Z*4}OS*ng0\nsK+(LY#:ha`dhn`Re[\/t?YG90w6[.xjvRo,7TJ.ZS!&9*W*fEpcv8=iuBYfmNY5){^+qg5xJ@zd1:^~@AV&ds\uiun/1mD!?K67K)sl^ztVs`;%MrA6-+?m,"IzH|JiKZ+}TACui?`d+uD%^j#92C\p;sv77'~w/84
05-03 15:13:10.772  8462  8462 F crashpad: YGaL7djfih8b)y405]#If*}>!Vy*zG)yb75]13K\{\)4(3iKA'lAdF"2.Sxa%?"U}*~I\AtB*)&0mXI7+f:=h:p<%M(J5]wg;g{\;mPVx)^f}>~c@P@5LP=yzXlyJaN(,w?35]13^9O9;u'OXBIZbf4QTUv6TADn>jA^>IFQ695]-=*z'v9qMcn$'y;BtBA~FQ+/Le}>@d,f-rCn=7([~6FKYb1$\[+ub+}>wq>lsN0&WG+`@!haz57H:aJ\oqluu"xG5]O>7"$LrC4EfD#?]/D4;(}}uo:7te'^qirm7d0TZ<^P9Jf"YbErMGw3-\lT]s|b]*^Z;B4bnncTg4?Cu"lQVcA@(c)PyRP{Ju<4_5#{RUO^[IgJz;H9#CV[?nAY;!#UhQ[SlBV[0c7A.QgX[8nj#~|\/J!U;$dX0eNn!Q\wM?{F{NFQnk$Q*i_f@z|\C{>>[sM1V@S('H)'mDytAON$vWven9FQ$(5]aQcLdHYb}B5]?K9ZTD^?f&d?tB6G
05-03 15:13:10.772  8462  8462 F crashpad: q_h|glstd7*y*;5]Cf?7R<\(U/y|NMpp).A6u"|ibN$UJJL1.osByWjx*TqkEki-ZZnfA]'T14)o,zQ}8XvE'~|\3Q>>/0*]m1dtiKCH%MXB5]!EH^-d<^eE}HFQxJbGS!M8p>/v/DzN$?]/741s1bzT~N6CV[mmuSqnE,+>O:1\|jR(U/{|$`<h%fD=:9@'lA@Hy_y>@<4]-E6=Gwu/c[6cT:!"Y@wA6[3u'0uSW*]$PQ7dZTq2Te}>|bT:h*-5}/-ZXHg;*yXB5]qyO--oBd{12UpyLd[;[>zf*EhC*_?I]_v"$M;B~wE@W3Apc~k$e(|NXBPuUS^\8;#?5['4_Zl{-K28PK|/YbYt$n5q*[JRMqRhJ_&}h[Q]uMR(26Q.-oD2(F>%u"N2I~*w=*Y3YWq2NCV[7n7d|UnTD=_g}>c*eu(D,z!jkF[XTU5]GlM4MkclGO::<lu]L?]//4)oZW@UaT:CV[/nAYaRwAm0,S|\'}>>$23+0?fA~/egWp?}
05-03 15:13:10.772  8462  8462 F crashpad: #Q8km::JtiHUnE)c@P0_sH`gUQ16%Mf95]]oWd|ndYLaWBV[mm7d$UoAm0H}|\/Ovi>Rat%Zr@ON%M,4X*zN,%\T,<LNNA;BDj*{v!t4|v)yD8-qV!}5^Kg~+/8c}>>c^/{JMoU2kXFvh*YbK!&0{BOvIbI`IKT(3n!3WE^MMo{5-S~n/iobhQ*Tk&M]:%L`HS%Md8+j"LOt{eJ`jG]M|\/O*TllHtp]{9p5@N%Mld7na\%-_ZM@(I&wu]o@;43$\;a*U8PUzAV['n+>7T)R4Ym$]$5_@P6CC":HOHTA%M&qXMnjUG^X>Q9T+}8=tBR}*T?Skn/$9sQz)yN--qHj)qwsK\MVcCYbi0]ti0[5V4Tt56lAxp9Gkk+z{39(*?a6R(=BVcO/dD{/{Vu^x,*yzS;B<4b9pEgD1~9d}>"e^//dM3uj9TNP*yd`:dvE}U<UO*gVDP/)+?{9$,D/10uS\*/=/{}|vo<9(3lA*{*Tu-VEQaw\;>bVNFS[|55g&q!-
05-03 15:13:10.772  8462  8462 F crashpad: _4%h2O*Tsjeq,nH_~le];>7]kJecHC>W4@V@W(q]o\-k9>N-h=$qige`*f3ITm+>9O)qV`*[q2&CV[?n?(1o9.V=t*\h)yv!+?hrhzF?k\)yd`zNT08z(v;u8?A9|NjSl}&P`??Qk$}t{NbW{7K:9;&8K?5[+4;(vh&;T+]sY?%OPJ{p`6Nou"'w.pV(1=}N:[H8~N^2)mTvy9%M405]A5@-Jj/Z/^^-&0UCg5/JQ/N}>3"_|BfK[muSTGH1*b+D~/bG3nt63mQ6H_#o/?!qPG3n)),fG/HvF>ZbA`}0[>x5jRJr^?HG#?]/>4}yUxu0"8|EHKYbsq~mcY:@YepmWPm1vPR(.@HWfGQ-Ybs%\[=Q!6>FaE%Mjs`Q^fAF*G/`5m\B_)\[u:.M>!V?S:`*GiHiy:k@i$i*C{HKO4|jA^y>v@APTL|NNMArpGLO%6G/lAn}>>s?7t`{'mz\;>_06jY*z%?]OG80)bUc_oOkmO^E%M.unbl|12!UZr.]%+'4
05-03 15:13:10.772  8462  8462 F crashpad: I?~S?*cY|/*0UCS[s^v{Rc+Td\9d{OUc[5gtOB0d}>2N>>%n,8m0RTa8%M`FrNTUw,?QMf5;dsN]/L7G{R>(Y`;Hgg6Q|\oONaqZ6UUptf}>av`_zur7hs8XFAkwu{"BVc+Af_1wk[^feHYb{uPn}|JjNz@fDggs24Ueh;6ON^bcu"^Z;Bb/H+7vy-20uS^*_u%8#fw[&T^(U/x|~=t4Sb1pkDXIF*obdG*4^3.dphVhy\;>GGq]C-cQM6j2(5u"|i"eZI)9E$Gi*Zta)O7^11^GU/3"J9S=4gOkx)T(K:x|vI&=]DiH\Au4lA^1+?0$[bhq|B~/|kOFQcDO|3%TH*:p!VemxE5]wSY=V43rxEYb?++?Ku7tn|)b#(u",a@cB9vyMTB<p4>PuoS/c[iAvSzMz#jowTW(K:z|&ACv\bd3%Mb75]kZ=yMq+]'TNFh3+?=yrSNIJ(B>3G3nr>J,HU(ERD>p{F2n@=a;.GhsVnEoets<O(HA\*)JNFTse]cX
05-03 15:13:10.772  8462  8462 F crashpad: N3lA>sRB6TZD]1f2~s+x8P`/;41sslRf2Q3^'TA43$TH-MP*%MPv~b^/F0a5,?&lv{P*;Bxp<%ndj=Ybu&&0%LybiFaR|\#vh_@fB8C;lf,w{w*0Qg~NnuGXDJbJ2=,s30uST*[s5MCoH;R0"O*yb75]?p`Q7bTDG9t"vv{muo<iyX$+zsv>U{/Bh5+?yUMsz]E_zV|\3Q*TQLUceQa4Ybci8n)biz}3o<fo4)4mDP>Q}NZS&DcJhR|\3Q*TW\wOja@H%M"O`cq**R&]bUQV:&NI.0'Z{NpV2RuEOQxCRz|\[d6[YMHFWt*0Wt84_ZnQ-KfY`lai8^Y5jv-k:m2i4[v)KK)yf95]c(zA^XC];>3GE'Yj`fQjz];>NG#f?3-5qIIp-K0c}>-)hd^^>w0lv6}Oe7r&`[H8l3O#^`cE,?5[?4=Y'.RfEfG&em6XJb:;:%a8,e}>xd^/FNQgsgv4^3nCV["c,fe>@D7A^C~/'8Yol;GtLKrU(_-8/]$s:]XI
05-03 15:13:10.772  8462  8462 F crashpad: \M>QMb}>,MR(:VU,T+dik;g5lAt(nJ~!nC*<NpK3_g}>kKC@[qgRdpv;dDeu'0I_x|8J-h'XkV)kRc}>$OR(>LdqR,>.'@uf}>+K7V^a2hB#Lg~1nrFms"R53v0A\SnCV[Pc,f!<&V<J!R*yd`jb|FIcCrRzR.yWxy>>}0yApavb}>fP*T-Igl(W/4}<xIYbu&\[gcIe#Q>0dDaR|\As;4-8NR9"{JFtEu30OQ*4)o8>4SBjVHw3yR|\e|*TP>|v5`$^tqN?+fNgE[ZbpX"B&i~jZgQM@y>>=g\Rz1DCYb?35]mk<-n6hV?sd6m$50iP~Vo/eqiY~;p@N?[r241sqfCraR;0k^/4ob44e**h$L^M|\GO*TVq,81<N`y>&?S:mo_t:2lnF-NoPq;6|{nXUcW[bpTC[T9FaE%MPvZbvE#RcC3mF)0a?Pj<||ZSL1;&9:Yb-2+?IP~KRD9s,Zt"lQVcidun&vRUb3WTYGKOlOx?DVYB_gDO|\Q~>>iJM},b
05-03 15:13:10.772  8462  8462 F crashpad: oCt"d-[Bl*l@GAz{wQuu)0=qs>=sD|:tzy5`#$lA`~*TO8%_g?I9X))EYb}B5]}eApB*3m<[|CvKKj%g.`Tmctke}>Eni-/|Bq6bS(q]P*Yo_'3FyQEYOn4]1A\*5Phku:L8.CV[GnuS3YvTt\vB~/LaFQzZz9-8adbqFTlttLR(%)q@Gj15>Xa];>gGK:21Z)V^y>S?g$hbl|]D`Y$+l@Q(K};Bjq$&}l@|;0uSX*/=aCAAlns"Ho,OtiT^+M64`QLdNG3nfOa\Q;2F?R|\1PR(S|TYH][e}>rN*TU+^CUl@L[(q]-KQkO@`18}"r+Wfa:%+?TJrX`-n|Ih[rZ?cFV*]$HpSY`!vb}>~c@P"`nT=BzCV[Wni-:&8`i/qlf!lA4n0Gp>i}fl8q0;P]<&/]&{*T!A7ji0{Jdd#?]/94I?N[DUhs_K/dDo2PT(tKCV8gAP;qIGQM(oyuKglL|\1sn_2Q'u6J[o%6Il`])m_G)y9H[QwlG`oA*d}>%nUCj3
05-03 15:13:10.772  8462  8462 F crashpad: gJ>;HU`];>CGK:bXHe^CGg8U|\sQR(z^Ek+~KiD.k1lAxp@GHjzvD"T5[qw\Z.ij&0+?r]h+^+mpuN&CV[{Bbiuz27dhCWQ(#fy|6aS7;2hqV-%}|\O)&0t`h[6pf`@b4n=yR*26R2#0Bh)bGf}>nc6[-W9Goa,BV[)wvEt}ABl?ibl4T}~`CA,=_*_uUR7PaFP!@K5d.o^gii>:/?Qjl0Nb}>%n7dp!"q2qV3Fd}>fP*Te~%?_URUP*%MJc8Y8A88#fbd#hcYO/+0Xm#z9P_]bMFlrPi$/=Vc1Puii0(QhR|\O)`37F#0\D:&Lo;[Q]wFY*k[)]?'bqak*y^-+?=j*cipHpy.80!I5?]i(c9dugCo*y8ZC@4]+'~J]Ly2n=tBDN*TS-'9*[P^TSY(#fx|,4rG?Rz*zF[?+fk_8%g^tY*+C5Z9"xy/0=faf,5]s>p2V[OL>lLytR|\MN>>U@YiJ`9B+?5[?43$y6GXxw1`v/-0Yftbg?I<>ROa5r]\!e
05-03 15:13:10.772  8462  8462 F crashpad: qvUc3a_XiAJaIcjk:xdpd8;B<>E-V[3h_Q{Cs"*`;BLD!'n"#uOU^(q]>(cd~?~)r5@^bcI:FQ^-+?ENSi2ddWnjC~|\SQ>>fC$BJC+ITA~CV[{mi-""Q(jwi/h$U`R/Insb%?7b8GSH,>]3@B63tzD`pAyC~/-3%]5V+"k["\id+!\[S0cO0vb4R(#fw|$(>%Hjz]qiJB@(hcP[e~#K6_a8FQfa2GD=!PuSv)09{>S:\*wAa%TALBV[!C,1@<bCz;Rk7d%MZ;Pnuot'6AKLhQe\](=FUcsAS&2tH9M:YbQ$\[[t*cCygIG4<0!I541s1|_8lKf"Yba8FmuoHF}/li?P:15]Wp,"w!%M(J5]uo<VR:mfXQ%MdH5]Oo}MD`L/}f}>*c^/.r%?1np3Wu00-o`UyA.[f%t\Qi3dBYy|jS0:p<7bD)%Mv!+?Dn#BF}oU$At"|i{c]/HM<.AY_V12++Ue/wX*#7#N:+`r@6lA2#\[o"*]?L\O{e}>tM*T"w)]
05-03 15:13:10.772  8462  8462 F crashpad: iGz4)ou"Z8;BDj\cl*"xW(q]N0wn*)^L(0@i1d6314I?~1)T(j;jKSv"^Z;B4boMxt}=L`l/<U%MDH;BNE\&rDJ\D5@=O(U/x|&AvuzD^LNENNrS6QZ@+{a\-Vl;%@hi{{w.5]m>8ZQ:NN#Ka=u"4E5]'>]MzuNB~/.j8\*?yMP.+qCo:?6(.T<G#fQ<awmF^H~N&CV[{B63-{T@{aBW}];>[GK:xW,vtu%MvQ;BL:[!wJO~[pGe)0[A;cl|-8RcKhY_)7Yba,3?:O+>UU)f-]'TA4Uet8RcIUD.Jn/?!qBG)yBz\QTrWeqHf7K;8ngX{_bR^a1o2,YbyPAdm@+cip2q_QLYu"~J'\6PGWh`zG*yl,5]!H-wQq[X4+DB~/PiNF*ou,WV.F&TV[6P&\U53?xO-o"</[Y(#fy|Xj)Nb7NpW-60+>mEx^tzDx.IatGtXGYG_+"6:Y$B*Scwez|\?OR(e-fw}2bs@V|\KMR(Jf*]m2O`peg$%H<Fb0uj2*u)
05-03 15:13:10.772  8462  8462 F crashpad: @{|\qi/\,AyMD`n8VE\(kk{NfaCa6C^wBG^q9BV[zcT:dt/9h/89$GW5*0Wt?4YG-NuN&A7l/9J%<4-lJx<AE3B&ZQ(fce<ul$Q~[B2#6A_v}5$0uSZ*)JrBiuKN%M`FJOx?@t!_<,|3V%CUuk?(>>F~~Q{N,4c)Sv[VRU6T3]Y\p]Vc)D}&FN]ek5V(kJ+0I:)]G;pISDR(=beM\5Vt/R2<6;0)lAxz>>1n*]=seq&Fl$92Vcow5DwD^L_3<4,wnm#zgfoh(}{]IasD6V+O%-S4AI_Aoj9d?2+?_r&ciL[Sy\;>+]p>R9;hsKw[k$%HUc->y&Z(j]xtH\t"xge_zS*h,Cl8hwE*LN?15]KD$J#a8ax4I0JMMZW+h+\d9Qt>NCmdKSXfuJ`dT:>qs7U0zPWa'^;>NGU/]C#0=b,O+];>iU[>6d#B^w%,`]&?yQ%?)ozPZa3Ds"2d;B:;)N0v~d0HT]aU+55]KPWtt"[q]^2dpFU)&0y)#Ud;<8eYi:[q
05-03 15:13:10.772  8462  8462 F crashpad: /sp\Uj"qv|qc+HT5H=dd>?k|!3FQpa]Lru3rveeBE4;(yO18L(]+^qsOk$/=sbo/Cbr}?-/X4:A)e"t7=7%R-VX,c*Wz',b.#2m#_Nu7#Xfbny$_rnSk0\Vd|PjDfzOd/tcic['a#UO4nW;.u#_7_<{9mW_0u)SXcYXkK?L@$gFFqrz||?]6|H)V2YxLH)Q5?$LNg,9H6w~(Ip'YPL5OL`%VUp7.z,&nhvDp\;5OUFD/fM\b^&u6w6A<;-k.-?Xuu0aMEZr[%=$j5U(vl1a+A[B+MET<A)#hwyUU,m@BZ_^FOIyf:5QQCWztDj:;}+yzc9k2jD/k?95nPTOsWE)`j?:G|FQD2FI8eSTR9Yq2>Y,U-@NIoQzh[xUL3-.@B&.>@1"<jHbyW&8Av]t5&bFLe]WZM<j:Z@DW]3@Zz[T:48nXT*So8wV=p_M.*dRz2*M]=t~7UQ=ODRk.NYpLq*)Kx^&vS%{@E0x>f)(\d?tl-hqJ}5ud.l012<RI-9+@8VW.
05-03 15:13:10.772  8462  8462 F crashpad: 'uE<Cj`:|h};2F\w'<r3F28=l,Rra=W.uuJpyYzv,frzpU)90Dfvjo$IhMPv@>ihXDbpxqYnM"Eu|[-8pq0;::TW%3X==OH6r1c9U5q'SxKbBOa1;jKdf7#2u'K$+MWb`.($c*.aB$(#pM*,KD;72JPGy0tez^G?ZP~ujl1CfY5`|DV:wi4ogIZ(mD+qO\0*RvMEBE&*p-pBY,q!n7<``L8x',TXPa!@U]ETJ~eVc0z`>4Y2j)}|}tcYC/pB(|*D"A$)klgIbdyzmU$wvFi?U~DJjAS<s4cS,ioFcw'@ro~:g^ijq/lEh@FD)tf6vq0kns`\bpO0>I$4{[|MDD/FU<u#CM[JrSB9:Qgddbx&*E4O:-=G1_cw#ff\OiYF^:\qJJ!aZn!Z14OyVI:>1RZmG"d.4G1ZB"v}O["fB:WIYwqEa\-p{M8;s{{ne1CA6S/978yC=U\-Is_2r^snvVu^968s+W5lN)3^[pRgg<qK29%5n5JRN[#5'BN>+pX+uOpK
05-03 15:13:10.772  8462  8462 F crashpad: UCMF1Z&jxuUA>T4oPS`w9u1+/|6Olw\5lG!RT,8!k2IQ}Ba?B89V32q4eaS-J^4cZl@icwB[VlDph=x5/xGXm.9Z\'fp2d[n[&A\mul7;ny8Ulhi2a}VvridwV`GHnv>F2v%{4$_q[JeKh!Te@+|Rq"k,jR<qRQvUYmjs.j)O<[*)0!na}C:q"";.?p}.E<P6KC*w$vpPq-aV(6LU>1F<zd]OV_]J:c%Aa)7;(F-?[/%+M[}uzIaz&y|aM[&tzQo>trt(\Vz0AH`2rvlLp&iOKPAAJ<I9`>cW<5s3Vk0;k'Ae`g*"U-4.fpu-_xi/7>u#AbBe}}qYXnkVIF^.8Rr!K&eIZ:u4Wwprc;oJRQn1O>_1?6PD5UD*jiYXqeU:4oS0s+mCJ~t7Q5]T__B`y<ag0oJvY?0~Z%}+,a.\T;3WI/v_qlUjksPd84\M{q/4@.:'9%icK*otT|xRhjeW@%o]A:S,*vFjOOO,=R91AEVlw3g_s@6~V6W()v^!OMHkUrU
05-03 15:13:10.772  8462  8462 F crashpad: +CF'*/5"*_H5"JG0$pQvx`M\0IjFhVDt=TK$9Xdj}gG'Qps5K=DeE=ybFIz08S*Loov2(/LP=7Ct7D]@J(L?P;1jGV_bu[-i>aWdEYd1K'hcsFn-t2}qcd^o~A^%oQnQEo[GUYr0f:d2j\O>9X#o0ko)L)FQh:`#9LH3NnaUXnQU}y_DVE5/Ck?X@4fu`t`g|:"ZQ@,:<Tmr3cn~9b/-}Amuu).Wi9ER.n&sgnbQdD;`X5ui&Wvrjw]qfF|?tD#HuHzQ]`xMdMsP@c#F2E;Wnm[5#i}Go2HNkPyRh`{daf=9MZ49@+`E$w!P?kk/?C5:eW"S$5>UhErt@AWh*.vBX3I2r/Hc"9[na]w7;v}<][)fAuq;Teik8`>.0R4'AV.jf@J^EY`Ou[~YzpTdqKs0;PkQHIML#tV_;;%<{PS@2kB6&W&ijl8Jjoy3tS!k"kVO!+8[@S*^2L.>A.8MPk.`Vdhr!P]E`en?'N)+s)E-]u)ph``\&Er`f,(bLsX/J]FI
05-03 15:13:10.772  8462  8462 F crashpad: p\*i{[)%<_GDGVMQ9X(,#o>Y}iHd%?~dmZnv$`4mwFLEddWe;Ck<QBmw5il`-KwR\tt%*CAAjfJj0T6hJTnfshlY->!R(>_l>#wM0C5bVV'5#j!g|gvpkjO48tZleEu.Z-Lv@V'lt["@{5zh?YYKm}B8y[34!te/tN=mXTK`sMKCWgG6cFSqQE4SK)27/_CV|[EP=VZVF43Hx@YbZl6u$@^JL9&`;vL2Sl.i>.N8nQE+\j3sWa|Yo31jxg@mHa=f2m8f<56GM4~1(u(sKnV0|4;/GS"#.8obz+uI(#[T]x*:qAcdlpc+,OWHOT<&{F$-foy8t^+S'w_v/)M@d`JgL)VCMleBDnu8At(epm)v$\lx@/ruwH-l>_.m0}%cQmrN$`yqRKb(N*_SBL4bFF(@~7N6ujB,G*/CS`j`*AN=osYh/F:7oU#6lK[_+o*0)#,N~7f:1<Po@IV}\:'^L_PorrA.%`[6aU3_/!e%X1uw}pU\JWUj99&e.i2`5UFLUQ#C
05-03 15:13:10.772  8462  8462 F crashpad: No.cfW>h5QamXYRW"qkp<i6Cr?pQN)sMIA:;N`!P2XsmhtW^bax3"_gMvlzq3E''2=1GR7mNtF<I?[h@(X2kXKf8AT2mhdnOkB*glpiO{VUuNV.Mxp2bta@s$=)|D&uX"Qe+f;`qy0AKM>awyOAVRNP46.>_$'XNO^8f|X"jlQ#5?fD1BPI2h]DP6En`8??SZTA<ig1<NPtUZDj;2g^Z`s{$x>h@oYb)$mDVD8->/iP38f4bRwW@ak<WHF*LbH`4WY>OY^HS`cr3Slhk?dD_nv:Uo-EJtPC(g/n@;:@?c<$M6gc,PAUvR\gETLSXR,7b0)"RhXZE~,B5]9NNEieMfs[R55XGMG2G,<q`+[&u^Y|P`F]E>XF0&`E.ZwzFlJ\5R+(~,XT+Wd+\(Qw)>SJeogr0WrF^ULaIO[Vh*b&uPfcH(FDnB|iD~Plfs%L4x`=^=9*JRq8qaz;7HH3Uf)V5X<=G)]=ews6wv^.q[st3(m1cIQlg<m>T)R|>Mj+Vwh_n
05-03 15:13:10.772  8462  8462 F crashpad: )^n`a4e^hI#Kio_+VaJu*:vv%inYB2l3%}D5O04*0B`Q~Fj@{ahe\|f]"~hR^X_p*O\U&(z-?h3g\O6?jWSe7P+s*<8b+p<\5s+8hQ8s_2{W\l2DbgKpU.$]<V.SQN4),uKdm#Hy[>K"N+b9fr70WnoIRZH<9srfCiM65(7]6Q50P8K-1E%i`)u.=j76x,6^PUVu"3YVk:n]FhuQ\-\;OUICwG.&@q?agenTb3U64kN)arBNl5z`#0,TxR(@"em:JI&IYTMjT,0pUP'o_c;j9S/K1EC&$Qy9_H<*|?"K2lCY:*eX~,@E(vfU8o,[duYd5>,Ru)\</iN|dkZu@[Cs^Fm8.4*:<},puQU#6_/XQOVizXP+D)chRq"hH*.bc48JeQ;hvcckB+0qzvri^>k4f|5l5iW7TOCevjL}]^|n'$`@(u^@)QZ/=[U9J,r[7+8o-<g@Zpv%^eB~6kSvPSes54R_b)J[0+tot5%-=9dQA-0Fu&5AfB1ZUwYFafbjU`Hl
05-03 15:13:10.772  8462  8462 F crashpad: to:3jBKS<J8BK2G8D,y[5YI_JiZAiiPo"4&>>Fh-~7BO)-:w[],;Q\qWFs)L!2hM>q/iz/XI@rtl=+h:wJKyZ)]NAH#h918TD4[&BPW6+L+w,\6F$6]U?(]\ZEFutEwad?!<,Wq}68PG<e~G<6rR.}}>)}#s#T6+TAc=ej)6=T]eB,js>tySVt:V?A>bDV`?YzPLoji+]mm6*Tn;yZZW!kucHvp`^AwE\;"f^o<HF3kIIk8piHy,ay"Pkd4HBc@81FF@5^@oS\a0f`gmNJ&u_]i.QDE@7:L/.v&mDF62+c>fYw6.@f#0YPF3g*_D/6p"@HV6DLzY:U~qUp<TxZQ`(]$+h~b:uny.bm<|kZz|I1UF(5E`4v[tT6.is}r3$8J+fQURc7g>)SHHeo/u&xidEVr>rIIyEPzd9I4U\2IDS<q2>F%-1i5,1B+9OE%=lYwd&Ln;nq!Ul+'+12[t3o~f]Cp;!s;3|aP@DZ}lW/RF|V|udDP_7oahKP<_BG=p,$L_
05-03 15:13:10.772  8462  8462 F crashpad: 8qmMdY`vF3>q'T(_k1vQRP7@]N/5lL.OoL7pDKwje5G1vXa(G:d=+Wxv$-5*t"|F7E@)VY5ig=SfvQfRcWTFK/^]~<Xusv"?,L6hK,DrItVC>5fKjeF?=8izo+\(uPR]JE6bir.K_iD0Eg@E&ezg9wJ9zQ!:Q7h>>{Q\;,2SJ?B5LH*F\Meh2\A6(BFt~4^epq9isg>PZ-mFk]i?Y:'b&[p@8o*f2h:l#](g3CmC$VW@}TkQUy%85KHHsj[`us=Qd-F6n_Qka8'=&X6Q^WUnkt#*7i=.a6e"PTru+ZqH)DIny(fu@$*Km<|eL:v>!_}h^)4H#P[NqtN`CjF)Ce}63l!>pDH%OMHcz{<eF4ZNVr;76+]D?F;H{iynV@;BuNDnn~Sept5PBr(Tc;P6WII9q^$Kd7x`ikEa6^k(DrPuGzp4$)Z4cXguk!vAXO=A.Cq5{<U|4CTyDv_JB;*VkUdTQl|av^!Vd`JFhUGH~&iF8jh|{ueG.*mA_A<X3V>v!dr`
05-03 15:13:10.772  8462  8462 F crashpad: JmrOaIEU5D_Iav?apiPq':DvM*$iJ6+_9n~5Q}y~Rr|=NL$:4uasw'^<}Ej(l9nP-gNrV.(_|ELr4on=&6V_lp<Kvmg8<_oFyUf(t>G*8/,[(#SECq0IKn_MAD;g>,T)24rUXoH->9"jnoxu}bp`.G/u]`yRnpjGz@jqwabwJp5o=D}Cxf-Sm`4iF4%fZrtP`lNz!<lalEz0;79^;;?9%R"GortF9qXA*k4LKL"=q[/WZ/<#M()r5G\HaxdM[l0Ze1Lh\4#^pA+}MI4qwYy8Q[.A<tjGt\0m:9PK2ZD]5;*B^K75v(z^*SI)piEi9f@W`fn[kiE:)n4/^a^AtsDvpw82IE|[Wt3wW(;o5.UYnkjGLh-mOpBPqc&EN'aC$oHvDh3%*rOraUc?,R=y?q[fQlyo@`>qNBj)`oxR'`L[?I.'}R3]Vg@1^1S:PFD6QJ?c$sG5>hUV3}~wzzK@W3hp@}Pw#-VKN^o-P4F;`5!VTGje^t,X3vE|>Nga_ED_d?HV
05-03 15:13:10.772  8462  8462 F crashpad: Y:RC.|*^wfXIv\]y@vsGy{qc3NV^oYH,e`P3ls~eIoGQ#U?kL.:4]P$U=l}<5vEUB=6H4uZF{d=_4,?i0APNrlO@Gqn,)rJQ2Ea/be_`v6dEU]6?ndVEK,Cj++;EuJ#,hv/>K]ABlJ8^Rrzjr36F(e\_$xOaYBgPIQ+0aD\*';s}o]d-5^GY_RX47Ix2E["J6F[s(T&]uehqiFXMy^^gO=X'tiVIqFtaPi@}a=J&I@}{FfT6k)yp)2x->1pl@+DWY2NrR\rns;DCdSR`LN}kvG9[r2^)Xkl?.`7oMF!roTZa]OHG[6mpt)2L%3\m5^\[f7ZvQJ>lE;,oj?)2!W]DUXt(r1_Kfvbw]0.H7kF=!jg=q,RrUn*G[`1:66SUv]:b71EwI.Ib"GVt=j>Y/X[I[Z`c-]sp5VOY+5dw36Yrz@6w@/SS?WhC1wZVHJ;E<DD)8-e):z]$9a>l20EB2KJ,nr9fM\A}pKkQ7u-LaR~:t.[qhPQ734K)dbP81@$J=,N%
05-03 15:13:10.772  8462  8462 F crashpad: (=RL[<H8GPR5;"$$DRP98N*+hK)HxtFv(Dzj<l(vga\r=S&`hwHAbiDt!T@kK@,j4b>Kb4GjS^Oc4_h`PrMrleH-7I#pdUJ`LT#x=.frNSTwf4[Ek+1jJLA;y6h:,U!Z:b*52k\/>-ymX<a9DqPs.cS_REBsW+X`3=QSB>Lh+pG.:SJ5lnm56N.YZ:`VE?>:dk'FLw{V$KSX0GPP)F%5nSYAo:bl]ECipawoNHM>\5x#C)@aji}J\Pu.@M]4-.(p.fPq,H.ZPUm\C+[1=l]V*XVs$]VL4HoIoK5k:bt'&ekuz2L9Er,mQj7_Ew]Dm,bM'[skFFOUuM)-psTDj3`H.X'WEwkJm2(fD`V}K\]C`Hm8[6#I2B!-LBsFPJF<&b#p,+lsraX/DBIJA6@YKVpBH2=@wCV^Ik(<U2M,a[&\2a_+eEv2\Qti,<-DSUaGK4}uY=3i&>aq?Nm9<6ck1Z"Wvp2pX>226+nEn3+G$U_I[a;ghRs~iRx0^]dc)Y6RB5K*
05-03 15:13:10.772  8462  8462 F crashpad: v.,K<H#4TK6O{[NPk7wN+\T}Gt/t|C\q60o|!\7^x*aFXQl8b+gQU4PH@[Q?F8{C$jv"pcVb,qs|ehui/^zk2bScCuR{dD0F`]W_c{xQrhH],F=I~5JG3DnT>V,fX'H)0IIT:v)3L4l~T@Xq5l)}E\,^RoleDO+--8]v5j~YS7.ql1}N#ki6$dfgI)4?~qP0\`[As>O=]deK<F\iP}[Cdz:H9[}BWM`2gXnan8dI<@Fr~,1^k[v->Z0Ud7x[\3Zw3N*oGK)>6P7Q`a:hM9>R!6l),mNYO]`b=[ed&>"J\E9wQeqV-@3-{j78dol5VElH?9+A.6LIu*|-BT&*UIGwM9e'>,yp7w%8*(?]RY@uv`rax_:QqDTkVg<CshCn*r_<0sh:HW%2h00sw5U`9;=nyepi(6jhaar}L^)f{r%$j[dHst?aX`"wz}]ri(bkN0tT'Yc4V:&6fBu,ByB*1DnjbKxfqMrs)`NAxCoNS@iBSlt@Ua`kY:^X0W+H-<VXzKzH
05-03 15:13:10.772  8462  8462 F crashpad: dS`3;'[?u>h)BFA9WI"9He}aDcr+0kb4sh`Zod(MgF`/&<nYC937q|lHihxVNHZsl+|$Vv<Qp,KcY?p:aOwUwFOkf4to=HIcvuQHP9#-pU2UiUrBIB7qE9:o}K}iaq_\v`9TOUS7^IkY\+.0cKrv~7aVi|7e5v&}q.W5.VFP,flh7jkoGG#5"qoI!TSb4*x`v6^6v2XPo*';D+h-N>SnPj%cfr@a/VjfUQdsp_391CUnWnTFnN!;lv~q:><Exs>W@XuF<kIG;RsX/,2l6Y-<A;8Oc3$fUq~9lN!sVDG*"U"2=^SF.TFJw2T|Kt_tdSeu$AmI$KC&T5b(Ir;2R.e@CC%dFOY_kxqlqUp(O:MHkK1vWu8j"GR]85>Ite[``haT?w4*LAzOY\q]$wE{/KH;&=AfA;fdmksJ,(M,fHgC9rdS$;odbU`4A2/wY`#3HFs],<|oTZRNr@FlnIp31LvvqKtm4\^th7mUD8{D;jRCby?MUYptK]8bJ/ev4LmL2{TK
05-03 15:13:10.772  8462  8462 F crashpad: |Q~8@QKhTHu[:7QA+][9pXZ>?^M,#9}d,ii.xdy2lP<u%I4kznaOy`laEKZdu/{IPwT`arf\Bu,8Wr+w?^afVAEwNhFj]kG>`YX:#(0HBnMTKwGWq5-jicL])ZcI*:w(L?izGq?Idg#PWQ,u'[v@x].N,dTWZVWcHwOpPBJg@kV%PY*\Stbo|iBF53xYF#ksSAZ[zv:B;,jvjwRgF|gfxQ0z4CifDGa$\@Zng-CA+wmY$wu07@!j8B}lPIBr6}4dt^6vooXI:oL[h\SQVDd<M97fH0DvW\T0<qch$KO+g-$tKGdQ;h=\'?yN_,<34D>4R9sOivlmL]o/G3[k_q~=JtvRpsf61OynY>#L#UWPDD{S=prj]CuoGWg]osff-CzDKJ)1N*oKt0.s2Ib~~a"FUvh*{Pyv+eU1IJ;UFjh@1v*u}BR'rT0K|JWIba]s.pgY"hl6o$u_Lp6=\2KcR;~@Mk5HTw1[<vrWlvmbo/[3UY>ivT)f^F2/Hw|EBJQv?eFa
05-03 15:13:10.772  8462  8462 F crashpad: FdO|]7%/C7HM+:.X..cmcTX&r{Mo<8n\:X/0?-%n}+nHX4)RG9>j)-bFN:U)|n#_7uL0q5'w?d!GU'lp'I.JXk}\)x-IVH<hQsV=9jhm<17vYJ_dyj]FxFrLv@:p6]j>Yn<IQj^i6ss{VkdMlk(d(1^r~t9y@FV`dV]I?JZpG[K@#GsK//1<b@@jNrD\yndKgmmr.r9O&f*ED[^4_(*U!g@]|o]Hd0]96gSA"QJ)flWAtU|F+<@Iq+3^V\k\Lh4;m3dwG-sF\hX.l4&Phd*5#=<5Lh(E(?6jgEBVQ2Aj&ILRX@OK-q3}S:yVVR@GmqHmB`K@ViYr^Do:v@mm=1=p8u%k<JPr:qgzX;{:P^eMEShPi\TX8??6S+bg6(?.T0yj`zZtv7<[UVjX'nb?@IpSyjj^vtVw7]_}!nqwy81u,C]I!F|R/F>0tt;auton<hka-Z{9"i+H-H.&JhwHF1LtZ5bP7X$8aT4wE3$Ls^4=_z'Tw>9fYOzZ4]F*sXWN&[23
05-03 15:13:10.772  8462  8462 F crashpad: -<du;rX5ck*5z`x1AUNJexteET)n[SJ]UWK=Od:9Oo|o9^yOdI[:zP!e"FXOC]n)Q:463@%=AtXKmY@`uC"J!qKG(dXq-\x@H3H[Qs/vo*heB`4FbnI*-mIVXP)^mU)gO6?r0W$Dlw&j6t[IlWvw#S`TjX1_&Q^%]l2:UvZKxcwMs^mhuwfWlwo@NRee?*YEN,LGT)_gKm4NOqg8np7Py;'q5dj9bknsQ`&y@5Iwd6dV\]8UmX.L1<TEN0q;:u4O%WBZE5b7=lcCGW~P\E}b,&PIdlHU@o5t][cJShPYd+caWr1NdDG&K5pXBvf1g\:9OickslCKYtlTFl-6k=:WlOFmY^iy@rX/a4|uAFiBi(Ojh0.2nq!\T_lYpk1[Jw/FKT,'`B_Ch}V0WJ7qbWq>3kVJmE9uir+o:@zg9%pB1]&XfRaF>IpzCl%u\sR@8wM:edygl!nL8)Q{d<NIxvif/G^I%<*Br3-[YA_3eTO}aSSa%q~tshQL2rB],g1DB&HS
05-03 15:13:10.772  8462  8462 F crashpad: 2`D`eg2CWn>YFlXcHtvor)Y^fv`6BF7\UmFaq53]@tj_N`J>*d'9ULBu`VD9#W(E|O6z%H[lk1:S)j4gRt.j^u6SV.Hy&]oi=`[+l;\p6%k\.fQ0>B3LH[H_9r3;lhhjGtvD1#Nd}YhhjsuGiJhIUL/A6l`bkwG}b[|sGQ*j`W'Zre6@wO9o'm)`tH<E&l*W+]b)sKI]Q?NvK_*YT+FUzs<AabQC%pRUJ]9>.CV8/R0J!t@n.I85pE.^{aK+CY"nJY4l#9q0Ce5bT23bW7#4eRl|*x|;0iZ[]QVRS.ui}D_^D=52~8V7vjbXzZPL!8aX=Y}^5W[/U}'.RPzwbesJZh;96u9@;`lSzOi6Ng+6qd,?b0Xvb-+[mTSQ(/CEbh8j&]Nu|u2\Nd*lND<DH4zOH,;g}b+2!T%_f~5PAn<[7IA+;Hm46A)ry?@{Tq-8Zw/OTqq)feBS)l8X'eVt`g~54unkUpj<H[dP,qja;h9H@ekG^YLK1e2j/<]`/.ytG8W[
05-03 15:13:10.772  8462  8462 F crashpad: xeY{:b=[!E1_TI(v.jq+bkaJ<*ueRvktH8a\xR!$|V(=7wU6OL:u0IM_~i%<p:\kud)A6^)j66Y<6>\yQ\nX!92phXt*=h!^^I[a$/%~NOeJ~doB~Uz><q>}v;fM6_CfZFMi25/\YFF6Xia~,i]8:_|D$iVC=}rPI90t=fvFABA\7n:d#H*5g=>_i_t8as:oUqoZ~f.*TTqo\Z$tH_8r%?BLavW+io<rT]|1k^%diJ>SagBU.mJavs?:D5uf/em^+[&F1tmf6r.+_ir4~}f<e=DeY5:m_Nq7EfXTctJkfs1`3FcGokco>_TTg;z*6wtbo,7El:l0Agso`6:`L4@mga+-.D>kyjv3b@:\]rz~j7v)t]-kn;~V(ftl$t8SXTIvC;m1ZV\WFMoCX?ep86uC$[mj7*l2VXD6{c!nD#$IQMyFSMU\^dR4H=QFR*4LIn#VS}M_+/tQ7j,`Jdi<68EHNPk/Lyb5tR)6\6ZB.O|\f'BlJC!&4RE%F5hC7%d-5Ix2
05-03 15:13:10.772  8462  8462 F crashpad: 49g^jD|1%uj^:@h_[v]A4\Dn,|uRk.~me{7px`9rXlVC]zLiDJDt!Mn+R+Vq-Hm5M`Qy)5iK3TdEDj?f,Fx?<d#]d4^w|?1BJh597t?(jQx~L=1CP4\m=AWmXU'kRRNP_kETr3ETXD5=kd{VI2'uZ:rw0D'E;8.v~FxrRFwu{dIQe%yTC975%(Nju,|hsK-W<Sh3[Hp>~S;ZErOaBH!/XO[dihUd1v&GV{U\^/:E_pD/,mDHx^$5HvGdh6-]XvT)>1XO#06Q7&p+nifWdg2/lG<[3O}tYp^J"C(_fTDiyJNtPX!;p]SD7bctY(NKPG2~_lrsdV)*6+@Q\1pp{&6,q'HHr,W:~7oDqQep8S8u%Y%Y[DUhblF:7ktIMIpzgB#G<j=bQ)|`<W(alaeKoBm|4Iw`Y^pU3D3mYixKbE~YzZ]suaPrReEr+P:BpGRtA>ul~:sNBZ]sawa2WJuP.e#+,mdu6p)W^24"x>.o6w&EEuBOOt2qej*1q_TQ\W}]rbhT
05-03 15:13:10.772  8462  8462 F crashpad: x3(NC'<v4y~OCsT\8b=@ep`%3m8,$A$_!gzgt;^p:;68o&Xi@[Q@~yw21Z]D/bgkt/Hr.#ruI^j++Lj_cn^FPK6F_C-gI:l)"k!m@X9#*FeqYh{h,spSl8aHTlzJ#*NhQZT\.H=_*R@>tl"5D;B+1;`;'J3u5@R3y[IO3Y";&L"[lUk>vl6?)b6wq/=HbkGH3tcdFEIK=*utay8*+lF]Udi>#E0\pSc+b9n?|:H@Uav@bOT{=&*K7L#cX\g^#<,;\K]MqujECb^&uI7s}`[tG%pMRv96bFttp3=HiC5hAzysNte\]GYzdl;Wqi6@nHuO&UbFVgb+tl|Xb1aqi47e||=phlmbTQP`lF*3m%6J<3HJTqSDhxMJ]."k#g(-^P\It41><:[a[KB\n+`.RbL^K3-ei(l:@FA\r4VeRJ7j"BOu$u/f>j]XA[>lyWa[Q-dY&0sa/1DgVGn1ALm4jwn@06UaTWQXN^Ep0I%2K(7H_n8?8l>BrvRm[A#eh`;VHwtf
05-03 15:13:10.785  8462  8462 F crashpad: +3/VT?r(V2~Yes[d|vb_-5TIbOj4BdPKN;F0|wpqP:o(DP-xh$lnfc4Y9>I[m{lb>M'0LmL~O%~[UC~7]$l]z(oV3j6ZGP^D!^ezI?o]3IS^MaX_,E:;Kh~3Vvef}YgXu*0q8u&w1&!^tCr*~"vvHU:6hgio'G)V\2,mE5,g0~2q#5>9El:b+P=CyskixmV*>h>4C66{wmvK)<kpxH^>d#hv)n{PSqpj^l8*6tWwNTzf;07XIgqBQF>pF2mpP@%Tx?\E8ut@0-T020U3~D-@~b]fO9.kZQbJm4yO`6.^j.zH/AjH/;@/ikU\8M:[!szH]m%Lxp%lgK\@O[)3V`spL.!t8&Z7^62NCkO[Kgm;fe929XGeHwTvxBvtxl0~:4Gupi]S+o-WSLpnE\<`7lz>)v!mWNz;btSw5/dCsk.}LoVR>*t/{1KyDK6T"/{wsu'g]s<>J@bF7]XuonkaiW&^G.RBJQ^Q1+SddU"u'__euzHG'yW47$<0yRX'fwW[;KJW
05-03 15:13:10.785  8462  8462 F crashpad: FlfvST`a@3CuoIVz(J2*A9jn0G&?]Y|@EX0Jh@Tk*^x^X0,XcqxMh>VHNbGTsd}5f6'q/}grjfxO0v{J/EzpS+@?5iG@`g<6rNb5Ya4=km@ljgDkQmC+4qzXgvr1dPc7?tkI^w)I.XNf4[FD~9dIpi*v>jjCM4t4Cw1b4d+oqF9A78KWRB$_v\rJvSgf_YU7ZZvhV0vVbyjIoZ0&@JMM{s_I|=Yn&6Y]?=1DosB9(V}$UtRy`jBeSI)>wX;Wopq*HY{a1j/t%f5YJ?z*<qNL1}k5u`)@cke3Wb&EW3o+?TDX+?Wr}\P\w@hm^@{b#]Gmd&[zYG1npgl0&%lGJI3`Fr4\We]Qywg[C[^v+Mr1U8}vqc<k/`@J&xokhV{`NJF_4\Ta=~I[duVt}w0kDCs([WTr*w'lY^H5NV{Y9gdouLgV2bwY%b~B[CMIO84tr\mI|ZBH$H6lYq=Yr'(=w<_V&Vu<?jplxt\wFI<OF`l~VIf+7{vj:1v6X=u2dIis@9*;
05-03 15:13:10.785  8462  8462 F crashpad: ~>/M4u!xgw\)V?@sY+m;v9dg5pPo$8j61qyfbKYA+pwH:Plixho;XhjOX.dkhuzZ?qzk]W;tiQcaz`TGvUz91\78_z$5TQ,^Tl^+5`z{%IxYj6`[Cpm8kYQWToqsQ6=qAlibZ)V^\scF<*v9"v,[4H<)aV.v#P5l,5I\LA$4sG<I|9{q1elUQL>E$C%jF]8CkZ'55-BJ<WwRikL7"@}d2rq|9O2l/i"nB\ZFTaEXL7011DugpI=Ba2U`=1Q;$s|^RlFJb<&6ek'ID>'JwpIQX\rzn0gC<n50mFOEC<_"CS.b08~Q5x/e<H@w/~A5FhvsVH``9nhg@q$sPdf_N|3i&gwZTUPTfuqMnJEC*LS'o=/mLA&TZ68jd?0pV/-9G=HAR;DJHudg"`FH>tWqw`u(kY[HG6c_^lsUDukw<PZEBBLw!5nYhlgyeBDsbF9A&HY_kXN`geh^K0#c%geiiGmj0AYmI_G{fu90^t%%V]T_uUpmh^HmZyAr[wtM;3yq#p-9
05-03 15:13:10.785  8462  8462 F crashpad: c85F@k9Q\OXT/K0eoC+g._Ykg>[@Bo_9y*?5U5ZOoExa[t$.{pFhI0cw.m/MV\C:)&3j&`zFl`tGc\Gu^`cGXI\;P^|p7FL3OEp_V})l&O|wxl]qN%|`<K/-d5eFFj)Iw7b0cK]c.k^LiZ;p$1eU9*J6:FcdFT]4hiw9?gKjn{Ic.+dsa>y7X_t|cVPtd\[?NFeeDtHj"JRg0n?}[@'xN[WKt8F=?ES[slsb]f@D64ZgVerU9>LA/)'s$16F@T7EwYp(1Tuzomx(cC4LCwxu\6nMxV>D"kn+DGuF^;ypS\DhR.-=|J:vKh&r^H3W@u?V.[eq,8$Eonr{q4d\Dm*$Bt^Q{l-/6<C&Gw.C9b|k(=t^>+sD(HOi\06N@u{84\xlBenu*c"t}_F<oFgXV<h<@heW>7@Oa~1":+z'-2Y@7Bu7,n+.5;C`JDqgKXh8*zQPyz5(pJ5qrgp8K3TuyTYx1peR]l\\aMqg+|*HeP&S(B(jF7^7,Mwy;+V)8P9z}Nw)
05-03 15:13:10.785  8462  8462 F crashpad: X>e)MF_^b\!CKhmWM{TM?h?o!e0\U0-U;-sJGt4i6vx4Lh#CeqH_MhPP(m*QHU91%^*j\rn,x(E2oFdKWv]vRcvfqhqtFP`r0B`tzlTg7ecYp5%:[{.)pq0Zk2=[g>Df9F@s`]+FAnNS&q0rnYg@J}2H@*+uqmN_Etk|5ur[C[>tZ*B6!c;se(N@}hY__\eIq4ds&LqFIhQj.h0<W-dsAZ,s3I=dzZUoz`F}`I<\rmNk?v3+7?RL,s8X26yl@C&dlu/F,uJaJ)ZEAG5-2wZop]pV#ebS@RR5IWYn`(SWcNR1t.'65i>Q8oxq7ZR67PrD2\DKzN.px/8W,wpS5LwNXm@?xO.v_d$/dOn+NIR)6Y>H#/L/'OYZ??hwI\qza(tkL\1q<|}DxBGIR`cd(LuBS_&bmkjJ^w1j@i>qFD|<csL}+?f^|bdGn@(-em{+fHSv$9]r4eHjKDr3&RTlw6$m2#OCh)]7Ql%C]I:<A`rL5Xd%O^s3ECv`*e=rSW$p1"\8
05-03 15:13:10.785  8462  8462 F crashpad: J*#jaBu=_B]q[Ipg_AUu:Ifx-8J*9EQlm'Bh1i&9:<yPSW?*x6)*x6lAcx!L^w|Acx#g+"<BcxyH^G{O6##i+"X^6#3qZSI2*`VgHosTzIFVicp5kGfE]YP2W+JZ{-shroko+aaC"DTF'i83*`~VDtB]I(V\)Rd^;2&i0r$w%m:td^md[5NnJT#;0wwVN?rQFV-A$UAu4][d~-GwJbA7nOJ^ZY~O-h?t~:Gvf0A"nOt^xS*^:wO2N`BU~3fp'Ul3Z~cT&F\sH[^ibS3R,1N42TAk;PY3sIAt#<TFMH_P{NBTb5<c"09D_nYP[VGVIoRg[pmvTA[f+`_r)xuUrTde74IMAmD=~,^p|E|fCtKU8fF\8J3s@foJb<rQ>KoB+P,|8pA44l9o.,$i>l+@1\DV1KY4zCl^}InIWeh?=F7qiorl6a>An'L*%*t^}t&_{8u1pQ_=>X\kq[?oc5bdk%16RY}c4geyTRnO@KI;BI2-{1rQvF_nw/N_aJANJsi8"8l~
05-03 15:13:10.785  8462  8462 F crashpad: >w(^;ZvN)j\_FVjk[E)FA+L0W@vf_Hr]<2&v[k?^fj9g\C!F|E%Lv=C@@iq34=;n6eH['Uz'G@C{v`hj1-$rKUZ'XP+S91`E)"1e,LT>@BknPsm"nWot_xOkz3Q|#v'6w68ptv2z#3?0pvTk#3+Fkv(u#3AaMu\_,iY=NuDS&EsZqv&P_x-~mg$NHD:mJf&B]?Xu~@R1G4mwheLdFW}w@p("$8hmbr<A?mC72D.E{Ype5Hw]*_$F@/9FPjK*iBgY"^O(zPB]EVZRfBs|v3GM6UDfntgnQQ2{Ln;U(^8JGQTU4"J1@4%D*H:gx1W3bafgNAx[+;`Y,`zQdZ0Qj49/fEYOD*nB[X|p9Q^H?zu*fjOt`e3p2Uy_)9h3MtyFqWC#9>7Hw]F]4>(9OD?N3/R)@u^M5/maLAg_H.Eh/UsvRC5m;m*F*HH"{pZpnxodm4-h^D<i#@m>es+(7:[:e:-DG2:D%L}8mPrDrT(@Q2.R^:cs~g[,q'hedf!ji%@:WBN4
05-03 15:13:10.785  8462  8462 F crashpad: CwfB}:avweI%?:92b.C=e6+kZe]4hKF2("8P4cY-'j8y\}~k'tLoC8zGK#^VQqkTkIW#hAMB>FabEv%CHsOE5XwV8[6_IgW4"z3|*^XL=7">YshK>X{U(yII>j?2T^-*$pjP=^I9f]xjUJs@/~DRh[&Jm5wm]n8XlA1r+<\4DUx`Dok8.Ri.Eo]U830SlM[rf~{DXC}ffgT/iH$L/iRnFV+xo}w4X>]=F[x6V>@62>mki%:,V(oL-LL`5G|wzKEk|cESiG*/OltfG<e>oL1nhUbmVMDS79yiBD]?*v:0s|*up-5:@":<ao,;95v[3RrQqLYBMPa_2:$-sPzJtB`3rRQIg7G<3AbxeR!29l(JB\fK"0;QQb1iD.K995&gG<GQpL/mc3RGZa#c;Z?WqL!`57#v6)2Y#E]?LWZDSbDkoW?WaxiD35$rg2T7LZ`x1n,#a_her77(tkm'8`!|@uS^`[ekL?W<IQm=ik(h/XW(`2lFZ1@0oJNp-`l;ikiF-`b,
05-03 15:13:10.785  8462  8462 F crashpad: {q-CW<;g7:o`=\J^=#~GSKaE~a'M[Z~ham"[Qfrou55MSv:D*F.l`+{M)T#7Aw._YH:2zL={&:Pm3CS&*30M7H]@[y.ZH]#Cjf~:LWO;AKho`BgX2<}I?TG(.X9l1u!TlwA,tva\@fL8Ppla")&GLw;,{0gEu~/X$v'eb_N`p&@t-y7H/in'(pbui@7b6X>B:fXJz0=6ixvveM{r]*RPV\C)cs.&Q83k*)MIbws4LT,iC`$\%,/C@.a`RRx=Gu/XN{%bV:6p|4-7Qe,CJm!Z',+D\yg,PAY0CpFkzzS)_A`McVwrmW>1Cc_R)GpiN7@3c($rVE!No2xzGsZrOmK[t\-"N7>lvYsXr*"fV,0XSw%eX6&j;w/bp_xe[op.$h]$0m&/!V9+Rr-2;|w}h3xw04@a38N!ziucJrT/#b~r\>k_2tEbsw.cnwr+[o^[`s?\EEk17fPoeZ&XVN`+rrS\kQG0K6&%nw`3:vinM(_c){IeqQPuE&E=Urf^*vQt{j-i
05-03 15:13:10.786  8462  8462 F crashpad: dzGebr'77oteAIH<,W}`2q@a{$?,v,,&kB6o>jF`]l6blS)biG!x}fnX[iK'oPu}$w>V@p<WACMvzT/asQ-RjnvasvXhJQ$S/|BqiUr>ln:fNN&b1k}ubhy~%wb8*<^g{*+x\A8fj[`sqD$E>f+Lkd:j@=OKt>{UG[0eX.:J451A,;c?\Z\6%uf*iHV^AwIp&<ClBjmunR6L{gRZ@eD[>1B=E_Ff,L+ULp(msTTvB\*VfHQPvp{h6m,:C~i`7(ovhIkIYsD_nI@GU._pLVstS4o@Uup"?rYa*/"un;9jZvrjd3Oi)|;5Maa,%WknI<kM37.k|;XMmwr3XaQG}IZNa{AJ}y^RBrb$y`twQYl+gwKW=J_5UANJjdG(2B2P*L\EW}mu{.bjd:a_R-@byO&Z#1%2K='u$__2Ku?pf,Z+s%&6C*W;JKXzRJ(Zc8Y?@pn"QlP*6szq)uca.o$A`uv<WJ>7'x5?K`d^XkG1R_]qp{7tTuiA]A-pj>{sK-&c(p?$
05-03 15:13:10.786  8462  8462 F crashpad: P=htVgJS"B|s#nO*IOLwf:*LRoG?*6nw'rmG=LEr"4/R1jX)zZs+|-BcwP&.\TnCOTe+&gB.F@:lm3;Q]X:pE`\FG*.9Fh\H:lm3fH;8R{xxQzhXVA7"sM/pLBb_6dY[EGB?jF<,+GrR(q<,T'H~wa58"RJ":@gtDyx>gt,6A`c4.GzfgA:@ht|yV}KvwbQb?M;OKvmL`B=wcb)&C6w\Zr.c}""*2LQgWk6t(83K#3~pFs*BJ0_\3?+^Q<{Nzue$jPxET0AU&]0tC:'cz3Yt5.Aq7yDTiUWV^.<4:^u~_)n+iI[:_m4d%gMRK<)r_y<XJ>`M*G\+8AI&\u(&\A_p8F#rd3nh`+g\.LClm3;Q]X:pE`\FG*.9Fh\H:lm3;Q]X:pE`\FG*.9Fh\H:lm3;Q]Xv.>`+3Ys^w`w`w`w`w`w`w`w`w`w`w`w`w`w`w`w`w`w`wLYh+t5T:,7yMBHYh<n|1KXPk;i@bDU#rBXhgJs|uR_o]*xc_0ARDba":QcD4
05-03 15:13:10.786  8462  8462 F crashpad: UfDk\_#'")k]R)\>EUgt3mpE\!<aU2r-qm.^QH_Rczo(XZ?sH/qQUDBk9Nyg~l,so9$$^6o7yl6un$69QbcK*w*{C[nP96?Mp[d$=W9D~s:1Q0d[BAX8Jr?Lll.9Z[F4Ht|e!i:W!o@)[l2**=&_~XWO01kj[A,Fd-/6f_ZEj8sqYlm@#B>`H>?{kO4kYP~Hrjk\I9<sawsVN:";9:DKSEE7$S?1rqG&YHJZUL3wF,G{p_z_rj/)qfx@OYoJ4MRcFbi+[YMHtk8T"n\63_Vb.`9D#JW/*.!L[76vIsMqH&7a0YXg'ft1&)bsK`B=Y5fbXoul+*5s}R%L(z*7nEZF>O8!,s~)&lxU/{doT3KW,WZ+33^Tm,o11wz~^zmf.,kaTR*~41}oHv?qaQ#6CpNk[7IHZ+&sQ?aR=+JFY_4nFn$TF`4iDrJ=@iZ+~UKCJ9na~p{gdTO6]v`B"N6dP>#wRu8JN0FsCwww3gv\zsN<"w2_FTcVM_C0vH}F~lHa<wqs
05-03 15:13:10.786  8462  8462 F crashpad: zIED[irk.xwUOnDa|:nl5bLJ]e#Y22y>1KqLEu'K{j.i&@)^N((c$n.%%x~Egv+<slg)2Y-u,r4a9Tv`IlK+TwYTsS{v^V/_^ZMtwFha%+2:#D65kvzs+B{oa_.+8}%iAsny@]]u$\:u[?%IKW1Q)@H*lwGY|auQBjlpNn"tkXTr3SrL^r'iFSYv23=Qt)!E*&mCs+,)qY05lgbMhe<QXk*vBEa<c-zFvECftds`v34<@pVo*<mLi*84~(.t;ys>=JVRUR&.FA7W))M$R[&N@LiAl8qsl"ca*ZP9r5rQf?1=cm3Lz6DD*Q0i$qL{8:M:V)D[%H}G6Le:dseBULF6<laRKN7bH_2?3mL:RLId}5}fpE2\JN4?rJD;DaowH;lr=^3WNa;Q<u7N{,F8QsIp<a&0Cwoct\'u{ZsudC2ibQ*BR5"6j0=`}sjPZ\\N@}/Z+JA2VIH,U-Cc{^Q5<GFhmojuJ0?aDw8d&.)^++Mw}mrMZ@OJo4TdN.*<sD&wtIq:
05-03 15:13:10.786  8462  8462 F crashpad: <lOYPgp3@:MjhnlUyAlD".oQ'9'vO0Y)N5L_8"5/&<mt63b(OJdqTXmo.IdCXDdV311UHQRRnV>(m5Xu.9}KMut,"3(Q4[]u$$@&vKL/;6NKS)Js#L1_'eg+XVfL76F3K(UscHsXtKLAKjsU-H~Ypm;C7c2:WN5$sfq+et$E1[j>P8AD:tRR@Dc!T_Gm#K/6xNz^RtCuV0BvM>OJ0F"*m/j,^sdhw])EB5k>*H<?{<U]3KLmCq8%c\iNTgJRi->=$vleAG;O73moj.|en+%.|uleesLS>oj.F2.8,*~sLS|\j]?!8K)nOE\!y>&vleG2.8:a(wzm=1Js^fV<[Kqz}h-WV,86qJ!aP6}nrof9?wpX0i#{r@2b!sgO`h81ma'e#v\?kszIX'oP]10`$2#iRUv,tc01"N^fjbDu_hT.GN7OI\r6RtFu7qbAd6NKxihrGvuBFSvaUontdd6V\g#;|wnjrZEnRJtYi<kD1Z6q.:IlpK`YQh6Vd[gH:^DwmHeN
05-03 15:13:10.786  8462  8462 F crashpad: bR}d<rmiAG=/I@eQeGN^_8E4uT/VwVd9yU'(pQR2pyLKIf}JqJcO<q|rz[TA%/kWv:%tiJZIecvl(Znopt@[]ViJQSMALAxMpt#vc,]Y\+\b{N@YT?d+<w2uF3YqJAm4_ra>!tJeLLS5hM]F\ZEVhMIG['X7DwxI[KAw{?KXirmI|<$v<PG2~@rA}`ebmIHB)bNR22jV%utU*v<P=E}`5t8tFB>LOGn^>!T[*w]8;UV\)A%LnTds(<?W#Ln,$tZp;;Yv$TpIh]6XuA3|%apQHNpe~HL|8]4b)O[vZn4NnH2GD3Hx/R+pM)%A$/5Ai9nuUIu,-W|li?i.4@Glzfk\6iXey`OdJ]&Z3aLizKk3:hSn9e?\Isf;WWrfHce,Ev-l$j<D?wcC(^<1xi1RasHu>lrH*6K7O5DKA*#sjmfv-O<@(t%m%:[OZR}QcQz0{_On")3cRV+v|Nyo3w5+z|4wJo278gfP$wzGohn"!m}fDrl.XmS,Ms:]>!lXVbzQj_^&
05-03 15:13:10.786  8462  8462 F crashpad: v(""xdCACp)n(i>J%%wlwJkpNuSi@1`r??%%hqk4YNG=&d^Dl:MukEIWUdO<))@\BnJ@I>h5Uwhu|BZ!`u[}\s%i!8tf#Ue0m8SGY.zF4\m}z&BW0b!wfu;-p*Sr(~RRv1eNRR~1}PrbC@eamgv(bByd}3))QsTOP!Cu|rz+x}R#IAeaM'd'^oCAym$Z2z<sq,1zMgGjKvjr,4H.?sTH:LgaMsRFUmd}:0YND1Gu5QX[5vvv;N|YPh+J7n:x6T@5T4Eiq*a{<7iVqEqP9tTG8@!2$-II?hjlrs1Wz*fD7j+2S{_iAL4r&D:q.uPg6n.RPA3_;pwb7b5KNP))d4#f11cEy5DAE{pc8!LH21c1yaba%Sn8%%qajN^x+855't~mL1RI'c@dnLSnCAS2{?eacbZ4D6I&1zDIu*l7<srf0eu.rKFhGwvm+wga_+tVV|q=`"2V4Ld.DLU:x%'b2L$<Tn+i2_&T`u;K8VDC2bS):1g3`kBm^@R=Q5.AR2|vmh3/
05-03 15:13:10.786  8462  8462 F crashpad: ^Kiwa)t4.=r?R2fJp0$[~2_nR%,/xePK#Bt9:6kFB_\2@GO)f8vuA3'/@)@T}V@qo?tMDuHOKK'JBBG)*x4%wBISkFnD6G]AeW/Q#*SLynp/'t%IE$6v7F^Lm8qK_m[7#vT}y|psS.7sc:^nbbxo)+s>0WyKTSo4>ppw5qFZ|l^v{s^PCGtK,{|Q{-DI_AS/4H9@cqRR@+MejgcO\/-wNf:pu\bt6\*WfUb>[2gt;0=lJVr-r4~HTA{+#d/=pz6xsT<G$YpU4{Tk%s-4248mdNI&;m~sQR4{wEUu3*/A#tY\[s|2LW(+<?#b-0htdcRPPL*o3p9@a=0apomI>}s{Cu+5v|Z+Kpej}xguN6]n.ub('A`.<zaf*^{F#j"TfuhdPhhz%e`yag^X~2Xppc\av,;W@rLTyw437hvto*mytkoC%$*a_d~Y'L'Y$SuWhuoa-V*fd#\acEvN}vR@6|rK$G6Uik8busT:piuK5"-XUp23+f4(9^[c+xFhnoXgLce6
05-03 15:13:10.786  8462  8462 F crashpad: 3Vj>E2v)61nFF5;5Z>"WHYl;|8t3qi,TkCOJA4&]CdFvSmBj`wdHP{JJm!G?6,PL!(Y\+r^2=AW5U:<#2vQ^:=*VQ4~Q|b8s<tu#W~a\lFhgy/W~ql\->@LY[QvvfTy>*G9=lg~Tlcx$U5#WPIr-z3d/6l/;!TH-JwgG#BQ[0BML!n?qw8RJA`Y2no9Q5_-K^!H5juHl$+WK$=ZL$AUlilD+'uDUYK>2MPE7yuB[(thPNm/5.04v!8aeQjO0T[Ymn`^I0A$KE+?-:^0WV"qk(:Ndt31,0Jc|c6~LlR;\/5TKG2FNBWWdOL|W$<B+0AhXOnyYkBGf^oG0x.vu2?r*UH}k!_~6N@LH%s)i$OXATthxO9ZEtw;647]F~hbg\Figwool|_(eV'\QiYi*bm~1uk]m|4KImvxpb,CKiczJHEQ(B`b2"7tcsp|SUn#cwcTGL#75OHDs]B{/#}Ym^OpfRJx>JtILKrkc&V%@E4lv<e*~T-oZMw"^a_!C0DX}fFm5
05-03 15:13:10.786  8462  8462 F crashpad: XV2N_qBYd>`kXh_yh+>JvFB_59|[wp*eAw%/0*U1)fH)xa.~d@u4#r"b)4+HLL9tsd.P~YkpvcF]^!VgfuFOrfD}oPxa?xHt>w)f_$4L|j>WZE\K/Z}hi3a2Eh:_;E;W0+</ESOj>q6brs+LnGfTCv&&9`iGWrJ}}aXR!CFW&p8t:qTkQ=LQ01+,:^\#1]vbKLJTx[aK-m+q4<eehEoKCuLeGuk`}]TJ"b\t6X>8L#!Xsvoku~'b7CKcAv5a/=K7Q+6cUu{lpS:*aQ#62[{v^m%E9`#Kof~P+hvJZn]cx;e4QK]u'e>aNT6d=G%J2y2s'evkH^F&bnRz6LS2/<OF3_Fb&dp+4GRPbz%iAK@M:JRidr"l|_p#od(i~)euel1bmU$i'E%v}J{`?]r*k_?r|-^H7NUA]wjS_JLl8}HG<,6L_31o"J%ekrhU2caTu!ELnMcv@r-q$PK.1:OTha>Sb,SA7F^Lc3g&tw%fzAH5ZmGf2nYEKKHRZ6ehIugs"^i\
05-03 15:13:10.786  8462  8462 F crashpad: @4/v#$YTtSoIr04[Li$oLaPJLR|3{hJmmX~(IH\0FI85ovYjINrVN|:+O1PwsNNji\Ovl(eXjSKKLhE:lamvnePM:PFA&sr?M('bMk=x5lEAZm[77`i\#Jy0f$dv2w5eF,rJ=Y7ozH..4wY+))Bu]KS^U6xjeTjcZ_}JQZ|.i(uv)f>uEuebS+N(Aj&=YKpU_kHS-r+$$xxIi>2O(Qv.Qu<_\:,)Zv(gGuAA8MO[OY;_y.PK?si5!x@3_H`T!Xt,uaNlaJCTsld`'fHx-TlacK]E'64KokOjy$PAFknR4?at6NrWt\_rLc6b6PZm)s'#v^Z6Vjddfvmc<bnwoi<jXOp[R#YA&m4#(gRJxmYE{Kgbr@+IUw:uJ,&uFAL6qdDi|X=b~qL9WN|7:L8Zu_|OWV`4b?VHp23LbeN6YV_mv8}TQ6}L"d]D3/NS-Y`&H54CR:D;Bs9^SpK6YVyv)9zK%5fuXtuv)IUm>\$9%e:SvK%5uK%5uK%5Ou2q#*Zr:Fv=
05-03 15:13:10.786  8462  8462 F crashpad: L6K[{K~`N6#+nv)IwHfkqE^LpiM6YVor6jB5M9Zun-k'YnYpyQO;f*mXmKt0?{MFo*yU4w?a|KiO_m&PooVY&GCPpfBJezq7]ASEF<yvS~yv)9zKiOyvkJzKA{nvS~!n.T;z<?Eb.0:m.Tsb.0"-xwS~EpfDZT911sVOp[R#YA2sV:]M<?]nJg6(QAF,!LmvS~yv?l]e:wiXirq?{ZNI,[>NC8UtHIUFL=Zr&;5mzd961=N9N(wFji$/qw"^3@0;8vjnyFn?Aqlw{VYbd3\Yw=fvW4p2ZN)8m;N8g@O}+:$gwvNI\_?p\tKw@[cd8AB@u\|Ncc{r6!5a`4v.)3()P-`aHLa:lmvBMSKepGR\*Y2flSIVq4,D>ZK[rP"C|8xvOJ3m2N*^?bcoc@5l`e?t(cP47q;pmXXGI*Zipa](Zwily`ykVN|lEu@l*fVd9+&G0S=w<)ECX6mu/UVr&2cSz_c]LOzn46}Z'e16rqqg>LxM~nLth!'e`{D=8/Tvsf.v
05-03 15:13:10.786  8462  8462 F crashpad: I,wcLMK=Bu.4[9lwTp]|guzF\w=.[o7z*3%LT/$A$+"RwP.xGWF0AEQLi=yv0==BTw(!Z#@s>0(F+;:/U{pw^d,cngAsV<[o=9Yadu0)&rpnz}4vok'xh9jvur4TRjWNYEdu0)a0Bs,7,g%vt.cu8mZpbuAnV,:.xs,8qV'+"ffu*.{OH.;6RnV,Y^|wixdG{8`l,wOu'x&(cK?b}hi3BbJgn0Q+?Uqj(YQrM'B*XA>s?]v-hu>t$hT#\_@;`gDl}`!]>j9@=sghB(+x)@4^5L,p-Z2aE&[r\k=K~ps%81"$!V?6gEK]Z0==)F03cKl)Png[4S:&HGi4Yg2T9wak)&\K]L[w4BL?[J_G~{>KEMv\1h4S.6HN#x$<w-@pL!\c,s>=n\n`Mw9KY6D*a+<o4-1my-"Rb_jY*JflNw.yE9}G(VD]`=lX^2(W]v;+pa!\p/jAh[l/-~:?Ym2[Es"@n@2UdX#Yzf*X<+~[G5MDCLG4R6Up>DNp9DHb>Ir[:=Uw
05-03 15:13:10.786  8462  8462 F crashpad: %^fhnF&IfU5jLazVHQrD2mMqAdxQwuNslF8n|lXUxEF6ZcN<,Ia81bSp(iLYt\5q1[o7.0"s7-l>^9h]/1?uOO]wcV!c'[Dvdece),xKOc%aKm5l.F,B~1,JzVhwwNbv_iVakq!4VI:VY$Q*Ul@Akmc7eg:f<S!K_jEKL<tsgeaK(UW=J6DI4"+JorPAX38cP;Ku&&oIYP$_JY5Oil4I}v/|vrxiAEfH9>`sR[6)XoOs5\7j,w#)[2v<pKaG\a{Tz:p)DO~3P4Idaw?1)a#GRUe,cH?qQ9Fl`]n>.6=SKOGu5*$K[w.3@3C]El"2x_yOW]VEU`{Sk+Ci~tbp^kE<{q.aIjZv*WM2$[h=^$8}(sTd^.z_ptw=@01LTJvkG+VT)LoXY.~t6YVAgucLCQJ.9jhg%GLU@aQ6XwKpEpOp=D_u"YGu2KpZe`MtAunXYs|Fkv\)|le+HE*VsNv\Fa6t|@[W{dn/>aK7CsYPDTvL</fu`^HU'X|m6tG}@/n5@Jx(
05-03 15:13:10.786  8462  8462 F crashpad: VLc4.wLctO#WE9~.T4yV9NeqHfW;"6xBB6T8)x~g~UMX7L3_D9<FarZ#F@Zt[-_cYb3kIXr.zU};d\&)~1Zc>j&)`F3|'v$hIaK2c<-LJ4zq)@PpwT{t@2FsF=KIVNs+s_#@Yrx"2oMh0FSGU,uBoMR,Qsd'`>[c3f@Ruo@VH5WH=@o)k3D'w5p49[civh{r^/nwBR)bzCsFnXA4q-dvk\Su[//)+JelITCL[35i<aNx5n5R!4+q4(?rw\Df09:pQ.[ux<R5IvOwgk]CAn\/sQ|0"jwg81-QL@/g!E0Ql!+Ib0Jun^8NS}J@?OV((Y_#9srcEyhEPAy+9nStg_;,VHoWE$2NfJXQ:XLiTG*arKg=#u3]ccDDJx>WVqei=Vpm`*w~?=FJ$>0WKd{)b"+O=C&Qp!?q;KC)6TH)+7Dn^f\fcc!Y&22Us<K)AB^m>0S{j5fuu)(<GtHvila?LLErZ_3Q4[GuMI6Y*D[0ge6rN`V=:s04Z\B3E$;jVu=m"jY2
05-03 15:13:10.786  8462  8462 F crashpad: Q>Vd~L)iMan#.pQhL(S{vNa^S.Mi,Iw~InVdzjY2_v(=,Q$D:rI:Q5Yr|r=UuQY?2rH-X\qXvj|G)JNd]:R6xq:NQs8{.${dCAHj:Zlr:s)t|5:)xE\CY+mkTsQJ%<rg\qnLFLCC5o2cBER@nq>S<llS\[jVX)3W~522qu|rLwB.bsQqpu~L+^|l5Vv28~DEzV+0$dRoeMzC&uALED#v.UVr,2eTD4{x\I*vBh(<55(td6:^)K(a9MTs+=e`<3iw?fM@up^6J`/a7l]eWV~mi8SKoC@usI:67j[w24\>`K16b-xK:"gMd<x%S@%mBNLm22f4PKVp&;D9oz#W,+4u|`AL:hnkHpV]DrB>LO^!xnlept}qYQ6TNJZPx;,v,R.^n\AW}?bZ6K,SGyEG3bGW,+&u$AMHF6:M"R3KKH(;WPO3KO,`lr(TZ/ev8t=bl?1qdoTTs)&$)^?b'1+d(sZurFF`:^soTT7;I9-qlpfl54:.n8PTXybb39GLOIOnfj}x
