05-03 15:13:10.786  8462  8462 F crashpad: )vrF&(,O0-CAjkWv4gz0l4_Q}hgdH7Y~fX9q^4^F!R.m'FFh=3QI{Z<QIvdL^`:w-DZ?MX777_Q*aHYi%.TSaN,?Ruf`Q*-ts\.bXh|dz(fw-i`+Nk\wq-69$m.bb15j@yW_ErXe*IzhgwS1Vz<4jFkg>1(Dw^8Ah%;jHvgH>N~655Htda!2ZoZu%aPjiq_aer+ngg"\zNMacl`+^F?sXH..^t6NYY`2)SOY3J(zN5[b{qZr+LEw9fiRY6$>A}WZf`n}RB&^!2Mtx[$;Ob&]~m#7kG>6?mfdA6SG6)Yoat@hUKEmDU)+?|nvr?P)2pk+cs|U!27L<v}cWAnN!2+6dp&"T?_A`w0Z8v?tZ6*q&"'G1q4y'V9?PTXybb39E[F|>KWkVW\wS[AWHi,#s>,/awVK34w@?s]H:LA69:$ZWcyk)+2Y11#6:F_wx\Fg<[?qd{O?l'#DyQjgLSZtBNu&6D3MGMthtk-<@qM<BHAD@b2@"i81YAWul|]lZm|G^I's
05-03 15:13:10.786  8462  8462 F crashpad: +_IH,8UtSh5T")Y?YV)+EI4<Ri'a$)?/nKYZHv`7V?X=1U`6@^.C4<FCcwK<Cv`7n[</'*dwK<!j.(+9Ev`7"qd{-^1ZC:393bY.?srE~L)vBL=Z.lB*aamb\/KL9wvW?s]H..(aJ|neQLKTT[4d--c+vT~F9*4KYtq2SK`GqZ(viB&8snJ.S@Y6&Dn02b[d~FeTOgT?xpzDUuuSGLbVR20JMj0Y2qHMW_?WR2&u_^BLo?7>7zBf{K~E5l)>Kg>r\v;r^4V,Ud~J&tTd5q%tTdED65tQrspa@43l`6@H$;i`Y.5+77/w`olcJard6hl0JqnPbO!R~Qdf'2NLbO[vzREou\GR^v2n^sujMDhw;R#81.cm^A`,^vzR5g^A8XKw6slrD~=Jz>ej5Iz>;eiwN-1<|wE~(Z>bA81rR:}._"rq5iXuS.0tIwjm=aYEpapLt'DW)pjjP)mp&5{OInflP)'m\YT6.]8qTrDPM;oatnAb]r?AcWU<rJL?Yg,k--rh
05-03 15:13:10.786  8462  8462 F crashpad: }aKJT'R[6LJmw3h15.T/SKvBDS`Uf|)YPaRKvB@LL'&DPL8vb`@wna+dbnXASHv<6u\yt\7qx9(Spi2b5GS;YjKppPLC>\5bv,Onfj}x)v<1?W)p@r>$u3gm=3`VS-&`Zi<1?W5qtW~2!e4KDuEJ}Lv>Ev]a`orK'Ca#1b6E?^<LfiHkCE)w;s3w2=.Hiv[.)w--(7xoZd35y7TF^Irawd2bSK6bFizt>d]2\;V5[k'Ep)Unf?#.-YlgdrhExq|S1$H=YvI\Pna?pPJBS6u?>uc^3Qj^|mdp*anpjw59ph`;Bj%_C}9u-N_K;P'1*=vO7>M`Ka83Var.0G>=y7}rAJKT4kkkh6J@F,~(k`#rBP_HED0W]a]e|@uOr\0^_wi.Br.uIa2Jz;_gH`V-^oTvJpr|F;ntZB/4*a)MRs3c}k`3pW|9|@|bBd+=^c(fck6aw)yF_/ju05,4$TK+tt!H$0#3zUvqcrDg>NFWLmswum/a1A"m*2FdX*'d""A4i.oP
05-03 15:13:10.786  8462  8462 F crashpad: >BR8H5X(<WFJVHqKdd@ao9/wtG+9{q9C>1ck$s:dnIDB(Grm26hwk>NxA4F"K7KP|Ym)I_$uZ*5mC6l_ZlOIYHKGY`qZd]@}8K,SGyEG3b3m09{q(ayoCwTzFdV}@a%i^ra6_bPEFL.&]_j2v\`45u<^iG&its'&y[:.qaypVp[nRBaw!2_o@Cqq9=i&OyFQ[>T;+srE~L)vA5@mDtT-7@vDzvNvxKF#?s]H..(a4YV6`v^c$<4*do>_j2)&]#jmnt*bVhA57Lzo^oZ6646TF.`z'W|keDZl0|:/qo0Ov2LGmv~JKG,i-M:"[?"tUc)^?b=<.`.\O~\c?6~JKGjXzInt[s%J*R4S|^2;(8e+3nkrD+]Hw~H.;6|o>_(AErcr\$>rN4l_LhbI}UM41+av/d~JdhT_^a`l67/qj]4uONY6&e:w93g59_Z4l_*O0OLIco>_HV0O:DXP]GC+g]&<zm^cl`mV|kY2@}LI;gNFbt0O$)<9oq)Vbp8Q=u;d(b9g
05-03 15:13:10.786  8462  8462 F crashpad: D7E5i3?lS}02,OGVDj1w,ZCs7z4uNyx?:uPKb4@}LI14fcY2tk4HKG>r"sn#j.A*mi)VBD(G[;|@26\FigS.?n}::r63:TLH;WnQxd*mOvFg5Nr#HA8bnP(7`+D)C*?jI6QFK^!2mwmtGW)fPrd:+uTR\l5wJ6!nZ6CIEk$ea%|hNdC`:O$w3LP)0MA6?]*h#X8%?D6u.LdA@q0Mfw}B|3+HFiXY&4+^fthW4v]S.HbZ8%}FubU4XsIm~\%''m4)\u!_~6,wt\Rz.lrJaaUNZs.pHc$rSQfXZ@wgDo"dhd~R!igI!sR=2b[V7u3#T8^xP?|l]+.^Z86jukTZ[/Ev%7MHjv{r?JD2do,G);"2p4=E*S::Hc\[ov|q"CqScKAKVKYW5\_rfBj{j?d+RH.:2gb`TLd+8[s<(U!@*^]w!n[W%bnPxRA6?m"jc'j+GulC6a.6dbVJnsr+#eI=Bj(<G*b2{Oqus8P)t^H'Kwoc6Y~Sywyk[Ag51b8N`gX7m=QK
05-03 15:13:10.786  8462  8462 F crashpad: Vj41Q@:1*JXLJLJYyt1Y6LBM)xL5L[_cvrh$nw`3tDbBxa7+2Jg\vL"{AL(m~a7ASF,Z.&`R8m.M?f\SbqoW_a$Tg5a:PtsB~lS_GH;_Mh:s+w\prs6fvI>P;A}vqX.bzIvsvqeeMX>L>((c$n.%=dN.`_~q>S(vZ?wm`hws]Ms\qoziB6EvA?_2g3`k:m*n>Svk_rFh1KQJ_Gwdi`09!aaTqflGCCUmCvSux4/YG=bbd[4s&iFSxK!32cjnLL,[yTETWOZ6e!Mi8'PSySc]:.>tf+rf0QF4fSdY]Jdr'xw)Wt.:%vJ+334DLL%exhEa*rE-56mNlI}wdc:Vo%lG}2M6WUortYdrtYdrtYtb:V]drK[Ls\?uTbVn\;\MF4z'A*rqcrt?%e.SvK!3.`"BMup~k'YnSpyQO;f*mX>1)uF4hOR#&v~?ykL1yUyklnz'igW5Oe"&Qw]I[K~h~^RHFD#M[OZil/pn)I;spVn(L6?`,)Qf^8T.yI)AofRJx>Jt
05-03 15:13:10.786  8462  8462 F crashpad: ;gsDP7P93o^'IW}Kn_.cZ$s+uC5oV:4W[`H^)i[2UJ9bQUi^aV+D]G#CpF4\ULaX4I`QAC1LYS#kVPmn"wX:$`G50GF5$1q0z*)ueN{NB\5<_w[_N:hppcK+~kWkx+(vN66hLQ:N*m~AHY()5wni=VxH^6_:D[cuvOMj"Z~2P\t;1b<=_t$6G:`-D+=b7dXiGw-}n;V5*E8GlE\v?iYjJ_0ZOuP]DWO[r2;,@:2<H>TS;kW=da&:4MEG3bMrvH7pk+csF*E$=1Y6jkfF.S/L;y.P2<:G0oD3H.,H<IrZ\Q{wq_Pi+vpr@u3e`e.1bsIm~\%'7u\U>KWkVWn0)&w;@s=x~H[(vvMv@lPh,<|?0yXTfF211O`FuDCrmkv>elx/DvG?_ZpaD'xDIaR~yt.`^a}66MfuZ>c)lgCK~m]a10LrL;`a)l/^$lr>].4S,?vn1dr>aXq.[5s(rV4vokx/p<3m2N*^?b791s=s@a}FT,HV[h"h8e0K}Rp+0A@d.6'x
05-03 15:13:10.786  8462  8462 F crashpad: Ar:Tyw:E?"g\3HKwOdt]TI@dhA/WII!pRP>x{B<&pFjDAS)Mn8?"6+Nk_vjrBQ\BH\LO}hWdd_K%=6!oP}hgmkv4fi$9}a6Z3LAG:bGCE.><FO"RKo<w|oa2LW5oxajf|XN9(`D_vphg-1l+NEc@T;EwAw(Jv<1b>L>((c$n.%=dN9^_bD|Q+eh%6LU1?DOF3_Fb&dN9^_@d*NOntK3tpoxQ:MLk.biNbBv<{bbil+D`B=kJmj~7}J>P.cjF(}3`{tzTzwM]hG6\1nLs91RrMu=v%E+Q4{=byv)9wKWR{_x*NhNdPqHp'GY,Svl1#CM54KF)W;#1mApc`y<Qqv1eHEf+\05|06PGn^>!z~yQe3`u4RWUB6BM^`+|~sDmntaHbTyv?lEWf+nj'V4LUed@i(*uVPlI2GlcwED)v(a`NI,WSO7aKv@[}g0<Lrv~w*IlRpR068h8OwplR.-t-mR.:S~((m`W]0bvW-9V^B{qJq2KejY^+4-H1NoIo?QKNPfd
05-03 15:13:10.786  8462  8462 F crashpad: a*o"yQBr)6`Z_v(aKw@#\`bKMm"jc'j+3s~+#30WIm$Qi-&L\v%dJaLARZ}h/N^h|o_\0i(4,[5Y.QiU'6*^*b%2)Vd4OR0-;_a_4;mZ4L<fVAjG3bHc-o+e]P68UH{yYAH;.XRNAHQ]$e8s&K0E2i0a)=\0}qcTIsd[R#;bd6,["64L;RiI{mp/f|Snw5U:lY7j=SA3bu]Wqo@6oav8#oi[A3BnUHbEdd>0ZV}Qh]8i76xa$_7+Z6S`'o]2Wq=GVLEU=W+cPjGbgKr7>L;Y{`[Q<m~;b/]g!x|`Pt2ZqL,x/;|?5w'+~8Y7wP&@CD)^Ap.*S)~S-#}Vnl7]TS;(O\:fdD"KPvHfATNVIerwFL%63uVn(C}sh6FrL#_a"Jya"7@IRhjG[O;L'JMI(,pd$1KXw-+v|N%eU@P$}N4w(n>u4F^cXwM4Opv!!GVo9uMS5Vz2t_$RLOR#]+`"R6om[77`))#J7nT51:(t=K:M0i|Y+1^ropfToI001zDIu*l7
05-03 15:13:10.786  8462  8462 F crashpad: jZ*n|I"taG&v%N,u"~\VnK>1'?UoH(3[5dB9%bIl;Fr\zon>DwAaqmvD6M:L-rKgR=)LZ$Y+*raHAS+^AbIwr8fa_s@t>{yVkl^_GvJ;EKssfYJL/4LTq5?Ue6xw)EEu>)e+avRK+9yww71-@9Ro8r*ZvA:2Fa:jPv.+i`N[XwWhT5xM<98A^sF3q[kW/bX;4O7b~j)i'w2.z_pZ|TM*"trqV)gex_,]9Nkkw[{=j>cu0|Bw/:<.q6fs^\HEs!7_9F;s%rBpV7OTX6PGn|rulSfJu;O1/VW}.\<+(]#g6nJpHi%[fpNA-j;oKwlWRg=V(00qK"*x?+w/onfj4mHk~Q5/QvuGM2y(bjVWTw]PaS*rTO>7,21-oI/pZAP>`a:K.f&o<IeUVzTCw=jwEtmZ(h4b~U5(FuULqI^]N;
05-03 15:13:10.786  8462  8462 F crashpad: -----END CRASHPAD MINIDUMP-----
05-03 15:13:10.792  8354  8399 F libc    : Fatal signal 6 (SIGABRT), code -1 (SI_QUEUE) in tid 8399 (ThreadPoolForeg), pid 8354 (n.stalltagebuch)
05-03 15:13:10.815  8465  8465 I crash_dump64: obtaining output fd from tombstoned, type: kDebuggerdTombstoneProto
05-03 15:13:10.815   287   287 I tombstoned: received crash request for pid 8399
05-03 15:13:10.816  8465  8465 I crash_dump64: performing dump of process 8354 (target tid = 8399)
05-03 15:13:10.927  8465  8465 F DEBUG   : *** *** *** *** *** *** *** *** *** *** *** *** *** *** *** ***
05-03 15:13:10.927  8465  8465 F DEBUG   : Build fingerprint: 'google/sdk_gphone64_x86_64/emu64xa:16/BP41.250916.009.A1/14246511:user/release-keys'
05-03 15:13:10.927  8465  8465 F DEBUG   : Kernel Release: '6.12.38-android16-5-gbb9513914902-ab13996879'
05-03 15:13:10.927  8465  8465 F DEBUG   : Revision: '0'
05-03 15:13:10.927  8465  8465 F DEBUG   : ABI: 'x86_64'
05-03 15:13:10.927  8465  8465 F DEBUG   : Timestamp: 2026-05-03 15:13:10.820988580+0200
05-03 15:13:10.927  8465  8465 F DEBUG   : Process uptime: 32s
05-03 15:13:10.927  8465  8465 F DEBUG   : Executable: /system/bin/app_process64
05-03 15:13:10.927  8465  8465 F DEBUG   : Cmdline: de.teilgedanken.stalltagebuch
05-03 15:13:10.927  8465  8465 F DEBUG   : pid: 8354, tid: 8399, name: ThreadPoolForeg  >>> de.teilgedanken.stalltagebuch <<<
05-03 15:13:10.927  8465  8465 F DEBUG   : uid: 10219
05-03 15:13:10.927  8465  8465 F DEBUG   : signal 6 (SIGABRT), code -1 (SI_QUEUE), fault addr --------
05-03 15:13:10.927  8465  8465 F DEBUG   :     rax 0000000000000000  rbx 00000000000020a2  rcx 00007c2d43890ce4  rdx 0000000000000006
05-03 15:13:10.927  8465  8465 F DEBUG   :     r8  000000000000000d  r9  000000000000000d  r10 00007c297820c2d0  r11 0000000000000203
05-03 15:13:10.927  8465  8465 F DEBUG   :     r12 00007c297adce080  r13 00007c297adfa330  r14 00000000000020cf  r15 00007c297820c438
05-03 15:13:10.927  8465  8465 F DEBUG   :     rdi 00000000000020a2  rsi 00000000000020cf
05-03 15:13:10.927  8465  8465 F DEBUG   :     rbp 00007c297820c370  rsp 00007c297820c2d0  rip 00007c2d43890ce4  err 0000000000000004
05-03 15:13:10.927  8465  8465 F DEBUG   : 33 total frames
05-03 15:13:10.927  8465  8465 F DEBUG   : backtrace:
05-03 15:13:10.927  8465  8465 F DEBUG   :       #00 pc 000000000006fce4  /apex/com.android.runtime/lib64/bionic/libc.so (abort+196) (BuildId: 3f8afd2a8485f380e843af6d787a9af4)
05-03 15:13:10.927  8465  8465 F DEBUG   :       #01 pc 0000000002964dd9  /data/app/~~LL7qE6IHyBA4TYZDyyQi9g==/de.teilgedanken.stalltagebuch-mfSHpL4JUmdux-S94V7JMA==/base.apk (offset 0x3960000) (_RNvNtNtNtCsf96b2iNHGek_3std3sys3pal4unix14abort_internal+9) (BuildId: 17828de653ef368105bb19cba040f4313ec49833)
05-03 15:13:10.927  8465  8465 F DEBUG   :       #02 pc 000000000295f408  /data/app/~~LL7qE6IHyBA4TYZDyyQi9g==/de.teilgedanken.stalltagebuch-mfSHpL4JUmdux-S94V7JMA==/base.apk (offset 0x3960000) (_RNvNtCsf96b2iNHGek_3std7process5abort+8) (BuildId: 17828de653ef368105bb19cba040f4313ec49833)
05-03 15:13:10.927  8465  8465 F DEBUG   :       #03 pc 000000000295f8f6  /data/app/~~LL7qE6IHyBA4TYZDyyQi9g==/de.teilgedanken.stalltagebuch-mfSHpL4JUmdux-S94V7JMA==/base.apk (offset 0x3960000) (_RNvNtCsf96b2iNHGek_3std9panicking15panic_with_hook+457) (BuildId: 17828de653ef368105bb19cba040f4313ec49833)
05-03 15:13:10.927  8465  8465 F DEBUG   :       #04 pc 000000000293f219  /data/app/~~LL7qE6IHyBA4TYZDyyQi9g==/de.teilgedanken.stalltagebuch-mfSHpL4JUmdux-S94V7JMA==/base.apk (offset 0x3960000) (_RNCNvNtCsf96b2iNHGek_3std9panicking13panic_handler0B5_+121) (BuildId: 17828de653ef368105bb19cba040f4313ec49833)
05-03 15:13:10.927  8465  8465 F DEBUG   :       #05 pc 00000000029357f8  /data/app/~~LL7qE6IHyBA4TYZDyyQi9g==/de.teilgedanken.stalltagebuch-mfSHpL4JUmdux-S94V7JMA==/base.apk (offset 0x3960000) (_RINvNtNtCsf96b2iNHGek_3std3sys9backtrace26___rust_end_short_backtraceNCNvNtB6_9panicking13panic_handler0zEB6_+8) (BuildId: 17828de653ef368105bb19cba040f4313ec49833)
05-03 15:13:10.927  8465  8465 F DEBUG   :       #06 pc 000000000294091c  /data/app/~~LL7qE6IHyBA4TYZDyyQi9g==/de.teilgedanken.stalltagebuch-mfSHpL4JUmdux-S94V7JMA==/base.apk (offset 0x3960000) (_RNvCsfLfy6EI15iL_7___rustc17rust_begin_unwind+28) (BuildId: 17828de653ef368105bb19cba040f4313ec49833)
05-03 15:13:10.927  8465  8465 F DEBUG   :       #07 pc 00000000029ac5dc  /data/app/~~LL7qE6IHyBA4TYZDyyQi9g==/de.teilgedanken.stalltagebuch-mfSHpL4JUmdux-S94V7JMA==/base.apk (offset 0x3960000) (_RNvNtCs8Zq5hNN5qdT_4core9panicking18panic_nounwind_fmt+44) (BuildId: 17828de653ef368105bb19cba040f4313ec49833)
05-03 15:13:10.927  8465  8465 F DEBUG   :       #08 pc 00000000029ac51a  /data/app/~~LL7qE6IHyBA4TYZDyyQi9g==/de.teilgedanken.stalltagebuch-mfSHpL4JUmdux-S94V7JMA==/base.apk (offset 0x3960000) (_RNvNtCs8Zq5hNN5qdT_4core9panicking14panic_nounwind+26) (BuildId: 17828de653ef368105bb19cba040f4313ec49833)
05-03 15:13:10.927  8465  8465 F DEBUG   :       #09 pc 00000000029ac6e6  /data/app/~~LL7qE6IHyBA4TYZDyyQi9g==/de.teilgedanken.stalltagebuch-mfSHpL4JUmdux-S94V7JMA==/base.apk (offset 0x3960000) (_RNvNtCs8Zq5hNN5qdT_4core9panicking19panic_cannot_unwind+19) (BuildId: 17828de653ef368105bb19cba040f4313ec49833)
05-03 15:13:10.927  8465  8465 F DEBUG   :       #10 pc 0000000001f2111e  /data/app/~~LL7qE6IHyBA4TYZDyyQi9g==/de.teilgedanken.stalltagebuch-mfSHpL4JUmdux-S94V7JMA==/base.apk (offset 0x3960000) (Java_dev_dioxus_main_RustWebViewClient_handleRequest+14) (BuildId: 17828de653ef368105bb19cba040f4313ec49833)
05-03 15:13:10.927  8465  8465 F DEBUG   :       #11 pc 0000000000049d45  /system/framework/x86_64/boot-core-libart.oat (art_jni_trampoline+165) (BuildId: d8ef3d8ead83840b9e5f77267ed5619e2e942477)
05-03 15:13:10.927  8465  8465 F DEBUG   :       #12 pc 0000000000209889  /apex/com.android.art/lib64/libart.so (nterp_helper+3837) (BuildId: 443d8619760adcc9570ec4eb148f8292)
05-03 15:13:10.927  8465  8465 F DEBUG   :       #13 pc 00000000000bd328  /data/app/~~LL7qE6IHyBA4TYZDyyQi9g==/de.teilgedanken.stalltagebuch-mfSHpL4JUmdux-S94V7JMA==/oat/x86_64/base.vdex (dev.dioxus.main.RustWebViewClient.shouldInterceptRequest+500)
05-03 15:13:10.927  8465  8465 F DEBUG   :       #14 pc 0000000000209824  /apex/com.android.art/lib64/libart.so (nterp_helper+3736) (BuildId: 443d8619760adcc9570ec4eb148f8292)
05-03 15:13:10.927  8465  8465 F DEBUG   :       #15 pc 00000000000ae7c0  /data/app/~~xKuGO9dnZBKJtzVyphXUIg==/com.google.android.webview-uYQ8eAs3HNQn_ugddsCsGg==/base.apk (offset 0xac7000) (WV.pg.a+200)
05-03 15:13:10.927  8465  8465 F DEBUG   :       #16 pc 0000000000209824  /apex/com.android.art/lib64/libart.so (nterp_helper+3736) (BuildId: 443d8619760adcc9570ec4eb148f8292)
05-03 15:13:10.927  8465  8465 F DEBUG   :       #17 pc 00000000001d878a  /data/app/~~xKuGO9dnZBKJtzVyphXUIg==/com.google.android.webview-uYQ8eAs3HNQn_ugddsCsGg==/base.apk (offset 0xac7000) (org.chromium.android_webview.ShouldInterceptRequestMediator.shouldInterceptRequestFromNative+34)
05-03 15:13:10.927  8465  8465 F DEBUG   :       #18 pc 00000000002121b4  /apex/com.android.art/lib64/libart.so (art_quick_invoke_stub+756) (BuildId: 443d8619760adcc9570ec4eb148f8292)
05-03 15:13:10.927  8465  8465 F DEBUG   :       #19 pc 00000000004664be  /apex/com.android.art/lib64/libart.so (art::ArtMethod::Invoke(art::Thread*, unsigned int*, unsigned int, art::JValue*, char const*)+190) (BuildId: 443d8619760adcc9570ec4eb148f8292)
05-03 15:13:10.927  8465  8465 F DEBUG   :       #20 pc 00000000008bd378  /apex/com.android.art/lib64/libart.so (art::JValue art::InvokeVirtualOrInterfaceWithVarArgs<_jmethodID*>(art::ScopedObjectAccessAlreadyRunnable const&, _jobject*, _jmethodID*, __va_list_tag*)+584) (BuildId: 443d8619760adcc9570ec4eb148f8292)
05-03 15:13:10.927  8465  8465 F DEBUG   :       #21 pc 00000000006bb91c  /apex/com.android.art/lib64/libart.so (art::JNI<false>::CallVoidMethodV(_JNIEnv*, _jobject*, _jmethodID*, __va_list_tag*)+668) (BuildId: 443d8619760adcc9570ec4eb148f8292)
05-03 15:13:10.927  8465  8465 F DEBUG   :       #22 pc 0000000001ff302b  /data/app/~~xKuGO9dnZBKJtzVyphXUIg==/com.google.android.webview-uYQ8eAs3HNQn_ugddsCsGg==/base.apk!libwebviewchromium.so (offset 0x8e40000) (BuildId: a07bb00aa9d718640859d1eeedd376017d024430)
05-03 15:13:10.927  8465  8465 F DEBUG   :       #23 pc 0000000003ad7ce2  /data/app/~~xKuGO9dnZBKJtzVyphXUIg==/com.google.android.webview-uYQ8eAs3HNQn_ugddsCsGg==/base.apk!libwebviewchromium.so (offset 0x8e40000) (BuildId: a07bb00aa9d718640859d1eeedd376017d024430)
05-03 15:13:10.927  8465  8465 F DEBUG   :       #24 pc 0000000003ad7abe  /data/app/~~xKuGO9dnZBKJtzVyphXUIg==/com.google.android.webview-uYQ8eAs3HNQn_ugddsCsGg==/base.apk!libwebviewchromium.so (offset 0x8e40000) (BuildId: a07bb00aa9d718640859d1eeedd376017d024430)
05-03 15:13:10.927  8465  8465 F DEBUG   :       #25 pc 000000000209f3bb  /data/app/~~xKuGO9dnZBKJtzVyphXUIg==/com.google.android.webview-uYQ8eAs3HNQn_ugddsCsGg==/base.apk!libwebviewchromium.so (offset 0x8e40000) (BuildId: a07bb00aa9d718640859d1eeedd376017d024430)
05-03 15:13:10.927  8465  8465 F DEBUG   :       #26 pc 000000000209eae8  /data/app/~~xKuGO9dnZBKJtzVyphXUIg==/com.google.android.webview-uYQ8eAs3HNQn_ugddsCsGg==/base.apk!libwebviewchromium.so (offset 0x8e40000) (BuildId: a07bb00aa9d718640859d1eeedd376017d024430)
05-03 15:13:10.927  8465  8465 F DEBUG   :       #27 pc 00000000020924ea  /data/app/~~xKuGO9dnZBKJtzVyphXUIg==/com.google.android.webview-uYQ8eAs3HNQn_ugddsCsGg==/base.apk!libwebviewchromium.so (offset 0x8e40000) (BuildId: a07bb00aa9d718640859d1eeedd376017d024430)
05-03 15:13:10.927  8465  8465 F DEBUG   :       #28 pc 0000000002091d85  /data/app/~~xKuGO9dnZBKJtzVyphXUIg==/com.google.android.webview-uYQ8eAs3HNQn_ugddsCsGg==/base.apk!libwebviewchromium.so (offset 0x8e40000) (BuildId: a07bb00aa9d718640859d1eeedd376017d024430)
05-03 15:13:10.927  8465  8465 F DEBUG   :       #29 pc 0000000002091c16  /data/app/~~xKuGO9dnZBKJtzVyphXUIg==/com.google.android.webview-uYQ8eAs3HNQn_ugddsCsGg==/base.apk!libwebviewchromium.so (offset 0x8e40000) (BuildId: a07bb00aa9d718640859d1eeedd376017d024430)
05-03 15:13:10.927  8465  8465 F DEBUG   :       #30 pc 000000000201a7d7  /data/app/~~xKuGO9dnZBKJtzVyphXUIg==/com.google.android.webview-uYQ8eAs3HNQn_ugddsCsGg==/base.apk!libwebviewchromium.so (offset 0x8e40000) (BuildId: a07bb00aa9d718640859d1eeedd376017d024430)
05-03 15:13:10.927  8465  8465 F DEBUG   :       #31 pc 0000000000080daf  /apex/com.android.runtime/lib64/bionic/libc.so (__pthread_start(void*) (.__uniq.67847048707805468364044055584648682506)+63) (BuildId: 3f8afd2a8485f380e843af6d787a9af4)
05-03 15:13:10.927  8465  8465 F DEBUG   :       #32 pc 00000000000734fd  /apex/com.android.runtime/lib64/bionic/libc.so (__start_thread+61) (BuildId: 3f8afd2a8485f380e843af6d787a9af4)
05-03 15:13:10.937   287   287 E tombstoned: Tombstone written to: tombstone_20
05-03 15:13:10.938   741   831 I BootReceiver: Filtering tombstone file: tombstone_20.pb
05-03 15:13:10.938   741  8468 W ActivityTaskManager:   Force finishing activity de.teilgedanken.stalltagebuch/dev.dioxus.main.MainActivity
05-03 15:13:10.938   741  8469 I DropBoxManagerService: add tag=data_app_native_crash isTagEnabled=true flags=0x2
05-03 15:13:10.939   741  8468 W TransitionChain: Combining AR.finish-force-crash into #54(CLOSE|R|0x10) from finishTopCrash
05-03 15:13:10.939   741   831 I BootReceiver: Generated tombstone file: tombstone_20.pb1653473112001955569.pb.tmp
05-03 15:13:10.939   741   831 I BootReceiver: Adding tombstone tombstone_20.pb1653473112001955569.pb.tmp to dropbox
05-03 15:13:10.940   990  1074 V WindowManagerShell: Transition requested (#54): android.os.BinderProxy@7d3ea95 TransitionRequestInfo { type = CLOSE, triggerTask = TaskInfo{userId=0 taskId=200 effectiveUid=10219 displayId=0 isRunning=true baseIntent=Intent { act=android.intent.action.MAIN cat=[android.intent.category.LAUNCHER] flg=0x10200000 cmp=de.teilgedanken.stalltagebuch/dev.dioxus.main.MainActivity } baseActivity=ComponentInfo{de.teilgedanken.stalltagebuch/dev.dioxus.main.MainActivity} topActivity=ComponentInfo{de.teilgedanken.stalltagebuch/dev.dioxus.main.MainActivity} origActivity=null realActivity=ComponentInfo{de.teilgedanken.stalltagebuch/dev.dioxus.main.MainActivity} numActivities=1 lastActiveTime=10448614 supportsMultiWindow=true resizeMode=1 isResizeable=true minWidth=-1 minHeight=-1 defaultMinSize=220 token=WCT{android.os.BinderProxy@646b1d} topActivityType=1 pictureInPictureParams=null shouldDockBigOverlays=false launchIntoPipHostTaskId=-1 lastParentTaskIdBeforePip=-1 displayCutoutSafeInsets=Rect(0, 0 - 0, 0) topActivityInfo=ActivityInfo{af277aa dev.dioxus.main.MainActivity} launchCookies=[android.os.BinderProxy@7d57763] positionInParent=Point(0, 0) parentTaskId=-1 isFocused=true isVisible=true isVisibleRequested=true isTopActivityNoDisplay=false isSleeping=false locusId=null displayAreaFeatureId=1 isTopActivityTransparent=false isActivityStackTransparent=false lastNonFullscreenBounds=null capturedLink=null capturedLinkTimestamp=0 requestedVisibleTypes=503 topActivityRequestOpenInBrowserEducationTimestamp=0 appCompatTaskInfo=AppCompatTaskInfo { topActivityInSizeCompat=false isLeafTask= true eligibleForLetterboxEducation= false isLetterboxEducationEnabled= true isLetterboxDoubleTapEnabled= false eligibleForUserAspectRatioButton= false topActivityBoundsLetterboxed= false isFromLetterboxDoubleTap= false topActivityLetterboxVerticalPosition= -1 topActivityLetterboxHorizontalPosition= -1 topActivityLetterboxWidth=-1 topActivityLetterboxHeight=-1 topActivityAppBounds=Rect(0, 156 - 1280, 2784) isUserFullscreenOverrideEnabled=false isSystemFullscreenOverrideEnabled=false hasMinAspectRatioOverride=false topActivityLetterboxBounds=null cameraCompatTaskInfo=CameraCompatTaskInfo { cameraCompatMode=inactive0} topNonResizableActivityAspectRatio=-1.0} topActivityMainWindowFrame=null isAppBubble=false}, pipChange = null, remoteTransition = null, displayChange = null, requestedLocation = null, userChange = null, windowingLayerChange = null, flags = 16, debugId = 54 }
05-03 15:13:10.940   741   831 I DropBoxManagerService: add tag=SYSTEM_TOMBSTONE_PROTO_WITH_HEADERS isTagEnabled=true flags=0x4
05-03 15:13:10.940   592  1232 I libbinder.BpBinder: onLastStrongRef automatically unlinking death recipients for descriptor: '(not cached)'
05-03 15:13:10.941   741  8468 V WindowManager: Defer transition id=54 for TaskFragmentTransaction=android.os.Binder@76d356d
05-03 15:13:10.941   741  8468 V WindowManager: deferTransitionReady deferReadyDepth=1 stack=com.android.server.wm.TransitionController.deferTransitionReady:1061 com.android.server.wm.TaskFragmentOrganizerController$TaskFragmentOrganizerState.dispatchTransaction:517 com.android.server.wm.TaskFragmentOrganizerController.dispatchPendingEvents:1259 com.android.server.wm.TaskFragmentOrganizerController.dispatchPendingEvents:1228 com.android.server.wm.RootWindowContainer.performSurfacePlacement:777 
05-03 15:13:10.942   741  1076 V WindowManager: Continue transition id=54 for TaskFragmentTransaction=android.os.Binder@76d356d
05-03 15:13:10.942   741  1076 V WindowManager: continueTransitionReady deferReadyDepth=0 stack=com.android.server.wm.TransitionController.continueTransitionReady:1071 com.android.server.wm.TaskFragmentOrganizerController$TaskFragmentOrganizerState.onTransactionFinished:546 com.android.server.wm.TaskFragmentOrganizerController.onTransactionHandled:740 android.window.ITaskFragmentOrganizerController$Stub.onTransact:225 android.os.Binder.execTransactInternal:1473 
05-03 15:13:10.943   741   831 I BootReceiver: Adding text tombstone version of tombstone_20.pb1653473112001955569.pb.tmp to dropbox
05-03 15:13:10.947  1120  1120 D b/417220811: invalidateLoadedTasks - previous requestLoadId: -1
05-03 15:13:10.952   741   844 W InputDispatcher: channel 'dcda46e de.teilgedanken.stalltagebuch/dev.dioxus.main.MainActivity' ~ Consumer closed input channel or an error occurred.  events=0x9
05-03 15:13:10.952   741   844 E InputDispatcher: channel 'dcda46e de.teilgedanken.stalltagebuch/dev.dioxus.main.MainActivity' ~ Channel is unrecoverably broken and will be disposed!
05-03 15:13:10.952   741   844 I WindowManager: WINDOW DIED Window{dcda46e u0 de.teilgedanken.stalltagebuch/dev.dioxus.main.MainActivity}
05-03 15:13:10.953   741  1914 I ActivityManager: Process de.teilgedanken.stalltagebuch (pid 8354) has died: fg  TOP 
05-03 15:13:10.954   523   523 I Zygote  : Process 8354 exited due to signal 6 (Aborted)
05-03 15:13:10.954   741   809 I ImeTracker: de.teilgedanken.stalltagebuch:74f9439: onRequestHide at ORIGIN_SERVER reason HIDE_REMOVE_CLIENT fromUser false
05-03 15:13:10.954   741   809 I ImeTracker: de.teilgedanken.stalltagebuch:74f9439: onCancelled at PHASE_SERVER_SHOULD_HIDE
05-03 15:13:10.954   741  1264 I WindowManager: WIN DEATH: Window{dcda46e u0 de.teilgedanken.stalltagebuch/dev.dioxus.main.MainActivity EXITING}
05-03 15:13:10.954   741   773 I libprocessgroup: Removed cgroup /sys/fs/cgroup/apps/uid_10219/pid_8354
05-03 15:13:10.955   741  1914 I ActivityManager: Killing 8388:com.google.android.webview:sandboxed_process0:org.chromium.content.app.SandboxedProcessService0:0/u0a219i16 (adj 0): isolated not needed
05-03 15:13:10.956   741  1914 W TransitionChain: Combining appDied into #54(CLOSE|R|0x10) from finishTopCrash
05-03 15:13:10.957   741   764 W ActivityManager: setHasOverlayUi called on unknown pid: 8354
05-03 15:13:10.958  1120  1120 D ViewRootImpl: Skipping stats log for color mode
05-03 15:13:10.958  1120  1120 D BaseActivity: Launcher flags updated: [state_started] +[state_started]
05-03 15:13:10.958  1120  1120 D BaseActivity: Launcher flags updated: [state_started|state_resumed|state_user_active] +[state_resumed|state_user_active]
05-03 15:13:10.958   990  1074 D WindowManagerShell: setLauncherKeepClearAreaHeight: visible=true, height=567
05-03 15:13:10.958  1120  1120 D BaseActivity: Launcher flags updated: [state_started|state_resumed|state_deferred_resumed|state_user_active] +[state_deferred_resumed]
05-03 15:13:10.958  1120  1120 D StatsLog: LAUNCHER_ONRESUME
05-03 15:13:10.958   741   899 D InetDiagMessage: Destroyed 0 sockets, proto=IPPROTO_TCP, family=AF_INET, states=14
05-03 15:13:10.958   741   943 D BackgroundInstallControlService: Package event received: 0
05-03 15:13:10.959  1120  1120 D NexusLauncherModelDelegate: notifySmartspaceEvent: SmartspaceTargetEvent{mSmartspaceTarget=null, mSmartspaceActionId='null', mEventType=6}
05-03 15:13:10.959   741   899 D InetDiagMessage: Destroyed 0 sockets, proto=IPPROTO_TCP, family=AF_INET6, states=14
05-03 15:13:10.959   741   899 D InetDiagMessage: Destroyed live tcp sockets for uids={10219} in 2ms
05-03 15:13:10.960   741   899 D InetDiagMessage: Destroyed 0 sockets, proto=IPPROTO_TCP, family=AF_INET, states=14
05-03 15:13:10.961   741   943 D BackgroundInstallControlService: Package event received: 0
05-03 15:13:10.961   741   899 D InetDiagMessage: Destroyed 0 sockets, proto=IPPROTO_TCP, family=AF_INET6, states=14
05-03 15:13:10.961   741   943 D BackgroundInstallControlService: Package event received: 0
05-03 15:13:10.961   741   899 D InetDiagMessage: Destroyed live tcp sockets for uids={20219} in 2ms
05-03 15:13:10.962  1120  1120 D BaseDepthController: setSurface:
05-03 15:13:10.962  1120  1120 D BaseDepthController: 	mWaitingOnSurfaceValidity: false
05-03 15:13:10.962  1120  1120 D BaseDepthController: 	mBaseSurface: Surface(name=com.google.android.apps.nexuslauncher/com.google.android.apps.nexuslauncher.NexusLauncherActivity#685)/@0x5e960ce
05-03 15:13:10.962  1120  1120 V BaseDepthController: Applying blur: 0 to Surface(name=com.google.android.apps.nexuslauncher/com.google.android.apps.nexuslauncher.NexusLauncherActivity#685)/@0x5e960ce applyImmediately: false
05-03 15:13:10.962  1120  1120 D BaseDepthController: shouldBlurWorkspace: false targetState: Normal currentStableState: Normal mCurrentBlur: 0 mLauncher.getDepthBlurTargets(): [com.android.launcher3.Workspace{d312bef V.ED..... .......D 0,0-1280,2856 #7f0a049d app:id/workspace}, com.android.launcher3.Hotseat{32cb6fc V.ED..... .......D 0,2289-1280,2856 #7f0a01ee app:id/hotseat}]
05-03 15:13:10.962  1120  1191 D QuickstepModelDelegate: notifyAppTargetEvent action=1 launchLocation=workspace/0/[-1,-1]/[1,1]
05-03 15:13:10.964  1658  1876 I AiAiEcho: Predicting[0]:  [CONTEXT sampling_count=5 ]
05-03 15:13:10.964  1658  1876 I AiAiEcho: EchoTargets: 
05-03 15:13:10.964  1658  1876 I AiAiEcho: Filtered by AiAi flag check: 
05-03 15:13:10.964  1658  1876 I AiAiEcho: [CONTEXT ratelimit_period="10 SECONDS" ]
05-03 15:13:10.964  1658  1876 I AiAiEcho: #remoteViewsTwiddler: feature disabled.
05-03 15:13:10.964  1658  1876 I AiAiEcho: #postPredictionTargets: Sending updates to UISurface home with targets# 0 (types=[])
05-03 15:13:10.965   741   773 I libprocessgroup: Removed cgroup /sys/fs/cgroup/apps/uid_99016/pid_8388
05-03 15:13:10.965  1062  1062 I Zygote  : Process 8388 exited cleanly (0)
05-03 15:13:10.976   990  1325 D WallpaperService: onVisibilityChanged(true): com.android.systemui.wallpapers.ImageWallpaper$CanvasEngine@b618c81
05-03 15:13:10.983   741   764 V WindowManager: Unknown focus tokens, dropping reportFocusChanged
05-03 15:13:10.992   990  1365 V WindowManagerShell: onTransitionReady(transaction=3182570771904)
05-03 15:13:10.992   990  1074 V WindowManagerShell: onTransitionReady (#54) android.os.BinderProxy@7d3ea95: {id=54 t=CLOSE f=0x10 trk=0 r=[0@Point(0, 0)] c=[
05-03 15:13:10.992   990  1074 V WindowManagerShell:         {m=TO_FRONT f=SHOW_WALLPAPER|MOVE_TO_TOP leash=Surface(name=Task=1#44)/@0x12eef9b sb=Rect(0, 0 - 1280, 2856) eb=Rect(0, 0 - 1280, 2856) epz=Point(1280, 2856) d=0 taskParent=-1 winMode=1 userId=0},
05-03 15:13:10.992   990  1074 V WindowManagerShell:         {m=CLOSE f=NONE leash=Surface(name=Task=200#667)/@0xadf6f38 sb=Rect(0, 0 - 1280, 2856) eb=Rect(0, 0 - 1280, 2856) epz=Point(1280, 2856) d=0 taskParent=-1 winMode=1 userId=0},
05-03 15:13:10.992   990  1074 V WindowManagerShell:         {m=TO_FRONT f=IS_WALLPAPER leash=Surface(name=WallpaperWindowToken{1325bc3}#60)/@0x2559b11 sb=Rect(0, 0 - 1280, 2856) eb=Rect(0, 0 - 1280, 2856) epz=Point(1280, 2856) d=0}
05-03 15:13:10.992   990  1074 V WindowManagerShell:     ]}
05-03 15:13:10.992   990  1074 V WindowManagerShell: Playing animation for (#54) android.os.BinderProxy@7d3ea95@0
05-03 15:13:10.993   990  1074 V ShellRecents: RecentsTransitionHandler.startAnimation: no controller found
05-03 15:13:10.993   990  1074 V WindowManagerShell: Transition doesn't have explicit remote, search filters for match for {id=54 t=CLOSE f=0x10 trk=0 r=[0@Point(0, 0)] c=[{m=TO_FRONT f=SHOW_WALLPAPER|MOVE_TO_TOP leash=Surface(name=Task=1#44)/@0x12eef9b sb=Rect(0, 0 - 1280, 2856) eb=Rect(0, 0 - 1280, 2856) epz=Point(1280, 2856) d=0 taskParent=-1 winMode=1 userId=0},{m=CLOSE f=NONE leash=Surface(name=Task=200#667)/@0xadf6f38 sb=Rect(0, 0 - 1280, 2856) eb=Rect(0, 0 - 1280, 2856) epz=Point(1280, 2856) d=0 taskParent=-1 winMode=1 userId=0},{m=TO_FRONT f=IS_WALLPAPER leash=Surface(name=WallpaperWindowToken{1325bc3}#60)/@0x2559b11 sb=Rect(0, 0 - 1280, 2856) eb=Rect(0, 0 - 1280, 2856) epz=Point(1280, 2856) d=0}]}
05-03 15:13:10.993   990  1074 V WindowManagerShell:  Checking filter Pair{{types=[] flags=0x0] notFlags=0x0 checks=[{atype=undefined independent=true modes=[CLOSE,TO_BACK] flags=IN_TASK_WITH_EMBEDDED_ACTIVITY mustBeTask=false order=ANY topActivity=null launchCookie=null taskFragmentToken=android.os.BinderProxy@59f3e1f windowingMode=undefined isCrossDisplayMove=false}]} RemoteTransition { remoteTransition = android.window.IRemoteTransition$Stub$Proxy@4b5156c, appThread = android.app.IApplicationThread$Stub$Proxy@b293735, debugName = overlayBackTransition }}
05-03 15:13:10.993   990  1074 V WindowManagerShell:  Checking filter Pair{{types=[] flags=0x0] notFlags=0x0 checks=[{atype=dream independent=true modes=[OPEN,TO_FRONT] flags=NONE mustBeTask=false order=ANY topActivity=null launchCookie=null windowingMode=undefined isCrossDisplayMove=false},{atype=home independent=true modes=[CLOSE,TO_BACK] flags=NONE mustBeTask=false order=ANY topActivity=null launchCookie=null windowingMode=undefined isCrossDisplayMove=false}]} RemoteTransition { remoteTransition = android.window.IRemoteTransition$Stub$Proxy@75cd7ca, appThread = android.app.IApplicationThread$Stub$Proxy@c839d3b, debugName = LauncherToDream }}
05-03 15:13:10.993   990  1074 V WindowManagerShell:  Checking filter Pair{{types=[] flags=0x0] notFlags=0x100 checks=[{atype=home independent=true modes=[OPEN,TO_FRONT] flags=NONE mustBeTask=false order=TOP topActivity=ComponentInfo{com.google.android.apps.nexuslauncher/com.google.android.apps.nexuslauncher.NexusLauncherActivity} launchCookie=null windowingMode=undefined isCrossDisplayMove=false},{atype=standard independent=true modes=[CLOSE,TO_BACK] flags=NONE mustBeTask=false order=ANY topActivity=null launchCookie=null windowingMode=undefined isCrossDisplayMove=false},{NOT atype=undefined independent=true modes=[] flags=NONE mustBeTask=true order=ANY topActivity=null launchCookie=null customAnim=true windowingMode=undefined isCrossDisplayMove=false}]} RemoteTransition { remoteTransition = android.window.IRemoteTransition$Stub$Proxy@4941c58, appThread = android.app.IApplicationThread$Stub$Proxy@7c311b1, debugName = QuickstepLaunchHome }}
05-03 15:13:10.993   990  1074 D RemoteTransitionHandler: Found filterPair{{types=[] flags=0x0] notFlags=0x100 checks=[{atype=home independent=true modes=[OPEN,TO_FRONT] flags=NONE mustBeTask=false order=TOP topActivity=ComponentInfo{com.google.android.apps.nexuslauncher/com.google.android.apps.nexuslauncher.NexusLauncherActivity} launchCookie=null windowingMode=undefined isCrossDisplayMove=false},{atype=standard independent=true modes=[CLOSE,TO_BACK] flags=NONE mustBeTask=false order=ANY topActivity=null launchCookie=null windowingMode=undefined isCrossDisplayMove=false},{NOT atype=undefined independent=true modes=[] flags=NONE mustBeTask=true order=ANY topActivity=null launchCookie=null customAnim=true windowingMode=undefined isCrossDisplayMove=false}]} RemoteTransition { remoteTransition = android.window.IRemoteTransition$Stub$Proxy@4941c58, appThread = android.app.IApplicationThread$Stub$Proxy@7c311b1, debugName = QuickstepLaunchHome }}
05-03 15:13:10.993   990  1074 V WindowManagerShell:  Delegate animation for (#54) to RemoteTransition { remoteTransition = android.window.IRemoteTransition$Stub$Proxy@4941c58, appThread = android.app.IApplicationThread$Stub$Proxy@7c311b1, debugName = QuickstepLaunchHome }
05-03 15:13:10.993  1120  1120 D SsBaseTemplateCard: Passed-in item info is null
05-03 15:13:10.993  1120  1120 D SsBaseTemplateCard: Passed-in item info is null
05-03 15:13:10.993  1120  1120 D SsBaseTemplateCard: Passed-in item info is null
05-03 15:13:10.993  1120  1120 D SsBaseTemplateCard: Passed-in item info is null
05-03 15:13:10.993  1120  1120 I SsBaseTemplateCard: Secondary card pane is null
05-03 15:13:11.002  1120  1120 D LauncherStateManager: StateManager.createAtomicAnimation: fromState: Normal, toState: Normal, partial trace:
05-03 15:13:11.002  1120  1120 D LauncherStateManager: 	at com.android.quickstep.util.ScalingWorkspaceRevealAnim.<init>(go/retraceme 7101499b44b219b757f6885b35ae099b24fc769225595efcaaacae5b0f94500b:54)
05-03 15:13:11.002  1120  1120 D LauncherStateManager: 	at com.android.launcher3.QuickstepTransitionManager.createWallpaperOpenAnimations(go/retraceme 7101499b44b219b757f6885b35ae099b24fc769225595efcaaacae5b0f94500b:537)
05-03 15:13:11.002  1120  1120 D LauncherStateManager: 	at com.android.launcher3.QuickstepTransitionManager$WallpaperOpenLauncherAnimationRunner.onAnimationStart(go/retraceme 7101499b44b219b757f6885b35ae099b24fc769225595efcaaacae5b0f94500b:96)
05-03 15:13:11.002  1120  1120 D AllAppsTransitionController: shouldProtectHeader: false skipScrim: true state: Normal stateManager.getState(): Normal
05-03 15:13:11.002  1120  1120 D KeyboardInsetsHandler: removePendingImeController: pendingImeController=null
05-03 15:13:11.002  1120  1120 V BaseDepthController: Applying blur: 0 to Surface(name=com.google.android.apps.nexuslauncher/com.google.android.apps.nexuslauncher.NexusLauncherActivity#685)/@0x5e960ce applyImmediately: false
05-03 15:13:11.002  1120  1120 D BaseDepthController: shouldBlurWorkspace: false targetState: Normal currentStableState: Normal mCurrentBlur: 0 mLauncher.getDepthBlurTargets(): [com.android.launcher3.Workspace{d312bef V.ED..... ......ID 0,0-1280,2856 #7f0a049d app:id/workspace}, com.android.launcher3.Hotseat{32cb6fc V.ED..... ........ 0,2289-1280,2856 #7f0a01ee app:id/hotseat}]
05-03 15:13:11.002  1120  1120 V BaseDepthController: Applying blur: 0 to Surface(name=com.google.android.apps.nexuslauncher/com.google.android.apps.nexuslauncher.NexusLauncherActivity#685)/@0x5e960ce applyImmediately: false
05-03 15:13:11.002  1120  1120 D BaseDepthController: shouldBlurWorkspace: false targetState: Normal currentStableState: Normal mCurrentBlur: 0 mLauncher.getDepthBlurTargets(): [com.android.launcher3.Workspace{d312bef V.ED..... ......ID 0,0-1280,2856 #7f0a049d app:id/workspace}, com.android.launcher3.Hotseat{32cb6fc V.ED..... ........ 0,2289-1280,2856 #7f0a01ee app:id/hotseat}]
05-03 15:13:11.002  1120  1120 D LauncherStateManager: StateManager.cancelAnimation: animation ongoing: false, partial trace:
05-03 15:13:11.002  1120  1120 D LauncherStateManager: 	at com.android.launcher3.statemanager.StateManager.setCurrentAnimation(go/retraceme 7101499b44b219b757f6885b35ae099b24fc769225595efcaaacae5b0f94500b:18)
05-03 15:13:11.002  1120  1120 D LauncherStateManager: 	at com.android.launcher3.QuickstepTransitionManager.createWallpaperOpenAnimations(go/retraceme 7101499b44b219b757f6885b35ae099b24fc769225595efcaaacae5b0f94500b:646)
05-03 15:13:11.002  1120  1120 D LauncherStateManager: 	at com.android.launcher3.QuickstepTransitionManager$WallpaperOpenLauncherAnimationRunner.onAnimationStart(go/retraceme 7101499b44b219b757f6885b35ae099b24fc769225595efcaaacae5b0f94500b:96)
05-03 15:13:11.002  1120  1120 D b/311077782: LauncherAnimationRunner.setAnimation
05-03 15:13:11.002  1120  1120 V BaseDepthController: Applying blur: 0 to Surface(name=com.google.android.apps.nexuslauncher/com.google.android.apps.nexuslauncher.NexusLauncherActivity#685)/@0x5e960ce applyImmediately: false
05-03 15:13:11.002  1120  1120 D BaseDepthController: shouldBlurWorkspace: false targetState: Normal currentStableState: Normal mCurrentBlur: 0 mLauncher.getDepthBlurTargets(): [com.android.launcher3.Workspace{d312bef V.ED..... ......ID 0,0-1280,2856 #7f0a049d app:id/workspace}, com.android.launcher3.Hotseat{32cb6fc V.ED..... ......ID 0,2289-1280,2856 #7f0a01ee app:id/hotseat}]
05-03 15:13:11.002  1120  1120 V BaseDepthController: Applying blur: 0 to Surface(name=com.google.android.apps.nexuslauncher/com.google.android.apps.nexuslauncher.NexusLauncherActivity#685)/@0x5e960ce applyImmediately: false
05-03 15:13:11.002  1120  1120 D BaseDepthController: shouldBlurWorkspace: false targetState: Normal currentStableState: Normal mCurrentBlur: 0 mLauncher.getDepthBlurTargets(): [com.android.launcher3.Workspace{d312bef V.ED..... ......ID 0,0-1280,2856 #7f0a049d app:id/workspace}, com.android.launcher3.Hotseat{32cb6fc V.ED..... ......ID 0,2289-1280,2856 #7f0a01ee app:id/hotseat}]
05-03 15:13:11.002  1120  1120 V BaseDepthController: Applying blur: 0 to Surface(name=com.google.android.apps.nexuslauncher/com.google.android.apps.nexuslauncher.NexusLauncherActivity#685)/@0x5e960ce applyImmediately: false
05-03 15:13:11.002  1120  1120 D BaseDepthController: shouldBlurWorkspace: false targetState: Normal currentStableState: Normal mCurrentBlur: 0 mLauncher.getDepthBlurTargets(): [com.android.launcher3.Workspace{d312bef V.ED..... ......ID 0,0-1280,2856 #7f0a049d app:id/workspace}, com.android.launcher3.Hotseat{32cb6fc V.ED..... ......ID 0,2289-1280,2856 #7f0a01ee app:id/hotseat}]
05-03 15:13:11.002  1120  1120 V BaseDepthController: Applying blur: 0 to Surface(name=com.google.android.apps.nexuslauncher/com.google.android.apps.nexuslauncher.NexusLauncherActivity#685)/@0x5e960ce applyImmediately: false
05-03 15:13:11.002  1120  1120 D BaseDepthController: shouldBlurWorkspace: false targetState: Normal currentStableState: Normal mCurrentBlur: 0 mLauncher.getDepthBlurTargets(): [com.android.launcher3.Workspace{d312bef V.ED..... ......ID 0,0-1280,2856 #7f0a049d app:id/workspace}, com.android.launcher3.Hotseat{32cb6fc V.ED..... ......ID 0,2289-1280,2856 #7f0a01ee app:id/hotseat}]
05-03 15:13:11.002  1120  1120 V BaseDepthController: Applying blur: 0 to Surface(name=com.google.android.apps.nexuslauncher/com.google.android.apps.nexuslauncher.NexusLauncherActivity#685)/@0x5e960ce applyImmediately: false
05-03 15:13:11.002  1120  1120 D BaseDepthController: shouldBlurWorkspace: false targetState: Normal currentStableState: Normal mCurrentBlur: 0 mLauncher.getDepthBlurTargets(): [com.android.launcher3.Workspace{d312bef V.ED..... ......ID 0,0-1280,2856 #7f0a049d app:id/workspace}, com.android.launcher3.Hotseat{32cb6fc V.ED..... ......ID 0,2289-1280,2856 #7f0a01ee app:id/hotseat}]
05-03 15:13:11.029  1120  1120 V BaseDepthController: Applying blur: 0 to Surface(name=com.google.android.apps.nexuslauncher/com.google.android.apps.nexuslauncher.NexusLauncherActivity#685)/@0x5e960ce applyImmediately: false
05-03 15:13:11.030  1120  1120 D BaseDepthController: shouldBlurWorkspace: false targetState: Normal currentStableState: Normal mCurrentBlur: 0 mLauncher.getDepthBlurTargets(): [com.android.launcher3.Workspace{d312bef V.ED..... ........ 0,0-1280,2856 #7f0a049d app:id/workspace}, com.android.launcher3.Hotseat{32cb6fc V.ED..... .......D 0,2289-1280,2856 #7f0a01ee app:id/hotseat}]
05-03 15:13:11.032   741   761 V WindowManager: Sent Transition (#54) createdAt=05-03 15:13:10.938 via request=TransitionRequestInfo { type = CLOSE, triggerTask = TaskInfo{userId=0 taskId=200 effectiveUid=10219 displayId=0 isRunning=true baseIntent=Intent { act=android.intent.action.MAIN cat=[android.intent.category.LAUNCHER] flg=0x10200000 cmp=de.teilgedanken.stalltagebuch/dev.dioxus.main.MainActivity } baseActivity=ComponentInfo{de.teilgedanken.stalltagebuch/dev.dioxus.main.MainActivity} topActivity=ComponentInfo{de.teilgedanken.stalltagebuch/dev.dioxus.main.MainActivity} origActivity=null realActivity=ComponentInfo{de.teilgedanken.stalltagebuch/dev.dioxus.main.MainActivity} numActivities=1 lastActiveTime=10448614 supportsMultiWindow=true resizeMode=1 isResizeable=true minWidth=-1 minHeight=-1 defaultMinSize=220 token=WCT{RemoteToken{d9b881f Task{8ec3a10 #200 type=standard A=10219:de.teilgedanken.stalltagebuch}}} topActivityType=1 pictureInPictureParams=null shouldDockBigOverlays=false launchIntoPipHostTaskId=-1 lastParentTaskIdBeforePip=-1 displayCutoutSafeInsets=Rect(0, 0 - 0, 0) topActivityInfo=ActivityInfo{5ac976c dev.dioxus.main.MainActivity} launchCookies=[android.os.BinderProxy@a279135] positionInParent=Point(0, 0) parentTaskId=-1 isFocused=true isVisible=true isVisibleRequested=true isTopActivityNoDisplay=false isSleeping=false locusId=null displayAreaFeatureId=1 isTopActivityTransparent=false isActivityStackTransparent=false lastNonFullscreenBounds=null capturedLink=null capturedLinkTimestamp=0 requestedVisibleTypes=503 topActivityRequestOpenInBrowserEducationTimestamp=0 appCompatTaskInfo=AppCompatTaskInfo { topActivityInSizeCompat=false isLeafTask= true eligibleForLetterboxEducation= false isLetterboxEducationEnabled= true isLetterboxDoubleTapEnabled= false eligibleForUserAspectRatioButton= false topActivityBoundsLetterboxed= false isFromLetterboxDoubleTap= false topActivityLetterboxVerticalPosition= -1 topActivityLetterboxHorizontalPosition= -1 topActivityLetterboxWidth=-1 topActivityLetterboxHeight=-1 topActivityAppBounds=Rect(0, 156 - 1280, 2784) isUserFullscreenOverrideEnabled=false isSystemFullscreenOverrideEnabled=false hasMinAspectRatioOverride=false topActivityLetterboxBounds=null cameraCompatTaskInfo=CameraCompatTaskInfo { cameraCompatMode=inactive0} topNonResizableActivityAspectRatio=-1.0} topActivityMainWindowFrame=null isAppBubble=false}, pipChange = null, remoteTransition = null, displayChange = null, requestedLocation = null, userChange = null, windowingLayerChange = null, flags = 16, debugId = 54 }
05-03 15:13:11.032   741   761 V WindowManager:     startWCT=WindowContainerTransaction { changes= {} hops= [] errorCallbackToken=null taskFragmentOrganizer=null }
05-03 15:13:11.032   741   761 V WindowManager:     info={id=54 t=CLOSE f=0x10 trk=0 r=[0@Point(0, 0)] c=[
05-03 15:13:11.032   741   761 V WindowManager:         {WCT{RemoteToken{ad00647 Task{26559cf #1 type=home}}} m=TO_FRONT f=SHOW_WALLPAPER|MOVE_TO_TOP leash=Surface(name=Task=1#44)/@0xf3adc4f sb=Rect(0, 0 - 1280, 2856) eb=Rect(0, 0 - 1280, 2856) epz=Point(1280, 2856) d=0 taskParent=-1 winMode=1 userId=0},
05-03 15:13:11.032   741   761 V WindowManager:         {WCT{RemoteToken{d9b881f Task{8ec3a10 #200 type=standard A=10219:de.teilgedanken.stalltagebuch}}} m=CLOSE f=NONE leash=Surface(name=Task=200#667)/@0xdca4740 sb=Rect(0, 0 - 1280, 2856) eb=Rect(0, 0 - 1280, 2856) epz=Point(1280, 2856) d=0 taskParent=-1 winMode=1 userId=0},
05-03 15:13:11.032   741   761 V WindowManager:         {m=TO_FRONT f=IS_WALLPAPER leash=Surface(name=WallpaperWindowToken{1325bc3}#60)/@0xe0416ae sb=Rect(0, 0 - 1280, 2856) eb=Rect(0, 0 - 1280, 2856) epz=Point(1280, 2856) d=0}
05-03 15:13:11.032   741   761 V WindowManager:     ]}
05-03 15:13:11.033   990  1074 V WindowManagerShell:  animated by com.android.wm.shell.transition.RemoteTransitionHandler@d58a696
05-03 15:13:11.044  1120  1120 D BaseActivity: Launcher flags updated: [state_started|state_resumed|state_deferred_resumed|state_window_focused|state_user_active] +[state_window_focused]
05-03 15:13:11.045   741   854 I ImeTracker: com.google.android.apps.nexuslauncher:d51e1e09: onRequestHide at ORIGIN_SERVER reason HIDE_UNSPECIFIED_WINDOW fromUser false
05-03 15:13:11.045  1120  1120 D InsetsController: hide(ime())
05-03 15:13:11.045  1120  1120 I ImeTracker: com.google.android.apps.nexuslauncher:d51e1e09: onCancelled at PHASE_CLIENT_ALREADY_HIDDEN
05-03 15:13:11.046  1571  1571 I GoogleInputMethodService: GoogleInputMethodService.onFinishInput():2159 
05-03 15:13:11.046   741   831 I BootReceiver: Copying /data/tombstones/tombstone_20.pb1653473112001955569.pb.tmp4919295239059861259.pb.txt.tmp to DropBox (SYSTEM_TOMBSTONE)
05-03 15:13:11.046   741   831 I DropBoxManagerService: add tag=SYSTEM_TOMBSTONE isTagEnabled=true flags=0x6
05-03 15:13:11.046  1571  1571 I Module  : DeviceLockedStatusModuleProvider$Module.updateDeviceLockedStatus():103 repeatCheckTimes = 0, locked = false
05-03 15:13:11.046   741  1262 I ImeTracker: system_server:af01a5c3: onRequestHide at ORIGIN_SERVER reason IME_REQUESTED_CHANGED_LISTENER fromUser false
05-03 15:13:11.046  1571  1571 I GoogleInputMethodService: GoogleInputMethodService.onStartInput():1434 onStartInput(EditorInfo{EditorInfo{packageName=com.google.android.apps.nexuslauncher, inputType=0, inputTypeString=NULL, enableLearning=false, autoCorrection=false, autoComplete=false, imeOptions=0, privateImeOptions=null, actionName=UNSPECIFIED, actionLabel=null, initialSelStart=-1, initialSelEnd=-1, initialCapsMode=0, label=null, fieldId=0, fieldName=null, extras=null, hintText=null, hintLocales=[]}}, false)
05-03 15:13:11.047  1571  1571 I AndroidIME: LatinIMEBase.updateInputViewCoverNavigation():312 Update input view padding, isNavbarOverInputWindow=true, bottom inset=72
05-03 15:13:11.047  1571  1571 I Module  : DeviceLockedStatusModuleProvider$Module.updateDeviceLockedStatus():103 repeatCheckTimes = 1, locked = false
05-03 15:13:11.047   741   764 I ImeTracker: system_server:af01a5c3: onCancelled at PHASE_SERVER_SHOULD_HIDE
05-03 15:13:11.047   741  1262 W PackageConfigPersister: App-specific configuration not found for packageName: com.google.android.apps.nexuslauncher and userId: 0
05-03 15:13:11.059  1120  1120 V BaseDepthController: Applying blur: 0 to Surface(name=com.google.android.apps.nexuslauncher/com.google.android.apps.nexuslauncher.NexusLauncherActivity#685)/@0x5e960ce applyImmediately: false
05-03 15:13:11.059  1120  1120 D BaseDepthController: shouldBlurWorkspace: false targetState: Normal currentStableState: Normal mCurrentBlur: 0 mLauncher.getDepthBlurTargets(): [com.android.launcher3.Workspace{d312bef V.ED..... ........ 0,0-1280,2856 #7f0a049d app:id/workspace}, com.android.launcher3.Hotseat{32cb6fc V.ED..... .......D 0,2289-1280,2856 #7f0a01ee app:id/hotseat}]
05-03 15:13:11.059   544   571 I RanchuHwc: logCompositionFallbackIfChanged: layer 101 CompositionType fallback from 2 to 1
05-03 15:13:11.059   544   571 I RanchuHwc: logCompositionFallbackIfChanged: layer 102 CompositionType fallback from 2 to 1
05-03 15:13:11.076  1120  1120 V BaseDepthController: Applying blur: 0 to Surface(name=com.google.android.apps.nexuslauncher/com.google.android.apps.nexuslauncher.NexusLauncherActivity#685)/@0x5e960ce applyImmediately: false
05-03 15:13:11.076  1120  1120 D BaseDepthController: shouldBlurWorkspace: false targetState: Normal currentStableState: Normal mCurrentBlur: 0 mLauncher.getDepthBlurTargets(): [com.android.launcher3.Workspace{d312bef V.ED..... ........ 0,0-1280,2856 #7f0a049d app:id/workspace}, com.android.launcher3.Hotseat{32cb6fc V.ED..... .......D 0,2289-1280,2856 #7f0a01ee app:id/hotseat}]
05-03 15:13:11.092  1120  1120 V BaseDepthController: Applying blur: 0 to Surface(name=com.google.android.apps.nexuslauncher/com.google.android.apps.nexuslauncher.NexusLauncherActivity#685)/@0x5e960ce applyImmediately: false
05-03 15:13:11.092  1120  1120 D BaseDepthController: shouldBlurWorkspace: false targetState: Normal currentStableState: Normal mCurrentBlur: 0 mLauncher.getDepthBlurTargets(): [com.android.launcher3.Workspace{d312bef V.ED..... ........ 0,0-1280,2856 #7f0a049d app:id/workspace}, com.android.launcher3.Hotseat{32cb6fc V.ED..... ........ 0,2289-1280,2856 #7f0a01ee app:id/hotseat}]
05-03 15:13:11.109  1120  1120 V BaseDepthController: Applying blur: 0 to Surface(name=com.google.android.apps.nexuslauncher/com.google.android.apps.nexuslauncher.NexusLauncherActivity#685)/@0x5e960ce applyImmediately: false
05-03 15:13:11.109  1120  1120 D BaseDepthController: shouldBlurWorkspace: false targetState: Normal currentStableState: Normal mCurrentBlur: 0 mLauncher.getDepthBlurTargets(): [com.android.launcher3.Workspace{d312bef V.ED..... ........ 0,0-1280,2856 #7f0a049d app:id/workspace}, com.android.launcher3.Hotseat{32cb6fc V.ED..... ........ 0,2289-1280,2856 #7f0a01ee app:id/hotseat}]
05-03 15:13:11.125  1120  1120 V BaseDepthController: Applying blur: 0 to Surface(name=com.google.android.apps.nexuslauncher/com.google.android.apps.nexuslauncher.NexusLauncherActivity#685)/@0x5e960ce applyImmediately: false
05-03 15:13:11.125  1120  1120 D BaseDepthController: shouldBlurWorkspace: false targetState: Normal currentStableState: Normal mCurrentBlur: 0 mLauncher.getDepthBlurTargets(): [com.android.launcher3.Workspace{d312bef V.ED..... ........ 0,0-1280,2856 #7f0a049d app:id/workspace}, com.android.launcher3.Hotseat{32cb6fc V.ED..... ........ 0,2289-1280,2856 #7f0a01ee app:id/hotseat}]
05-03 15:13:11.142  1120  1120 V BaseDepthController: Applying blur: 0 to Surface(name=com.google.android.apps.nexuslauncher/com.google.android.apps.nexuslauncher.NexusLauncherActivity#685)/@0x5e960ce applyImmediately: false
05-03 15:13:11.142  1120  1120 D BaseDepthController: shouldBlurWorkspace: false targetState: Normal currentStableState: Normal mCurrentBlur: 0 mLauncher.getDepthBlurTargets(): [com.android.launcher3.Workspace{d312bef V.ED..... ........ 0,0-1280,2856 #7f0a049d app:id/workspace}, com.android.launcher3.Hotseat{32cb6fc V.ED..... ........ 0,2289-1280,2856 #7f0a01ee app:id/hotseat}]
05-03 15:13:11.159  1120  1120 V BaseDepthController: Applying blur: 0 to Surface(name=com.google.android.apps.nexuslauncher/com.google.android.apps.nexuslauncher.NexusLauncherActivity#685)/@0x5e960ce applyImmediately: false
