--------- beginning of main
05-03 15:45:41.665   979   979 I wpa_supplicant: wlan0: CTRL-EVENT-BEACON-LOSS 
05-03 15:45:42.401  1119  1290 D SatelliteController: iisInCarrierRoamingNbIotNtn: satellite is disabled
05-03 15:45:42.402  1119  1290 D SatelliteController: getCarrierRoamingNtnConnectType: Falling back to global carrier config connect type: 0
05-03 15:45:42.973   741   885 I HalDevMgr: bestIfaceCreationProposal is null, requestIface=STA, existingIface=[name=wlan0 type=STA]
05-03 15:45:45.977   741   885 I HalDevMgr: bestIfaceCreationProposal is null, requestIface=STA, existingIface=[name=wlan0 type=STA]
05-03 15:45:48.981   741   885 I HalDevMgr: bestIfaceCreationProposal is null, requestIface=STA, existingIface=[name=wlan0 type=STA]
05-03 15:45:49.601   979   979 I wpa_supplicant: wlan0: CTRL-EVENT-BEACON-LOSS 
05-03 15:45:51.985   741   885 I HalDevMgr: bestIfaceCreationProposal is null, requestIface=STA, existingIface=[name=wlan0 type=STA]
05-03 15:45:52.401  1119  1290 D SatelliteController: iisInCarrierRoamingNbIotNtn: satellite is disabled
05-03 15:45:52.401  1119  1290 D SatelliteController: getCarrierRoamingNtnConnectType: Falling back to global carrier config connect type: 0
05-03 15:45:54.989   741   885 I HalDevMgr: bestIfaceCreationProposal is null, requestIface=STA, existingIface=[name=wlan0 type=STA]
05-03 15:45:57.537   979   979 I wpa_supplicant: wlan0: CTRL-EVENT-BEACON-LOSS 
05-03 15:45:57.993   741   885 I HalDevMgr: bestIfaceCreationProposal is null, requestIface=STA, existingIface=[name=wlan0 type=STA]
05-03 15:45:58.973   741  1900 W AS.PlaybackActivityMon: No piid assigned for invalid/internal port id 15
--------- beginning of system
05-03 15:45:58.973   741  1045 V WindowManager: DesktopModeLaunchParamsModifier: phase= 0 task=null activity=null display-from-option=0 display-id=0 task-display-area-windowing-mode=1 suggested-display-area=DefaultTaskDisplayArea@197945830 task null, skipping
05-03 15:45:58.973   741  1045 V WindowManager: TaskLaunchParamsModifier:phase=0 task=null activity=null display-from-option=0 display-id=0 task-display-area-windowing-mode=1 suggested-display-area=DefaultTaskDisplayArea@197945830
05-03 15:45:58.974   741  1045 V GrammaticalInflectionUtils: AttributionSource: android.content.AttributionSource@f86d0235 does not have READ_SYSTEM_GRAMMATICAL_GENDER permission.
05-03 15:45:58.974   741  1045 V WindowManager: DesktopModeLaunchParamsModifier: phase= 0 task=null activity=ActivityRecord{212196455 u0 de.teilgedanken.stalltagebuch/dev.dioxus.main.MainActivity display-from-option=0 display-id=0 task-display-area-windowing-mode=1 suggested-display-area=DefaultTaskDisplayArea@197945830 task null, skipping
05-03 15:45:58.974   741  1045 V WindowManager: TaskLaunchParamsModifier:phase=0 task=null activity=ActivityRecord{212196455 u0 de.teilgedanken.stalltagebuch/dev.dioxus.main.MainActivity t-1} display-from-option=0 display-id=0 task-display-area-windowing-mode=1 suggested-display-area=DefaultTaskDisplayArea@197945830
05-03 15:45:58.974   741  1045 V WindowManager: DesktopModeLaunchParamsModifier: phase= 3 task=null activity=ActivityRecord{212196455 u0 de.teilgedanken.stalltagebuch/dev.dioxus.main.MainActivity t-1} display-from-option=0 display-id=0 task-display-area-windowing-mode=1 suggested-display-area=DefaultTaskDisplayArea@197945830 task null, skipping
05-03 15:45:58.974   741  1045 V WindowManager: TaskLaunchParamsModifier:phase=3 task=null activity=ActivityRecord{212196455 u0 de.teilgedanken.stalltagebuch/dev.dioxus.main.MainActivity t-1} display-from-option=0 display-id=0 task-display-area-windowing-mode=1 suggested-display-area=DefaultTaskDisplayArea@197945830 inherit-from-source=fullscreen non-freeform-task-display-area display-area=DefaultTaskDisplayArea@197945830 skip-bounds-fullscreen
05-03 15:45:58.975   741  1045 V WindowManager: DesktopModeLaunchParamsModifier: phase= 3 task=Task{a706a14 #210 type=standard A=10219:de.teilgedanken.stalltagebuch} activity=ActivityRecord{212196455 u0 de.teilgedanken.stalltagebuch/dev.dioxus.main.MainActivity t-1} display-from-option=0 display-id=0 task-display-area-windowing-mode=1 suggested-display-area=DefaultTaskDisplayArea@197945830 not entering desktop mode, skipping
05-03 15:45:58.975   741  1045 V WindowManager: TaskLaunchParamsModifier:phase=3 task=Task{a706a14 #210 type=standard A=10219:de.teilgedanken.stalltagebuch} activity=ActivityRecord{212196455 u0 de.teilgedanken.stalltagebuch/dev.dioxus.main.MainActivity t-1} display-from-option=0 display-id=0 task-display-area-windowing-mode=1 suggested-display-area=DefaultTaskDisplayArea@197945830 inherit-from-source=fullscreen non-freeform-task-display-area display-area=DefaultTaskDisplayArea@197945830 skip-bounds-fullscreen
05-03 15:45:58.976   741  1045 I ActivityTaskManager: START u0 {act=android.intent.action.MAIN cat=[android.intent.category.LAUNCHER] flg=0x10200000 xflg=0x4 cmp=de.teilgedanken.stalltagebuch/dev.dioxus.main.MainActivity bnds=[994,2289][1192,2512]} with LAUNCH_MULTIPLE from uid 10183 (com.google.android.apps.nexuslauncher) (sr=213739524) (BAL_ALLOW_VISIBLE_WINDOW) result code=0
05-03 15:45:58.976  1120  1120 D StatsLog: LAUNCHER_APP_LAUNCH_TAP
05-03 15:45:58.977  1120  1120 D StatsLog: LAUNCHER_HOTSEAT_RANKED
05-03 15:45:58.977   592   618 I libbinder.BpBinder: onLastStrongRef automatically unlinking death recipients for descriptor: '(not cached)'
05-03 15:45:58.978   990  1074 V WindowManagerShell: Transition requested (#73): android.os.BinderProxy@ef40f4d TransitionRequestInfo { type = OPEN, triggerTask = TaskInfo{userId=0 taskId=210 effectiveUid=10219 displayId=0 isRunning=true baseIntent=Intent { act=android.intent.action.MAIN cat=[android.intent.category.LAUNCHER] flg=0x10200000 cmp=de.teilgedanken.stalltagebuch/dev.dioxus.main.MainActivity } baseActivity=ComponentInfo{de.teilgedanken.stalltagebuch/dev.dioxus.main.MainActivity} topActivity=ComponentInfo{de.teilgedanken.stalltagebuch/dev.dioxus.main.MainActivity} origActivity=null realActivity=ComponentInfo{de.teilgedanken.stalltagebuch/dev.dioxus.main.MainActivity} numActivities=1 lastActiveTime=12447398 supportsMultiWindow=true resizeMode=1 isResizeable=true minWidth=-1 minHeight=-1 defaultMinSize=220 token=WCT{android.os.BinderProxy@d222a02} topActivityType=1 pictureInPictureParams=null shouldDockBigOverlays=false launchIntoPipHostTaskId=-1 lastParentTaskIdBeforePip=-1 displayCutoutSafeInsets=Rect(0, 156 - 0, 0) topActivityInfo=ActivityInfo{fe4af13 dev.dioxus.main.MainActivity} launchCookies=[android.os.BinderProxy@d688550] positionInParent=Point(0, 0) parentTaskId=-1 isFocused=false isVisible=false isVisibleRequested=false isTopActivityNoDisplay=false isSleeping=false locusId=null displayAreaFeatureId=1 isTopActivityTransparent=false isActivityStackTransparent=false lastNonFullscreenBounds=null capturedLink=null capturedLinkTimestamp=0 requestedVisibleTypes=503 topActivityRequestOpenInBrowserEducationTimestamp=0 appCompatTaskInfo=AppCompatTaskInfo { topActivityInSizeCompat=false isLeafTask= true eligibleForLetterboxEducation= false isLetterboxEducationEnabled= true isLetterboxDoubleTapEnabled= false eligibleForUserAspectRatioButton= false topActivityBoundsLetterboxed= false isFromLetterboxDoubleTap= false topActivityLetterboxVerticalPosition= -1 topActivityLetterboxHorizontalPosition= -1 topActivityLetterboxWidth=-1 topActivityLetterboxHeight=-1 topActivityAppBounds=Rect(0, 156 - 1280, 2784) isUserFullscreenOverrideEnabled=false isSystemFullscreenOverrideEnabled=false hasMinAspectRatioOverride=false topActivityLetterboxBounds=null cameraCompatTaskInfo=CameraCompatTaskInfo { cameraCompatMode=inactive0} topNonResizableActivityAspectRatio=-1.0} topActivityMainWindowFrame=null isAppBubble=false}, pipChange = null, remoteTransition = RemoteTransition { remoteTransition = android.window.IRemoteTransition$Stub$Proxy@9ff5349, appThread = android.app.IApplicationThread$Stub$Proxy@8ce44e, debugName = QuickstepLaunch }, displayChange = null, requestedLocation = null, userChange = null, windowingLayerChange = null, flags = 0, debugId = 73 }
05-03 15:45:58.978   990  1074 D ShellSplitScreen: logExit: no-op, mLoggerSessionId is null
05-03 15:45:58.978   990  1074 V WindowManagerShell: RemoteTransition directly requested for (#73) android.os.BinderProxy@ef40f4d: RemoteTransition { remoteTransition = android.window.IRemoteTransition$Stub$Proxy@9ff5349, appThread = android.app.IApplicationThread$Stub$Proxy@8ce44e, debugName = QuickstepLaunch }
05-03 15:45:58.978   990  1074 V WindowManagerShell: Transition (#73): request handled by DefaultMixedHandler
05-03 15:45:58.978   642  4283 W libbinder.IPCThreadState: Sending oneway calls to frozen process.
05-03 15:45:58.978   642  4283 W libbinder.IPCThreadState: Sending oneway calls to frozen process.
05-03 15:45:58.979  1120  1191 D QuickstepModelDelegate: notifyAppTargetEvent action=1 launchLocation=folder/hotseat/-1/[-1,0]/[1,1]
05-03 15:45:58.981  1120  1120 D BaseActivity: Launcher flags updated: [state_started|state_resumed|state_deferred_resumed|state_window_focused] -[state_user_active]
05-03 15:45:58.981   741   764 V GrammaticalInflectionUtils: AttributionSource: android.content.AttributionSource@f86d0235 does not have READ_SYSTEM_GRAMMATICAL_GENDER permission.
05-03 15:45:58.981  1120  1120 D BaseActivity: Launcher flags updated: [state_started|state_window_focused] -[state_resumed|state_deferred_resumed]
05-03 15:45:58.981  1120  1120 W SplitSelectStateCtor: Missing session instanceIds
05-03 15:45:58.981  1120  1120 D StatsLog: LAUNCHER_SPLIT_SELECTION_EXIT_INTERRUPTED
05-03 15:45:58.982   990  1074 D WindowManagerShell: setLauncherKeepClearAreaHeight: visible=false, height=567
05-03 15:45:58.983   741  1789 V WindowManager: Defer transition id=73 for TaskFragmentTransaction=android.os.Binder@767f15f
05-03 15:45:58.983   741  1789 V WindowManager: deferTransitionReady deferReadyDepth=1 stack=com.android.server.wm.TransitionController.deferTransitionReady:1061 com.android.server.wm.TaskFragmentOrganizerController$TaskFragmentOrganizerState.dispatchTransaction:517 com.android.server.wm.TaskFragmentOrganizerController.dispatchPendingEvents:1259 com.android.server.wm.TaskFragmentOrganizerController.dispatchPendingEvents:1228 com.android.server.wm.RootWindowContainer.performSurfacePlacement:777 
05-03 15:45:58.983  1120  1120 D RecentsView: onTaskDisplayChanged: 210, new displayId = 0
05-03 15:45:58.983  1120  1120 D b/417220811: invalidateLoadedTasks - previous requestLoadId: -1
05-03 15:45:58.983  1120  1120 D b/417220811: invalidateLoadedTasks - previous requestLoadId: -1
05-03 15:45:58.983   741  1789 V WindowManager: Continue transition id=73 for TaskFragmentTransaction=android.os.Binder@767f15f
05-03 15:45:58.983   741  1789 V WindowManager: continueTransitionReady deferReadyDepth=0 stack=com.android.server.wm.TransitionController.continueTransitionReady:1071 com.android.server.wm.TaskFragmentOrganizerController$TaskFragmentOrganizerState.onTransactionFinished:546 com.android.server.wm.TaskFragmentOrganizerController.onTransactionHandled:740 android.window.ITaskFragmentOrganizerController$Stub.onTransact:225 android.os.Binder.execTransactInternal:1473 
05-03 15:45:58.983   741   943 D BackgroundInstallControlService: Package event received: 0
05-03 15:45:58.986   523   523 D Zygote  : Forked child process 9921
05-03 15:45:58.986   741   772 I ActivityManager: Start proc 9921:de.teilgedanken.stalltagebuch/u0a219 for next-top-activity {de.teilgedanken.stalltagebuch/dev.dioxus.main.MainActivity}
05-03 15:45:58.991  9921  9921 I Zygote  : Process 9921 created for de.teilgedanken.stalltagebuch
05-03 15:45:58.991  9921  9921 I n.stalltagebuch: Using CollectorTypeCMC GC.
05-03 15:45:58.991  9921  9921 W n.stalltagebuch: Unexpected CPU variant for x86: x86_64.
05-03 15:45:58.991  9921  9921 W n.stalltagebuch: Known variants: atom, sandybridge, silvermont, goldmont, goldmont-plus, goldmont-without-sha-xsaves, tremont, kabylake, alderlake, default
05-03 15:45:58.992   990  1151 D WindowOnBackDispatcher: setTopOnBackInvokedCallback (unwrapped): android.view.ViewRootImpl$$ExternalSyntheticLambda12@29d4914
05-03 15:45:58.994   741  1789 D CoreBackPreview: Window{f41380 u0 Splash Screen de.teilgedanken.stalltagebuch}: Setting back callback OnBackInvokedCallbackInfo{mCallback=android.window.IOnBackInvokedCallback$Stub$Proxy@cf3c75, mPriority=0, mIsAnimationCallback=false, mOverrideBehavior=0}
05-03 15:45:58.994  9921  9921 D nativeloader: Load libframework-connectivity-tiramisu-jni.so using APEX ns com_android_tethering for caller /apex/com.android.tethering/javalib/framework-connectivity-t.jar: ok
05-03 15:45:58.997   741   943 D BackgroundInstallControlService: Package event received: 0
05-03 15:45:58.998  9921  9921 D CompatChangeReporter: Compat change id reported: 242716250; UID 10219; state: ENABLED
05-03 15:45:59.001  9921  9921 D nativeloader: Configuring clns-9 for other apk /data/app/~~UiZW9UXoQV6wMBodMIHi0w==/de.teilgedanken.stalltagebuch-xb14ldd7VlYTVVgFyOX0vw==/base.apk. target_sdk_version=34, uses_libraries=, library_path=/data/app/~~UiZW9UXoQV6wMBodMIHi0w==/de.teilgedanken.stalltagebuch-xb14ldd7VlYTVVgFyOX0vw==/lib/x86_64:/data/app/~~UiZW9UXoQV6wMBodMIHi0w==/de.teilgedanken.stalltagebuch-xb14ldd7VlYTVVgFyOX0vw==/base.apk!/lib/x86_64, permitted_path=/data:/mnt/expand:/data/user/0/de.teilgedanken.stalltagebuch
05-03 15:45:59.004  9921  9921 V GraphicsEnvironment: Currently set values for:
05-03 15:45:59.004  9921  9921 V GraphicsEnvironment:   angle_gl_driver_selection_pkgs=[]
05-03 15:45:59.004  9921  9921 V GraphicsEnvironment:   angle_gl_driver_selection_values=[]
05-03 15:45:59.004  9921  9921 V GraphicsEnvironment: de.teilgedanken.stalltagebuch is not listed in per-application setting
05-03 15:45:59.004  9921  9921 V GraphicsEnvironment: ANGLE allowlist from config: com.dreamgames.royalmatch com.dts.freefiremax com.dxx.firenow com.gramgames.mergedragons com.ludo.king com.mojang.minecraftpe com.my.defense com.nintendo.zaka com.os.airforce com.playrix.fishdomdd.gplay io.teslatech.callbreak jp.konami.prospia net.peakgames.toonblast
05-03 15:45:59.004  9921  9921 V GraphicsEnvironment: No special selections for ANGLE, returning default driver choice
05-03 15:45:59.004  9921  9921 V GraphicsEnvironment: Neither updatable production driver nor prerelease driver is supported.
05-03 15:45:59.017   741   943 D BackgroundInstallControlService: Package event received: 0
05-03 15:45:59.017   741   943 D BackgroundInstallControlService: Package event received: 0
05-03 15:45:59.018  9921  9935 I DisplayManager: Choreographer implicitly registered for the refresh rate.
05-03 15:45:59.019   583   684 D AudioFlinger: mixer(0x7b354a0e5790) throttle end: throttle time(33)
05-03 15:45:59.021   741   761 V WindowManager: Sent Transition (#73) createdAt=05-03 15:45:58.974 via request=TransitionRequestInfo { type = OPEN, triggerTask = TaskInfo{userId=0 taskId=210 effectiveUid=10219 displayId=0 isRunning=true baseIntent=Intent { act=android.intent.action.MAIN cat=[android.intent.category.LAUNCHER] flg=0x10200000 cmp=de.teilgedanken.stalltagebuch/dev.dioxus.main.MainActivity } baseActivity=ComponentInfo{de.teilgedanken.stalltagebuch/dev.dioxus.main.MainActivity} topActivity=ComponentInfo{de.teilgedanken.stalltagebuch/dev.dioxus.main.MainActivity} origActivity=null realActivity=ComponentInfo{de.teilgedanken.stalltagebuch/dev.dioxus.main.MainActivity} numActivities=1 lastActiveTime=12447398 supportsMultiWindow=true resizeMode=1 isResizeable=true minWidth=-1 minHeight=-1 defaultMinSize=220 token=WCT{RemoteToken{ecefaae Task{a706a14 #210 type=standard A=10219:de.teilgedanken.stalltagebuch}}} topActivityType=1 pictureInPictureParams=null shouldDockBigOverlays=false launchIntoPipHostTaskId=-1 lastParentTaskIdBeforePip=-1 displayCutoutSafeInsets=Rect(0, 156 - 0, 0) topActivityInfo=ActivityInfo{f15f04f dev.dioxus.main.MainActivity} launchCookies=[android.os.BinderProxy@7a993dc] positionInParent=Point(0, 0) parentTaskId=-1 isFocused=false isVisible=false isVisibleRequested=false isTopActivityNoDisplay=false isSleeping=false locusId=null displayAreaFeatureId=1 isTopActivityTransparent=false isActivityStackTransparent=false lastNonFullscreenBounds=null capturedLink=null capturedLinkTimestamp=0 requestedVisibleTypes=503 topActivityRequestOpenInBrowserEducationTimestamp=0 appCompatTaskInfo=AppCompatTaskInfo { topActivityInSizeCompat=false isLeafTask= true eligibleForLetterboxEducation= false isLetterboxEducationEnabled= true isLetterboxDoubleTapEnabled= false eligibleForUserAspectRatioButton= false topActivityBoundsLetterboxed= false isFromLetterboxDoubleTap= false topActivityLetterboxVerticalPosition= -1 topActivityLetterboxHorizontalPosition= -1 topActivityLetterboxWidth=-1 topActivityLetterboxHeight=-1 topActivityAppBounds=Rect(0, 156 - 1280, 2784) isUserFullscreenOverrideEnabled=false isSystemFullscreenOverrideEnabled=false hasMinAspectRatioOverride=false topActivityLetterboxBounds=null cameraCompatTaskInfo=CameraCompatTaskInfo { cameraCompatMode=inactive0} topNonResizableActivityAspectRatio=-1.0} topActivityMainWindowFrame=null isAppBubble=false}, pipChange = null, remoteTransition = RemoteTransition { remoteTransition = android.window.IRemoteTransition$Stub$Proxy@6692ce5, appThread = android.app.IApplicationThread$Stub$Proxy@49413ba, debugName = QuickstepLaunch }, displayChange = null, requestedLocation = null, userChange = null, windowingLayerChange = null, flags = 0, debugId = 73 }
05-03 15:45:59.021   741   761 V WindowManager:     startWCT=WindowContainerTransaction { changes= {} hops= [] errorCallbackToken=null taskFragmentOrganizer=null }
05-03 15:45:59.021   741   761 V WindowManager:     info={id=73 t=OPEN f=0x0 trk=0 r=[0@Point(0, 0)] c=[
05-03 15:45:59.021   741   761 V WindowManager:         {WCT{RemoteToken{ecefaae Task{a706a14 #210 type=standard A=10219:de.teilgedanken.stalltagebuch}}} m=OPEN f=NONE leash=Surface(name=Task=210#943)/@0xaf35cb0 sb=Rect(0, 0 - 1280, 2856) eb=Rect(0, 0 - 1280, 2856) epz=Point(1280, 2856) d=0 taskParent=-1 winMode=1 userId=0},
05-03 15:45:59.021   741   761 V WindowManager:         {WCT{RemoteToken{ad00647 Task{26559cf #1 type=home}}} m=TO_BACK f=SHOW_WALLPAPER leash=Surface(name=Task=1#44)/@0xf3adc4f sb=Rect(0, 0 - 1280, 2856) eb=Rect(0, 0 - 1280, 2856) epz=Point(1280, 2856) d=0 taskParent=-1 winMode=1 userId=0},
05-03 15:45:59.021   741   761 V WindowManager:         {m=TO_BACK f=IS_WALLPAPER leash=Surface(name=WallpaperWindowToken{1325bc3}#60)/@0xe0416ae sb=Rect(0, 0 - 1280, 2856) eb=Rect(0, 0 - 1280, 2856) epz=Point(1280, 2856) d=0}
05-03 15:45:59.021   741   761 V WindowManager:     ]}
05-03 15:45:59.025   990  1002 V WindowManagerShell: onTransitionReady(transaction=3182570773917)
05-03 15:45:59.026   990  1074 V WindowManagerShell: onTransitionReady (#73) android.os.BinderProxy@ef40f4d: {id=73 t=OPEN f=0x0 trk=0 r=[0@Point(0, 0)] c=[
05-03 15:45:59.026   990  1074 V WindowManagerShell:         {m=OPEN f=NONE leash=Surface(name=Task=210#943)/@0x7954c5f sb=Rect(0, 0 - 1280, 2856) eb=Rect(0, 0 - 1280, 2856) epz=Point(1280, 2856) d=0 taskParent=-1 winMode=1 userId=0},
05-03 15:45:59.026   990  1074 V WindowManagerShell:         {m=TO_BACK f=SHOW_WALLPAPER leash=Surface(name=Task=1#44)/@0x850a6ac sb=Rect(0, 0 - 1280, 2856) eb=Rect(0, 0 - 1280, 2856) epz=Point(1280, 2856) d=0 taskParent=-1 winMode=1 userId=0},
05-03 15:45:59.026   990  1074 V WindowManagerShell:         {m=TO_BACK f=IS_WALLPAPER leash=Surface(name=WallpaperWindowToken{1325bc3}#60)/@0x2278f75 sb=Rect(0, 0 - 1280, 2856) eb=Rect(0, 0 - 1280, 2856) epz=Point(1280, 2856) d=0}
05-03 15:45:59.026   990  1074 V WindowManagerShell:     ]}
05-03 15:45:59.027   990  1074 V WindowManagerShell: Playing animation for (#73) android.os.BinderProxy@ef40f4d@0
05-03 15:45:59.027   990  1074 V WindowManagerShell:  try firstHandler com.android.wm.shell.transition.DefaultMixedHandler@f6cd71
05-03 15:45:59.027   990  1074 V WindowManagerShell: Mixed transition for opening an intent with a remote transition and PIP or Desktop #73
05-03 15:45:59.027   990  1074 V WindowManagerShell: tryAnimateOpenIntentWithRemoteAndPipOrDesktop
05-03 15:45:59.027   990  1074 V WindowManagerShell:  Delegate animation for (#73) to RemoteTransition { remoteTransition = android.window.IRemoteTransition$Stub$Proxy@9ff5349, appThread = android.app.IApplicationThread$Stub$Proxy@8ce44e, debugName = QuickstepLaunch }
05-03 15:45:59.028   990  1074 V WindowManagerShell:  animated by firstHandler
05-03 15:45:59.028   990  1074 V ShellTaskOrganizer: Task appeared taskId=210 listener=FullscreenTaskListener
05-03 15:45:59.028   990  1074 V ShellTaskOrganizer: Fullscreen Task Appeared: #210
05-03 15:45:59.032  9921  9921 D nativeloader: Load /data/app/~~UiZW9UXoQV6wMBodMIHi0w==/de.teilgedanken.stalltagebuch-xb14ldd7VlYTVVgFyOX0vw==/base.apk!/lib/x86_64/libmain.so using class loader ns clns-9 (caller=/data/app/~~UiZW9UXoQV6wMBodMIHi0w==/de.teilgedanken.stalltagebuch-xb14ldd7VlYTVVgFyOX0vw==/base.apk): ok
05-03 15:45:59.033  1120  1120 D LauncherStateManager: StateManager.cancelAnimation: animation ongoing: false, partial trace:
05-03 15:45:59.033  1120  1120 D LauncherStateManager: 	at com.android.launcher3.statemanager.StateManager.setCurrentAnimation(go/retraceme 7101499b44b219b757f6885b35ae099b24fc769225595efcaaacae5b0f94500b:18)
05-03 15:45:59.033  1120  1120 D LauncherStateManager: 	at com.android.launcher3.QuickstepTransitionManager$AppLaunchAnimationRunner.onAnimationStart(go/retraceme 7101499b44b219b757f6885b35ae099b24fc769225595efcaaacae5b0f94500b:430)
05-03 15:45:59.033  1120  1120 D LauncherStateManager: 	at com.android.launcher3.LauncherAnimationRunner$$ExternalSyntheticLambda2.run(go/retraceme 7101499b44b219b757f6885b35ae099b24fc769225595efcaaacae5b0f94500b:72)
05-03 15:45:59.036  9921  9921 D AppCompatDelegate: Checking for metadata for AppLocalesMetadataHolderService : Service not found
05-03 15:45:59.037  1120  1120 D b/417220811: invalidateLoadedTasks - previous requestLoadId: -1
05-03 15:45:59.037  1120  1120 D BaseActivity: Launcher flags updated: [state_started] -[state_window_focused]
05-03 15:45:59.038  9921  9921 E ashmem  : Pinning is deprecated since Android Q. Please use trim or other methods.
05-03 15:45:59.043  9921  9938 D stalltagebuch: jni::wrapper::java_vm::vm: Attached thread main (ThreadId(2)). 1 threads attached
05-03 15:45:59.043  9921  9938 I stalltagebuch: stalltagebuch: Android TLS verifier initialized
05-03 15:45:59.043  9921  9938 D stalltagebuch: jni::wrapper::java_vm::vm: Detached thread main (ThreadId(2)). 0 threads remain attached
05-03 15:45:59.043  9921  9938 I stalltagebuch: stalltagebuch: App start: Stalltagebuch wird gestartet
05-03 15:45:59.044  9921  9921 D DesktopExperienceFlags: Toggle override initialized to: false
05-03 15:45:59.044  9921  9921 D DesktopModeFlags: Toggle override initialized to: OVERRIDE_UNSET
05-03 15:45:59.044  9921  9935 I GFXSTREAM: [eglDisplay.cpp(297)] Opening libGLESv1_CM_emulation.so
05-03 15:45:59.044  9921  9935 I GFXSTREAM: [eglDisplay.cpp(297)] Opening libGLESv2_emulation.so
05-03 15:45:59.039  9921  9921 W Thread-2: type=1400 audit(0.0:277): avc:  denied  { search } for  name="/" dev="cgroup2" ino=1 scontext=u:r:untrusted_app:s0:c219,c256,c512,c768 tcontext=u:object_r:cgroup_v2:s0 tclass=dir permissive=0 app=de.teilgedanken.stalltagebuch
05-03 15:45:59.047  9921  9938 D stalltagebuch: jni::wrapper::java_vm::vm: Attached thread main (ThreadId(2)). 1 threads attached
05-03 15:45:59.047  9921  9938 D stalltagebuch: jni::wrapper::java_vm::vm: Detached thread main (ThreadId(2)). 0 threads remain attached
05-03 15:45:59.047  9921  9938 D stalltagebuch: jni::wrapper::java_vm::vm: Attached thread main (ThreadId(2)). 1 threads attached
05-03 15:45:59.047  9921  9938 D stalltagebuch: jni::wrapper::java_vm::vm: Detached thread main (ThreadId(2)). 0 threads remain attached
05-03 15:45:59.049  9921  9935 W HWUI    : Failed to choose config with EGL_SWAP_BEHAVIOR_PRESERVED, retrying without...
05-03 15:45:59.049  9921  9935 W HWUI    : Failed to initialize 101010-2 format, error = EGL_SUCCESS
05-03 15:45:59.039  9921  9921 W Thread-2: type=1400 audit(0.0:278): avc:  denied  { search } for  name="/" dev="cgroup2" ino=1 scontext=u:r:untrusted_app:s0:c219,c256,c512,c768 tcontext=u:object_r:cgroup_v2:s0 tclass=dir permissive=0 app=de.teilgedanken.stalltagebuch
05-03 15:45:59.053  9921  9921 W HWUI    : Unknown dataspace 0
05-03 15:45:59.039  9921  9921 W Thread-2: type=1400 audit(0.0:279): avc:  denied  { search } for  name="/" dev="cgroup" ino=1 scontext=u:r:untrusted_app:s0:c219,c256,c512,c768 tcontext=u:object_r:cgroup:s0 tclass=dir permissive=0 app=de.teilgedanken.stalltagebuch
05-03 15:45:59.066  9921  9921 I WebViewFactory: Loading com.google.android.webview version 146.0.7680.164 (code 768016408)
05-03 15:45:59.067  9921  9921 V ResourcesManager: The following library key has been added: ResourcesKey{ mHash=9c33fca3 mResDir=null mSplitDirs=[] mOverlayDirs=[] mLibDirs=[/data/app/~~xKuGO9dnZBKJtzVyphXUIg==/com.google.android.webview-uYQ8eAs3HNQn_ugddsCsGg==/base.apk,/system/framework/android.test.base.jar,/system_ext/framework/androidx.window.extensions.jar] mDisplayId=0 mOverrideConfig=v36 mCompatInfo={480dpi always-compat} mLoaders=[]}
05-03 15:45:59.068  9921  9921 D ApplicationLoaders: Returning zygote-cached class loader: /system/framework/android.test.base.jar
05-03 15:45:59.068  9921  9921 D ApplicationLoaders: Returning zygote-cached class loader: /system_ext/framework/androidx.window.extensions.jar
05-03 15:45:59.068  9921  9921 D nativeloader: Configuring clns-10 for other apk /data/app/~~xKuGO9dnZBKJtzVyphXUIg==/com.google.android.webview-uYQ8eAs3HNQn_ugddsCsGg==/base.apk. target_sdk_version=36, uses_libraries=, library_path=/data/app/~~xKuGO9dnZBKJtzVyphXUIg==/com.google.android.webview-uYQ8eAs3HNQn_ugddsCsGg==/lib/x86_64:/data/app/~~xKuGO9dnZBKJtzVyphXUIg==/com.google.android.webview-uYQ8eAs3HNQn_ugddsCsGg==/base.apk!/lib/x86_64, permitted_path=/data:/mnt/expand
05-03 15:45:59.077  9921  9921 I cr_WVCFactoryProvider: version=146.0.7680.164 (768016408) minSdkVersion=29 multiprocess=true packageId=2 splits=<none>
05-03 15:45:59.079  9921  9921 D nativeloader: Load /data/app/~~xKuGO9dnZBKJtzVyphXUIg==/com.google.android.webview-uYQ8eAs3HNQn_ugddsCsGg==/base.apk!/lib/x86_64/libwebviewchromium.so using class loader ns clns-10 (caller=/data/app/~~xKuGO9dnZBKJtzVyphXUIg==/com.google.android.webview-uYQ8eAs3HNQn_ugddsCsGg==/base.apk): ok
05-03 15:45:59.080  9921  9921 D nativeloader: Load /system/lib64/libwebviewchromium_plat_support.so using class loader ns clns-10 (caller=/data/app/~~xKuGO9dnZBKJtzVyphXUIg==/com.google.android.webview-uYQ8eAs3HNQn_ugddsCsGg==/base.apk): ok
05-03 15:45:59.081  9921  9952 E chromium: [0503/154559.080923:ERROR:android_webview/browser/variations/variations_seed_loader.cc:39] Seed missing signature.
05-03 15:45:59.081  9921  9937 I RustStdoutStderr: [0503/154559.080923:ERROR:android_webview/browser/variations/variations_seed_loader.cc:39] Seed missing signature.
05-03 15:45:59.081  9921  9952 I chromium: [0503/154559.081198:INFO:android_webview/browser/variations/variations_seed_loader.cc:67] Failed to open file for reading.: No such file or directory (2)
05-03 15:45:59.081  9921  9937 I RustStdoutStderr: [0503/154559.081198:INFO:android_webview/browser/variations/variations_seed_loader.cc:67] Failed to open file for reading.: No such file or directory (2)
05-03 15:45:59.083  1120  1120 D b/417220811: invalidateLoadedTasks - previous requestLoadId: -1
05-03 15:45:59.084  9921  9921 I cr_LibraryLoader: Successfully loaded native library
05-03 15:45:59.084  9921  9921 I cr_CachingUmaRecorder: Flushed 22 samples from 21 histograms, 0 samples were dropped.
05-03 15:45:59.085  9921  9921 I cr_ChildProcLH: ScopedServiceBindingBatch.tryActivate: false
05-03 15:45:59.085  9921  9921 I cr_CombinedPProvider: #registerProvider() provider:WV.qk@8187687 isPolicyCacheEnabled:false policyProvidersSize:0
05-03 15:45:59.085  9921  9921 I cr_PolicyProvider: #setManagerAndSource() 0
05-03 15:45:59.086  9921  9921 I cr_DisplayManager: Is Display Topology available: false
05-03 15:45:59.087   741  1899 V GrammaticalInflectionUtils: AttributionSource: android.content.AttributionSource@ef635fae does not have READ_SYSTEM_GRAMMATICAL_GENDER permission.
05-03 15:45:59.090   741   943 D BackgroundInstallControlService: Package event received: 0
05-03 15:45:59.091  1062  1062 D Zygote  : Forked child process 9956
05-03 15:45:59.094  9956  9956 I Zygote  : Process 9956 created for com.google.android.webview:sandboxed_process0:org.chromium.content.app.SandboxedProcessService0:0
05-03 15:45:59.094  9956  9956 I ocessService0:0: Using CollectorTypeCMC GC.
05-03 15:45:59.094  9956  9956 W ocessService0:0: Unexpected CPU variant for x86: x86_64.
05-03 15:45:59.094  9956  9956 W ocessService0:0: Known variants: atom, sandybridge, silvermont, goldmont, goldmont-plus, goldmont-without-sha-xsaves, tremont, kabylake, alderlake, default
05-03 15:45:59.096  9956  9956 D nativeloader: Load libframework-connectivity-tiramisu-jni.so using APEX ns com_android_tethering for caller /apex/com.android.tethering/javalib/framework-connectivity-t.jar: ok
05-03 15:45:59.106   741  1789 D ActivityManager: sync unfroze 1608 com.google.android.gms for 6
05-03 15:45:59.107   741  1789 D ActivityManager: sync unfroze 3921 com.google.android.adservices.api for 6
05-03 15:45:59.108   741   943 D BackgroundInstallControlService: Package event received: 0
05-03 15:45:59.108   741   943 D BackgroundInstallControlService: Package event received: 0
05-03 15:45:59.108   741  1787 I ActivityManager: Start proc 9956:com.google.android.webview:sandboxed_process0:org.chromium.content.app.SandboxedProcessService0:0/u0i26 for  {de.teilgedanken.stalltagebuch/org.chromium.content.app.SandboxedProcessService0:0}
05-03 15:45:59.111  1608  1608 D BoundBrokerSvc: onBind: Intent { act=com.google.android.gms.safetynet.service.START xflg=0x4 pkg=com.google.android.gms }
05-03 15:45:59.111  1608  1608 D BoundBrokerSvc: Loading bound service for intent: Intent { act=com.google.android.gms.safetynet.service.START xflg=0x4 pkg=com.google.android.gms }
05-03 15:45:59.112   741  1899 W ProcessStats: Tracking association SourceState{7b55ef com.google.android.gms/10147 BTop #7040} whose proc state 2 is better than process ProcessState{e955e17 com.google.android.adservices.api/10214 pkg=com.google.android.adservices.api} proc state 14 (1 skipped)
05-03 15:45:59.113  1608  1608 D BoundBrokerSvc: onUnbind: Intent { act=com.google.android.gms.common.BIND_SHARED_PREFS xflg=0x4 pkg=com.google.android.gms }
05-03 15:45:59.116  9956  9956 D ApplicationLoaders: Returning zygote-cached class loader: /system/framework/android.test.base.jar
05-03 15:45:59.116  9956  9956 D ApplicationLoaders: Returning zygote-cached class loader: /system_ext/framework/androidx.window.extensions.jar
05-03 15:45:59.119  9956  9956 I cr_WebViewApkApp: version=146.0.7680.164 (768016408) minSdkVersion=29 processName=com.google.android.webview:sandboxed_process0:org.chromium.content.app.SandboxedProcessService0:0 splits=<none>
05-03 15:45:59.120   741   943 D BackgroundInstallControlService: Package event received: 0
05-03 15:45:59.120  9921  9921 I cr_CombinedPProvider: #linkNativeInternal() 1
05-03 15:45:59.120  9921  9921 I cr_AppResProvider: #getApplicationRestrictionsFromUserManager() Bundle[EMPTY_PARCEL]
05-03 15:45:59.121  9921  9921 I cr_PolicyProvider: #notifySettingsAvailable() 0
05-03 15:45:59.121  9921  9921 I cr_CombinedPProvider: #onSettingsAvailable() 0
05-03 15:45:59.121  9921  9921 I cr_CombinedPProvider: #flushPolicies()
05-03 15:45:59.122  9956  9956 I cr_ChildProcessService: Creating new ChildProcessService pid=9956
05-03 15:45:59.130  9921  9967 W chromium: [WARNING:net/dns/dns_config_service_android.cc:69] Failed to read DnsConfig.
05-03 15:45:59.130  9921  9937 I RustStdoutStderr: [WARNING:net/dns/dns_config_service_android.cc:69] Failed to read DnsConfig.
05-03 15:45:59.132  9921  9921 W chromium: [WARNING:android_webview/browser/network_service/net_helpers.cc:137] HTTP Cache size is: 30723669
05-03 15:45:59.132  9921  9937 I RustStdoutStderr: [WARNING:android_webview/browser/network_service/net_helpers.cc:137] HTTP Cache size is: 30723669
05-03 15:45:59.133  1608  1608 D BoundBrokerSvc: onBind: Intent { act=com.google.android.gms.safebrowsing.SafeBrowsingService.START dat=chimera-action:/... xflg=0x4 cmp=com.google.android.gms/.chimera.GmsBoundBrokerService }
05-03 15:45:59.133  1608  1608 D BoundBrokerSvc: Loading bound service for intent: Intent { act=com.google.android.gms.safebrowsing.SafeBrowsingService.START dat=chimera-action:/... xflg=0x4 cmp=com.google.android.gms/.chimera.GmsBoundBrokerService }
05-03 15:45:59.148  9921  9985 I CameraManagerGlobal: Connecting to camera service
05-03 15:45:59.148  9921  9921 D VRI[MainActivity]: WindowInsets changed: 1280x2856 statusBars:[0,156,0,0] navigationBars:[0,0,0,72] mandatorySystemGestures:[0,192,0,96] 
05-03 15:45:59.148  9921  9921 D WindowOnBackDispatcher: setTopOnBackInvokedCallback (unwrapped): android.view.ViewRootImpl$$ExternalSyntheticLambda12@b697500
05-03 15:45:59.149   741  1760 D CoreBackPreview: Window{5d84c99 u0 de.teilgedanken.stalltagebuch/dev.dioxus.main.MainActivity}: Setting back callback OnBackInvokedCallbackInfo{mCallback=android.window.IOnBackInvokedCallback$Stub$Proxy@bba255d, mPriority=0, mIsAnimationCallback=false, mOverrideBehavior=0}
05-03 15:45:59.163  9921  9921 W libc    : Access denied finding property "vendor.mesa.log"
05-03 15:45:59.163  9921  9921 W libc    : Access denied finding property "vendor.mesa.log.file"
05-03 15:45:59.163  9921  9921 E MESA    : Failed to open rendernode: No such file or directory
05-03 15:45:59.163  9921  9921 E MESA    : Failed to open rendernode: No such file or directory
05-03 15:45:59.177  9921  9921 D vulkan  : searching for layers in '/data/app/~~UiZW9UXoQV6wMBodMIHi0w==/de.teilgedanken.stalltagebuch-xb14ldd7VlYTVVgFyOX0vw==/lib/x86_64'
05-03 15:45:59.177  9921  9921 D vulkan  : searching for layers in '/data/app/~~UiZW9UXoQV6wMBodMIHi0w==/de.teilgedanken.stalltagebuch-xb14ldd7VlYTVVgFyOX0vw==/base.apk!/lib/x86_64'
05-03 15:45:59.177  9921  9921 E MESA    : Failed to open rendernode: No such file or directory
05-03 15:45:59.177  9921  9921 E MESA    : Failed to open rendernode: No such file or directory
05-03 15:45:59.177  9921  9921 E MESA    : Failed to open rendernode: No such file or directory
05-03 15:45:59.177  9921  9921 E MESA    : Failed to open rendernode: No such file or directory
05-03 15:45:59.178  9921  9921 E MESA    : Failed to open rendernode: No such file or directory
05-03 15:45:59.178  9921  9921 E MESA    : Failed to open rendernode: No such file or directory
05-03 15:45:59.178  9921  9921 W libc    : Access denied finding property "vendor.mesa.vk.trace.per.submit"
05-03 15:45:59.178  9921  9921 W libc    : Access denied finding property "vendor.mesa.gallium.print.optio"
05-03 15:45:59.178  9921  9921 W libc    : Access denied finding property "vendor.mesa.vk.trace.frame"
05-03 15:45:59.197  9921  9921 E MESA    : Failed to open rendernode: No such file or directory
05-03 15:45:59.198  9921  9921 W libc    : Access denied finding property "vendor.mesa.vk.wsi.headless.swa"
05-03 15:45:59.198  9921  9921 E MESA    : Failed to open rendernode: No such file or directory
05-03 15:45:59.198  9921  9921 E MESA    : Failed to open rendernode: No such file or directory
05-03 15:45:59.214  9921  9937 I RustStdoutStderr: s_glBindAttribLocation: bind attrib 0 name position
05-03 15:45:59.214  9921  9937 I RustStdoutStderr: s_glBindAttribLocation: bind attrib 1 name color
05-03 15:45:59.218   741   761 I ActivityTaskManager: Displayed de.teilgedanken.stalltagebuch/dev.dioxus.main.MainActivity for user 0: +245ms
05-03 15:45:59.220  9921  9975 W cr_media: BLUETOOTH_CONNECT permission is missing.
05-03 15:45:59.220  9921  9975 W cr_media: getBluetoothAdapter() requires BLUETOOTH permission
05-03 15:45:59.220  9921  9975 W cr_media: registerBluetoothIntentsIfNeeded: Requires BLUETOOTH permission
05-03 15:45:59.221  9921  9975 D AudioSystem: onNewService: media.audio_policy service obtained 0x7c2b9e49baa0
05-03 15:45:59.222  9921  9975 D AudioSystem: getService: IAudioPolicyService retrieved: 0x7c2b9e49baa0  cached: 0x7c2b9e49baa0
05-03 15:45:59.222  9956  9968 I cr_LibraryLoader: Successfully loaded native library
05-03 15:45:59.222  9956  9968 I cr_CachingUmaRecorder: Flushed 2 samples from 2 histograms, 0 samples were dropped.
05-03 15:45:59.224   583   807 D NativePermissionController: checkPermission: missing 13 for 10219
05-03 15:45:59.224   583  1099 D NativePermissionController: checkPermission: missing 13 for 10219
05-03 15:45:59.225   583   807 D NativePermissionController: checkPermission: missing 13 for 10219
05-03 15:45:59.229   583   807 D NativePermissionController: checkPermission: missing 13 for 10219
05-03 15:45:59.236  9956  9968 W chromium: [WARNING:content/child/runtime_features.cc:563] Fenced frames cannot be enabled in this configuration. Use --enable-features=FencedFrames instead.
05-03 15:45:59.236  9956  9968 W chromium: [WARNING:content/child/runtime_features.cc:588] Topics cannot be enabled in this configuration. Use --enable-features=BrowsingTopics in addition.
05-03 15:45:59.236  9956  9968 W chromium: [WARNING:content/child/runtime_features.cc:609] SharedStorage cannot be enabled in this configuration. Use --enable-features=SharedStorageAPI in addition.
05-03 15:45:59.241  9921  9969 E chromium: [ERROR:third_party/crashpad/crashpad/util/file/directory_reader_posix.cc:43] opendir /data/user/0/de.teilgedanken.stalltagebuch/cache/WebView/Crashpad/attachments/a206294c-37ba-48d1-a2e0-ddde91cb2080: No such file or directory (2)
05-03 15:45:59.241   741   943 D BackgroundInstallControlService: Package event received: 0
05-03 15:45:59.241  9921  9937 I RustStdoutStderr: [ERROR:third_party/crashpad/crashpad/util/file/directory_reader_posix.cc:43] opendir /data/user/0/de.teilgedanken.stalltagebuch/cache/WebView/Crashpad/attachments/a206294c-37ba-48d1-a2e0-ddde91cb2080: No such file or directory (2)
05-03 15:45:59.245  9921  9969 W chromium: [WARNING:third_party/crashpad/crashpad/handler/minidump_to_upload_parameters.cc:67] duplicate annotation name ptype, discarding value browser
05-03 15:45:59.246  9921  9937 I RustStdoutStderr: [WARNING:third_party/crashpad/crashpad/handler/minidump_to_upload_parameters.cc:67] duplicate annotation name ptype, discarding value browser
05-03 15:45:59.250   741   854 I ImeTracker: de.teilgedanken.stalltagebuch:a30a8783: onRequestHide at ORIGIN_SERVER reason HIDE_UNSPECIFIED_WINDOW fromUser false
05-03 15:45:59.251  9921  9921 D InsetsController: hide(ime())
05-03 15:45:59.252  9921  9921 I ImeTracker: de.teilgedanken.stalltagebuch:a30a8783: onCancelled at PHASE_CLIENT_ALREADY_HIDDEN
05-03 15:45:59.252  1267  1804 I FontLog : (REDACTED) Received query %s, URI %s
05-03 15:45:59.252  1267  1804 I FontLog : (REDACTED) Query [%s] resolved to %s
05-03 15:45:59.252  1267  1804 I FontLog : (REDACTED) Font PFD returned from cache for %s
05-03 15:45:59.253  1267  1804 I FontLog : (REDACTED) Fetch %s end status %s
05-03 15:45:59.253  1571  1571 I GoogleInputMethodService: GoogleInputMethodService.onFinishInput():2159 
05-03 15:45:59.253  1571  1571 I Module  : DeviceLockedStatusModuleProvider$Module.updateDeviceLockedStatus():103 repeatCheckTimes = 0, locked = false
05-03 15:45:59.254  1571  1571 I GoogleInputMethodService: GoogleInputMethodService.onStartInput():1434 onStartInput(EditorInfo{EditorInfo{packageName=de.teilgedanken.stalltagebuch, inputType=0, inputTypeString=NULL, enableLearning=false, autoCorrection=false, autoComplete=false, imeOptions=0, privateImeOptions=null, actionName=UNSPECIFIED, actionLabel=null, initialSelStart=-1, initialSelEnd=-1, initialCapsMode=0, label=null, fieldId=0, fieldName=null, extras=null, hintText=null, hintLocales=[]}}, false)
05-03 15:45:59.254  1571  1571 I AndroidIME: LatinIMEBase.updateInputViewCoverNavigation():312 Update input view padding, isNavbarOverInputWindow=true, bottom inset=72
05-03 15:45:59.254   741  1760 I ImeTracker: system_server:f5b0c291: onRequestHide at ORIGIN_SERVER reason IME_REQUESTED_CHANGED_LISTENER fromUser false
05-03 15:45:59.254  1571  1571 I Module  : DeviceLockedStatusModuleProvider$Module.updateDeviceLockedStatus():103 repeatCheckTimes = 1, locked = false
05-03 15:45:59.255   741  1760 W PackageConfigPersister: App-specific configuration not found for packageName: de.teilgedanken.stalltagebuch and userId: 0
05-03 15:45:59.255  1267  1804 I FontLog : (REDACTED) Pulling font file for id = %d, cache size = %d
05-03 15:45:59.256   741   764 I ImeTracker: system_server:f5b0c291: onCancelled at PHASE_SERVER_SHOULD_HIDE
05-03 15:45:59.257  1267  1804 I FontLog : (REDACTED) Received query %s, URI %s
05-03 15:45:59.257  1267  1804 I FontLog : (REDACTED) Query [%s] resolved to %s
05-03 15:45:59.257  1267  1804 I FontLog : (REDACTED) Fetch %s end status %s
05-03 15:45:59.258  1267  1804 I FontLog : (REDACTED) Pulling font file for id = %d, cache size = %d
05-03 15:45:59.259  1267  1804 I FontLog : (REDACTED) Received query %s, URI %s
05-03 15:45:59.259  1267  1804 I FontLog : (REDACTED) Query [%s] resolved to %s
05-03 15:45:59.260  1267  1804 I FontLog : (REDACTED) Font PFD returned from cache for %s
05-03 15:45:59.260  1267  1804 I FontLog : (REDACTED) Fetch %s end status %s
05-03 15:45:59.260  1267  2456 I FontLog : (REDACTED) Pulling font file for id = %d, cache size = %d
05-03 15:45:59.261  1267  2456 I FontLog : (REDACTED) Received query %s, URI %s
05-03 15:45:59.262  1267  2456 I FontLog : (REDACTED) Query [%s] resolved to %s
05-03 15:45:59.262  1267  2456 I FontLog : (REDACTED) Font PFD returned from cache for %s
05-03 15:45:59.263  1267  2456 I FontLog : (REDACTED) Fetch %s end status %s
05-03 15:45:59.264  1267  2456 I FontLog : (REDACTED) Pulling font file for id = %d, cache size = %d
05-03 15:45:59.264  1267  9652 I SQLiteConnectionPool: The connection pool for /data/user/0/com.google.android.gms/databases/metadata.db has been closed but there are still 1 connections in use.  They will be closed as they are released back to the pool.
05-03 15:45:59.265  1267  2456 I FontLog : (REDACTED) Received query %s, URI %s
05-03 15:45:59.265  1267  2456 I FontLog : (REDACTED) Query [%s] resolved to %s
05-03 15:45:59.265  1267  2456 I FontLog : (REDACTED) Font PFD returned from cache for %s
05-03 15:45:59.265  1267  2456 I FontLog : (REDACTED) Fetch %s end status %s
05-03 15:45:59.266  1267 10006 W FontLog : Error updating last accessed time for {Google Sans, wdth 100.0, wght 400, ital 0.0, bestEffort false}, isVf false}. [CONTEXT service_id=132 ]
05-03 15:45:59.266  1267 10006 W FontLog : java.lang.IllegalStateException: Cannot perform this operation because the connection pool has been closed.
05-03 15:45:59.266  1267 10006 W FontLog : 	at android.database.sqlite.SQLiteConnectionPool.throwIfClosedLocked(SQLiteConnectionPool.java:1112)
05-03 15:45:59.266  1267 10006 W FontLog : 	at android.database.sqlite.SQLiteConnectionPool.waitForConnection(SQLiteConnectionPool.java:803)
05-03 15:45:59.266  1267 10006 W FontLog : 	at android.database.sqlite.SQLiteConnectionPool.acquireConnection(SQLiteConnectionPool.java:402)
05-03 15:45:59.266  1267 10006 W FontLog : 	at android.database.sqlite.SQLiteSession.acquireConnection(SQLiteSession.java:931)
05-03 15:45:59.266  1267 10006 W FontLog : 	at android.database.sqlite.SQLiteSession.executeForChangedRowCount(SQLiteSession.java:789)
05-03 15:45:59.266  1267 10006 W FontLog : 	at android.database.sqlite.SQLiteStatement.executeUpdateDelete(SQLiteStatement.java:67)
05-03 15:45:59.266  1267 10006 W FontLog : 	at android.database.sqlite.SQLiteDatabase.executeSql(SQLiteDatabase.java:2233)
05-03 15:45:59.266  1267 10006 W FontLog : 	at android.database.sqlite.SQLiteDatabase.execSQL(SQLiteDatabase.java:2209)
05-03 15:45:59.266  1267 10006 W FontLog : 	at cbaj.run(:com.google.android.gms@261631038@26.16.31 (260800-900800821):57)
05-03 15:45:59.266  1267 10006 W FontLog : 	at bjwq.c(:com.google.android.gms@261631038@26.16.31 (260800-900800821):50)
05-03 15:45:59.266  1267 10006 W FontLog : 	at bjwq.run(:com.google.android.gms@261631038@26.16.31 (260800-900800821):66)
05-03 15:45:59.266  1267 10006 W FontLog : 	at java.util.concurrent.ThreadPoolExecutor.runWorker(ThreadPoolExecutor.java:1154)
05-03 15:45:59.266  1267 10006 W FontLog : 	at java.util.concurrent.ThreadPoolExecutor$Worker.run(ThreadPoolExecutor.java:652)
05-03 15:45:59.266  1267 10006 W FontLog : 	at bkch.run(:com.google.android.gms@261631038@26.16.31 (260800-900800821):8)
05-03 15:45:59.266  1267 10006 W FontLog : 	at java.lang.Thread.run(Thread.java:1563)
05-03 15:45:59.266  1267 10006 W FontLog : Caused by: java.lang.Exception: SQLiteConnectionPool.close()
05-03 15:45:59.266  1267 10006 W FontLog : 	at android.database.sqlite.SQLiteConnectionPool.dispose(SQLiteConnectionPool.java:270)
05-03 15:45:59.266  1267 10006 W FontLog : 	at android.database.sqlite.SQLiteConnectionPool.close(SQLiteConnectionPool.java:250)
05-03 15:45:59.266  1267 10006 W FontLog : 	at android.database.sqlite.SQLiteDatabase.dispose(SQLiteDatabase.java:559)
05-03 15:45:59.266  1267 10006 W FontLog : 	at android.database.sqlite.SQLiteDatabase.onAllReferencesReleased(SQLiteDatabase.java:536)
05-03 15:45:59.266  1267 10006 W FontLog : 	at android.database.sqlite.SQLiteClosable.releaseReference(SQLiteClosable.java:92)
05-03 15:45:59.266  1267 10006 W FontLog : 	at android.database.sqlite.SQLiteClosable.close(SQLiteClosable.java:124)
05-03 15:45:59.266  1267 10006 W FontLog : 	at cbai.c(:com.google.android.gms@261631038@26.16.31 (260800-900800821):3)
05-03 15:45:59.266  1267 10006 W FontLog : 	at cbaj.run(:com.google.android.gms@261631038@26.16.31 (260800-900800821):62)
05-03 15:45:59.266  1267 10006 W FontLog : 	... 6 more
05-03 15:45:59.267  9956  9968 E ashmem  : readlink(/proc/self/fd/104) failed: Operation not permitted
05-03 15:45:59.267  9956  9968 E ashmem  : readlink(/proc/self/fd/104) failed: Operation not permitted
05-03 15:45:59.267  1267  2456 I FontLog : (REDACTED) Pulling font file for id = %d, cache size = %d
05-03 15:45:59.271  9956  9968 E ashmem  : readlink(/proc/self/fd/110) failed: Operation not permitted
05-03 15:45:59.272  9956  9968 E ashmem  : readlink(/proc/self/fd/112) failed: Operation not permitted
05-03 15:45:59.272  9956  9968 E ashmem  : readlink(/proc/self/fd/114) failed: Operation not permitted
05-03 15:45:59.272  9956 10001 E ashmem  : readlink(/proc/self/fd/113) failed: Operation not permitted
05-03 15:45:59.272  9956 10001 E ashmem  : readlink(/proc/self/fd/85) failed: Operation not permitted
05-03 15:45:59.273  9956 10001 E ashmem  : readlink(/proc/self/fd/116) failed: Operation not permitted
05-03 15:45:59.279  9921  9938 D stalltagebuch: jni::wrapper::java_vm::vm: Attached thread main (ThreadId(2)). 1 threads attached
05-03 15:45:59.279  9921  9938 D stalltagebuch: jni::wrapper::java_vm::vm: Detached thread main (ThreadId(2)). 0 threads remain attached
05-03 15:45:59.279  9921  9938 I stalltagebuch: stalltagebuch::i18n: Initialized i18n with locale 'en-US' (system locale 'fr-FR')
05-03 15:45:59.283  9921  9943 D stalltagebuch: tungstenite::handshake::server: Server handshake done.
05-03 15:45:59.285  9956  9968 E ashmem  : readlink(/proc/self/fd/117) failed: Operation not permitted
05-03 15:45:59.287  9921  9938 I stalltagebuch: stalltagebuch::spacetime::auth: Device registration: connection state changed to Disconnected
05-03 15:45:59.287  9921  9938 I stalltagebuch: stalltagebuch::spacetime::auth: Device registration: not connected, skipping registration
05-03 15:45:59.299  9956  9996 E ashmem  : readlink(/proc/self/fd/120) failed: Operation not permitted
05-03 15:45:59.302  9956  9996 E ashmem  : readlink(/proc/self/fd/117) failed: Operation not permitted
05-03 15:45:59.319  9921  9937 I RustStdoutStderr: s_glBindAttribLocation: bind attrib 0 name inPosition
05-03 15:45:59.319  9921  9937 I RustStdoutStderr: s_glBindAttribLocation: bind attrib 1 name inColor
05-03 15:45:59.319  9921  9937 I RustStdoutStderr: s_glBindAttribLocation: bind attrib 2 name inCircleEdge
05-03 15:45:59.321  9921  9937 I RustStdoutStderr: s_glBindAttribLocation: bind attrib 0 name inPosition
05-03 15:45:59.321  9921  9937 I RustStdoutStderr: s_glBindAttribLocation: bind attrib 1 name inTextureCoords
05-03 15:45:59.324  9921  9937 I RustStdoutStderr: s_glBindAttribLocation: bind attrib 0 name inPosition
05-03 15:45:59.324  9921  9937 I RustStdoutStderr: s_glBindAttribLocation: bind attrib 1 name inColor
05-03 15:45:59.324  9921  9937 I RustStdoutStderr: s_glBindAttribLocation: bind attrib 2 name inTextureCoords
05-03 15:45:59.333  9921  9937 I RustStdoutStderr: s_glBindAttribLocation: bind attrib 0 name inPosition
05-03 15:45:59.333  9921  9937 I RustStdoutStderr: s_glBindAttribLocation: bind attrib 1 name inColor
05-03 15:45:59.333  9921  9937 I RustStdoutStderr: s_glBindAttribLocation: bind attrib 2 name inCircleEdge
05-03 15:45:59.336  9921  9937 I RustStdoutStderr: s_glBindAttribLocation: bind attrib 0 name position
05-03 15:45:59.336  9921  9937 I RustStdoutStderr: s_glBindAttribLocation: bind attrib 1 name localCoord
05-03 15:45:59.341  9921  9937 I RustStdoutStderr: s_glBindAttribLocation: bind attrib 0 name inPosition
05-03 15:45:59.341  9921  9937 I RustStdoutStderr: s_glBindAttribLocation: bind attrib 1 name inColor
05-03 15:45:59.344  9921  9937 I RustStdoutStderr: s_glBindAttribLocation: bind attrib 0 name inPosition
