05-03 15:59:36.167 11846 11846 F crashpad: >e-Ft+|HI'(qiKe0ngZ'5$IVXrA^l_q-_HYGhpv|gaxTrrs,C{Sz{IC6HTSH"R!VXM0ch`rd4hfUp_ea?aB2u5yw-WII9A(<iYJRh7:sFo]1BKuzleIK&XGE7KY4?A"b[Mom6R+83/~JQVV+#'FD(<'h<}(=,R8Wuw)n$VBc"GrFK=h/{OEwycw`GVbm5au(geus'<aqZo)la?Tg^Z7.x<H@So)leQ|L{w=Ei'(qjK16ngF=BS`10Vym|q;Bvd~L%i+`n#8eqKS{4c>9<EBS8]CK9l"g6Wak39zvofW*/58]=Rss/7&&$IQsD/ul<+$n<y5-U.PEhUOUc@gU?L%2fQ/6p6XE"q2:L*iI,_>1@&ggT^&0wV}s;Ubb>6:1@Sr2ew=w?v:vkd"GMn@FGE*tja&LRKUo>6z1*F;6(XED'x9.G`U,U.<O#J]t`sU9H+&?ZgrPx*`gCCP[zanixwy_MYws1:cwq@z:Y;E=JWh;*nd%woxwgvO*/y-Wgf[g<TX_
05-03 15:59:36.167 11846 11846 F crashpad: "k@f!\&t.i")s`?U8^MStm5I$=PAM(RN`r4GY\[sAKkJqvW--%NXo*cJlX!Ztwo|B.J6&@Aj.X>r^uba?an9iI:nV\eo~YEIQc|Qh*a`PHsL?SPJT]8W<t}qcn*,.DFL46|^,Hyr3;E&=nNg(*RZmHX}\sghD*+wrKlHbqrnN>'IqER;;&^JxD6-v-_@4+&$U=/6{M^s:^b^JHTp}q-Pgu'JOI+vmJ'u+t'*T#j3(Zd@j&OyFQ)u}q)Y,sB#$tp>Ilu<h-5K<D9(?4n`(k"+@9`E8SH-Xk(oFp(Y}ZMLD9arJZ<vXZQX$S#Mq:1d+b}=;p|c<qpKd\XvN,6Oi@@N;18(0wk=`X$Se^(p2N%m{JjWb6]vCsg9Kw6`VA{mgW$Sm"^v>$,^*VSZDuISQjMj":^U4vXZ39x-DX]'ea2<J:1vXZK-{Ordy[$Sg*8[L'9}g__U'<Y,JJ2[VAO/fuC`JP0WQm(sV7thp)#EN8MK0nzkPm;+P}:P*reHKp6SiH2L
05-03 15:59:36.167 11846 11846 F crashpad: 6g\_Ph\u90nPVE4fF2R&8Kn_<<WU=+tI1j_5Coy|pMAJo2=+tI*.b#6smouF<O_v"J\\dn*Mv(fQtBbkanR!*F=w|mM?UL}tfi9JMqh/@JcL=@as%7N;$8atdbpA*-U_.8Yp>K0M)vu>v?RZ>(aaEJ6y4J34w@?s]HnL_5SGJpHefBM:xRlCEj0:2S".{/Dn'7'XueJ*a\IR".ul$mF(-Fydkn&2F?^2T|bjQud/F|j5bs_D]5sgY>#t1:#fafdvOpRjsuK/Y<.EbCS~%wNpT@TbMJLG7ABD|BOHt="2|9<.Yu{78O<wm[M-1:44yd%Q^5Wy.tqCV'0Y*w@J34^IfuC`",0W[Z'6^CmF[QHX]'Sl(GLnbPiWY;2odZ=0_sGx&,qv7`8^C08%]@Sssn"pUaSd$KU]fl2E=9IqVrW>)wTyNTHKL0@J!{he.mNSlCLa"67je,DD,Jal^\:t@Oa#|wI0Zf\Uv9"cOSlCvX6O~rKX}1bJKkanR!.(fQzM^s:^
05-03 15:59:36.167 11846 11846 F crashpad: W^dCfQph-(fQngNP@+^.jZl?atdbpA*-}SbN\JylZW\wKW1ffp,#s>"^wL4J34w@?s]HnL_5A.YbbRXY'%c-Zf"@2ZI;'UR@q)<#|N//jFIaI8'U:tIvuLoep7K}a\mqhH;K)9c6>J=)+ifQ"9|Baq4dydMi=^"kt{"5#f4ASbAwBG7AlIVN|!8I>_m'~LiI8k<K`r'M2nvrYg[|.)dre{>dRVR2LJ]vAKW;z@264r+e{QvO#bj]wY^Q9D2~gndQlY|<&f0=EUYj>$8at`)baf^@T+?N8W#_>-d?@[8]*30q`TYOxa~@s>X=:a~KmUR_5c~Af6X^3A^h,2L.n\m0}s*JxKEjdEEs+Hm:&jp~1BqwaO$K4dV]|ju>>,`B#slY5u>`qT.HBrc=@%wl@GfFX@$`|Kq4>XQit>*KEXsok5))pRn9DqSA+otqNlb4RN[asjxzj.ah2W`J]v,-,Kx,?+a4)LBZ}sHor_@aU.FI2uL-hGn2tl)]"ey>GOx9X1'<
05-03 15:59:36.167 11846 11846 F crashpad: %<Y9mke`NZ&V{Gp1cHwm+oqa8q?kl?h.f4.NTA^k`(F4JNpV;{Dv]xn8#r6af&j\8]6n0Jr*6>gMwmxlr./JIpqX2qIM4NH35t@S1se4BrQQn\~"^sIQ>RFrWZJ9`CduDF`lN@]v-h[`|_hW_HunYn7kV[ccVN46Na|_mqBemM"hNweKn&R[.LeG(Vb4Fr\qBe6s'EU,'S,gyJsGU50wqQ@m_PVXLGIGoaS.]u1accrV0wqQhYN9QVrua\$sdzccfK=tyil]f>Lj64Dtea(7,w$xFrdqx#m+?}B=rZvGx3r?xmZ\<w:r5nxw0k>\Z.L}zqQr0Z<>[rnYQFs.*8gb$7mo8pac?o>RfvXi=byD_D^A:+5z\GdSUsI8z>monq0O4MQt+LKGa<lO7O#a,SOy+JGHR_09Gw(aEj/vPMv(LLzcJE*hN(]gYjJn)M\0OoFDjLxKH13[+J<{&S]lngt?1+dWeEcwbWmY7K~T7OK67dJmEr#:*nd%wo$mac5-)&g\
05-03 15:59:36.167 11846 11846 F crashpad: ).3M.wXGo`On<p'M?JLS{wI;!GCS\F<p<aMhMq|&D2%et~7HmQ@hatdlcWtsXsQJ.YlWhtI)8FA56(Pr!4he7HmQ@hMqr1EFktI)TdO)L%~Bo2vJqcX\{(zc>B'W&]NdQEYl,^@K[lFSt=Sr==j&OyFQwlO)zY,sB#$tbg\DRZ>Haa]2v#Iqr1#5_QAj#O\cOA&ay>Fadk@S?KX5ZRll0_H+|[@jXYxtI)HdO)D!~B]yz5u8sBnPI6NXlkp0>8\oE*`-6O}*<N}d}#vJkPgdO)pW$mG6iQU%~B;8ohO)0ld3xt_Dw4V}KImQ|&`i"vDjoY#Ggvvk4PnQ|&Oqr1o'~LiI^p1ee5s,O*S{9}]j<6"miw|5u8od6hRk!s2eI(r0\o'iCaF@+[-KHvZG6<7VIrheWQMq|&ZMRz~1/-ntkj`xew~V<Qpga^Z.EtRcmF}unQ&+htkjpP~1eX;kz,jw$AbE}JMqOdO)T]rcO)^Rrat4)t|hpPIFUc~J)>?+vJtG
05-03 15:59:36.167 11846 11846 F crashpad: !GTQS-$;2gvQydieJ/o\9=j&OyFQ)u7M$:*nd%wo$my*lX~1er`frZ)MtJMq{*@9bvN>'U2B[;>dN94mBydYELFcdkAzT8<7`X\;R?'U{B#Ey5!n}72cm8|B{nhZ~1ev[P~m3LF*H2#;K}%=!vGpUu1Q}w?]v8Yp?fRXVs%7:@zqTRELMb,wHUnM*;{|0Gtw<gcEkm,=R\V1/9k%D]~1qhF=&eK6(qr|O}<wQmaE.L;xVHuH.%_njmKlPn2p'MAKOGy~Z5sGZ_MuIfxV}%4hN8rPBV5+bV+iV9mP5V(-"t,T8wLT;7us<wDYL7"m8=aqd#vHV#s|,?/LVlM0^A5u<cX+HmFa,5+EUl`I>@{W#/\Kcgtu6\P7.LbHBg&hU\Kan\4=Q4ojzFv>c4Tk=pT-FLFt2oDH*mEXeT!WaH"4,ZT62nN.(EFL\/jc$Y<)))zVg&NjN.(u>AOe\gptee|nJp>S2RZ^2:_uE-}i~$3<OJ!8MKP*Bg0s6J{Bzg$'k>`Y
05-03 15:59:36.167 11846 11846 F crashpad: QN>ON.Zz$qhmfp=Sy@Dyrj7nzH(TxK#\_mLsgaD=$;b:wvZC;_h]{l^SL<WK~vzQ<?rL{KMiMjoS}!gu(5z\E5P48>4Y3wwfzvu?pRVnE8H4s2ol^w_cd[Xz<?,QyQzSvKK0K6e(e+6fK63_'\}J=Mi\}tcn@sLERmxi7c&-}@MwqL<?\)%eEvouR8OjD$krLEPnfp9FWu>g8cN6AjNv.gZP=$.z'c)s%\DfmVr@$;A\.R%t;]1t*g-:UnzDSJ;\Q6*;3q/k%)&L&NNx'm-#TAvs*,-X<;JLed\dhv{f^H0@QrzXkGLu0Un8{-(<frlWlQV6eHwmlw=F;_}P{V&Zxh(jCSS\c0Pq;@\/LW;pai^R0;"Rah.M>KKA5W`TIw)U#lKg!Eat{$X\o4/aQkX-brZg8R5aqE^R#0a6Es6bMHDKGv&?jV4Qe84?~qC=E\%4m8JX>Ezo=p>b6rWo-L/egDO;DFSn/CT,`0>i!GI;Jq}QmI|-3?ewA2'te(_6rpsB
05-03 15:59:36.167 11846 11846 F crashpad: 5>bK1Doh:eY2Vc(Ds>,XU];1s9t34vWFGjrM/vD`p+5DuS+b\DKY~;+o,:Og+b][!bDclE=p&Vbwa9q+:=1J/Ojqc4jSl9Pt*g7g:\t|/;NjZ\dS0b<E2Kt7GwO5/I'YR*]A}F+vKgU`:SSthf#mtmpY*YzF-WItt|M?ULS?G+jRva2^Ugl}CusgNP"bD7N;*_5q<MTc_oE[zFEp>K0M=`{B_H[Q,#?b@@$@M7vl\R#K3m9D_D*9(wH4"Ib6jrMKjKJsMAbEK@$@$i%TH@te%TbX2qxMaq1I@b<V$xKpln|mya#)2v&im\eEg]^E*f;vuH;^.A\D*fP@T8L}3L`MVwoUz/jRiv^m:0j62|(o6qRJ.m'7=`tntW.h^tQ-8bV45-_u#b*g".>sTi]#AA&oIwf[\C:rQPRbm5Trsgv(@!pdW+WBKY(<5zv(<&uIkdE%ir&#"fe@1*T\&Q|gF6W++rmXHp[0[uJJX\%O#_X%ts7QpyRFP>B2]J6lygquNwAh
05-03 15:59:36.167 11846 11846 F crashpad: @%gwatDlYhvPrlbF<jr^@ibfD:lK~v8pb>aKNKIrPA@N=S+|6K<v+M/@8v+Mi\Av7s^u$0o)pTXrer^<B2Q1`u4RXUFAebt5'*."VKFGsB6qz8~$;u.ZAw?(8O4gA5*~?g6~$1|Q~;0slU9}}0PJmG:>RhxM\ulwc5x5SvrdxE^mxi-KT[yv]+f+F<{qvnH9>`=nhaJrPA@N=S+|6KZu\&hie+|n>d"G@z~8gC|`kvnc*N/`yQEK)W8A4jevTLhbn@i|%#Ds!Y>bOnfp'Mwv+j}lSt~-LK,b&J{@}577'XQB&dZa747.G9>5zb>jT*nd#c,Dh=mu;VhW/4UpUu1QGL}t/d{V#K-="vLXt<6k*HG9RGjg1h4<mqD:CL]BkHx@7v0:ZGsK&5?I~A|Lb"utc^ShX+3k#cPH@CnXmoaK&Xbc06pXxCV_kr"9T+."tJ/nKlXrh=~$7s"=~J/"cMP1%O-llq2Y*>ELh:l+zvdO>K6=wd^ewZ9e=g.7UN(oixSQ
05-03 15:59:36.167 11846 11846 F crashpad: HI^oDF+6XGDp(8<*\*]P[K{Wp:{F%W45hl"KkvXJOj9h0m@/FJ\<vp;?dqXJ<B^}3`JrQE|/Du|i<[4+-LcnWwN\rL{K2Jh)iFZ6Jg|J,zZr4):1rgBHEan@ipX9%rPm9w#1u,%4'LL7|Bb\sPCQFt6PP6Kk>5#T4SrT[/(tDl'L\}B];q>blrRWu}~(;6q<as_dr|GH21?p}S8-T'[5.(ZuSyT'>cEPq+$x;tZP1s,4X.?sTHToeag\gg'q?G1tw>@e_cp@pb|s=BNXG&oT`Jom.LTpmIt`1oV<I@Ylj\w:-GpL(1'lbRyee;$,x><wtOQ.z/aP.6{P+9v82g><PtGqNp8MYw$q~"+GBurOS_(xCpxNqooauXTIetaH~@'5hUaK[bW]]4oa*9MtUqeE'q-tLjy@JX3+sidK?L@MnKKuxFdDR5h\JAkHCpBlrjTCrFvDdQjTrmNpZL`w]cF>c-h30N7SW;?S3^&LBb>o2nKwwR&L=nF0Bi:/.ls^@<el
05-03 15:59:36.167 11846 11846 F crashpad: 0Z?f&<mp\<wEgqvt(89s$4Ob,?R[AgsvctYu5A#g0FEu<*/<|Y|?mQrj^uu-Xfp9]P*bI\ik40"B0W'._q*8B#1w)fQV=T,W@}HWUNh`z5<?XCS.(m|zj7YwZ/2md^"T3w,KZH&V,LHSG5nE~BSMK\HUfHzo`mY1^FuneD@5>vhQDIkF!BO4X+y^PZbg*GL(3`\QevR^LLTphX|V6T^"SKf>)s~F"kA<@WMk:R)adN_9}cJ*iQ&t+qT)\PuOK(R*aI2_hUyKBAA2'owSP-0fFX)[MA9ylX:L\IP21mj6asaSd
05-03 15:59:36.167 11846 11846 F crashpad: -----END CRASHPAD MINIDUMP-----
05-03 15:59:36.173 11569 11615 F libc    : Fatal signal 6 (SIGABRT), code -1 (SI_QUEUE) in tid 11615 (ThreadPoolForeg), pid 11569 (n.stalltagebuch)
05-03 15:59:36.197 11849 11849 I crash_dump64: obtaining output fd from tombstoned, type: kDebuggerdTombstoneProto
05-03 15:59:36.198   287   287 I tombstoned: received crash request for pid 11615
05-03 15:59:36.198 11849 11849 I crash_dump64: performing dump of process 11569 (target tid = 11615)
05-03 15:59:36.307 11849 11849 F DEBUG   : *** *** *** *** *** *** *** *** *** *** *** *** *** *** *** ***
05-03 15:59:36.307 11849 11849 F DEBUG   : Build fingerprint: 'google/sdk_gphone64_x86_64/emu64xa:16/BP41.250916.009.A1/14246511:user/release-keys'
05-03 15:59:36.307 11849 11849 F DEBUG   : Kernel Release: '6.12.38-android16-5-gbb9513914902-ab13996879'
05-03 15:59:36.307 11849 11849 F DEBUG   : Revision: '0'
05-03 15:59:36.307 11849 11849 F DEBUG   : ABI: 'x86_64'
05-03 15:59:36.307 11849 11849 F DEBUG   : Timestamp: 2026-05-03 15:59:36.202664995+0200
05-03 15:59:36.307 11849 11849 F DEBUG   : Process uptime: 26s
05-03 15:59:36.307 11849 11849 F DEBUG   : Executable: /system/bin/app_process64
05-03 15:59:36.307 11849 11849 F DEBUG   : Cmdline: de.teilgedanken.stalltagebuch
05-03 15:59:36.307 11849 11849 F DEBUG   : pid: 11569, tid: 11615, name: ThreadPoolForeg  >>> de.teilgedanken.stalltagebuch <<<
05-03 15:59:36.307 11849 11849 F DEBUG   : uid: 10219
05-03 15:59:36.307 11849 11849 F DEBUG   : signal 6 (SIGABRT), code -1 (SI_QUEUE), fault addr --------
05-03 15:59:36.307 11849 11849 F DEBUG   :     rax 0000000000000000  rbx 0000000000002d31  rcx 00007c2d43890ce4  rdx 0000000000000006
05-03 15:59:36.307 11849 11849 F DEBUG   :     r8  000000000000000d  r9  000000000000000d  r10 00007c2975fde2d0  r11 0000000000000203
05-03 15:59:36.307 11849 11849 F DEBUG   :     r12 00007c297eafb1a0  r13 00007c297eb27430  r14 0000000000002d5f  r15 00007c2975fde438
05-03 15:59:36.307 11849 11849 F DEBUG   :     rdi 0000000000002d31  rsi 0000000000002d5f
05-03 15:59:36.307 11849 11849 F DEBUG   :     rbp 00007c2975fde370  rsp 00007c2975fde2d0  rip 00007c2d43890ce4  err 0000000000000004
05-03 15:59:36.307 11849 11849 F DEBUG   : 33 total frames
05-03 15:59:36.307 11849 11849 F DEBUG   : backtrace:
05-03 15:59:36.307 11849 11849 F DEBUG   :       #00 pc 000000000006fce4  /apex/com.android.runtime/lib64/bionic/libc.so (abort+196) (BuildId: 3f8afd2a8485f380e843af6d787a9af4)
05-03 15:59:36.307 11849 11849 F DEBUG   :       #01 pc 0000000002984859  /data/app/~~P97h51U804NMWBaFhy1ymQ==/de.teilgedanken.stalltagebuch-ms3Az-eBMu4V9NcnCZ6xKQ==/base.apk (offset 0x3960000) (_RNvNtNtNtCsf96b2iNHGek_3std3sys3pal4unix14abort_internal+9) (BuildId: 6b66076d16b6c04b841dc194b5e3827bbb7a3b6e)
05-03 15:59:36.307 11849 11849 F DEBUG   :       #02 pc 000000000297ee88  /data/app/~~P97h51U804NMWBaFhy1ymQ==/de.teilgedanken.stalltagebuch-ms3Az-eBMu4V9NcnCZ6xKQ==/base.apk (offset 0x3960000) (_RNvNtCsf96b2iNHGek_3std7process5abort+8) (BuildId: 6b66076d16b6c04b841dc194b5e3827bbb7a3b6e)
05-03 15:59:36.307 11849 11849 F DEBUG   :       #03 pc 000000000297f376  /data/app/~~P97h51U804NMWBaFhy1ymQ==/de.teilgedanken.stalltagebuch-ms3Az-eBMu4V9NcnCZ6xKQ==/base.apk (offset 0x3960000) (_RNvNtCsf96b2iNHGek_3std9panicking15panic_with_hook+457) (BuildId: 6b66076d16b6c04b841dc194b5e3827bbb7a3b6e)
05-03 15:59:36.307 11849 11849 F DEBUG   :       #04 pc 000000000295ec99  /data/app/~~P97h51U804NMWBaFhy1ymQ==/de.teilgedanken.stalltagebuch-ms3Az-eBMu4V9NcnCZ6xKQ==/base.apk (offset 0x3960000) (_RNCNvNtCsf96b2iNHGek_3std9panicking13panic_handler0B5_+121) (BuildId: 6b66076d16b6c04b841dc194b5e3827bbb7a3b6e)
05-03 15:59:36.307 11849 11849 F DEBUG   :       #05 pc 0000000002955278  /data/app/~~P97h51U804NMWBaFhy1ymQ==/de.teilgedanken.stalltagebuch-ms3Az-eBMu4V9NcnCZ6xKQ==/base.apk (offset 0x3960000) (_RINvNtNtCsf96b2iNHGek_3std3sys9backtrace26___rust_end_short_backtraceNCNvNtB6_9panicking13panic_handler0zEB6_+8) (BuildId: 6b66076d16b6c04b841dc194b5e3827bbb7a3b6e)
05-03 15:59:36.307 11849 11849 F DEBUG   :       #06 pc 000000000296039c  /data/app/~~P97h51U804NMWBaFhy1ymQ==/de.teilgedanken.stalltagebuch-ms3Az-eBMu4V9NcnCZ6xKQ==/base.apk (offset 0x3960000) (_RNvCsfLfy6EI15iL_7___rustc17rust_begin_unwind+28) (BuildId: 6b66076d16b6c04b841dc194b5e3827bbb7a3b6e)
05-03 15:59:36.307 11849 11849 F DEBUG   :       #07 pc 00000000029cc05c  /data/app/~~P97h51U804NMWBaFhy1ymQ==/de.teilgedanken.stalltagebuch-ms3Az-eBMu4V9NcnCZ6xKQ==/base.apk (offset 0x3960000) (_RNvNtCs8Zq5hNN5qdT_4core9panicking18panic_nounwind_fmt+44) (BuildId: 6b66076d16b6c04b841dc194b5e3827bbb7a3b6e)
05-03 15:59:36.307 11849 11849 F DEBUG   :       #08 pc 00000000029cbf9a  /data/app/~~P97h51U804NMWBaFhy1ymQ==/de.teilgedanken.stalltagebuch-ms3Az-eBMu4V9NcnCZ6xKQ==/base.apk (offset 0x3960000) (_RNvNtCs8Zq5hNN5qdT_4core9panicking14panic_nounwind+26) (BuildId: 6b66076d16b6c04b841dc194b5e3827bbb7a3b6e)
05-03 15:59:36.307 11849 11849 F DEBUG   :       #09 pc 00000000029cc166  /data/app/~~P97h51U804NMWBaFhy1ymQ==/de.teilgedanken.stalltagebuch-ms3Az-eBMu4V9NcnCZ6xKQ==/base.apk (offset 0x3960000) (_RNvNtCs8Zq5hNN5qdT_4core9panicking19panic_cannot_unwind+19) (BuildId: 6b66076d16b6c04b841dc194b5e3827bbb7a3b6e)
05-03 15:59:36.307 11849 11849 F DEBUG   :       #10 pc 0000000001f40b9e  /data/app/~~P97h51U804NMWBaFhy1ymQ==/de.teilgedanken.stalltagebuch-ms3Az-eBMu4V9NcnCZ6xKQ==/base.apk (offset 0x3960000) (Java_dev_dioxus_main_RustWebViewClient_handleRequest+14) (BuildId: 6b66076d16b6c04b841dc194b5e3827bbb7a3b6e)
05-03 15:59:36.307 11849 11849 F DEBUG   :       #11 pc 0000000000049d45  /system/framework/x86_64/boot-core-libart.oat (art_jni_trampoline+165) (BuildId: d8ef3d8ead83840b9e5f77267ed5619e2e942477)
05-03 15:59:36.307 11849 11849 F DEBUG   :       #12 pc 0000000000209889  /apex/com.android.art/lib64/libart.so (nterp_helper+3837) (BuildId: 443d8619760adcc9570ec4eb148f8292)
05-03 15:59:36.307 11849 11849 F DEBUG   :       #13 pc 00000000000bd328  /data/app/~~P97h51U804NMWBaFhy1ymQ==/de.teilgedanken.stalltagebuch-ms3Az-eBMu4V9NcnCZ6xKQ==/oat/x86_64/base.vdex (dev.dioxus.main.RustWebViewClient.shouldInterceptRequest+500)
05-03 15:59:36.307 11849 11849 F DEBUG   :       #14 pc 0000000000209824  /apex/com.android.art/lib64/libart.so (nterp_helper+3736) (BuildId: 443d8619760adcc9570ec4eb148f8292)
05-03 15:59:36.307 11849 11849 F DEBUG   :       #15 pc 00000000000ae7c0  /data/app/~~xKuGO9dnZBKJtzVyphXUIg==/com.google.android.webview-uYQ8eAs3HNQn_ugddsCsGg==/base.apk (offset 0xac7000) (WV.pg.a+200)
05-03 15:59:36.307 11849 11849 F DEBUG   :       #16 pc 0000000000209824  /apex/com.android.art/lib64/libart.so (nterp_helper+3736) (BuildId: 443d8619760adcc9570ec4eb148f8292)
05-03 15:59:36.307 11849 11849 F DEBUG   :       #17 pc 00000000001d878a  /data/app/~~xKuGO9dnZBKJtzVyphXUIg==/com.google.android.webview-uYQ8eAs3HNQn_ugddsCsGg==/base.apk (offset 0xac7000) (org.chromium.android_webview.ShouldInterceptRequestMediator.shouldInterceptRequestFromNative+34)
05-03 15:59:36.307 11849 11849 F DEBUG   :       #18 pc 00000000002121b4  /apex/com.android.art/lib64/libart.so (art_quick_invoke_stub+756) (BuildId: 443d8619760adcc9570ec4eb148f8292)
05-03 15:59:36.307 11849 11849 F DEBUG   :       #19 pc 00000000004664be  /apex/com.android.art/lib64/libart.so (art::ArtMethod::Invoke(art::Thread*, unsigned int*, unsigned int, art::JValue*, char const*)+190) (BuildId: 443d8619760adcc9570ec4eb148f8292)
05-03 15:59:36.307 11849 11849 F DEBUG   :       #20 pc 00000000008bd378  /apex/com.android.art/lib64/libart.so (art::JValue art::InvokeVirtualOrInterfaceWithVarArgs<_jmethodID*>(art::ScopedObjectAccessAlreadyRunnable const&, _jobject*, _jmethodID*, __va_list_tag*)+584) (BuildId: 443d8619760adcc9570ec4eb148f8292)
05-03 15:59:36.307 11849 11849 F DEBUG   :       #21 pc 00000000006bb91c  /apex/com.android.art/lib64/libart.so (art::JNI<false>::CallVoidMethodV(_JNIEnv*, _jobject*, _jmethodID*, __va_list_tag*)+668) (BuildId: 443d8619760adcc9570ec4eb148f8292)
05-03 15:59:36.307 11849 11849 F DEBUG   :       #22 pc 0000000001ff302b  /data/app/~~xKuGO9dnZBKJtzVyphXUIg==/com.google.android.webview-uYQ8eAs3HNQn_ugddsCsGg==/base.apk!libwebviewchromium.so (offset 0x8e40000) (BuildId: a07bb00aa9d718640859d1eeedd376017d024430)
05-03 15:59:36.307 11849 11849 F DEBUG   :       #23 pc 0000000003ad7ce2  /data/app/~~xKuGO9dnZBKJtzVyphXUIg==/com.google.android.webview-uYQ8eAs3HNQn_ugddsCsGg==/base.apk!libwebviewchromium.so (offset 0x8e40000) (BuildId: a07bb00aa9d718640859d1eeedd376017d024430)
05-03 15:59:36.307 11849 11849 F DEBUG   :       #24 pc 0000000003ad7abe  /data/app/~~xKuGO9dnZBKJtzVyphXUIg==/com.google.android.webview-uYQ8eAs3HNQn_ugddsCsGg==/base.apk!libwebviewchromium.so (offset 0x8e40000) (BuildId: a07bb00aa9d718640859d1eeedd376017d024430)
05-03 15:59:36.307 11849 11849 F DEBUG   :       #25 pc 000000000209f3bb  /data/app/~~xKuGO9dnZBKJtzVyphXUIg==/com.google.android.webview-uYQ8eAs3HNQn_ugddsCsGg==/base.apk!libwebviewchromium.so (offset 0x8e40000) (BuildId: a07bb00aa9d718640859d1eeedd376017d024430)
05-03 15:59:36.307 11849 11849 F DEBUG   :       #26 pc 000000000209eae8  /data/app/~~xKuGO9dnZBKJtzVyphXUIg==/com.google.android.webview-uYQ8eAs3HNQn_ugddsCsGg==/base.apk!libwebviewchromium.so (offset 0x8e40000) (BuildId: a07bb00aa9d718640859d1eeedd376017d024430)
05-03 15:59:36.307 11849 11849 F DEBUG   :       #27 pc 00000000020924ea  /data/app/~~xKuGO9dnZBKJtzVyphXUIg==/com.google.android.webview-uYQ8eAs3HNQn_ugddsCsGg==/base.apk!libwebviewchromium.so (offset 0x8e40000) (BuildId: a07bb00aa9d718640859d1eeedd376017d024430)
05-03 15:59:36.307 11849 11849 F DEBUG   :       #28 pc 0000000002091d85  /data/app/~~xKuGO9dnZBKJtzVyphXUIg==/com.google.android.webview-uYQ8eAs3HNQn_ugddsCsGg==/base.apk!libwebviewchromium.so (offset 0x8e40000) (BuildId: a07bb00aa9d718640859d1eeedd376017d024430)
05-03 15:59:36.307 11849 11849 F DEBUG   :       #29 pc 0000000002091c16  /data/app/~~xKuGO9dnZBKJtzVyphXUIg==/com.google.android.webview-uYQ8eAs3HNQn_ugddsCsGg==/base.apk!libwebviewchromium.so (offset 0x8e40000) (BuildId: a07bb00aa9d718640859d1eeedd376017d024430)
05-03 15:59:36.307 11849 11849 F DEBUG   :       #30 pc 000000000201a7d7  /data/app/~~xKuGO9dnZBKJtzVyphXUIg==/com.google.android.webview-uYQ8eAs3HNQn_ugddsCsGg==/base.apk!libwebviewchromium.so (offset 0x8e40000) (BuildId: a07bb00aa9d718640859d1eeedd376017d024430)
05-03 15:59:36.307 11849 11849 F DEBUG   :       #31 pc 0000000000080daf  /apex/com.android.runtime/lib64/bionic/libc.so (__pthread_start(void*) (.__uniq.67847048707805468364044055584648682506)+63) (BuildId: 3f8afd2a8485f380e843af6d787a9af4)
05-03 15:59:36.307 11849 11849 F DEBUG   :       #32 pc 00000000000734fd  /apex/com.android.runtime/lib64/bionic/libc.so (__start_thread+61) (BuildId: 3f8afd2a8485f380e843af6d787a9af4)
05-03 15:59:36.317   287   287 E tombstoned: Tombstone written to: tombstone_02
05-03 15:59:36.318   741 11852 W ActivityTaskManager:   Force finishing activity de.teilgedanken.stalltagebuch/dev.dioxus.main.MainActivity
05-03 15:59:36.318   741 11852 W TransitionChain: Combining AR.finish-force-crash into #86(CLOSE|R|0x10) from finishTopCrash
05-03 15:59:36.318   990  1074 V WindowManagerShell: Transition requested (#86): android.os.BinderProxy@af0cbc TransitionRequestInfo { type = CLOSE, triggerTask = TaskInfo{userId=0 taskId=216 effectiveUid=10219 displayId=0 isRunning=true baseIntent=Intent { act=android.intent.action.MAIN cat=[android.intent.category.LAUNCHER] flg=0x10200000 cmp=de.teilgedanken.stalltagebuch/dev.dioxus.main.MainActivity } baseActivity=ComponentInfo{de.teilgedanken.stalltagebuch/dev.dioxus.main.MainActivity} topActivity=ComponentInfo{de.teilgedanken.stalltagebuch/dev.dioxus.main.MainActivity} origActivity=null realActivity=ComponentInfo{de.teilgedanken.stalltagebuch/dev.dioxus.main.MainActivity} numActivities=1 lastActiveTime=13239592 supportsMultiWindow=true resizeMode=1 isResizeable=true minWidth=-1 minHeight=-1 defaultMinSize=220 token=WCT{android.os.BinderProxy@5a357ad} topActivityType=1 pictureInPictureParams=null shouldDockBigOverlays=false launchIntoPipHostTaskId=-1 lastParentTaskIdBeforePip=-1 displayCutoutSafeInsets=Rect(0, 0 - 0, 0) topActivityInfo=ActivityInfo{5d1e445 dev.dioxus.main.MainActivity} launchCookies=[android.os.BinderProxy@c131e73] positionInParent=Point(0, 0) parentTaskId=-1 isFocused=true isVisible=true isVisibleRequested=true isTopActivityNoDisplay=false isSleeping=false locusId=null displayAreaFeatureId=1 isTopActivityTransparent=false isActivityStackTransparent=false lastNonFullscreenBounds=null capturedLink=null capturedLinkTimestamp=0 requestedVisibleTypes=503 topActivityRequestOpenInBrowserEducationTimestamp=0 appCompatTaskInfo=AppCompatTaskInfo { topActivityInSizeCompat=false isLeafTask= true eligibleForLetterboxEducation= false isLetterboxEducationEnabled= true isLetterboxDoubleTapEnabled= false eligibleForUserAspectRatioButton= false topActivityBoundsLetterboxed= false isFromLetterboxDoubleTap= false topActivityLetterboxVerticalPosition= -1 topActivityLetterboxHorizontalPosition= -1 topActivityLetterboxWidth=-1 topActivityLetterboxHeight=-1 topActivityAppBounds=Rect(0, 156 - 1280, 2784) isUserFullscreenOverrideEnabled=false isSystemFullscreenOverrideEnabled=false hasMinAspectRatioOverride=false topActivityLetterboxBounds=null cameraCompatTaskInfo=CameraCompatTaskInfo { cameraCompatMode=inactive0} topNonResizableActivityAspectRatio=-1.0} topActivityMainWindowFrame=null isAppBubble=false}, pipChange = null, remoteTransition = null, displayChange = null, requestedLocation = null, userChange = null, windowingLayerChange = null, flags = 16, debugId = 86 }
05-03 15:59:36.319   741 11853 I DropBoxManagerService: add tag=data_app_native_crash isTagEnabled=true flags=0x2
05-03 15:59:36.319   592   618 I libbinder.BpBinder: onLastStrongRef automatically unlinking death recipients for descriptor: '(not cached)'
05-03 15:59:36.319   741   831 I BootReceiver: Filtering tombstone file: tombstone_02.pb
05-03 15:59:36.320   741 11852 V WindowManager: Defer transition id=86 for TaskFragmentTransaction=android.os.Binder@9149ffe
05-03 15:59:36.320   741 11852 V WindowManager: deferTransitionReady deferReadyDepth=1 stack=com.android.server.wm.TransitionController.deferTransitionReady:1061 com.android.server.wm.TaskFragmentOrganizerController$TaskFragmentOrganizerState.dispatchTransaction:517 com.android.server.wm.TaskFragmentOrganizerController.dispatchPendingEvents:1259 com.android.server.wm.TaskFragmentOrganizerController.dispatchPendingEvents:1228 com.android.server.wm.RootWindowContainer.performSurfacePlacement:777 
05-03 15:59:36.321   741   831 I BootReceiver: Generated tombstone file: tombstone_02.pb2960572916887025368.pb.tmp
05-03 15:59:36.321   741   831 I BootReceiver: Adding tombstone tombstone_02.pb2960572916887025368.pb.tmp to dropbox
05-03 15:59:36.322   741   831 I DropBoxManagerService: add tag=SYSTEM_TOMBSTONE_PROTO_WITH_HEADERS isTagEnabled=true flags=0x4
05-03 15:59:36.322   741  1787 V WindowManager: Continue transition id=86 for TaskFragmentTransaction=android.os.Binder@9149ffe
05-03 15:59:36.322   741  1787 V WindowManager: continueTransitionReady deferReadyDepth=0 stack=com.android.server.wm.TransitionController.continueTransitionReady:1071 com.android.server.wm.TaskFragmentOrganizerController$TaskFragmentOrganizerState.onTransactionFinished:546 com.android.server.wm.TaskFragmentOrganizerController.onTransactionHandled:740 android.window.ITaskFragmentOrganizerController$Stub.onTransact:225 android.os.Binder.execTransactInternal:1473 
05-03 15:59:36.323  1120  1120 D b/417220811: invalidateLoadedTasks - previous requestLoadId: -1
05-03 15:59:36.324   741   831 I BootReceiver: Adding text tombstone version of tombstone_02.pb2960572916887025368.pb.tmp to dropbox
05-03 15:59:36.335   741   844 W InputDispatcher: channel '9741171 de.teilgedanken.stalltagebuch/dev.dioxus.main.MainActivity' ~ Consumer closed input channel or an error occurred.  events=0x9
05-03 15:59:36.335   741   844 E InputDispatcher: channel '9741171 de.teilgedanken.stalltagebuch/dev.dioxus.main.MainActivity' ~ Channel is unrecoverably broken and will be disposed!
05-03 15:59:36.335   741   844 I WindowManager: WINDOW DIED Window{9741171 u0 de.teilgedanken.stalltagebuch/dev.dioxus.main.MainActivity}
05-03 15:59:36.335   741  1913 I ActivityManager: Process de.teilgedanken.stalltagebuch (pid 11569) has died: fg  TOP 
05-03 15:59:36.335   523   523 I Zygote  : Process 11569 exited due to signal 6 (Aborted)
05-03 15:59:36.336   741   773 I libprocessgroup: Removed cgroup /sys/fs/cgroup/apps/uid_10219/pid_11569
05-03 15:59:36.336   741  1786 I WindowManager: WIN DEATH: Window{9741171 u0 de.teilgedanken.stalltagebuch/dev.dioxus.main.MainActivity EXITING}
05-03 15:59:36.336   741  1789 I ImeTracker: de.teilgedanken.stalltagebuch:fd1c24bd: onRequestHide at ORIGIN_SERVER reason HIDE_REMOVE_CLIENT fromUser false
05-03 15:59:36.336   741  1789 I ImeTracker: de.teilgedanken.stalltagebuch:fd1c24bd: onCancelled at PHASE_SERVER_SHOULD_HIDE
05-03 15:59:36.337   741  1913 I ActivityManager: Killing 11603:com.google.android.webview:sandboxed_process0:org.chromium.content.app.SandboxedProcessService0:0/u0a219i32 (adj 0): isolated not needed
05-03 15:59:36.338   741  1913 W TransitionChain: Combining appDied into #86(CLOSE|R|0x10) from finishTopCrash
05-03 15:59:36.339   741   899 D InetDiagMessage: Destroyed 0 sockets, proto=IPPROTO_TCP, family=AF_INET, states=14
05-03 15:59:36.339   741   899 D InetDiagMessage: Destroyed 0 sockets, proto=IPPROTO_TCP, family=AF_INET6, states=14
05-03 15:59:36.339   741   899 D InetDiagMessage: Destroyed live tcp sockets for uids={10219} in 1ms
05-03 15:59:36.340   741   899 D InetDiagMessage: Destroyed 0 sockets, proto=IPPROTO_TCP, family=AF_INET, states=14
05-03 15:59:36.340   741   899 D InetDiagMessage: Destroyed 0 sockets, proto=IPPROTO_TCP, family=AF_INET6, states=14
05-03 15:59:36.340   741   899 D InetDiagMessage: Destroyed live tcp sockets for uids={20219} in 1ms
05-03 15:59:36.341  1120  1120 D ViewRootImpl: Skipping stats log for color mode
05-03 15:59:36.341   741   764 W ActivityManager: setHasOverlayUi called on unknown pid: 11569
05-03 15:59:36.341  1120  1120 D BaseActivity: Launcher flags updated: [state_started] +[state_started]
05-03 15:59:36.341  1120  1120 D BaseActivity: Launcher flags updated: [state_started|state_resumed|state_user_active] +[state_resumed|state_user_active]
05-03 15:59:36.341  1120  1120 D BaseActivity: Launcher flags updated: [state_started|state_resumed|state_deferred_resumed|state_user_active] +[state_deferred_resumed]
05-03 15:59:36.341   741   943 D BackgroundInstallControlService: Package event received: 0
05-03 15:59:36.342   741   943 D BackgroundInstallControlService: Package event received: 0
05-03 15:59:36.342   741   943 D BackgroundInstallControlService: Package event received: 0
05-03 15:59:36.342  1120  1120 D StatsLog: LAUNCHER_ONRESUME
05-03 15:59:36.342  1120  1120 D NexusLauncherModelDelegate: notifySmartspaceEvent: SmartspaceTargetEvent{mSmartspaceTarget=null, mSmartspaceActionId='null', mEventType=6}
05-03 15:59:36.343   990  1074 D WindowManagerShell: setLauncherKeepClearAreaHeight: visible=true, height=567
05-03 15:59:36.344  1120  1191 D QuickstepModelDelegate: notifyAppTargetEvent action=1 launchLocation=workspace/0/[-1,-1]/[1,1]
05-03 15:59:36.344   741   764 V WindowManager: Unknown focus tokens, dropping reportFocusChanged
05-03 15:59:36.345  1120  1120 D BaseDepthController: setSurface:
05-03 15:59:36.345  1120  1120 D BaseDepthController: 	mWaitingOnSurfaceValidity: false
05-03 15:59:36.345  1120  1120 D BaseDepthController: 	mBaseSurface: Surface(name=com.google.android.apps.nexuslauncher/com.google.android.apps.nexuslauncher.NexusLauncherActivity#1130)/@0x5e960ce
05-03 15:59:36.345  1658  1876 I AiAiEcho: Predicting[0]:  [CONTEXT sampling_count=5 ]
05-03 15:59:36.345  1120  1120 V BaseDepthController: Applying blur: 0 to Surface(name=com.google.android.apps.nexuslauncher/com.google.android.apps.nexuslauncher.NexusLauncherActivity#1130)/@0x5e960ce applyImmediately: false
05-03 15:59:36.345  1120  1120 D BaseDepthController: shouldBlurWorkspace: false targetState: Normal currentStableState: Normal mCurrentBlur: 0 mLauncher.getDepthBlurTargets(): [com.android.launcher3.Workspace{d312bef V.ED..... .......D 0,0-1280,2856 #7f0a049d app:id/workspace}, com.android.launcher3.Hotseat{32cb6fc V.ED..... .......D 0,2289-1280,2856 #7f0a01ee app:id/hotseat}]
05-03 15:59:36.345  1658  1876 I AiAiEcho: EchoTargets: 
05-03 15:59:36.345  1658  1876 I AiAiEcho: Filtered by AiAi flag check: 
05-03 15:59:36.345  1658  1876 I AiAiEcho: [CONTEXT ratelimit_period="10 SECONDS" ]
05-03 15:59:36.345  1658  1876 I AiAiEcho: #remoteViewsTwiddler: feature disabled.
05-03 15:59:36.346  1658  1876 I AiAiEcho: #postPredictionTargets: Sending updates to UISurface home with targets# 0 (types=[])
05-03 15:59:36.359   990  1325 D WallpaperService: onVisibilityChanged(true): com.android.systemui.wallpapers.ImageWallpaper$CanvasEngine@b618c81
05-03 15:59:36.370   741   773 I libprocessgroup: Removed cgroup /sys/fs/cgroup/apps/uid_99032/pid_11603
05-03 15:59:36.373  1062  1062 I Zygote  : Process 11603 exited cleanly (0)
05-03 15:59:36.378   990  1002 V WindowManagerShell: onTransitionReady(transaction=3182570775310)
05-03 15:59:36.378   990  1074 V WindowManagerShell: onTransitionReady (#86) android.os.BinderProxy@af0cbc: {id=86 t=CLOSE f=0x10 trk=0 r=[0@Point(0, 0)] c=[
05-03 15:59:36.378   990  1074 V WindowManagerShell:         {m=TO_FRONT f=SHOW_WALLPAPER|MOVE_TO_TOP leash=Surface(name=Task=1#44)/@0x49679a sb=Rect(0, 0 - 1280, 2856) eb=Rect(0, 0 - 1280, 2856) epz=Point(1280, 2856) d=0 taskParent=-1 winMode=1 userId=0},
05-03 15:59:36.378   990  1074 V WindowManagerShell:         {m=CLOSE f=NONE leash=Surface(name=Task=216#1112)/@0x7ee38cb sb=Rect(0, 0 - 1280, 2856) eb=Rect(0, 0 - 1280, 2856) epz=Point(1280, 2856) d=0 taskParent=-1 winMode=1 userId=0},
05-03 15:59:36.378   990  1074 V WindowManagerShell:         {m=TO_FRONT f=IS_WALLPAPER leash=Surface(name=WallpaperWindowToken{1325bc3}#60)/@0xdbe38a8 sb=Rect(0, 0 - 1280, 2856) eb=Rect(0, 0 - 1280, 2856) epz=Point(1280, 2856) d=0}
05-03 15:59:36.378   990  1074 V WindowManagerShell:     ]}
05-03 15:59:36.379   990  1074 V WindowManagerShell: Playing animation for (#86) android.os.BinderProxy@af0cbc@0
05-03 15:59:36.379   990  1074 V ShellRecents: RecentsTransitionHandler.startAnimation: no controller found
05-03 15:59:36.379   990  1074 V WindowManagerShell: Transition doesn't have explicit remote, search filters for match for {id=86 t=CLOSE f=0x10 trk=0 r=[0@Point(0, 0)] c=[{m=TO_FRONT f=SHOW_WALLPAPER|MOVE_TO_TOP leash=Surface(name=Task=1#44)/@0x49679a sb=Rect(0, 0 - 1280, 2856) eb=Rect(0, 0 - 1280, 2856) epz=Point(1280, 2856) d=0 taskParent=-1 winMode=1 userId=0},{m=CLOSE f=NONE leash=Surface(name=Task=216#1112)/@0x7ee38cb sb=Rect(0, 0 - 1280, 2856) eb=Rect(0, 0 - 1280, 2856) epz=Point(1280, 2856) d=0 taskParent=-1 winMode=1 userId=0},{m=TO_FRONT f=IS_WALLPAPER leash=Surface(name=WallpaperWindowToken{1325bc3}#60)/@0xdbe38a8 sb=Rect(0, 0 - 1280, 2856) eb=Rect(0, 0 - 1280, 2856) epz=Point(1280, 2856) d=0}]}
05-03 15:59:36.379   990  1074 V WindowManagerShell:  Checking filter Pair{{types=[] flags=0x0] notFlags=0x0 checks=[{atype=undefined independent=true modes=[CLOSE,TO_BACK] flags=IN_TASK_WITH_EMBEDDED_ACTIVITY mustBeTask=false order=ANY topActivity=null launchCookie=null taskFragmentToken=android.os.BinderProxy@59f3e1f windowingMode=undefined isCrossDisplayMove=false}]} RemoteTransition { remoteTransition = android.window.IRemoteTransition$Stub$Proxy@4b5156c, appThread = android.app.IApplicationThread$Stub$Proxy@b293735, debugName = overlayBackTransition }}
05-03 15:59:36.379   990  1074 V WindowManagerShell:  Checking filter Pair{{types=[] flags=0x0] notFlags=0x0 checks=[{atype=dream independent=true modes=[OPEN,TO_FRONT] flags=NONE mustBeTask=false order=ANY topActivity=null launchCookie=null windowingMode=undefined isCrossDisplayMove=false},{atype=home independent=true modes=[CLOSE,TO_BACK] flags=NONE mustBeTask=false order=ANY topActivity=null launchCookie=null windowingMode=undefined isCrossDisplayMove=false}]} RemoteTransition { remoteTransition = android.window.IRemoteTransition$Stub$Proxy@75cd7ca, appThread = android.app.IApplicationThread$Stub$Proxy@c839d3b, debugName = LauncherToDream }}
05-03 15:59:36.379   990  1074 V WindowManagerShell:  Checking filter Pair{{types=[] flags=0x0] notFlags=0x100 checks=[{atype=home independent=true modes=[OPEN,TO_FRONT] flags=NONE mustBeTask=false order=TOP topActivity=ComponentInfo{com.google.android.apps.nexuslauncher/com.google.android.apps.nexuslauncher.NexusLauncherActivity} launchCookie=null windowingMode=undefined isCrossDisplayMove=false},{atype=standard independent=true modes=[CLOSE,TO_BACK] flags=NONE mustBeTask=false order=ANY topActivity=null launchCookie=null windowingMode=undefined isCrossDisplayMove=false},{NOT atype=undefined independent=true modes=[] flags=NONE mustBeTask=true order=ANY topActivity=null launchCookie=null customAnim=true windowingMode=undefined isCrossDisplayMove=false}]} RemoteTransition { remoteTransition = android.window.IRemoteTransition$Stub$Proxy@4941c58, appThread = android.app.IApplicationThread$Stub$Proxy@7c311b1, debugName = QuickstepLaunchHome }}
05-03 15:59:36.379   990  1074 D RemoteTransitionHandler: Found filterPair{{types=[] flags=0x0] notFlags=0x100 checks=[{atype=home independent=true modes=[OPEN,TO_FRONT] flags=NONE mustBeTask=false order=TOP topActivity=ComponentInfo{com.google.android.apps.nexuslauncher/com.google.android.apps.nexuslauncher.NexusLauncherActivity} launchCookie=null windowingMode=undefined isCrossDisplayMove=false},{atype=standard independent=true modes=[CLOSE,TO_BACK] flags=NONE mustBeTask=false order=ANY topActivity=null launchCookie=null windowingMode=undefined isCrossDisplayMove=false},{NOT atype=undefined independent=true modes=[] flags=NONE mustBeTask=true order=ANY topActivity=null launchCookie=null customAnim=true windowingMode=undefined isCrossDisplayMove=false}]} RemoteTransition { remoteTransition = android.window.IRemoteTransition$Stub$Proxy@4941c58, appThread = android.app.IApplicationThread$Stub$Proxy@7c311b1, debugName = QuickstepLaunchHome }}
05-03 15:59:36.379   990  1074 V WindowManagerShell:  Delegate animation for (#86) to RemoteTransition { remoteTransition = android.window.IRemoteTransition$Stub$Proxy@4941c58, appThread = android.app.IApplicationThread$Stub$Proxy@7c311b1, debugName = QuickstepLaunchHome }
05-03 15:59:36.380  1120  1120 D LauncherStateManager: StateManager.createAtomicAnimation: fromState: Normal, toState: Normal, partial trace:
05-03 15:59:36.380  1120  1120 D LauncherStateManager: 	at com.android.quickstep.util.ScalingWorkspaceRevealAnim.<init>(go/retraceme 7101499b44b219b757f6885b35ae099b24fc769225595efcaaacae5b0f94500b:54)
05-03 15:59:36.380  1120  1120 D LauncherStateManager: 	at com.android.launcher3.QuickstepTransitionManager.createWallpaperOpenAnimations(go/retraceme 7101499b44b219b757f6885b35ae099b24fc769225595efcaaacae5b0f94500b:537)
05-03 15:59:36.380  1120  1120 D LauncherStateManager: 	at com.android.launcher3.QuickstepTransitionManager$WallpaperOpenLauncherAnimationRunner.onAnimationStart(go/retraceme 7101499b44b219b757f6885b35ae099b24fc769225595efcaaacae5b0f94500b:96)
05-03 15:59:36.380  1120  1120 D AllAppsTransitionController: shouldProtectHeader: false skipScrim: true state: Normal stateManager.getState(): Normal
05-03 15:59:36.380  1120  1120 D KeyboardInsetsHandler: removePendingImeController: pendingImeController=null
05-03 15:59:36.380  1120  1120 V BaseDepthController: Applying blur: 0 to Surface(name=com.google.android.apps.nexuslauncher/com.google.android.apps.nexuslauncher.NexusLauncherActivity#1130)/@0x5e960ce applyImmediately: false
05-03 15:59:36.380  1120  1120 D BaseDepthController: shouldBlurWorkspace: false targetState: Normal currentStableState: Normal mCurrentBlur: 0 mLauncher.getDepthBlurTargets(): [com.android.launcher3.Workspace{d312bef V.ED..... ......ID 0,0-1280,2856 #7f0a049d app:id/workspace}, com.android.launcher3.Hotseat{32cb6fc V.ED..... ........ 0,2289-1280,2856 #7f0a01ee app:id/hotseat}]
05-03 15:59:36.380  1120  1120 V BaseDepthController: Applying blur: 0 to Surface(name=com.google.android.apps.nexuslauncher/com.google.android.apps.nexuslauncher.NexusLauncherActivity#1130)/@0x5e960ce applyImmediately: false
05-03 15:59:36.380  1120  1120 D BaseDepthController: shouldBlurWorkspace: false targetState: Normal currentStableState: Normal mCurrentBlur: 0 mLauncher.getDepthBlurTargets(): [com.android.launcher3.Workspace{d312bef V.ED..... ......ID 0,0-1280,2856 #7f0a049d app:id/workspace}, com.android.launcher3.Hotseat{32cb6fc V.ED..... ........ 0,2289-1280,2856 #7f0a01ee app:id/hotseat}]
05-03 15:59:36.380  1120  1120 D LauncherStateManager: StateManager.cancelAnimation: animation ongoing: false, partial trace:
05-03 15:59:36.380  1120  1120 D LauncherStateManager: 	at com.android.launcher3.statemanager.StateManager.setCurrentAnimation(go/retraceme 7101499b44b219b757f6885b35ae099b24fc769225595efcaaacae5b0f94500b:18)
05-03 15:59:36.380  1120  1120 D LauncherStateManager: 	at com.android.launcher3.QuickstepTransitionManager.createWallpaperOpenAnimations(go/retraceme 7101499b44b219b757f6885b35ae099b24fc769225595efcaaacae5b0f94500b:646)
05-03 15:59:36.380  1120  1120 D LauncherStateManager: 	at com.android.launcher3.QuickstepTransitionManager$WallpaperOpenLauncherAnimationRunner.onAnimationStart(go/retraceme 7101499b44b219b757f6885b35ae099b24fc769225595efcaaacae5b0f94500b:96)
05-03 15:59:36.380  1120  1120 D b/311077782: LauncherAnimationRunner.setAnimation
05-03 15:59:36.380  1120  1120 V BaseDepthController: Applying blur: 0 to Surface(name=com.google.android.apps.nexuslauncher/com.google.android.apps.nexuslauncher.NexusLauncherActivity#1130)/@0x5e960ce applyImmediately: false
05-03 15:59:36.381  1120  1120 D BaseDepthController: shouldBlurWorkspace: false targetState: Normal currentStableState: Normal mCurrentBlur: 0 mLauncher.getDepthBlurTargets(): [com.android.launcher3.Workspace{d312bef V.ED..... ......ID 0,0-1280,2856 #7f0a049d app:id/workspace}, com.android.launcher3.Hotseat{32cb6fc V.ED..... ......ID 0,2289-1280,2856 #7f0a01ee app:id/hotseat}]
05-03 15:59:36.381  1120  1120 V BaseDepthController: Applying blur: 0 to Surface(name=com.google.android.apps.nexuslauncher/com.google.android.apps.nexuslauncher.NexusLauncherActivity#1130)/@0x5e960ce applyImmediately: false
05-03 15:59:36.381  1120  1120 D BaseDepthController: shouldBlurWorkspace: false targetState: Normal currentStableState: Normal mCurrentBlur: 0 mLauncher.getDepthBlurTargets(): [com.android.launcher3.Workspace{d312bef V.ED..... ......ID 0,0-1280,2856 #7f0a049d app:id/workspace}, com.android.launcher3.Hotseat{32cb6fc V.ED..... ......ID 0,2289-1280,2856 #7f0a01ee app:id/hotseat}]
05-03 15:59:36.381  1120  1120 V BaseDepthController: Applying blur: 0 to Surface(name=com.google.android.apps.nexuslauncher/com.google.android.apps.nexuslauncher.NexusLauncherActivity#1130)/@0x5e960ce applyImmediately: false
05-03 15:59:36.381  1120  1120 D BaseDepthController: shouldBlurWorkspace: false targetState: Normal currentStableState: Normal mCurrentBlur: 0 mLauncher.getDepthBlurTargets(): [com.android.launcher3.Workspace{d312bef V.ED..... ......ID 0,0-1280,2856 #7f0a049d app:id/workspace}, com.android.launcher3.Hotseat{32cb6fc V.ED..... ......ID 0,2289-1280,2856 #7f0a01ee app:id/hotseat}]
05-03 15:59:36.381  1120  1120 V BaseDepthController: Applying blur: 0 to Surface(name=com.google.android.apps.nexuslauncher/com.google.android.apps.nexuslauncher.NexusLauncherActivity#1130)/@0x5e960ce applyImmediately: false
05-03 15:59:36.381  1120  1120 D BaseDepthController: shouldBlurWorkspace: false targetState: Normal currentStableState: Normal mCurrentBlur: 0 mLauncher.getDepthBlurTargets(): [com.android.launcher3.Workspace{d312bef V.ED..... ......ID 0,0-1280,2856 #7f0a049d app:id/workspace}, com.android.launcher3.Hotseat{32cb6fc V.ED..... ......ID 0,2289-1280,2856 #7f0a01ee app:id/hotseat}]
05-03 15:59:36.381  1120  1120 V BaseDepthController: Applying blur: 0 to Surface(name=com.google.android.apps.nexuslauncher/com.google.android.apps.nexuslauncher.NexusLauncherActivity#1130)/@0x5e960ce applyImmediately: false
05-03 15:59:36.381  1120  1120 D BaseDepthController: shouldBlurWorkspace: false targetState: Normal currentStableState: Normal mCurrentBlur: 0 mLauncher.getDepthBlurTargets(): [com.android.launcher3.Workspace{d312bef V.ED..... ......ID 0,0-1280,2856 #7f0a049d app:id/workspace}, com.android.launcher3.Hotseat{32cb6fc V.ED..... ......ID 0,2289-1280,2856 #7f0a01ee app:id/hotseat}]
05-03 15:59:36.392  1120  1120 D SsBaseTemplateCard: Passed-in item info is null
05-03 15:59:36.392  1120  1120 D SsBaseTemplateCard: Passed-in item info is null
05-03 15:59:36.392  1120  1120 D SsBaseTemplateCard: Passed-in item info is null
05-03 15:59:36.392  1120  1120 D SsBaseTemplateCard: Passed-in item info is null
05-03 15:59:36.392  1120  1120 I SsBaseTemplateCard: Secondary card pane is null
05-03 15:59:36.409  1120  1120 V BaseDepthController: Applying blur: 0 to Surface(name=com.google.android.apps.nexuslauncher/com.google.android.apps.nexuslauncher.NexusLauncherActivity#1130)/@0x5e960ce applyImmediately: false
05-03 15:59:36.409  1120  1120 D BaseDepthController: shouldBlurWorkspace: false targetState: Normal currentStableState: Normal mCurrentBlur: 0 mLauncher.getDepthBlurTargets(): [com.android.launcher3.Workspace{d312bef V.ED..... ........ 0,0-1280,2856 #7f0a049d app:id/workspace}, com.android.launcher3.Hotseat{32cb6fc V.ED..... .......D 0,2289-1280,2856 #7f0a01ee app:id/hotseat}]
05-03 15:59:36.421  1120  1120 D BaseActivity: Launcher flags updated: [state_started|state_resumed|state_deferred_resumed|state_window_focused|state_user_active] +[state_window_focused]
05-03 15:59:36.422   741   761 V WindowManager: Sent Transition (#86) createdAt=05-03 15:59:36.318 via request=TransitionRequestInfo { type = CLOSE, triggerTask = TaskInfo{userId=0 taskId=216 effectiveUid=10219 displayId=0 isRunning=true baseIntent=Intent { act=android.intent.action.MAIN cat=[android.intent.category.LAUNCHER] flg=0x10200000 cmp=de.teilgedanken.stalltagebuch/dev.dioxus.main.MainActivity } baseActivity=ComponentInfo{de.teilgedanken.stalltagebuch/dev.dioxus.main.MainActivity} topActivity=ComponentInfo{de.teilgedanken.stalltagebuch/dev.dioxus.main.MainActivity} origActivity=null realActivity=ComponentInfo{de.teilgedanken.stalltagebuch/dev.dioxus.main.MainActivity} numActivities=1 lastActiveTime=13239592 supportsMultiWindow=true resizeMode=1 isResizeable=true minWidth=-1 minHeight=-1 defaultMinSize=220 token=WCT{RemoteToken{116a8ef Task{32341ff #216 type=standard A=10219:de.teilgedanken.stalltagebuch}}} topActivityType=1 pictureInPictureParams=null shouldDockBigOverlays=false launchIntoPipHostTaskId=-1 lastParentTaskIdBeforePip=-1 displayCutoutSafeInsets=Rect(0, 0 - 0, 0) topActivityInfo=ActivityInfo{5f8effc dev.dioxus.main.MainActivity} launchCookies=[android.os.BinderProxy@d052685] positionInParent=Point(0, 0) parentTaskId=-1 isFocused=true isVisible=true isVisibleRequested=true isTopActivityNoDisplay=false isSleeping=false locusId=null displayAreaFeatureId=1 isTopActivityTransparent=false isActivityStackTransparent=false lastNonFullscreenBounds=null capturedLink=null capturedLinkTimestamp=0 requestedVisibleTypes=503 topActivityRequestOpenInBrowserEducationTimestamp=0 appCompatTaskInfo=AppCompatTaskInfo { topActivityInSizeCompat=false isLeafTask= true eligibleForLetterboxEducation= false isLetterboxEducationEnabled= true isLetterboxDoubleTapEnabled= false eligibleForUserAspectRatioButton= false topActivityBoundsLetterboxed= false isFromLetterboxDoubleTap= false topActivityLetterboxVerticalPosition= -1 topActivityLetterboxHorizontalPosition= -1 topActivityLetterboxWidth=-1 topActivityLetterboxHeight=-1 topActivityAppBounds=Rect(0, 156 - 1280, 2784) isUserFullscreenOverrideEnabled=false isSystemFullscreenOverrideEnabled=false hasMinAspectRatioOverride=false topActivityLetterboxBounds=null cameraCompatTaskInfo=CameraCompatTaskInfo { cameraCompatMode=inactive0} topNonResizableActivityAspectRatio=-1.0} topActivityMainWindowFrame=null isAppBubble=false}, pipChange = null, remoteTransition = null, displayChange = null, requestedLocation = null, userChange = null, windowingLayerChange = null, flags = 16, debugId = 86 }
05-03 15:59:36.422   741   761 V WindowManager:     startWCT=WindowContainerTransaction { changes= {} hops= [] errorCallbackToken=null taskFragmentOrganizer=null }
05-03 15:59:36.422   741   761 V WindowManager:     info={id=86 t=CLOSE f=0x10 trk=0 r=[0@Point(0, 0)] c=[
05-03 15:59:36.422   741   761 V WindowManager:         {WCT{RemoteToken{ad00647 Task{26559cf #1 type=home}}} m=TO_FRONT f=SHOW_WALLPAPER|MOVE_TO_TOP leash=Surface(name=Task=1#44)/@0xf3adc4f sb=Rect(0, 0 - 1280, 2856) eb=Rect(0, 0 - 1280, 2856) epz=Point(1280, 2856) d=0 taskParent=-1 winMode=1 userId=0},
05-03 15:59:36.422   741   761 V WindowManager:         {WCT{RemoteToken{116a8ef Task{32341ff #216 type=standard A=10219:de.teilgedanken.stalltagebuch}}} m=CLOSE f=NONE leash=Surface(name=Task=216#1112)/@0x18de6c9 sb=Rect(0, 0 - 1280, 2856) eb=Rect(0, 0 - 1280, 2856) epz=Point(1280, 2856) d=0 taskParent=-1 winMode=1 userId=0},
05-03 15:59:36.422   741   761 V WindowManager:         {m=TO_FRONT f=IS_WALLPAPER leash=Surface(name=WallpaperWindowToken{1325bc3}#60)/@0xe0416ae sb=Rect(0, 0 - 1280, 2856) eb=Rect(0, 0 - 1280, 2856) epz=Point(1280, 2856) d=0}
05-03 15:59:36.422   741   761 V WindowManager:     ]}
05-03 15:59:36.423   990  1074 V WindowManagerShell:  animated by com.android.wm.shell.transition.RemoteTransitionHandler@d58a696
05-03 15:59:36.423   741   854 I ImeTracker: com.google.android.apps.nexuslauncher:a6cabc99: onRequestHide at ORIGIN_SERVER reason HIDE_UNSPECIFIED_WINDOW fromUser false
05-03 15:59:36.423  1120  1120 D InsetsController: hide(ime())
05-03 15:59:36.423  1120  1120 I ImeTracker: com.google.android.apps.nexuslauncher:a6cabc99: onCancelled at PHASE_CLIENT_ALREADY_HIDDEN
05-03 15:59:36.424  1571  1571 I GoogleInputMethodService: GoogleInputMethodService.onFinishInput():2159 
05-03 15:59:36.424  1571  1571 I Module  : DeviceLockedStatusModuleProvider$Module.updateDeviceLockedStatus():103 repeatCheckTimes = 0, locked = false
05-03 15:59:36.424   741   756 I ImeTracker: system_server:8ab75805: onRequestHide at ORIGIN_SERVER reason IME_REQUESTED_CHANGED_LISTENER fromUser false
05-03 15:59:36.424  1571  1571 I GoogleInputMethodService: GoogleInputMethodService.onStartInput():1434 onStartInput(EditorInfo{EditorInfo{packageName=com.google.android.apps.nexuslauncher, inputType=0, inputTypeString=NULL, enableLearning=false, autoCorrection=false, autoComplete=false, imeOptions=0, privateImeOptions=null, actionName=UNSPECIFIED, actionLabel=null, initialSelStart=-1, initialSelEnd=-1, initialCapsMode=0, label=null, fieldId=0, fieldName=null, extras=null, hintText=null, hintLocales=[]}}, false)
05-03 15:59:36.425  1571  1571 I AndroidIME: LatinIMEBase.updateInputViewCoverNavigation():312 Update input view padding, isNavbarOverInputWindow=true, bottom inset=72
05-03 15:59:36.425   741   764 I ImeTracker: system_server:8ab75805: onCancelled at PHASE_SERVER_SHOULD_HIDE
05-03 15:59:36.425  1571  1571 I Module  : DeviceLockedStatusModuleProvider$Module.updateDeviceLockedStatus():103 repeatCheckTimes = 1, locked = false
05-03 15:59:36.425  1120  1120 V BaseDepthController: Applying blur: 0 to Surface(name=com.google.android.apps.nexuslauncher/com.google.android.apps.nexuslauncher.NexusLauncherActivity#1130)/@0x5e960ce applyImmediately: false
05-03 15:59:36.425  1120  1120 D BaseDepthController: shouldBlurWorkspace: false targetState: Normal currentStableState: Normal mCurrentBlur: 0 mLauncher.getDepthBlurTargets(): [com.android.launcher3.Workspace{d312bef V.ED..... .......D 0,0-1280,2856 #7f0a049d app:id/workspace}, com.android.launcher3.Hotseat{32cb6fc V.ED..... .......D 0,2289-1280,2856 #7f0a01ee app:id/hotseat}]
05-03 15:59:36.426   544   571 I RanchuHwc: logCompositionFallbackIfChanged: layer 165 CompositionType fallback from 2 to 1
05-03 15:59:36.426   544   571 I RanchuHwc: logCompositionFallbackIfChanged: layer 166 CompositionType fallback from 2 to 1
05-03 15:59:36.427   741  1913 W PackageConfigPersister: App-specific configuration not found for packageName: com.google.android.apps.nexuslauncher and userId: 0
05-03 15:59:36.428   741   831 I BootReceiver: Copying /data/tombstones/tombstone_02.pb2960572916887025368.pb.tmp3914715535776989170.pb.txt.tmp to DropBox (SYSTEM_TOMBSTONE)
05-03 15:59:36.428   741   831 I DropBoxManagerService: add tag=SYSTEM_TOMBSTONE isTagEnabled=true flags=0x6
05-03 15:59:36.435   741   835 D ActivityManager: freezing 1608 com.google.android.gms
05-03 15:59:36.436   741   835 D ActivityManager: freezing 3921 com.google.android.adservices.api
05-03 15:59:36.442  1120  1120 V BaseDepthController: Applying blur: 0 to Surface(name=com.google.android.apps.nexuslauncher/com.google.android.apps.nexuslauncher.NexusLauncherActivity#1130)/@0x5e960ce applyImmediately: false
05-03 15:59:36.442  1120  1120 D BaseDepthController: shouldBlurWorkspace: false targetState: Normal currentStableState: Normal mCurrentBlur: 0 mLauncher.getDepthBlurTargets(): [com.android.launcher3.Workspace{d312bef V.ED..... .......D 0,0-1280,2856 #7f0a049d app:id/workspace}, com.android.launcher3.Hotseat{32cb6fc V.ED..... .......D 0,2289-1280,2856 #7f0a01ee app:id/hotseat}]
05-03 15:59:36.475  1120  1120 V BaseDepthController: Applying blur: 0 to Surface(name=com.google.android.apps.nexuslauncher/com.google.android.apps.nexuslauncher.NexusLauncherActivity#1130)/@0x5e960ce applyImmediately: false
05-03 15:59:36.475  1120  1120 D BaseDepthController: shouldBlurWorkspace: false targetState: Normal currentStableState: Normal mCurrentBlur: 0 mLauncher.getDepthBlurTargets(): [com.android.launcher3.Workspace{d312bef V.ED..... ........ 0,0-1280,2856 #7f0a049d app:id/workspace}, com.android.launcher3.Hotseat{32cb6fc V.ED..... ........ 0,2289-1280,2856 #7f0a01ee app:id/hotseat}]
05-03 15:59:36.492  1120  1120 V BaseDepthController: Applying blur: 0 to Surface(name=com.google.android.apps.nexuslauncher/com.google.android.apps.nexuslauncher.NexusLauncherActivity#1130)/@0x5e960ce applyImmediately: false
05-03 15:59:36.492  1120  1120 D BaseDepthController: shouldBlurWorkspace: false targetState: Normal currentStableState: Normal mCurrentBlur: 0 mLauncher.getDepthBlurTargets(): [com.android.launcher3.Workspace{d312bef V.ED..... ........ 0,0-1280,2856 #7f0a049d app:id/workspace}, com.android.launcher3.Hotseat{32cb6fc V.ED..... ........ 0,2289-1280,2856 #7f0a01ee app:id/hotseat}]
05-03 15:59:36.509  1120  1120 V BaseDepthController: Applying blur: 0 to Surface(name=com.google.android.apps.nexuslauncher/com.google.android.apps.nexuslauncher.NexusLauncherActivity#1130)/@0x5e960ce applyImmediately: false
