05-03 15:45:59.344  9921  9937 I RustStdoutStderr: s_glBindAttribLocation: bind attrib 1 name inColor
05-03 15:45:59.344  9921  9937 I RustStdoutStderr: s_glBindAttribLocation: bind attrib 2 name inCoverage
05-03 15:45:59.349  9921  9937 I RustStdoutStderr: s_glBindAttribLocation: bind attrib 0 name inPosition
05-03 15:45:59.349  9921  9937 I RustStdoutStderr: s_glBindAttribLocation: bind attrib 1 name inColor
05-03 15:45:59.350  9921  9937 I RustStdoutStderr: s_glBindAttribLocation: bind attrib 2 name inCircleEdge
05-03 15:45:59.352  9921  9937 I RustStdoutStderr: s_glBindAttribLocation: bind attrib 0 name inPosition
05-03 15:45:59.352  9921  9937 I RustStdoutStderr: s_glBindAttribLocation: bind attrib 1 name inColor
05-03 15:45:59.352  9921  9937 I RustStdoutStderr: s_glBindAttribLocation: bind attrib 2 name inCircleEdge
05-03 15:45:59.355  9921  9937 I RustStdoutStderr: s_glBindAttribLocation: bind attrib 0 name a_vertex
05-03 15:45:59.356  9921  9937 I RustStdoutStderr: s_glBindAttribLocation: bind attrib 0 name position
05-03 15:45:59.356  9921  9937 I RustStdoutStderr: s_glBindAttribLocation: bind attrib 1 name localCoord
05-03 15:45:59.358  9921  9937 I RustStdoutStderr: s_glBindAttribLocation: bind attrib 0 name position
05-03 15:45:59.358  9921  9937 I RustStdoutStderr: s_glBindAttribLocation: bind attrib 1 name localCoord
05-03 15:45:59.363  9921  9937 I RustStdoutStderr: s_glBindAttribLocation: bind attrib 0 name position
05-03 15:45:59.363  9921  9937 I RustStdoutStderr: s_glBindAttribLocation: bind attrib 1 name localCoord
05-03 15:45:59.366  9921  9937 I RustStdoutStderr: s_glBindAttribLocation: bind attrib 0 name position
05-03 15:45:59.366  9921  9937 I RustStdoutStderr: s_glBindAttribLocation: bind attrib 1 name localCoord
05-03 15:45:59.369  9921  9937 I RustStdoutStderr: s_glBindAttribLocation: bind attrib 0 name position
05-03 15:45:59.369  9921  9937 I RustStdoutStderr: s_glBindAttribLocation: bind attrib 1 name color
05-03 15:45:59.372  9921  9937 I RustStdoutStderr: s_glBindAttribLocation: bind attrib 0 name inPosition
05-03 15:45:59.372  9921  9937 I RustStdoutStderr: s_glBindAttribLocation: bind attrib 1 name inColor
05-03 15:45:59.372  9921  9937 I RustStdoutStderr: s_glBindAttribLocation: bind attrib 2 name inCircleEdge
05-03 15:45:59.379  9956  9996 E ashmem  : readlink(/proc/self/fd/118) failed: Operation not permitted
05-03 15:45:59.382  9921  9937 I RustStdoutStderr: s_glBindAttribLocation: bind attrib 0 name inPosition
05-03 15:45:59.382  9921  9937 I RustStdoutStderr: s_glBindAttribLocation: bind attrib 1 name inColor
05-03 15:45:59.382  9921  9937 I RustStdoutStderr: s_glBindAttribLocation: bind attrib 2 name inCircleEdge
05-03 15:45:59.384  9921  9937 I RustStdoutStderr: s_glBindAttribLocation: bind attrib 0 name position
05-03 15:45:59.384  9921  9937 I RustStdoutStderr: s_glBindAttribLocation: bind attrib 1 name color
05-03 15:45:59.387  9921  9937 I RustStdoutStderr: s_glBindAttribLocation: bind attrib 0 name inPosition
05-03 15:45:59.387  9921  9937 I RustStdoutStderr: s_glBindAttribLocation: bind attrib 1 name inColor
05-03 15:45:59.387  9921  9937 I RustStdoutStderr: s_glBindAttribLocation: bind attrib 2 name inCircleEdge
05-03 15:45:59.391  9921  9937 I RustStdoutStderr: s_glBindAttribLocation: bind attrib 0 name radii_selector
05-03 15:45:59.391  9921  9937 I RustStdoutStderr: s_glBindAttribLocation: bind attrib 1 name corner_and_radius_outsets
05-03 15:45:59.391  9921  9937 I RustStdoutStderr: s_glBindAttribLocation: bind attrib 2 name aa_bloat_and_coverage
05-03 15:45:59.391  9921  9937 I RustStdoutStderr: s_glBindAttribLocation: bind attrib 3 name radii_x
05-03 15:45:59.391  9921  9937 I RustStdoutStderr: s_glBindAttribLocation: bind attrib 4 name radii_y
05-03 15:45:59.391  9921  9937 I RustStdoutStderr: s_glBindAttribLocation: bind attrib 5 name skew
05-03 15:45:59.391  9921  9937 I RustStdoutStderr: s_glBindAttribLocation: bind attrib 6 name translate_and_localrotate
05-03 15:45:59.391  9921  9937 I RustStdoutStderr: s_glBindAttribLocation: bind attrib 7 name color
05-03 15:45:59.398  9921  9937 I RustStdoutStderr: s_glBindAttribLocation: bind attrib 0 name position
05-03 15:45:59.398  9921  9937 I RustStdoutStderr: s_glBindAttribLocation: bind attrib 1 name color
05-03 15:45:59.400  9921  9937 I RustStdoutStderr: s_glBindAttribLocation: bind attrib 0 name position
05-03 15:45:59.400  9921  9937 I RustStdoutStderr: s_glBindAttribLocation: bind attrib 1 name color
05-03 15:45:59.403  9921  9937 I RustStdoutStderr: s_glBindAttribLocation: bind attrib 0 name position
05-03 15:45:59.403  9921  9937 I RustStdoutStderr: s_glBindAttribLocation: bind attrib 1 name color
05-03 15:45:59.416  9921  9937 I RustStdoutStderr: s_glBindAttribLocation: bind attrib 0 name position
05-03 15:45:59.416  9921  9937 I RustStdoutStderr: s_glBindAttribLocation: bind attrib 1 name localCoord
05-03 15:45:59.438  9921  9937 I RustStdoutStderr: s_glBindAttribLocation: bind attrib 0 name position
05-03 15:45:59.438  9921  9937 I RustStdoutStderr: s_glBindAttribLocation: bind attrib 1 name localCoord
05-03 15:45:59.441  9921  9937 I RustStdoutStderr: s_glBindAttribLocation: bind attrib 0 name position
05-03 15:45:59.441  9921  9937 I RustStdoutStderr: s_glBindAttribLocation: bind attrib 1 name localCoord
05-03 15:45:59.454  9921  9937 I RustStdoutStderr: s_glBindAttribLocation: bind attrib 0 name position
05-03 15:45:59.454  9921  9937 I RustStdoutStderr: s_glBindAttribLocation: bind attrib 1 name color
05-03 15:45:59.466  9921  9937 I RustStdoutStderr: s_glBindAttribLocation: bind attrib 0 name position
05-03 15:45:59.466  9921  9937 I RustStdoutStderr: s_glBindAttribLocation: bind attrib 1 name localCoord
05-03 15:45:59.469  9921  9937 I RustStdoutStderr: s_glBindAttribLocation: bind attrib 0 name position
05-03 15:45:59.469  9921  9937 I RustStdoutStderr: s_glBindAttribLocation: bind attrib 1 name localCoord
05-03 15:45:59.542   990  1440 V WindowManagerShell: Received remote transition finished callback for (#73)
05-03 15:45:59.543   990  1074 V WindowManagerShell: Transition animation finished (aborted=false), notifying core (#73) android.os.BinderProxy@ef40f4d@0
05-03 15:45:59.544   741   761 V WindowManager: Finish Transition (#73): created at 05-03 15:45:58.974 collect-started=0.013ms request-sent=2.008ms started=6.841ms ready=41.148ms sent=44.904ms commit=23.51ms finished=569.732ms
05-03 15:45:59.545   990  1074 V WindowManagerShell: Track 0 became idle
05-03 15:45:59.545   990  1074 V WindowManagerShell: All active transition animations finished
05-03 15:45:59.546   990  1325 D WallpaperService: onVisibilityChanged(false): com.android.systemui.wallpapers.ImageWallpaper$CanvasEngine@b618c81
05-03 15:45:59.548  1120  1120 D VRI[NexusLauncherActivity]: visibilityChanged oldVisibility=true newVisibility=false
05-03 15:45:59.549  1120  1120 D BaseActivity: Launcher flags updated: [] -[state_started]
05-03 15:45:59.549  1120  1120 D BaseDepthController: setSurface:
05-03 15:45:59.549  1120  1120 D BaseDepthController: 	mWaitingOnSurfaceValidity: false
05-03 15:45:59.549  1120  1120 D BaseDepthController: 	mBaseSurface: null
05-03 15:45:59.549  1120  1120 D BaseDepthController: mSurface is null and mCurrentBlur is: 0
05-03 15:45:59.550  1120  1120 D LauncherStateManager: StateManager.goToState: fromState: Normal, toState: Normal, partial trace:
05-03 15:45:59.550  1120  1120 D LauncherStateManager: 	at com.android.launcher3.statemanager.StateManager.moveToRestState(go/retraceme 7101499b44b219b757f6885b35ae099b24fc769225595efcaaacae5b0f94500b:6)
05-03 15:45:59.550  1120  1120 D LauncherStateManager: 	at com.android.launcher3.statemanager.StateManager.moveToRestState(go/retraceme 7101499b44b219b757f6885b35ae099b24fc769225595efcaaacae5b0f94500b:2)
05-03 15:45:59.550  1120  1120 D LauncherStateManager: 	at com.android.launcher3.statemanager.StatefulActivity.onStop(go/retraceme 7101499b44b219b757f6885b35ae099b24fc769225595efcaaacae5b0f94500b:32)
05-03 15:45:59.550  1120  1120 D LauncherStateManager: StateManager.onRepeatStateSetAborted: state: Normal
05-03 15:45:59.550  1120  1120 D ActivityContext: hideKeyboard
05-03 15:45:59.550  1120  1120 D ActivityContext: isImeShown: false
05-03 15:45:59.550  1120  1120 D StatsLog: LAUNCHER_ONSTOP
05-03 15:45:59.550  1120  1120 D StatsLog: LAUNCHER_GOOGLE_SEARCH_RESTORE_LIST_SIZE_AFTER_ACTIVITY_RESTART
05-03 15:45:59.551  1120  1120 D NexusLauncherModelDelegate: notifySmartspaceEvent: SmartspaceTargetEvent{mSmartspaceTarget=null, mSmartspaceActionId='null', mEventType=7}
05-03 15:45:59.551  1267  2456 I FontLog : (REDACTED) Received query %s, URI %s
05-03 15:45:59.551  1267  2456 I FontLog : (REDACTED) Query [%s] resolved to %s
05-03 15:45:59.552  1267  2456 I FontLog : (REDACTED) Fetch %s end status %s
05-03 15:45:59.552  1267  2456 I FontLog : (REDACTED) Pulling font file for id = %d, cache size = %d
05-03 15:45:59.553  9921 10013 I HWUI    : Using FreeType backend (prop=Auto)
05-03 15:45:59.554  1267  2456 I FontLog : (REDACTED) Pulling font file for id = %d, cache size = %d
05-03 15:45:59.559  1120  1120 D NexusLauncherModelDelegate: notifySmartspaceEvent: SmartspaceTargetEvent{mSmartspaceTarget=null, mSmartspaceActionId='null', mEventType=7}
05-03 15:45:59.567   741   943 D BackgroundInstallControlService: Package event received: 0
05-03 15:45:59.569  1120  1133 W System  : A resource failed to call release. 
05-03 15:45:59.569  1120  1133 W System  : A resource failed to call release. 
05-03 15:45:59.569  1120  1133 W System  : A resource failed to call release. 
05-03 15:45:59.594   642   728 W libbinder.IPCThreadState: Sending oneway calls to frozen process.
05-03 15:45:59.595   642   728 W libbinder.IPCThreadState: Sending oneway calls to frozen process.
05-03 15:45:59.596   990  1151 D WindowOnBackDispatcher: setTopOnBackInvokedCallback (unwrapped): null
05-03 15:45:59.596   741  1787 D CoreBackPreview: Window{f41380 u0 Splash Screen de.teilgedanken.stalltagebuch EXITING}: Setting back callback null
05-03 15:45:59.631  9921  9938 D stalltagebuch: tungstenite::handshake::client: Client handshake done.
05-03 15:45:59.631  9956  9968 E ashmem  : readlink(/proc/self/fd/114) failed: Operation not permitted
05-03 15:45:59.632  9956  9968 E ashmem  : readlink(/proc/self/fd/114) failed: Operation not permitted
05-03 15:45:59.633  9921  9938 I stalltagebuch: stalltagebuch::spacetime::auth: Device registration: connection state changed to Connected(Identity(c2008e4f028c66c81e930d5d04453851dfbf512f537fb6b3458d30ed0efb2055), "eyJhbGciOiJSUzI1NiJ9.eyJzdWIiOiIwMUs0RlRNMEoyNjdOUjFUV1dQRlZIREZBNiIsImlzcyI6Imh0dHBzOi8vYXV0aC5zcGFjZXRpbWVkYi5jb20iLCJhdWQiOiJzcGFjZXRpbWVkYiIsImlhdCI6MTc3MjM3NDk3NiwiZXhwIjoxODM1NDQ2OTc2fQ.hQ_WgCgoMcRWELnP6AZgtcW1K7ydk_CLC4GMotrUbmgsW43-r0klhKtQwxBppMKxZ34Cyx8tGrCS4NEbNpG62fyEJ8uvawP-zo8BWFASuXnl9oEAncVC5cTM5XtaRVGwB4L0W6Ryd8tAoYTk9avN3r1vzUJQED3wHLXfEP2S0rgjaOgMy78wzv5H6NbIFkmXIzZiSJJ1KCLsPg2kl2JgqmG8H7EYhpQrQCAB9F4MZvbQt-qkS7gsDquV5aJqlY7iWpjuxC6NFWMIRKUelo-RuYoAXHUQJwCf9AQ9ekuCOYFZHE91g8GLSlEO1giLIf8fVXKOXnLaZUQqU1XSjQSRWA")
05-03 15:45:59.633  9921  9938 I stalltagebuch: stalltagebuch::spacetime::auth: Device registration: connected, starting registration
05-03 15:45:59.633  9921  9938 D stalltagebuch: jni::wrapper::java_vm::vm: Attached thread main (ThreadId(2)). 1 threads attached
05-03 15:45:59.634  9921  9938 D stalltagebuch: jni::wrapper::java_vm::vm: Detached thread main (ThreadId(2)). 0 threads remain attached
05-03 15:45:59.634  9921  9938 I stalltagebuch: stalltagebuch::spacetime::auth: Device registration: got device ID: 1fb4ae037f7db8c2
05-03 15:45:59.634  9921  9938 I stalltagebuch: stalltagebuch::spacetime::auth: Device registration: checking existing device - has_name=false
05-03 15:45:59.634  9921  9938 I stalltagebuch: stalltagebuch::spacetime::auth: Device registration: getting device model for new device
05-03 15:45:59.634  9921  9938 D stalltagebuch: jni::wrapper::java_vm::vm: Attached thread main (ThreadId(2)). 1 threads attached
05-03 15:45:59.634  9921  9938 D stalltagebuch: jni::wrapper::java_vm::vm: Detached thread main (ThreadId(2)). 0 threads remain attached
05-03 15:45:59.634  9921  9938 I stalltagebuch: stalltagebuch::spacetime::auth: Device registration: got device model: sdk_gphone64_x86_64
05-03 15:45:59.634  9921  9938 I stalltagebuch: stalltagebuch::spacetime::auth: SpacetimeDB token persisted successfully
05-03 15:45:59.634  9921  9938 I stalltagebuch: stalltagebuch::spacetime::auth: Device registration: calling register_device reducer for device 1fb4ae037f7db8c2
05-03 15:45:59.634  9921  9938 I stalltagebuch: stalltagebuch::spacetime::auth: Device registration: register_device reducer called for device 1fb4ae037f7db8c2
05-03 15:45:59.635  9956  9968 E ashmem  : readlink(/proc/self/fd/114) failed: Operation not permitted
05-03 15:45:59.746  9921  9938 D stalltagebuch: spacetimedb_sdk::subscription: on_applied called for query QuerySetId { id: 1 }
05-03 15:46:00.102  9921  9938 D stalltagebuch: tungstenite::handshake::client: Client handshake done.
05-03 15:46:00.102  9921  9938 D stalltagebuch: spacetimedb_sdk::subscription: on_applied called for query QuerySetId { id: 2 }
05-03 15:46:00.104  9956  9968 E ashmem  : readlink(/proc/self/fd/114) failed: Operation not permitted
05-03 15:46:00.216  9921 10017 D stalltagebuch: spacetimedb_sdk::subscription: on_applied called for query QuerySetId { id: 3 }
05-03 15:46:00.216  9921  9938 D stalltagebuch: reqwest::connect: starting new connection 'Some("cloud.teilgedanken.de")'
05-03 15:46:00.313  9921  9938 E stalltagebuch: stalltagebuch: Encountered panic at /home/dietrich/.cargo/registry/src/index.crates.io-1949cf8c6b5b557f/rustls-platform-verifier-0.7.0/src/android.rs:90:10: Expect rustls-platform-verifier to be initialized
05-03 15:46:00.313  9921  9938 E stalltagebuch: stalltagebuch: Backtrace:
05-03 15:46:00.313  9921  9938 E stalltagebuch: <disabled>
05-03 15:46:00.996   741   885 I HalDevMgr: bestIfaceCreationProposal is null, requestIface=STA, existingIface=[name=wlan0 type=STA]
05-03 15:46:02.011   531  4113 D android.hardware.audio@7.1-impl.ranchu: threadLoop: entering standby, frames: 4575040
05-03 15:46:02.011   531  4113 D android.hardware.audio@7.1-impl.ranchu: ~TinyalsaSink: joining consumeThread
05-03 15:46:02.026   531  9920 D android.hardware.audio@7.1-impl.ranchu: consumeThread: exiting
05-03 15:46:02.026   531  4113 D android.hardware.audio@7.1-impl.ranchu: ~TinyalsaSink: stopping PCM stream
05-03 15:46:02.059  9956  9996 E ashmem  : readlink(/proc/self/fd/112) failed: Operation not permitted
05-03 15:46:02.059  9956  9996 E ashmem  : readlink(/proc/self/fd/117) failed: Operation not permitted
05-03 15:46:02.064  9921  9967 E stalltagebuch: stalltagebuch: Encountered panic at /home/dietrich/.cargo/registry/src/index.crates.io-1949cf8c6b5b557f/dioxus-desktop-0.7.7/src/android_sync_lock.rs:10:56: called `Result::unwrap()` on an `Err` value: PoisonError { .. }
05-03 15:46:02.064  9921  9967 E stalltagebuch: stalltagebuch: Backtrace:
05-03 15:46:02.064  9921  9967 E stalltagebuch: <disabled>
05-03 15:46:02.064  9921  9967 E stalltagebuch: stalltagebuch: Encountered panic at /rustc/59807616e1fa2540724bfbac14d7976d7e4a3860/library/core/src/panicking.rs:225:5: panic in a function that cannot unwind
05-03 15:46:02.064  9921  9967 E stalltagebuch: stalltagebuch: Backtrace:
05-03 15:46:02.064  9921  9967 E stalltagebuch: <disabled>
05-03 15:46:02.069  9921  9937 I RustStdoutStderr: thread caused non-unwinding panic. aborting.
05-03 15:46:02.067 10022 10022 W linker64: type=1400 audit(0.0:280): avc:  denied  { search } for  name="tests" dev="dm-56" ino=458756 scontext=u:r:untrusted_app:s0:c219,c256,c512,c768 tcontext=u:object_r:shell_test_data_file:s0 tclass=dir permissive=0 app=de.teilgedanken.stalltagebuch
05-03 15:46:02.067 10022 10022 W linker64: type=1400 audit(0.0:281): avc:  denied  { search } for  name="tests" dev="dm-56" ino=458756 scontext=u:r:untrusted_app:s0:c219,c256,c512,c768 tcontext=u:object_r:shell_test_data_file:s0 tclass=dir permissive=0 app=de.teilgedanken.stalltagebuch
05-03 15:46:02.079  1571  1571 I GoogleInputMethodService: GoogleInputMethodService.onFinishInput():2159 
05-03 15:46:02.079  1571  1571 I Module  : DeviceLockedStatusModuleProvider$Module.updateDeviceLockedStatus():103 repeatCheckTimes = 0, locked = false
05-03 15:46:02.067 10022 10022 W linker64: type=1400 audit(0.0:282): avc:  denied  { search } for  name="tests" dev="dm-56" ino=458756 scontext=u:r:untrusted_app:s0:c219,c256,c512,c768 tcontext=u:object_r:shell_test_data_file:s0 tclass=dir permissive=0 app=de.teilgedanken.stalltagebuch
05-03 15:46:02.081  1571  1571 I GoogleInputMethodService: GoogleInputMethodService.onStartInput():1434 onStartInput(EditorInfo{EditorInfo{packageName=de.teilgedanken.stalltagebuch, inputType=0, inputTypeString=NULL, enableLearning=false, autoCorrection=false, autoComplete=false, imeOptions=12000000, privateImeOptions=null, actionName=UNSPECIFIED, actionLabel=null, initialSelStart=-1, initialSelEnd=-1, initialCapsMode=0, label=null, fieldId=0, fieldName=null, extras=null, hintText=null, hintLocales=[]}}, false)
05-03 15:46:02.081  1571  1571 I AndroidIME: LatinIMEBase.updateInputViewCoverNavigation():312 Update input view padding, isNavbarOverInputWindow=true, bottom inset=72
05-03 15:46:02.081  1571  1571 I Module  : DeviceLockedStatusModuleProvider$Module.updateDeviceLockedStatus():103 repeatCheckTimes = 1, locked = false
05-03 15:46:02.067 10022 10022 W linker64: type=1400 audit(0.0:283): avc:  denied  { search } for  name="tests" dev="dm-56" ino=458756 scontext=u:r:untrusted_app:s0:c219,c256,c512,c768 tcontext=u:object_r:shell_test_data_file:s0 tclass=dir permissive=0 app=de.teilgedanken.stalltagebuch
05-03 15:46:02.082   741  1789 W PackageConfigPersister: App-specific configuration not found for packageName: de.teilgedanken.stalltagebuch and userId: 0
05-03 15:46:02.083  9921  9937 I RustStdoutStderr: s_glBindAttribLocation: bind attrib 0 name resolveLevel_and_idx
05-03 15:46:02.083  9921  9937 I RustStdoutStderr: s_glBindAttribLocation: bind attrib 1 name p01
05-03 15:46:02.083  9921  9937 I RustStdoutStderr: s_glBindAttribLocation: bind attrib 2 name p23
05-03 15:46:02.083  9921  9937 I RustStdoutStderr: s_glBindAttribLocation: bind attrib 3 name fanPointAttrib
05-03 15:46:02.083  9921  9937 I RustStdoutStderr: s_glBindAttribLocation: bind attrib 4 name curveType
05-03 15:46:02.086  9921  9937 I RustStdoutStderr: s_glBindAttribLocation: bind attrib 0 name position
05-03 15:46:02.086  9921  9937 I RustStdoutStderr: s_glBindAttribLocation: bind attrib 1 name color
05-03 15:46:02.088  9921  9937 I RustStdoutStderr: s_glBindAttribLocation: bind attrib 0 name unitCoord
05-03 15:46:02.088  9921  9937 I RustStdoutStderr: s_glBindAttribLocation: bind attrib 1 name fillBounds
05-03 15:46:02.088  9921  9937 I RustStdoutStderr: s_glBindAttribLocation: bind attrib 2 name color
05-03 15:46:02.088  9921  9937 I RustStdoutStderr: s_glBindAttribLocation: bind attrib 3 name locations
05-03 15:46:02.124 10022 10022 W libc    : Access denied finding property "ro.debuggable"
05-03 15:46:02.124 10022 10022 W libc    : Access denied finding property "ro.debuggable"
05-03 15:46:02.124 10022 10022 W libc    : Access denied finding property "ro.debuggable"
05-03 15:46:02.149 10022 10022 E chromium: [0503/154602.149223:ERROR:third_party/crashpad/crashpad/snapshot/elf/elf_dynamic_array_reader.h:64] tag not found
05-03 15:46:02.149  9921  9937 I RustStdoutStderr: [0503/154602.149223:ERROR:third_party/crashpad/crashpad/snapshot/elf/elf_dynamic_array_reader.h:64] tag not found
--------- beginning of crash
05-03 15:46:02.162 10022 10022 F crashpad: -----BEGIN CRASHPAD MINIDUMP-----
05-03 15:46:02.172 10022 10022 F crashpad: -----BEGIN CRASHPAD MINIDUMP-----
05-03 15:46:02.172 10022 10022 F crashpad: )iyJn(?dYq.xN8{zy?9)F/eY$N3q{$h|<Nu]YXWiwhSdSpIB*rr]S?;Cv]^C(0H?\C@(^:#k2?`k!hs3-u)W.jjvGV|;:DifM=UnZrtk0m>s7gpoNK;gxoCuvoKH;g:D5w`=CYD%?(k6CbOAqc>fJAap!!Ivv([!!Q!!ZEEb337<4!CV="sX7!9"E3;##BpB4Z.!Q'7<-kcARuTg;#K~J0O(]O&dWLWHV%c(.]<$1Q`E_p+E,E3_D0CN83Cb*!sfz!mU{KK6S%]SHO&!"yWW18n'9%+OE7y+Q&482iWDW$CMyg<m|zeR!AE+G<=5pMe}jcb@.$_7(MTWJbVm.RI56+7,q/=5K"^Xv(18;j;MRb<mqrqIA`K5j57l6++&%)9+G#&70GND#2YS'P%df}*eIe741!?yaW38c2/(!}UWYq%p;G28z-z-"aTBp3w:HMD7#pw'+SS6z3Y#/zoyD7}ocre#',O<S"YLE1S1A1}oqbA!s'|lYL&,w}g#;JHtrZO^
05-03 15:46:02.172 10022 10022 F crashpad: ~bxgf.|(o8:MvK+b78fN@2ogroZ]Cb84bAJ9;`=Q^_]@d*JkS]lKX_wMXLEcr\2(`MS+`/dHU`k|g#F7FO@-D";4lx!z}gFm>E*jll-7B?](Gtm/k&A-!}E7[4Lw.iX*A7LtaM1,48yM{.S(yLKnc}M7!)?;!Tbhs/q/mk}m*d*YkIu_-\`LY%L4[FJ!'JgF5p86YL.9v+XK-"4^o64*:mE?cIZ-8m_C{4j"[f?B4k^%5gsA@Df)uK[>{/-*h0JWLvFwJ"u0:?]`Y"M)Ps,<~KkpLefA=]n`{!a]#?#Sy"M9qnz7VwUY#,$`I+mtTA(!Hj.fxg0x`o!LAbA;;t})CWFv#Ri/KK4V.Gq8SAE-NTNc_aU%qAH]KHc$?\lnz*h00i=w'jr6YQ-frf2x8Cjat.&Ga"=VvaktFB\L}v#08]?!+(\sX$-fj2UCYTs,7aIa.GY@B5B&laHv);[?6P0&R!|O`sZV']=/Jjgt:<,!2l+TzV`!2fXv&wOUd=?iLv`\
05-03 15:46:02.172 10022 10022 F crashpad: dLGl,TVd#"OQtu8^}Ov0xO2K$*Ov5?}p$"#4+o6^^xmFJB>`6%Yu|\Cdb!1Wtu9kLeh8NqP[/!iZhUMsK{9mFH666b:sL8"Wy*hgn@Q9kyFA?$?@U:]0knR~+DR?C6d@Z,~B@DP$]C+oNDx\qKdWQsRE.0n@E!>mo5|]d?wG1*KqLY?!RG)TP-5xdmSw&k'0&Xyavpl6+&7a)E?@j<IW>-:R(d5\5&)]ed31`(;NiR8=_sh?9JZ#-o8ScLBBmuvWP6JCEj44KK!D9m"*46[Ho+o]_6pB.oH3JxFdXvOB)nknBPV=_g247a[Z]_RF3<i{s(<(WA}ZJ7(0Xu3xxokat7.oR+Kai']s8@YL@mWw6OJeNs@]xUK#}C}\_2i*9}'fPAV,6oQ*W6X>K&%(,A8>qI[XUA'0@YUC_gV/?JT2cr#0nk2YJF<f(rya`[K&,9{q`A:m*Q_wq6e:oK/bS>Q9`3{q>@cr{8vwbD!iPqF:^H*8DwR*I5n<QL`9!:MBx=-)
05-03 15:46:02.172 10022 10022 F crashpad: 1K{q~`7<YX!xvA0|0=9JFV7lKWdLX15vBz~Vf6l]Y#hXhwt#WT9:J&zYrz*S~8]p%xD!#T`hJFWp2%<1cK=OrzYvlG!aYRw>bMrleKkq6XjXhw"*kFQS~0OV~0I?{/S={qRJIu,9\rWB2mx=HfJL^F.xDx<3!L0U%L&`uuJ;:??_`A#!gfTv$nGhl\n/vvBE#0@an"=c0lKL5G-)KO;o25uuwv\LSmWwZaln+HbjXi|/#K?JTP8<$9cI@0VT[e>j"?9n>";TZ4+xD_,T6$.Z'xXp-0xUh!Y3"vzs([#JJF=w'j&!+)la]g7<F@2mw&h03jeKr<>1@O2Wp>w\g36m%%K4l[ht:Y\?^N\\~>_po/loA/lnNzV=31n#,Ao?Exj_?W\_uGdVBqP/^PCQ&1q5v6"HP63&uGupPqbh*RH)uuu2w"7fJK\@fR(_|\4;EnX^]s"Eq$YQ`sFHGR;P.*2<e6QLqT+0$3X?G:sM&&/MTD^LqB2kqiw`rV.LLqaZThM9
05-03 15:46:02.172 10022 10022 F crashpad: fol|,ml5;?4G<.KvrWZ6W*V?xt:PN^/`"jNtfgcH>xJ4c_RZ;;\KYsU_.@frxUhSa3'qWM`q:bVN"w~M6Jks%{k.Q5q%$BsbfDo-B7$ReR$"S"-#27nrLUHPY@dm?0IQS#cNlGuey1oC1JRcFk1cm0M^<lt-2iPoPiCVpYvI)dTj6oKM5<7_}]4_rb3DK[SG]u])pQ7^6DNf.BO:M@yO?YaNo*q*`B{a$Lht4XH}Wch/h?Q>}QRepF`K;v^2vO0%4o^g7s,/~Pz(F4Ziz=<Yi,aG)<40M]f9ET8.QpJrphfl471)ILa>^91!"Y%?%3@WY33+Y=_V$6jCvp56lq;YhwrB3k;iAoV1i(Tt,Z.8mU;TWkwT8k@5DLgD"EFPsw._Dh3i?O{N:Vf?q8,A9krnVBW-&JQmU`^g9,l,Fs-{FOL<ENuZ_Nm,N[`>|i`&z_h$^kzWHt-ONK!^(kJwV6HcZ:CIz}0=jfo:|p~FyEjY^dX<)]$+FJGpLgyB,Wf?}cbN
05-03 15:46:02.172 10022 10022 F crashpad: ZZ^*3WF{`Mzp160k.3ag#v?gCNfQ^dEJDBeikO\^~[MAOCg2SeFRqWE]?;7aFN%f#YV1.cC*Ou>2%lb.VBqC_Ayv4oo\Msiw)^(kr?ma~3qf2fl*'vv[kMJzVQ(<HuKhjV>9>Ai?#;?c)W2aD\kz?D9Gi@@D$R|Z']aG6sp=3?ZS2?}P9^m2&DHH'qJ2DU@D`IDD8*x5"bHUoww0vI>8wB-i~@/v^Tndj?KZp&C3-L!.Q[tu%-DP);,Ukm3Q)a1s{uffJ2DUjwBoDYHbDO4S\Jbj1S9d?mXC]w`r56|iyAo)vrL\7^FS(/b7qZyD{9LDksdfsC&xZnvb3BS;!=9u]3B^jNtC6B(*4;WDv,o)vr|t7^TR=*=poT@D/5Jl^2t[IJ/bmtZ3'5BP,Mto(E[uK0W?ng*"9)zo}T[<1RN97v0f*a[hoo!kC;z1>WtB/@dd@=[n=GUSBwD2+|Butiio5aZn7aZ#Io<Uhf_2LmNN.WlRu~}u3tt.dPMH[oBh$ZeV
05-03 15:46:02.172 10022 10022 F crashpad: Vdll>kh<4[pkMn+As<O;*UaG`(7("M'fae5Q>ZG:|BViA\k]$a\ad/:6jT@D/5|uQC_2dr.;;;d13W<6le?h<gPKm4w=|sD6pKIuJ69M>*)U>&}k$!I<aLcU4x$DcAo:ng=&gT.=?@CD7Fc8rmPNNV0`KC0m,!GvR,`3`g=I[kJ>!rd/,P1mi]l/Dt,J,EMvy'-?t4ark`!:0dCWfqw\DD1cV`1L=\Z8\+%{Y7RCo/[-&N}eAe#([;^ZW{ehQe#/wmBIZh7JQ=NO/tcDLdwIE90E%SP53X=-#G^`rRaGG{'[fB3WZq_A:6v>J&%Lbx~cbzI4NNzora2NJ4D]sw*50B;W^tO5T;Sg:h&GS[hE@Datr">Oh]oiAB&u{h&Uxi.IfP<O`t~USkt5Yth\pBefgM,m-uhY},VK_C-dX:^F>s>tNv\#<aFpFTP_aw7o)L(=OLJn]1|:@\CS8v?7dp>H6T<rn(DD6vKGs;Q3)a;t<Q(;1LUD~pHt\1]J|T6iVQ9i
05-03 15:46:02.172 10022 10022 F crashpad: 6NR~"K0e?h%:0c]054+s^GO].,LV+Qel:iHwBfh?i/ALE0N__Nz2=h]:\mE46Yqdb?z[`C98=vRDgRZSA>#sC:DhQUS<2C#9YYR1[a_ch+WWx2yxO/~y{ZY\;8Oq-GOI[.'+kV~c24jZEF4+Yr(Q(K^V<r^P~F'U>vgKa:/kraD{Yr7kH-&M2JP^wQMNxSPhM^Ks\BeIc;aM7@yrpN~Fe>;3c211CURCdFO(n,$e]S`_JLpObPx':WJQXOa6u9`r#cR_}]c)dC|s3DaJ,1ArbY#;}N\2q^ML^q|GSI0@A`\v<a{7hmA#,q1K0B9+CtK5$f2b\E"k|DoaARzT$9\ZF*31xN>bI[&Kwr9TMhL_Liw_fg}r2&)7#Wj>=\8nq;`S<F$)?5FZ3<&8/^5dz`RnkfjGe`O#`q~hJr[T;3gvxb]C)L:ztX`2a9N*").||upw\v}km-s)IG7GSgo2zo9GBlX6FN33+pZh8xQIm6o4bAIDdS^"X6;^,7{acV9mt;eg
05-03 15:46:02.172 10022 10022 F crashpad: b5P?HUFg76@?p)n.7G%LIIhguK><xBKHG5R\({Z#Gn7`bL?f]'vpat{>usKW,2bu=q.UY6iKa0z[_Ptn'*='KMw+7Zhlh2<hL)lp4tMtsW"==D08jND#MZL;KiBTepBKi2l6r3XL~UMWRUcfJ2DU@DL|Vdyw6)rZ-mNoQh/)'LQRzvPb:X}ND=%foD<fO*Y*]'~pdt\(;Oy8sE4\_*r8`w'UFd}SlKY0ZvtC3WZqIo~&Jr_N~84+31eqxcJ2BwGGfWNuh-4;hS5S-=f/+(\B$1QSUhC-8E0.)ZI6!@g+yf_2^VNK[sz_PAwTi1>?MK|E3mSNMceKD4jVf>_?;ona$~k_h6:1y`MJS;8u#<bJ0o),:Vy?p,KU5k~+]W|''/\-)=7?DvQ,CKXT{|dS9g*g_2^VNK5P&x5U7b6+\N(-.Ajt2o?\cq\?tV=ERLMLtu)o>HClr(`Z_]#N!\00_G7u$nYEeQQ@jIRqA=cdsZ1(.U3'j+w:_[gCGUFg76\iBWdt
05-03 15:46:02.172 10022 10022 F crashpad: PBt<,Z@Q#:oE?%gg%wE\j|U@*i6Tn43L33.LYb0T37[ItXy8nK?nn=aDS;#k$=u';z@0^r9Wh~K=[;ae;EwmW2r>m[jf3D3W^a^g_YK#ms@TOoR0dxVdmI++W_M9B\As<2}cDE96:@c;}]&XR%;4#^/XD7zPWn=.RSMa$x[T(h&UT={i}=j@Yr',x<hni;:l76(kdfBn:6zpyB?D`7`g-d5KCoJ*V6*(ku5Esm}@\44;^ZBZ<p&80Q$3:ZfQ}7o*Efl56^HaKh>A'uE}v`\T,KokR\{g?+~jyeL<_ltl5J~U~*}=~*y[q?l*E+_+_lKR[TXali*4-?cqfQZI"3|uqCJ2`qbc9^?hCWdPCw_j|GR]*Fd*tTW1dgw/8kVdOJJ[DD/OHolSE:>cJa<6s)2zCEi{Z(>4*ftPO@t.ZM/f:PuPRvl(ql@G<`q_.i\e]rVABL3XF7On6J7\rt:g{tXUBJX%34'0FTX;%HyC4O8jO*OsfG9d-xGhxG>NJ8\P?#{H
05-03 15:46:02.172 10022 10022 F crashpad: 1ObbOL"v,ShzpQ_eZ\"J21`u?c?Eq(MLblbBrT@D/5|u]Y?D7bdJZ=ya;:W6"o]gMKLi[h?o#SMtdxVdOJr/~PwGplQ>l9usNtK%bq2F=4t(}l?GC,%,icpXa99%.NwQsO74c*C8:@R4+)$0LE,G8)Sy;U0uSoPj%kdfzJ|s$F%DqF0P5d]Zid!b|o)QZ64o]g[sNLTcYC/\v;)()Un>0eT'*~sK,\a2{ax>%HUrnJ.Y-./cA9ZX_[As@(qRmmnOmN-:0Oe0?26YCej{A>{[!'d^eJ&mcKDjXGpdHkM3/]NNO(x\es>e$hSrn8_diPhO$-9BtHrcksdfsCGUSK]T2N<cYB4O=R*.ca8Ermr@VE]hURMKmL4X@DYcrF6[hu[(;pVX]QxR~?9!{nDGg(ewJhPRbz>6?1g-f%"b,h1.jB%8jJckk8Bt|(8h#R2u_SB_bD@+1]4p>Tj<xCDDe`U6GUQrnofrCIGV2vRF9iloP>xndpbE*LCLCu{GM4=2\:gp
05-03 15:46:02.172 10022 10022 F crashpad: h=m.y>-LK)qw3V=WP[Mc#J6%4o^g_v:fhX\q=Ie`8mV6R4$m?nhA2v&s12Sv9g~9bVDDAaf=iWOL!fwKw]dIE6^NhsDUg\m@pYYG6S/S}1YdW(j^qaMZG:7V})F#dhcNFP34h!Dlw9:;)Cw_8h2$.3[G|UMVokXF"(^8=Y3S^ZW5]2;@`n0Pe(,XaFj=N5kG9ccZf`xS}\T;|UBWZqIo.>7KkSwT~8<10W,P!9_2qt/@H0K,>0lNhdmI_mj@@DeX$YCdOgap{[}9Y`2OSFo/*,$9p3>d:S|y#p2=SEeQn=8CJJA-{UCaS,[I4/Ef&6S]7V;kz,qFO+(B$KwBn`l,GUfS[Q+ka2^V"uL]W6x_dTb1e]tl;#Y>I8Au(?Oq\kQ[-Y^MrqZ:ejurA;N}tgn\m@RbvF^ch+-:+]9WNt+G>j>p>)"uXwE<wefP*uZY^Nt>Wp2gt3=K'j@=\UYIPlm+YIBF{m(`ynT*BLtJVdvPIHuQXWE8Lk!c2L81:b<M{+V(
05-03 15:46:02.172 10022 10022 F crashpad: 'qJ2Hw4SJ>ulb2{KLrX!HL7J5#"pRMpEw,DD"j[dHPvV`'\;s>vpjB#<!{]hs10f(O)L/s7d'sEYS-.8:-G[jq[U)*$(//d8hu7N,>f]C]-v@,,;~[uIHi5)l?6UN7?Z+pS$$R[)<N})AfjYWA@o~3>IksV/NvplaMX6jtR_V|\g1b}^F|^@ZvP|hdmI_mj@@D,ZjjDV0cw-ZwCz0A)n'ihU56p7<e=<6YeXYSB:aC|-b[%M]Z]~V`oo`GWApgTBksTU~l)kdf<[+t0/H}A5EZ[g!akT'Ks=5vT~7N>.Q[,ml?A\\w(c`;B"/a`!vhNxVrTc;5j3ee6taoS3N901<b.9,^uFof_2^VNKS'GUk>yu/rZB)Ayd|T+L},[?0AxDo)"s2_*bTv%05wl`O(b81WM.Hg<Jdc@J~FefJ2DU@Dzc'V<GwIS;1LVoPK[2#U3LRS{P^oPKScsBG5vr`A0L&]Kgj<0QA~G;CMu]C`\Ag9Dn$h%6%[c:`&qXH:jD9Ci>
05-03 15:46:02.172 10022 10022 F crashpad: /T)U{}vGTO3q{W{}xx6gjZfzg5L=AoquHJS;^VNK+SCW4,Xv$&R]`q+f>w_zoj@Ic*hg1RCw_z(j_2coxnw?[2*n60-s%fBG2RAkQz})^SHT2g4"4R@[cY&Xfr`+7Jyk:\+=\))v,|cd9PlW[pJ2YShf_2^V~sf](1;17bBX#F|m8N"M`2PAyEuwcsy_~{Ra,Bd1/p&%F{VLXl892C`HHe`AZ\]3"`!P]i?t@wvQg;tl_g)F/*!kF^3DDPTX{wAk\FwT/1Q-\vi7jQDW\rrN<rnXgg7gKW,Dtr!p_[W/D|hQCKx-#dhCT[ef5VYCJEbql7:9Frh)vr;QUtkwdi0w.w1vxpqY:tgEq7?8IKp`5:h~qDm[@H%9G1M/_+-v3::\H:nnoC(V3WpYFg76z`V68s="\9x5u{q[hA&3uH_!}hIT]@'HK+KN(j~F)zCWbJ$A|r>ckG$,o)$wea[2`g=IksplLu5u6(`g!Ba|MY2V%fbK`gXi}u[Hs>\sNkwtBj`f
05-03 15:46:02.172 10022 10022 F crashpad: ~vPI(VksdfsC[?f1&DD@Rbsh6&/2(qhT%-o)*KPC02(qhT9g="(;x5%S"\@D[`DZdsDWWAM"C^$NLvr+u:&zX#DI)bPQe`\__g9rbR0ZD4ev259V0Zz_UF+gEQR42<hG$(*Fjw"ob8il>B\a)K^-dk<EP*#H*5gwi[lt:2jj~xcg)I6/Zlx+PwiKa\eUWuCc\.hg'gg+g4AL:vg6lg8}~w}djN$~10xrwv[e`w(kZq_A5w/r<MBWxt\Yjfp7i?HUu7?Zt[^|hdmI_mj@BWDJtDrJQ]rzRJN8DDu/dr60Fs;f_o^D\Z2RXc$/12:'yD}0*b^sO:<a.r1LqVad9wqC&xnsV/Cu0Gfl)afbdANX$e%4*-l{,WekDu:>,W9Uo.|P2CVIs7{(rW?/FiyD+tCZt5[0AWM]yDKtBM#HtXL-d79Fc)1@-srgX\.4-**Y\&tYM/dZd"/BI!^*aL:{K)<|6T=5rtvi'rpU@De`6<oa8P@D{W@D{W@DewoalusD%>BK
05-03 15:46:02.172 10022 10022 F crashpad: 'IHu2La~DD2K!i<@R*V,to4rCKO!L.~r?"w;IJ(E>ILW1W*G!tnaS0Jr`3.6hO(~:>=k8y)AoKs_$={X`mPG:TQ5y|$}8+n2zo9G,Q@DZSDM?:NaAH$ZXuPr@r?A%z6O]h*+b\bp"5o]+:dP+6-ZmD)X9dF/UK~Le=Gd8xYICbJIk664cA`*rm<US23W$FzT<rjF3kswhA\?=kqZ)p,xhqbf;w}dto#mq@tm(1@w9g=|hsDUg\ot>FAbIKw!>1d5m/@B+>:I=:4U]5<,DMXTwD(Tv$e6u]<sy4H*QcNj,mnl;Y,/@!du?qnqZ6?@YKxe$k3RyDHn[ZM9ywl6~|l9d|y](k@bhsZw$d*9@A,H&\-#Y>[{Au">KoPK6gr>,s<n>&kD&s<"3N&0)o96mwupzJo4|@L0Cks.1FO')>jsR,nS0L:G~l{(]r\?_4|w>cPFl]q~Fg3D3W~E+g4`ec,'w-71w?yw#mxtXC&)Cw[(@1>wWf)8?2gjPICu50<K4PG5
05-03 15:46:02.172 10022 10022 F crashpad: ?z(u~PHw93`g=I`F7^P9wa^3b='sNkLv]^lt|o"T^($x%\*^c\z8QC4Rjp;WC-p9hJV*'AV<KMgW1vggNyiM-,@-[n?0U)s'S8d3iXqaaHUF75(=9_v))5K%U_6##<5Q&G)bFDe`[I3kqv@]FD>p(~&T6k$kKW(.)6$wa/"sZT0L!v=|hsDUg\ot>F;bIKSoiKCokm$\?8jS/7o/4YG|d+[D.3a8cJ:h+hN>*2Y3<*Cge\kR[rXU>(ENv8SCS`q>*?P>}/7g'V%(`SpB7r~itCK[AjJ>d5AWNApB0:T(`!8DEjea^:6W3EZn8O(LMPD~Qqu%imhGCA7cF54i%6*YRg.k0#\u@4c_`FggEdA\'fD>%VEayW+3>X,bTC=OIA$KL[Xy;2Jje/&N<oJ=p]B}87\D6H.P<rr:~F'Ks;zA1-iK`i=3Qwz):W|VLTuuCW@;QK]_HPjpY1sLvrL\\+qQj(gdi(kfg'iMD$_<|!ciBxutEbO_\L~JOWhJcAiJ;mdJ
05-03 15:46:02.172 10022 10022 F crashpad: Ys7^IeQOm9Jik1_2tX>+YOM(`J^]jf76(kdfJ23WPp|9-b^_=:J>uq`OI9(X`2u-)b<5:.~D:)0JL\$#O6dH9/>6@E-6xc.4,g;*Ct^\2w3r$FXjHh>Do*,b`7IKTWTGbo<Zpk$!aF.qgY3Kpg*61ENcth?+4UtKn:=GZSse9\40o7CiBrB@b:c/8s<ITgKoQ_9nR+lpQ-uTjBTERjfw?.}(p-G*:b:q-t/gnAXVf\dPqM4AK.tunI%\d`qfLjpG1Hu.tH{7OYHGfT33oQ#Aih2vNIp?h3\?Pwkx,e!t(fs^6V$E62AFCc5DgS^pKO!j(J8ua*3`4g5u[GuazjPGYLh"+@JQA$o(Mj$c8xOhB6A.3ZJAP9H!uPet:5v+Bt,<?$q!>q%5Fk,1=qbHYLBp8W_'Mwk\Dk8xugdwvw[|(XdK%x}KBp8Wf6]61v=b@$SBMj,Z%bfrLLd'a!>q:XM6>qXwFp\">q)4l66vu>_"o4>q:HEbPhv0a';Nk\rz3U7"
05-03 15:46:02.172 10022 10022 F crashpad: Jv(=R'>qn8*;IAT+82VKhvo!%Qet*4bAVpV6a'iuk\rj8xhY<w]=[q=K0Zch7vgg5<e&XKzo}e+th:"R_2IA2z3Uqaq:OC-vq\_"!I"n.bc'W,MjJn[Lohdwp;Q9WKZ_o!13fES2mGIA@cHxogN\(DWLvr^Ek)AQk\6fHxmgN\4D/8ta#+*"SOy^@V$R0v+IF%i)MjcGq6(pp3X2IUj)TkCgcrYK65*"u:^`zwru1$8,[WV9H$!MU=H_Q-Q5W*2+oW'hpxu}_?nNw+IupX?0q\}iFh]D#C[IbyYWLD>/c.u)GzSW187;i;nCug[93xo}MD#2}'C!l6D<Z=qyA>mgH[db{.m%`xL7-RDB>/i])?*$d&b=S<'c$2}#9+q7&tF0,MG4,($}X873!;E0t10fr,!![Yi;eRL"Pj/yzb*hNmtzK5mbRra$`a:p~0`@iRp'9%m6{6[9_@m^NV:2V+G>0\)\v<6&'+YF%/DQ~bI%?N_XU1K1m}@-J=.df)D70MD%
05-03 15:46:02.172 10022 10022 F crashpad: :3&XIW;AT8>~#J1aSt\<LJ9&D4TyaMo.M8{nxN(:5U&/6F_7a,k"$,?m=<1Yd_$d\WJuymIeameW7xy6{Z+2z?2e3@$fvKO4^$$zW&d@RXypUzE7gDB%2Yd<c^]+#*!OMW8"zL9Nh@4]*Nruz8p%bt9{#kzz{-~o>"]5B%gS5CCZ>DJ)}l:|^ow"pD>*I`B:T9/%HSa9]5$HeWYl`}68[n9Y2ImYwKA7?ii\{mOZ^?Q5U"PsF5*>q9={qM+9=)9_5B-3XYt<hU8\$2.Ouv`x3,:|OG@Zs;mR-8C4WCo:!kBO%<4(XUp04;dP`pd+z'V~X:D/{IkH'PG_=E76S"'Pe7i,5TGCt\B9(^yqA7_v<zEk~m|93{LIICDvCzQq/3M|/+x2=MC[0g,OMG4YAACz=2)d)`$mG-tZfD$"Q5c-GPy7TC%.)s~52$"biG*/\0+vdu3/*H-;nI?^?r#v\?2[4^[L_0Om<45ECsunxDJP-QHA9Fwe9JNH'h|sUtDcGUQ0
05-03 15:46:02.172 10022 10022 F crashpad: ,m<!-tBe&:X7ALwR=g:n(QD~"s[/)T\MzpAu&r8fFu]B{(so#v`jXB~P~fnmn:IN-`88\\ba11$9v6'$4l4lbUxY/B>sfI.xbr~-?,;%=bG!$8@AeUSg<vx-*JWJjhl9,Y0iCe-:o9we/G/Trrt/!D#H|/:s[ZV89)0T'RcQ!/htxJeiN-Yb{\1R#0|Ak@pB=4$TS(,;/E'v6R#z'Gd{*;2TDd-z,<@EGXi\e4Z7}#48S~D_(t@>ab[UY[k@hL)TDD*1Z45M6Q'B~CS`7c3eMi~jHCX#n"+]w3-{`fJi\YM5UCX2}M847A-]?2>vK^HU}*,A'B.]Jl,BXjBv^1&,pA67)T?Lc'tNbZ3+K`fZevfh.c}fC,r+F^ZJQCB9/IE-ob(Xu\IO61@oX#\I.cq0hq^gDW.Ux=xB<rJRK*YbE'M}q/pAjS#0.J]^^N^Ys{7[Jy~E+]-2qM+BdF/t@*Lc~>\7=>OIJtDP=X9fGeU6vpS~a2$BaXZIaw4`i.4-&t;>
05-03 15:46:02.172 10022 10022 F crashpad: U9U/S$no4d3e)sqiERi-/Tb<\PZKT)5MB'&?{E$KG]?J1>B>5gwc,m~kx-2AM$pA@*&?EKY[yS8Hr6!J5[M-=YxBNXy/:v`]/AVQXb_R5O"PWoHB*C+JIEj9K:`'`XQc_k#.pA|0&?"q"1KH+BFo/Ju3OQaw0f;7rsA;coD+u?3'H?\2KA).pA|0&?v_lcJMM]_qQ[-06g"(WI'Nz#pA@*&?L4^=A^7[sT8+q]:1_^(N{QFvMnhm.wI-iOWC72UQ~\%:=><.514?0e~>$7=>50(W`[gs'Tt0[&JteX5B@L1AmtN<xB|:=>g5YucZg^^yJyN-+]gC(N:[,jDC0)V#H?'BBmg2-dZ[-KU5+>1'NBlWy/sMQ_^X]5UCXAhp^`&W9_B`Qj}*.B'BhBdJ6c{9,pXY3f~>l9)TKIkBjs&i&.d5+>5'&nAX5B8HM}i'pAfws9t>X<x]W:*@\/Cd}*L!+]Su%{HRVt;U5+aU0'J`p79"13}[rtGp5M40+];N[W?(
05-03 15:46:02.172 10022 10022 F crashpad: ]gP.|*.&k{Aor$MCm[Lj&&e'pA<rZR3}*.!_b9`)dw+[`/Q-qS?d<?@aA2NoV[/RuS83}k4];p~]d5!I:-}9_kX9nt~oLkYBabWC1:<=_r]{&1*pB[s@S[-0|ofj<oe==|)1^&pAjS#0P`XP|1:[Jyh*+]!W2&/kx5>FN+.y~\9NCv-B^,SS9vcC8w3[V:)mXh(3#LIgXq>+m{+N@V,EZFx]K5k^A-;(!^`_#f+&%H-cg?;<*XRKHjdGJ5+>/'DM3c|UF\A27a)[.f\T]{j)EIOtKp41DJ]/E-iO?]:`Hf_s;>WOkJO58AEtUP'-pA"O#0t@QSn@+&I:TfjJ&B8R\4f[8UxifI*YeE7h+Y]`\t|.,&Gi'BnEn<.H3wj+D3P5uS.'8G@eg%)9BR(g~>>-T:X1ua-1=tq5,&gy%R!Gu)@F)S4`L5Nbj4l9gh^}31RKVA49GJ]/F-!k!#va->.vR=YR~\UTMK8*T:0-Ma.?<c4I2ATZ/Ia_^1`JbuX#R$&?
05-03 15:46:02.172 10022 10022 F crashpad: THSRy.0J]/<-KpCM7"y<.8Xr:nV[",,f_-@Opa@v/01&k[tS;luh8ty93ne$"fhs*SUC&ZCnwsK=6v`TJyn=gsT@YKGE[sfi5M^5+]km<^m<:?U/-&Wq/QEI9Q5wB,MhN|Oa+[LES9U/P$&}"{8*Bi5Mfi'BZ[-e],T]mF)J5[9-)ouQ:`=Qur'Tr{Ui\SUh~ng7WmfRuS=Tiqs"XtAhV#4U'Bh@o;c?:x~\gUY[}I2|bT\T|fXm0`kwgDw>O]t<#qTo|y~\#9uiD,SS,L+LasKs;>!:S~>*bXM:Lwi/+&50Z.*afkCnBv1_A2av\5=T:'.BDc"JL/[T:)pA^MY['#Cdt0Ql5MNM2:S0t8psB{~\5uh9w.N,SSU[9q=byHsD.c'?6,=Y53&8=J]/T-qSuU*`0KS25M.=gs`6;vk-mq.XTPyH?JSOm59HFkRI,?LSt<qIS::':X@7/K@JoJ4=#O~\mP#0ZEe}|1nu5MPvF.0LE?FH>bC`3[V:4'b,lrsk
05-03 15:46:02.172 10022 10022 F crashpad: M9&e30.&!&.c),sz8*Dtl\As'Tm3qeL+Ap<u7[+pR*+XzVY[E;v)60S:$gos;>1:QMIFn0JnAJ+fx3F/xKH&9_(#3Sxia9=>I6--\CgHab{1+]K]r+KZ8U~\MA[h5o|2'+/XgsIA;{@V8Gu(6fIyXB+][<$q9BvagU~\SLzXkmi%X\X<P9~_:+0K-'H?nQ81Fq(6+&_Ub3NCeGJg,TVFD90)&?]nDU`[ysqi6RuSj3^^8@6}Hq]_fR?Q5dr7So8=X#rd-c_W5g_B2W~\oJ(Y<BDqg0{cBfvJ+:=>}R}QbTN}'.pAB3&?#:)a6c<Bna1KU]cS4-L|dMe0~RLHHn~/V9QMVp;\`J?s;>R9q]L:Y3x=1nB{~\#`^h5og{cvk[DgSOxo^w2'rDx1!9JTJy8j|+@F%-(6AC"+A&?Bn|Y[7F$),KOX+&/=.cej3{40up@[Jy~E+]I[~('?_wqiPlU#b\.c7gx$?rL^@:{BZo<,LL"Mo<W+LE$+Jy|$+]}^LB'?
05-03 15:46:02.172 10022 10022 F crashpad: 8`.wGfBo~/t5u9TSxgo9tCUUVqRqBRxI<-obVBLX(hdK&'ab_{Y['zH^hqDnV['SUC:L'r&=lp`3gU~\yK?~ZRQS.`Qarjtcjt#Si-\65L4]718*JyB'&?sYHtt(qN3KHB"e|4U@'UY[c,[8$IKObc~>x,T:=eb11L~rqiiRi-=;BpEg1&5P.cE>hPA[eEab1t6RKApg]Djf2bHfy.z;Qt0/E,&?Sqs/8qw/j':V,ovR_3wiZue][TXhXs%WS5*sS4FkD2hh@}<[S]eu{XGflMCF~r-&eH'B"=_>vjzb~>\,#qMk(K7]"o~/j6nDueL)p*T7IVxi9:)TK6aDr30e~>>-^/|hxdg*JEH]Iy8juRag22sUxQ&\(ZWSezR8=>?aEk7^r]^-N5k^J-ob7IWlB*Wq,n~/!%R5:nsc<q5wsK*knreKW-ob,,:O\BF6D+K:7{@V~0GT^^Q5uS4'DM.9s|g4FuQYQ5UC^TKt<w[XGf61hX]9)Ty;?Sblo,abk1.?
05-03 15:46:02.172 10022 10022 F crashpad: 6QeM~iKp@uW\JyNeNR{Kn+pdOm%?#GK(nPv,6[)-CD9sT5!II-)o3~Ya<B"m=+pA0N#0>aopT%/B^sHJmohUIK2Eo^0PJy\D+]U)H\/j0=Iy6Q'Bb/He=xo4<`,k5MvI>~^^^+o`mLyJ8+n~mcY@CHrH.?TK4f~>p,^/<H>mGANd~>#w,Y-/YRe<HwB+"Zd9#fu&*F1y;q=$W#h?+]qs"dYo^Z5Mh*+]K4c=f$aiLKJ5Wt!dMjJ)8FY3:f.v5mu2U8=7[rN?bpbgX#^Zb:{`EN/^PL't@*vf~>T.KEJRe<xu)1r`5Mt(Ym4|UV8ii.J}d`ZWyZMH&-T:3b$j@RhXe6=z~\u6=>_dl\xtOQ~\aCPh:`)`zrkg,1~6d=:?D.,f/u*R`KskIyv!&?7C9p6m={~\wZb!>J.D93Jv(9VQ$(+]_F+t'u9kj{-8-J]/L-;(;+x(\h[pFrFs;>z9S~eMR#Wt]pX`;[c[#R/ywsCC%sbtBa?QBmV[9SUC831m=4<I
05-03 15:46:02.172 10022 10022 F crashpad: AF.&5PTfZbvI"BBW\sHJ+f2TQGAg}S`3,7PsY)-N4h'-Lx]q!W*bV5uS8'J`pcyB83B:rI+fy^qe|C8pH6EZ+[c[%S#z<IPF*hNLNU~\YR#0B4o+<WEtl\qs'T^92J{HvN!GiSBwIImq}*:Hsv9EL+vaY4+v5BMJ5[A-iOGD;ojAx03=ab_Ws#=YHVxtGd$IyHo".cKQUu*HBP\+;+Mk3'DMKcloD?kk!O~\7FTh#f$qg00A5[}*X''B:[RzOlJ:HJ]/J8I?#QZ(2D2w}95MzCh:mF+0+W#]aT6=2>.T;-}9iPA[ySft[!?sqiYRAYZ(5L4]A>#O~\E=~X?1"*>aq*b\qdSQ#0>+Be)v@nV[ASi-+2[)C3B,VT~\5=b"I:gk5lvO-ZS[c[GRuS{[>`l\~mV[_R+>]3MKC>>B$J+f!j%Qh*%C^D[?|;_>f>:?(,^/N!!+p[u>%J]/@-;(/[h_<q!%abgK&RaT.i4lr~X<\=:?/SuSGAdq>e!sqi,~!5VQ
05-03 15:46:02.172 10022 10022 F crashpad: ;kX;abq@fRE9HPi\)g;[6]6[c[3R#z@'Ol*0vI]/V-}9{?+rfVIF5MT@-f]7NH8}(%l,%hZR.'.BjN{;TF*pZ\H*.Ob3<8KAk?\Gl+Mw5Mvy#02i9n'}VQ~\_U#0`v*uZkWty&IyT@gsV1oVRbA^vafM~\=:)Tea{BLTSPIFH3|4U@z7q0#m;o#gtE([$g"N'0dzyqF>D9y^A-ob\'mKloub~>r-T:)MfcrF;w2(U#F>";ka3@=g'J6*hzzaF[-0rRUC^Fqu#}`2jn~/(:#fYEMGB2hobf~>@;)Ta%MC7pMjd;30ab?+zuU.(U)T'0\!~m~/P3hD+?`#:uI=B2s@vro@C8g^,c-NZk}x5M*3&?bE$NX:ml.crmV[&-^/\Kvsvi<qk*abg'&?/?#BRMbw:[{[S]-Zz9[!rBCH%TU#:H_S;2/vy5XVE}'uH3^iXYCP#0,>5?"iN0}_5M.=gsD0A>7tHf}D+[.f~fqezR*]UT|t~6ab_{#0nY$B~CK?#GU#
05-03 15:46:02.172 10022 10022 F crashpad: R4Ao(/%?nkYKFBQJ+f}fz)~jMGaw.PCv@]>H-hz7)T?)@[2zLt]5k^F-iOt}AYj0~J`c~>\,-fyzP^+^+_f5-oh(Kt43+c5v2qz.O0gXxV][37q]A4KkOJ]/@-iO*(JE4OWC6x~\!_"/DcaUEkQL6[:]^i63@-obLn%88tslRoV[[}`T2DX2C52egwnkydwO=9_K2u|.e-nMar`Phq'8n|Y[?J=g>tJcrmV[ORi-x$@P(vXQV#FN'B|,HZ5e?a)<g>R_*?p-:I{~}L=>5Td[gEHD>+LA;{"?:s-]{eC5-*B+K::{.]LO+>yi+9`U~\98=>}4](g5Z[ZcW#vV\87?~#kawG9v7Q;^;}Jo'BBGi&rD*\|wE~~\YR#0\T#BRa*FVoV[2.h$.N7d}`'D&j?B4A0S53*{ltabod~>P,6[!/+c}"pA>U0:OZPQ8dG5jB4[`/S-=Y0DIK@N~\1R][1-e\%\VA<I1Jg$z7#Uw#=>3?=QOE8+e%&?I]epf$U#@[Tf
05-03 15:46:02.172 10022 10022 F crashpad: rnqu3Q6tJc1s;>r9m{z'kaewC+:N~\KD$=C3'{lt4-Zg-\S];,^/\M*]AcC5c*6+u?1':Xl6[B|a:%pALT#0Bw'Nv!pA6k6C*HR*6[Nk.O`J'B(0%rR:NE$+Jyz#&?FG(cuJL/wc~>R-^/vV%?1~"GP5=+q]mLmUx`KZw-]WqdyT#0p*XtA]t;or;>W9#f?xk^:0n*!V~\'MY[/:-T)T}t;qw01&k[(Wu1rW%?;]@AZ_`i.o<'H?.7[BtKY{U#h?+]Y')cEj4pvS?+#f9{4haQB_Zw3J5[A-;(O-W@qSW#rt%,L|VPUC4161"P_bvJ77)T9qux1.|4QL4UmrqiERuSZC%?"U:wb4<%pAnU#0$*AO45-g1MpEN-h$AXQ[7DHj"uc531h4uc&[JSTCK:D3WJGyntBR#0*(NZ$L,J]/X-97l&4uaXxU~@abCYt9*O>NKAcqwa,hOQ+XvN][|6#fD$J`~I]/N-QC=eOtfi5MnM'B*9(Xot9YwX~h/&50^R72
05-03 15:46:02.172 10022 10022 F crashpad: #,[)gQjK(_<9;?h-.?<M+>si#Tur'TG-_Zr7Jc-?_\rB,JIE*:)yP9W2~l6=AJ+fo;QG7rA"Sal[u/k~VHB484_)^/N9KL*r'c~>U~t>\63jwUYs;>w9K:hw.71^>w_yIyX:,SA>9&"q)?b\_VH[W]3AGBH.=>5K;2dL~\/.h$Rz+>EAJWiS~\%:maM(=>%+BW,1P5+>5'R4&7MkA>R[]5UCv({eE[2q&^uQn,p=:?5Ri-/)%?:+3wR8X#^Z'B,DFGfEU?.6Jyh*+]K]wzlt]P}lN5I_D.{eYU08i8z>;tphR5c;C-)oeM.h#frg*V^>X#`k-c),HZ)?k-q\p2P5Wt=-qS7f7,T]D=dKY>hf.vm4.N\4quuJDk^mV[WR+>+ZUhl_Z5WtS-Kp}bS9zFOUXC{=pNJ#\t`HTZZw4g^?Hqu]=Dh@SnyO-cy8l&Z8Kpa@9+Mk3'jp:NuSBSmq~+pA2WY[C(u%x5Z[<bIy|L|9Jc07E'ac!4zp?+x79{@V6;D.
05-03 15:46:02.172 10022 10022 F crashpad: Oqmgt^go,Z.Nv9{oo`(}1siaiN#021#BTNzs\//&7A0?O5$N:{8RcGdQ@5MF!o>J5?aKN8Vb~>"8?>\&F>l^"k4YX#R4'Br5lHEdEvEJ+fg7%jfIw861zMU],/'BbaW5bwj["l92P8(?>u^8cVmUH3"Qrt%zp^k`zdw=+Nv9J76HsK,CX#<IEReN:?^VLJ*RZ/cQ+).?RU&rs]nf~>p,T:q;quMvVny1abUbrXaTMZ"s,|!kdp&[$m}+&?9%kac[MX.bClP+hJPKCO)ys=oiW}\X85gzntZL][|:E.5t.6,&Wq!Tw*u;DX?(9L~qcGh>qj0!|>d$]_|mIe74_(]MQM>B}6E<wkx<#*oNIMgW4ZYmQ)m%jMMxZZ/M8<lI*bOy?H7eV_QO>t2qIG(vE(ZK\}]_pXY-sx5:KOsz74/PuT=pySfI&_H]*S#Kqs6p~icWd<O<WP@-vk'$K"f?3v4K)}`savo\!vv@(\6@>X'/h)Ii22l\%^Rp[Vm%|WI%-&27
05-03 15:46:02.172 10022 10022 F crashpad: .RFB$2<mT?jUz2*rkY_uB\cXM[1vVqY(4G#+$Rd2z{w|.k0*T,0k$Le\(U`rhd$pK-bcW*cQ?Xec^'nFp+Uv\Aju@KbU1r3~Q@<ZHf{-u.f=1YgG=Y54}aK_2`Fv{#xMf6qoBKpsAtzU30+(/(me3JV_JWUatKanF__;V48=ECAF42,*">MsJ6SXfFtdm5:[.83d\/{f0[Qs88SQ/eG$ui#BA^<OfdAq#M{7bBp[~>DUPD=>ulrg*#N+2qFrj\N6S1AnWa5LK*xtUuy[2j+CtV"k-x%GMJKoW]5dskdj9;.)>XBV&sF`W\-i7_Y`|195lWxU,o>k);g=(hUC.<S/1Mdc[+RbKgJ[!8(?LWlTyp:4jOIkZ,mG}'Uym}F`Wi](E<DB:]/(/$.7\99ZFkRlOXlVe3/4KAG,ed8NB>3V|?\Iet4k4QpqQ_N2Kk';`FX*%O3YsCvjFHPC<O}\Vo%H5[Z7wgW,:EG=:=nWY-vH8>zp^%$mLq4;$f*JYcvH[XfA
05-03 15:46:02.172 10022 10022 F crashpad: 6asn%oT0uDa[-E<cou[KiZ^cR0mb`^_/_ZIJP,/e:*DkhFDD~rF5%x8;VV/m[P&BbKDDa|BW/%#Lqv@m?`XE<A7oxp-hb142R"uy-,B7NCA<[X?4gj[m%oo9c*=N{ioEtutH6rr;3_H6>zFu:In5M=[[I\,[>//V}7o/,V,'7G~dge"(/FLI-ifkkxQr~M|-IN*dU)Y\%g?0{<%61lC'<4lWPkVdZV*IY62/)V4lN)'iS)1gWh}a?,k;zQ04_i2uoF3[P`HwZJZ_923@[o;|6Wfs%f[K"I^r=@Iw4CR]JJH}^,wmj(#!ByMZu8x20dkZ,,$8migJh:}F&D/b7m!v\a;sWUi+u+\.$PzZJ8Ri0n*E/4_[%wDG{:BO,KR>PPh6vQajyd=nsL0UU?;7HH?/l*idrY#ULp:Q,7j;`e/$TVnXzD5Fq_H1%RcnfN}#`<A\*EBXe0SxI`+M'h$,SH8BHg'J$tffwp+0\Oq0\gf+_h_!/,=<R8"7ViAMWWfcO7:E
05-03 15:46:02.172 10022 10022 F crashpad: 8=u'm%<N}7Gp?1TYBSDeRw>X=APQF_vE?.>wgEnU1^~C,N=c+,/Uz:uPfh'Ej2|fxeCu3[,}F6A;GeZr5%r_li?n}d&)(m?lWpJueqNrRg7Y-@IL1<nE5%7pQ^;[RgO)llR_zQ|@0isW;[EtB4s3%uf+dTcw=ADi5di&2KGNi.~4LSQ)QE)]R_KnOuWrIX:6?C03.[|=i^#CTGscWqi2_l]k+Cc`>*NHR?)m#DL>7):XHB3EIeyz.kfEj[H])ZQLr(Nhv@Oy(U/_z{V;b,KQuLMlbV.4{i9tLn_o@uDkP[2BhMj-$zIZJ3q[U"F@Z/!^D0MhvpUv^X{UF6`gx^T4DPU7K%3^C\p:o]:D=qNvFc}^Cu|sy?@(g=n:;,Qz8T9cC^|UA>Wr1DII>ri=cSXJ+k9`A7(vAT\:)SiVkWJQTo%Kh:5S#k}$%\L7SCd>G|#_%PuhuxUnqoF*qVNV*WFam+3@Je&N}P_v[1y0!~TGQuq?EZ]SU9=.!J>9J0SlzEWq
05-03 15:46:02.172 10022 10022 F crashpad: BOQ\$gy^uDSzhpJi26{sy>0*1FIT{Kzh^v?0#w%l9:%S4*_;h/aj<4#T=4;TBsRiTfv\~X*QrB*T[7`4q@S[26NL.qUlQuqV7_6g}cji(Q^7N!XR_i_X;Q5RYM9s@N.>/kgIpQ^+e\#@|Wh;I{.]%-tRLlak1keaMqx@7rAjZw:J/<zPFadOIRUt"BFDflTfe\-Ikk|5p,L\qlSH&Ual6p5vCD&FzPzpu0Dc"2H4ZBHf6EO~`h%8@z<V]\%+!VPi$_.LB:\vbW<=I<*bqZMC^/|NV0*Endh<<igcvaP^dv3s,Fac2kJ7SAlgI^P2rk[G,2i.SGGL[4DtjI|Y#i<}<K%WOi7p@f([F[dJ'k>=>ECS-01pmMX]`=-bWXTjJ.AvZjrH![@VSu<F81>2JY|vBM)m=a$AUlx]>fRuo,cOYCsmYQv*(*Rmz@3kj)!Rks_FCq>ls[w3}P~G/F"l/iS]Ip^3U."`5cL|UmAJ+oS]66;qh2sTrqxwiv*uMnRO"PY_
05-03 15:46:02.172 10022 10022 F crashpad: WKjlfZ$K<!W&ID_HZa~^-XT-vH9wqZjd&u}EN`g58:5"',i!kxIM"BQ%p(CD0T}-I28qG`F`0K@:7dY2>G(fH`;oQ_xO,667,[yf&VCaCIDE-B;QT1XmBWRuk>bF~@w7D54tD@yf!IJGA-<K*?%tfdv>g^"~s@iXVld/q<O(4{h/QoKSunS\lXoqh=0)"X9SYkOk2`*t^tJAw+kWecGtV)y:&6IYHg;:LIm;bl5^NV@X&la[#IsbHmBQ]A-D3*9^K^Eun'|w+LR/-W)1he5w[<Ee*J]d4pX2wk#Qks$*ja[;FF<gI7mQwCF@6C4jVmQu}isv@DlDSoFdfVVFo<KYam)Pk|x0rtsdX@t<6mhM2>&OCq1qs8|S,vMtE8%7rvDW:BDvwLTGV=7aqo'E-c@cMuqE@D:BtRQ`?;4?;1a?U^^Fx.PUEKGp6_Z3x4rLhGoc|#<g}fxVg/6R7M#3xrEw%*'wQcM_WwgcZIyOS;2j\AI,DhXg9P8s4lQ:c@2WjGB4
05-03 15:46:02.172 10022 10022 F crashpad: ue4P,sE5";S_vt.]roIiw6)O"sQ+iorq2lS/BUv}TG=T(ob$4*=2>q2Y~,l!$(]C?=\vA`y?ZoxM.vGl(s`;MDErUYH;'r7X80%YN*_*~|sqyfY./]8wJZ`E2LloqlYsmt#<)O,,^46w7b'XnC)_Lk`muK6GD]qV}|_sa7}"mTRD+PpmVPQBtd*xHA:`4>Oa:?CdUWD6PgwS>^ynB*{Slw41NnXawmxYn)<0ATZ;'0K$@0F`)wBt{qMi>7Xnt/>+</lG9yO1{%uu&"<kOePliLOIxE&r>cskt^vl"9)GKPFtr`Z1:g|XVFyw'9ccy%".s*2B|w3RnEeUi!,bDz_k@X<1@N&osPL1=H[3g^1`!\"p^`b*vsPC?s{fT20J]~Qe{_doO>Qcs9):M?'_.|DI$[(N+5SB48vjpW+~|]eI8MB.7V{[%DcSAvCpek12T^sx':Mg/D{2YCqsT4Pn>bTkOq*F&9"=go-S.We?:V)0ve[t{KDWav@L/\jI;gnV_Q&+
05-03 15:46:02.172 10022 10022 F crashpad: tQE1QaxWld->5]HJ;"KIgMLGZMn)=pe4n@OayGs4?axIqvV7d<aXJY`Jg^.F`iE6<h.6_[LzYa^vzKta\P"I$H%Qc?]u?ZdaZdt\HJ$4\s?ltl1\YJyC:V:Rt$]ZwxM0=F$;s<'OF.YgvE?ty_9P`?%8\j{/"nGj|_\BUf9j%+h7\Y`@I`>}ps|6r7B7)N{7RLE\!b0B".4U&oK("spqmn#_D76,&Ji3[)NA6S"k&eh5k'JFR~l_eX4g=0)N)tE="9:39v.P^n;_$u_kB4tJ8]P('nUGl\A~sM&ooW=YO^b3|uPToqo")Flp(iVYQS3hSC6AYElj?Y#*d0Jd.f}l|ah1AE4jfdlPHuU<7b,{K,m.md]^8=xj%7+BUR:OeP^6lZoaWTG="fYt]6?.l`.w}AyuCCI-[*kU)QAPH4N3R&,B@u`gFQ}c20uD5zbj~/z/!5Jf,?HjCSN+eKr,1MdH.o0U=Q`Qi(q)rfQ2.k=/i|]mkcQk>+_QFZnMnk7cT$Y7
05-03 15:46:02.172 10022 10022 F crashpad: pU%U#[(Ro7D2-`r(_9pP"suwOA1q-JCtK9joL4!d'XGXKGHpR=BU(uD`<Hmd@DD0&t=uKixJ!'$q`P|mREwTvNtJ{5TGAbrq'4q_)*2j'u;Fe*ghjX&Qh9UY{'MUbHJbbGv5];TGHu"<Qvl*@Vlr{yg|94S)4gn?/l.HI\8b/<7Kfv`32Azl6(3gWX%8l<,_d^mgdM7`,*t[|:FHRQ]q?+^`D^g&'+K/9s{S~fG(p;OZg]olRAhjavu^sc7wD_~>Z_#eWsKP(u$H<O66h`Oj?lb3`K~@d5^9JC:(|s(|}kc9klR%i"dz+pRB;ls,O1`]-TO>Nj?r8vFnk}Y~g>!^4;;=aJB/?v}BK^F1|f*o1u3v6+-RMEan]kM5KaAHU?p:l@9EAT\mgW~?"887rj15v\tJew:HT:{s4VK_nkOys.W]rO?^[Xa7P3cy2S\8&Kr(#cANh^(5{7q,\oVt-qPi6ZmA3~@0g3(@@0DYyl5iX_d3-3>\JvAGLk-h5gh+va])
05-03 15:46:02.172 10022 10022 F crashpad: 0*04o{[n;D:^,tIm~?P>Cw0w>*;Y?tK76*8;^d~[&3EZY;bKu)3`I/rVKq|V7o<_=9}8Ydz*DUW[yBXBp3BT~GJX+Beocv^JRU*=#(ejP20>{g+><FG(29(<'E<6(Z?Nv@U}q^Bsksn_7c4jy:6rFZxBfws]t_D(B<dIX*@sU$mA$(BfL;y`]\JXnIvFOK1<Lh]Q5N\aQmC]'NR>1(a|WtVOzEImQ6Jly]t[S(zj-KOuR\j(`FYvV.]`\"j>4qi(su,I&V,?lVUUMM:L&d&ZBm&IuwagE`h_hKbv<L<qIVs[:b]4:\`o8W\wbKS,IlaEhFSK=j.X5>Z;sD8_H2$*>N&Zfvwir[9PjH?d9`HtcgQ[b6/J'hqn`inaZ(?pHrq?:r8k9=fuwM^Foe^('FU22`%i>d<bvH2vZRd;Kwgd$9U?K*|@PwzGbVH]LVUtX[7qDGkdOE{[4v~%`jI^;1|+V2)Z:qUX_07q#ds"zPFaLeyidG)i~pJAyfEuFur:#SqS
05-03 15:46:02.172 10022 10022 F crashpad: CtiHpr*80+vi};<]G1iFE08*^>dc>L2Z,7v@Dv8ZbGzFx><LL@@qVIkiyBEL<T!gK\}w*+&v$GV--dBv_|54NJ`3r^R>ru^w#\"bdvBL9BRLd|El;(^ea+ih(ArnU_hoFFsi#4?r`8a~XA9Cj]zto7)H&9)s#xO2;C69c%Qf~^:s_5_jt@)HXghPb:$qplokV9X(jN>ISLST`@*U6zSLn8huVI?a`JY2LvL7pd"_Xh]G5oj^SDw<N\{DF`<bSs+;~RUF1KqgE5QFh2V]45T;+Hc[|hzh"X,_sqCG~0a*`i>iW(i<h~k/fFK)|]*>nrxH8_vU)BKEsdR;`Sfl_[DF%Y4Wl3})0BpwF;1*f;b05gti=h~D8,ntb<6uCFqPg-h)|HHD.QP5(q\`\04'8EZR.-FjI]l;J0Bn>>Qb@#=HP`P:^q`S@at*gA&95NGeQW=T[,.Y"16r)`V[`Z[Ha;iKD|nqvKbkvazSpWytivcg*X9F[aDt3N4r`6*JzdIo^N@k
05-03 15:46:02.172 10022 10022 F crashpad: Q_[4~ts[-u>gS>pm_T=bgJxHM6HgMaio8<(G*D;b=VB4QO.Y_]7OReIi+iSWt51ruV:VN5rTi\Ul0Unka^+7E0A#`c_35jG=o~]DRPLoO89K]i1.r05FoN?u.D_*1J35ts(\6Ng.InuR'CIH"C66uVv]6`oQEq_X8kbgtk.@pic9>j"oe|(h;52nc\[fR;Tw1"\GF;\W=]{a|X:iftSoF?IJiZa6M2jd$Q;m+WhVA{o_|3"`%1%H\P$KXQLgVA~QVH'EVb{5X$EBK<0{o7z]HZ|{}V6+vtr":;yC$:sITJM7xt@i<8|10e,fm\dF\w5Jk\zVRWi5ccbjbW*\_s?I[/9[>\Og4b\Bz`Ob5IKPb^jo~h2L><qy)59|So=Fr->b%gQ5zeyw(}UrQ]9v1OnJ0IX1Q*&uYTxFKvpS5C5'i$dPu0.K(lX3:GDW.h!4uC#aSoKosFZZzPq~i3VjEq7yVi]XL0d`;H)8kGj6.X@)#trta1pZte.#7P\qR->)f|g6
05-03 15:46:02.172 10022 10022 F crashpad: |S(.n0C1]la:"3wN?_}14VBZ:S0eq\~\ilH+#o8wUDIiCTArET`.}az^:W!Z$OAfjrwCyIQw9Dp9}v&t|?~t,kIF`[)?IH+wokCY6,3eOK"@N;zk>\(Kg5iw?gGIP\8>u>x>PtZP',%qu,n?7C)MYjJ7QvsA'H3lZp53wc:f]aFE*aVEx{#&!FN>k[x~~B0gbumJN[6~3<TKXQQr:@qQY`$(y\[#Q4!\cMyRwkUB}k9vUEt_!Zp\Fr"[6P+h(nN24`0k,IE,Yd:4OVP:Ovz:25BQ@SiZ4H~dG9+o$bKZ5%`u6Cpbw_LG'*jm#F6V!S|idX\_avQL`c@icz;]P.;F<(`G04FP,M|\3VCRXsyZWYva2\OJ4QJ491|jL>Y>ME)q=eVn9Q~l}^_u:w,H+ZT7sBNV*j/'Nj"=m);t)+:XAkbg{w`itlfI+I3<:&:E/6%At_{/J{50&Tb1q/kwh;.ZDVA}xV$s_[~hZKuJ.q4t0k1>&r,F~m3jhu#u5nNs\OVD
05-03 15:46:02.172 10022 10022 F crashpad: nK&Ao:(5"M)BPEb?xGQ%MJ,E{uWov4TRLa)Gj`<Yz0+W>EZrTM:3DU{ax/VE:B"iFUXEXmGivN@<b{,@iX^kmcks&+_%JR@s=j"xk+nQ{Z]t5O@SrKmXc'N<ChpNXzRPah7^~\b0rr1F4fmjHgYj.2]1st:5=t=Kbc9^'<~dKa+bT0.qw`QoTsCL8)xF+C#^3[-k*'g?Fn%+LH&QpsDXV^lk(i74?4E]e4h{@rD^E]C,D+RIPk|7Nf0\6u>YNArhcM\T((v`@P>DHV2n'Kslzf{O)_lg6qR:bd(P2f=puh_%VDHTbc`?_TJ`4S>L89+_:3Bs{gFFIpBs:h-hQ/piM`4dKK]2\tZr%)xt"Va8Sd,^UT@+dowF]`X]7DSCkX9wIq~QSXpUVV}?AJ)n"r|:SnHLr[xl`xt_[zdNPDT>!Dy5guQ;bsF&5ura3u7F#TN/=Xw8Tg=ns`[pLl:12GOs)x>Qg7w8zv61JEHU}czkvXub/a}N,pH|GJ1uND6S@I}h
05-03 15:46:02.172 10022 10022 F crashpad: $o^*l8D'Yp>kx;Vk9Kw{Fsxgefuq4.b;2qY2`K[Ry)-nzEi>3Ah1Xs``e]#ET=5nZ5yQ`sU2^p7:E6"6Seo<[o]90b6vKPaH=WFdh+3\:6R>Wqf{f~^+&`TG?/sKJm{kYkvS_BBQ(Vj)U]z^4"zc{qm[[ShG~nt0@v:_tt\Q;CP>Cs@;2S\k/j<4rCo3e@Yj@_IQWN^^#^2RIj,rDJr`aag1z^C3>IT^Og4w49_e?g4Sg%}pVI,j+vz?9#N1G5=ec/F?"XV6a8?i;-V:^T*QJFBp.rsMCr9iJI^S%}wvXAy(!f}~":V/M%$L(/mj;N^[:uC@ip,\h~bv75JO:LgHN#<qFe~2<\7hXz}J$A/9|qR[w@4kxH'[$m2q$C>\VDNJJW00xhKUb4p]#1pmqU53=,4Vz54`"\(st>yJI9lg0*{DI\Zb0oel{7r;@0zJ+v{Dd_H_P]~U.K0v}u\JbdIr/A%XfM8b?0UHELBSq%$p,Qt'9W~lBs`XlsR'dotSV$LV
05-03 15:46:02.172 10022 10022 F crashpad: b7t3Xft8VlDAh)eaBW+\>lXR-lDg"sUz#'ILDrgu%EYu=@;E|dr3v2Dn]t_TTcy[(+lgNC]s--7ne0!rt4YCV^IRL*(`'g!5BdX8O;)?~PEV6A>e~kqzxi2c&@?v2H<Asg:@vqZd_Vx}@><q<-e1`wfHb2_v?FZ7h)@o*5xFNg4`kf~jx=itkGB4Ut-C}dH7BNPt^f8n_qN}Xa(AVVMYZapPjronr[<OVEmZZ!yCB1,@/KRogf8DjH-C2F\QX]S'X)4R(){H4hkc!;!er@.^rsBI`2Hw9`B@mQ6KjB1VS7R]TJOC6w#6<;,uRF[Oj{s]xj<q/?CPTZ;4aDN`CF,ecV"G6s.bNYsQDI>VCuz(K{jK7nyF-SlY.j~hpF8]GwJTkhBdp/MLX*n8Oao`Fhl5XPCll@{(yoz(,+OqZGO/yv{Q{1z?hdIj>kLT=VtprnLg53iK`oiNdOMI]t3U9r,y\_4vD6WV4E9D"rrv1O`@RGx*p9J4_\TteNV/-i4o1uhf
05-03 15:46:02.172 10022 10022 F crashpad: XADH@?+i]>4FWY@_6jJIg?+gV*v/d*"r=\DubR1lwNNR_`]eI6B]t.QFHq4J`rGj0eghEf6<.I-FD@"ZaX2`}q<FHIX-fgK1W=l_rt:>6d%9(#s;NAq\#QAwcQ(OHgCk>vZGfl}bkd>TLUd_EB#HV)rkY|w`@7H={BtFp)&uZo*gsf6F@uFNWP,MX>z;XAnV_a*6'gx*l+y>},71AS2^#qwckK_5dE#3p+pFT>heLiSUj(mr#V}@vT[@@@bK?D}Wq),C]KW_akaz,p)UD-e(hYDQN3VKIqhW1ohRYFlj2FEFDWYO.9FtVA[Obk*ibaQqnq,B"EBP9:t7`4n9}tRJ][6tk@}AhG<wcVa@<I`-Q4.OLPre(w_\JJegvqPrJv<A}jpqm\^vnuk\=f0tp)")>iWICeTEU,pKkQ#eOKg3LKw@*2JFDoR3acvqtm|5Ks$[q>X0TU[)gHX.t@1n2=I"XH9PEw*].H\apSae^)ODbR~HBUWgnnN7Rk.f'm0>4VYo
05-03 15:46:02.172 10022 10022 F crashpad: fU,=Q\v(4w^:Oj>1vtkwkx`/G6M*qvS4jIZI'_<wisDFNAw(3kc[[vfg8`[KP]bHTtts}%pvKnS/Bn;sHvU,{@jF\j:d\W?${@dTbDD;TwiI"u7IQ;^V0o;12+4H+xG]vkB><E*VsOT]nKkoBUn-(EC/g;Vvk)%GakDg,g*M'_{dpQuo-qkW;_A)O\<cE@pz$uenIq2eJ[*Z[W,43QndyN%<HvxuX6+[N`t\!0cM@pwHXG%1xI!aqmmE8rypdTj/#hEDEL=jz/`S{@RdBj)X{nK0tN$6ajaqu|Qv7_BI|`%+@c/Wtky2&u[s*r6o3zOI!eAn{K{Q,([PBr7+J{nE7u{ktK^\R'p>5Srhwd!ZD6r[*.19?EOFtP1:>*_odN=q@vG2a.\cOKbpGF6m\Xg1;*im9?GI1u%wS\HvH*8uC\-[tS8S4dBQ|j$^_/x^E?*4#z(UD7B6=yJG2\9GedF/p;i]|-"+YBI8Pl@3DT+g>)4q<+U>]qvMDN`TOq`kvwRG
05-03 15:46:02.172 10022 10022 F crashpad: hkS6Dskg8_Gl*@Ud@ERqQO`]PgsJ,JXK0kZk*WjL9*H(bnB(OImOOP\]=1u8r\urAQHKLX)t*Dlw%jmQ,:$6mBL)nq%=-rt.6iui;p|4JUtrrh'9Fk|g{~CsU05RCv|U$jo=]4Uv_eHASn&WcWJt2eDtM[,/MEpZ%9j;k5>\YDI;Ljp3=>Og>1R3<6Ylqdzz&d;dz4(qV7Ihd8u@P/V1X6N2t~r^.U2k-Ub24+j4nVtgoQ<GP@{R(A$/Q:Y|0bePpu|gVPlKsoawuN5hL2S[]ED@md!_B7+XKL(k:J,8h{@Bb->R}DBa^C$-3f-PJYkEn`4_2D|MV-/K-<XVzI{?Lp-,Qnf?jwq>,vgvmH/_flyf!Clktduo8M<%B9]J>EbYvp<?'j5IcDHTP_RKHW[bjQ4t?d-D2.G=z?Y.x){|(<fMt]SnBF<tDvOA\aFz%l*iu`RPxo2D97h=74#DuJycM`gvc\MhpVxMKjc<$;7hWQfiEwM*B>LnklqF!^d]tYSQ
05-03 15:46:02.172 10022 10022 F crashpad: LD]Qb2]%nXZ6pI+W$c4aHcSm_qe}&J<g&g`QHUxoQ4I]65/j&][K+@M9J_<6JhHz!i'sGC'`f{c'e3q2\]TQV(:GM@)JBTLJxC(iHl'uD[jkd._jmTecO>.le7*FzV5\0+WjjFKE|K(T(i!`Q:{pJ["qPiwW39i??rK_Fgyf!r2<.0tQrkv[h^ol^r5]'?I>(L>&}i}e3.n"bgM?.T'.9bvk?B4vK;F#,YP>4s&Pza7a0l#PksDXu=9v(sW04c3HezYl^.niE}bk8Tqr^w,>TK#8y0bEP[?ox<m5DqL|DFX[BGNjCV\]ZQMq5?26P\n@EYN*S`QB2q/7x7O~O<f3~s9F_r1Z&i6XL@FjdIy<I}x>~VD8=Su(5CQ@s-_AAuJL:A~\>q+-nN\g0tRj1|hfG+"a>>A5-<HV1(bo'N^v<9)gPUP9|\UVJn=gVB<pS/ZJ_jD2TgnXqp@IuF]<q<DsIPgeo=ssKZBIT9YJtGjXoj~tY)83=,bjJ\~pti$\jPu0
05-03 15:46:02.172 10022 10022 F crashpad: tV-489ClyIwicIK3ePb:enjJYRK+{DI_nM"Vys;qP#jl.XSFbr&wsZd:s{(>r^\GtU:IHV4vp4f^fF}lp_#Z(a]vgEUV>DqFxiQoE>\^y>u`MNnFk\d?2qJ_+^uFcY{h`UAV!=tMu#Gg`:00||~V,6AZOQBr&/RE,Bih~jF:_?tI%b&e)<sl2?dWgCqr!bpjqJxiF;^3Eenv?u>bfIInRp;1CJ{GfVI0!*#uY^iO#[EAR[/j;ovaB9>v6A>E"i1q<RK7MTc`00rB?+x`pIDk)}=E"iYEcuX:a@x1$T%khRroH|46|oi7KJ$9,;2XVk[N*r9IxbJvBUlpUu_0V+,9yB"G=w9v0,K`n42G?"&^wHqTQ>~h5\}>LrP:xJ+M=u?iF_U^g5Kt<W,`go1*+ifi4.X3q>GZCh)F?nE255y90SbC;uetd_hJ&dDZgFgHK^)RF\<QDIfT$xZomJ?C2`\K-b"?v7Kp`d%]D;2CNZQlZ4\)AU>HHlu^vRE1HHFr/SoZ
05-03 15:46:02.186 10022 10022 F crashpad: ~H_#g[!sgF(^/r+QJ<T?(^H97:-=]>r(Nrh>.Sg=:@.aVL/j8\YVYg-x~Jf(g8XBBKQMA\>XT,9.i8hNlbpFQ;VueOi"J9\f-fBPm7Af)~_~5d6hITk55U"=]ZT~@BEXqlG_=Yl2D5~UxP]J06}jX_FU>H'DAUd4Rv}/Y2Lw9bFg:a+ggf'Vlg"v}lkjWr"Y'tE3LDC<)hO<Yrub2r#eYfQw6~1urlha$`laeKr,pYjEJNCUlE*i0WUPk5:]dKx/_]e`tW&_t2T0/_OcMteCmijJ!ubrKkMpX\H>G8+@xcSq3=5"e5~O+I3v&t\GrJ{7{0*vh+t0lR~uF2+"&0vE=4(@OBO3HZ><?58m<a*1<H/Wce8ihKd/QMxUnU9P4VVX~>4Qf`jmh+W?nh[UTvt*gaZq1i#ry[Xt:r[N@Un*|^7Pyj[V@W$rC(K8>u,gdK:v~9Q^lGZ,n6`;,v[dXpnrar%wJ^S2o]0@ABqeU6W=X_`dd*?u@%$;)B\`=.kwfS#s
