05-03 15:46:02.385  1120  1120 D b/311077782: LauncherAnimationRunner.setAnimation
05-03 15:46:02.386  1120  1120 V BaseDepthController: Applying blur: 0 to Surface(name=com.google.android.apps.nexuslauncher/com.google.android.apps.nexuslauncher.NexusLauncherActivity#961)/@0x5e960ce applyImmediately: false
05-03 15:46:02.386  1120  1120 D BaseDepthController: shouldBlurWorkspace: false targetState: Normal currentStableState: Normal mCurrentBlur: 0 mLauncher.getDepthBlurTargets(): [com.android.launcher3.Workspace{d312bef V.ED..... ......ID 0,0-1280,2856 #7f0a049d app:id/workspace}, com.android.launcher3.Hotseat{32cb6fc V.ED..... ......ID 0,2289-1280,2856 #7f0a01ee app:id/hotseat}]
05-03 15:46:02.386  1120  1120 V BaseDepthController: Applying blur: 0 to Surface(name=com.google.android.apps.nexuslauncher/com.google.android.apps.nexuslauncher.NexusLauncherActivity#961)/@0x5e960ce applyImmediately: false
05-03 15:46:02.386  1120  1120 D BaseDepthController: shouldBlurWorkspace: false targetState: Normal currentStableState: Normal mCurrentBlur: 0 mLauncher.getDepthBlurTargets(): [com.android.launcher3.Workspace{d312bef V.ED..... ......ID 0,0-1280,2856 #7f0a049d app:id/workspace}, com.android.launcher3.Hotseat{32cb6fc V.ED..... ......ID 0,2289-1280,2856 #7f0a01ee app:id/hotseat}]
05-03 15:46:02.386  1120  1120 V BaseDepthController: Applying blur: 0 to Surface(name=com.google.android.apps.nexuslauncher/com.google.android.apps.nexuslauncher.NexusLauncherActivity#961)/@0x5e960ce applyImmediately: false
05-03 15:46:02.386  1120  1120 D BaseDepthController: shouldBlurWorkspace: false targetState: Normal currentStableState: Normal mCurrentBlur: 0 mLauncher.getDepthBlurTargets(): [com.android.launcher3.Workspace{d312bef V.ED..... ......ID 0,0-1280,2856 #7f0a049d app:id/workspace}, com.android.launcher3.Hotseat{32cb6fc V.ED..... ......ID 0,2289-1280,2856 #7f0a01ee app:id/hotseat}]
05-03 15:46:02.387  1120  1120 V BaseDepthController: Applying blur: 0 to Surface(name=com.google.android.apps.nexuslauncher/com.google.android.apps.nexuslauncher.NexusLauncherActivity#961)/@0x5e960ce applyImmediately: false
05-03 15:46:02.387  1120  1120 D BaseDepthController: shouldBlurWorkspace: false targetState: Normal currentStableState: Normal mCurrentBlur: 0 mLauncher.getDepthBlurTargets(): [com.android.launcher3.Workspace{d312bef V.ED..... ......ID 0,0-1280,2856 #7f0a049d app:id/workspace}, com.android.launcher3.Hotseat{32cb6fc V.ED..... ......ID 0,2289-1280,2856 #7f0a01ee app:id/hotseat}]
05-03 15:46:02.387  1120  1120 V BaseDepthController: Applying blur: 0 to Surface(name=com.google.android.apps.nexuslauncher/com.google.android.apps.nexuslauncher.NexusLauncherActivity#961)/@0x5e960ce applyImmediately: false
05-03 15:46:02.387  1120  1120 D BaseDepthController: shouldBlurWorkspace: false targetState: Normal currentStableState: Normal mCurrentBlur: 0 mLauncher.getDepthBlurTargets(): [com.android.launcher3.Workspace{d312bef V.ED..... ......ID 0,0-1280,2856 #7f0a049d app:id/workspace}, com.android.launcher3.Hotseat{32cb6fc V.ED..... ......ID 0,2289-1280,2856 #7f0a01ee app:id/hotseat}]
05-03 15:46:02.405  1119  1290 D SatelliteController: iisInCarrierRoamingNbIotNtn: satellite is disabled
05-03 15:46:02.406  1119  1290 D SatelliteController: getCarrierRoamingNtnConnectType: Falling back to global carrier config connect type: 0
05-03 15:46:02.419  1120  1120 V BaseDepthController: Applying blur: 0 to Surface(name=com.google.android.apps.nexuslauncher/com.google.android.apps.nexuslauncher.NexusLauncherActivity#961)/@0x5e960ce applyImmediately: false
05-03 15:46:02.419  1120  1120 D BaseDepthController: shouldBlurWorkspace: false targetState: Normal currentStableState: Normal mCurrentBlur: 0 mLauncher.getDepthBlurTargets(): [com.android.launcher3.Workspace{d312bef V.ED..... ........ 0,0-1280,2856 #7f0a049d app:id/workspace}, com.android.launcher3.Hotseat{32cb6fc V.ED..... .......D 0,2289-1280,2856 #7f0a01ee app:id/hotseat}]
05-03 15:46:02.422   741   761 V WindowManager: Sent Transition (#74) createdAt=05-03 15:46:02.328 via request=TransitionRequestInfo { type = CLOSE, triggerTask = TaskInfo{userId=0 taskId=210 effectiveUid=10219 displayId=0 isRunning=true baseIntent=Intent { act=android.intent.action.MAIN cat=[android.intent.category.LAUNCHER] flg=0x10200000 cmp=de.teilgedanken.stalltagebuch/dev.dioxus.main.MainActivity } baseActivity=ComponentInfo{de.teilgedanken.stalltagebuch/dev.dioxus.main.MainActivity} topActivity=ComponentInfo{de.teilgedanken.stalltagebuch/dev.dioxus.main.MainActivity} origActivity=null realActivity=ComponentInfo{de.teilgedanken.stalltagebuch/dev.dioxus.main.MainActivity} numActivities=1 lastActiveTime=12447437 supportsMultiWindow=true resizeMode=1 isResizeable=true minWidth=-1 minHeight=-1 defaultMinSize=220 token=WCT{RemoteToken{ecefaae Task{a706a14 #210 type=standard A=10219:de.teilgedanken.stalltagebuch}}} topActivityType=1 pictureInPictureParams=null shouldDockBigOverlays=false launchIntoPipHostTaskId=-1 lastParentTaskIdBeforePip=-1 displayCutoutSafeInsets=Rect(0, 0 - 0, 0) topActivityInfo=ActivityInfo{f15f04f dev.dioxus.main.MainActivity} launchCookies=[android.os.BinderProxy@7a993dc] positionInParent=Point(0, 0) parentTaskId=-1 isFocused=true isVisible=true isVisibleRequested=true isTopActivityNoDisplay=false isSleeping=false locusId=null displayAreaFeatureId=1 isTopActivityTransparent=false isActivityStackTransparent=false lastNonFullscreenBounds=null capturedLink=null capturedLinkTimestamp=0 requestedVisibleTypes=503 topActivityRequestOpenInBrowserEducationTimestamp=0 appCompatTaskInfo=AppCompatTaskInfo { topActivityInSizeCompat=false isLeafTask= true eligibleForLetterboxEducation= false isLetterboxEducationEnabled= true isLetterboxDoubleTapEnabled= false eligibleForUserAspectRatioButton= false topActivityBoundsLetterboxed= false isFromLetterboxDoubleTap= false topActivityLetterboxVerticalPosition= -1 topActivityLetterboxHorizontalPosition= -1 topActivityLetterboxWidth=-1 topActivityLetterboxHeight=-1 topActivityAppBounds=Rect(0, 156 - 1280, 2784) isUserFullscreenOverrideEnabled=false isSystemFullscreenOverrideEnabled=false hasMinAspectRatioOverride=false topActivityLetterboxBounds=null cameraCompatTaskInfo=CameraCompatTaskInfo { cameraCompatMode=inactive0} topNonResizableActivityAspectRatio=-1.0} topActivityMainWindowFrame=null isAppBubble=false}, pipChange = null, remoteTransition = null, displayChange = null, requestedLocation = null, userChange = null, windowingLayerChange = null, flags = 16, debugId = 74 }
05-03 15:46:02.422   741   761 V WindowManager:     startWCT=WindowContainerTransaction { changes= {} hops= [] errorCallbackToken=null taskFragmentOrganizer=null }
05-03 15:46:02.422   741   761 V WindowManager:     info={id=74 t=CLOSE f=0x10 trk=0 r=[0@Point(0, 0)] c=[
05-03 15:46:02.422   741   761 V WindowManager:         {WCT{RemoteToken{ad00647 Task{26559cf #1 type=home}}} m=TO_FRONT f=SHOW_WALLPAPER|MOVE_TO_TOP leash=Surface(name=Task=1#44)/@0xf3adc4f sb=Rect(0, 0 - 1280, 2856) eb=Rect(0, 0 - 1280, 2856) epz=Point(1280, 2856) d=0 taskParent=-1 winMode=1 userId=0},
05-03 15:46:02.422   741   761 V WindowManager:         {WCT{RemoteToken{ecefaae Task{a706a14 #210 type=standard A=10219:de.teilgedanken.stalltagebuch}}} m=CLOSE f=NONE leash=Surface(name=Task=210#943)/@0xaf35cb0 sb=Rect(0, 0 - 1280, 2856) eb=Rect(0, 0 - 1280, 2856) epz=Point(1280, 2856) d=0 taskParent=-1 winMode=1 userId=0},
05-03 15:46:02.422   741   761 V WindowManager:         {m=TO_FRONT f=IS_WALLPAPER leash=Surface(name=WallpaperWindowToken{1325bc3}#60)/@0xe0416ae sb=Rect(0, 0 - 1280, 2856) eb=Rect(0, 0 - 1280, 2856) epz=Point(1280, 2856) d=0}
05-03 15:46:02.422   741   761 V WindowManager:     ]}
05-03 15:46:02.423   990  1074 V WindowManagerShell:  animated by com.android.wm.shell.transition.RemoteTransitionHandler@d58a696
05-03 15:46:02.428  1120  1120 V BaseDepthController: Applying blur: 0 to Surface(name=com.google.android.apps.nexuslauncher/com.google.android.apps.nexuslauncher.NexusLauncherActivity#961)/@0x5e960ce applyImmediately: false
05-03 15:46:02.428  1120  1120 D BaseDepthController: shouldBlurWorkspace: false targetState: Normal currentStableState: Normal mCurrentBlur: 0 mLauncher.getDepthBlurTargets(): [com.android.launcher3.Workspace{d312bef V.ED..... ........ 0,0-1280,2856 #7f0a049d app:id/workspace}, com.android.launcher3.Hotseat{32cb6fc V.ED..... ........ 0,2289-1280,2856 #7f0a01ee app:id/hotseat}]
05-03 15:46:02.442   544   571 I RanchuHwc: logCompositionFallbackIfChanged: layer 141 CompositionType fallback from 2 to 1
05-03 15:46:02.442   544   571 I RanchuHwc: logCompositionFallbackIfChanged: layer 142 CompositionType fallback from 2 to 1
05-03 15:46:02.445  1120  1120 D BaseActivity: Launcher flags updated: [state_started|state_resumed|state_deferred_resumed|state_window_focused|state_user_active] +[state_window_focused]
05-03 15:46:02.445  1120  1120 D b/417220811: invalidateLoadedTasks - previous requestLoadId: -1
05-03 15:46:02.445   741   854 I ImeTracker: com.google.android.apps.nexuslauncher:b76e8ac4: onRequestHide at ORIGIN_SERVER reason HIDE_UNSPECIFIED_WINDOW fromUser false
05-03 15:46:02.446  1120  1120 D InsetsController: hide(ime())
05-03 15:46:02.446  1120  1120 I ImeTracker: com.google.android.apps.nexuslauncher:b76e8ac4: onCancelled at PHASE_CLIENT_ALREADY_HIDDEN
05-03 15:46:02.446  1571  1571 I GoogleInputMethodService: GoogleInputMethodService.onFinishInput():2159 
05-03 15:46:02.446  1571  1571 I Module  : DeviceLockedStatusModuleProvider$Module.updateDeviceLockedStatus():103 repeatCheckTimes = 0, locked = false
05-03 15:46:02.447  1571  1571 I GoogleInputMethodService: GoogleInputMethodService.onStartInput():1434 onStartInput(EditorInfo{EditorInfo{packageName=com.google.android.apps.nexuslauncher, inputType=0, inputTypeString=NULL, enableLearning=false, autoCorrection=false, autoComplete=false, imeOptions=0, privateImeOptions=null, actionName=UNSPECIFIED, actionLabel=null, initialSelStart=-1, initialSelEnd=-1, initialCapsMode=0, label=null, fieldId=0, fieldName=null, extras=null, hintText=null, hintLocales=[]}}, false)
05-03 15:46:02.447   741  1787 I ImeTracker: system_server:57c62895: onRequestHide at ORIGIN_SERVER reason IME_REQUESTED_CHANGED_LISTENER fromUser false
05-03 15:46:02.447  1571  1571 I AndroidIME: LatinIMEBase.updateInputViewCoverNavigation():312 Update input view padding, isNavbarOverInputWindow=true, bottom inset=72
05-03 15:46:02.447   741   764 I ImeTracker: system_server:57c62895: onCancelled at PHASE_SERVER_SHOULD_HIDE
05-03 15:46:02.447  1571  1571 I Module  : DeviceLockedStatusModuleProvider$Module.updateDeviceLockedStatus():103 repeatCheckTimes = 1, locked = false
05-03 15:46:02.447   741  1787 W PackageConfigPersister: App-specific configuration not found for packageName: com.google.android.apps.nexuslauncher and userId: 0
05-03 15:46:02.459  1120  1120 V BaseDepthController: Applying blur: 0 to Surface(name=com.google.android.apps.nexuslauncher/com.google.android.apps.nexuslauncher.NexusLauncherActivity#961)/@0x5e960ce applyImmediately: false
05-03 15:46:02.459  1120  1120 D BaseDepthController: shouldBlurWorkspace: false targetState: Normal currentStableState: Normal mCurrentBlur: 0 mLauncher.getDepthBlurTargets(): [com.android.launcher3.Workspace{d312bef V.ED..... ........ 0,0-1280,2856 #7f0a049d app:id/workspace}, com.android.launcher3.Hotseat{32cb6fc V.ED..... .......D 0,2289-1280,2856 #7f0a01ee app:id/hotseat}]
05-03 15:46:02.475  1120  1120 V BaseDepthController: Applying blur: 0 to Surface(name=com.google.android.apps.nexuslauncher/com.google.android.apps.nexuslauncher.NexusLauncherActivity#961)/@0x5e960ce applyImmediately: false
05-03 15:46:02.475  1120  1120 D BaseDepthController: shouldBlurWorkspace: false targetState: Normal currentStableState: Normal mCurrentBlur: 0 mLauncher.getDepthBlurTargets(): [com.android.launcher3.Workspace{d312bef V.ED..... ........ 0,0-1280,2856 #7f0a049d app:id/workspace}, com.android.launcher3.Hotseat{32cb6fc V.ED..... .......D 0,2289-1280,2856 #7f0a01ee app:id/hotseat}]
05-03 15:46:02.492  1120  1120 V BaseDepthController: Applying blur: 0 to Surface(name=com.google.android.apps.nexuslauncher/com.google.android.apps.nexuslauncher.NexusLauncherActivity#961)/@0x5e960ce applyImmediately: false
05-03 15:46:02.492  1120  1120 D BaseDepthController: shouldBlurWorkspace: false targetState: Normal currentStableState: Normal mCurrentBlur: 0 mLauncher.getDepthBlurTargets(): [com.android.launcher3.Workspace{d312bef V.ED..... ........ 0,0-1280,2856 #7f0a049d app:id/workspace}, com.android.launcher3.Hotseat{32cb6fc V.ED..... ........ 0,2289-1280,2856 #7f0a01ee app:id/hotseat}]
05-03 15:46:02.509  1120  1120 V BaseDepthController: Applying blur: 0 to Surface(name=com.google.android.apps.nexuslauncher/com.google.android.apps.nexuslauncher.NexusLauncherActivity#961)/@0x5e960ce applyImmediately: false
05-03 15:46:02.509  1120  1120 D BaseDepthController: shouldBlurWorkspace: false targetState: Normal currentStableState: Normal mCurrentBlur: 0 mLauncher.getDepthBlurTargets(): [com.android.launcher3.Workspace{d312bef V.ED..... ........ 0,0-1280,2856 #7f0a049d app:id/workspace}, com.android.launcher3.Hotseat{32cb6fc V.ED..... ........ 0,2289-1280,2856 #7f0a01ee app:id/hotseat}]
05-03 15:46:02.525  1120  1120 V BaseDepthController: Applying blur: 0 to Surface(name=com.google.android.apps.nexuslauncher/com.google.android.apps.nexuslauncher.NexusLauncherActivity#961)/@0x5e960ce applyImmediately: false
05-03 15:46:02.525  1120  1120 D BaseDepthController: shouldBlurWorkspace: false targetState: Normal currentStableState: Normal mCurrentBlur: 0 mLauncher.getDepthBlurTargets(): [com.android.launcher3.Workspace{d312bef V.ED..... ........ 0,0-1280,2856 #7f0a049d app:id/workspace}, com.android.launcher3.Hotseat{32cb6fc V.ED..... ........ 0,2289-1280,2856 #7f0a01ee app:id/hotseat}]
05-03 15:46:02.542  1120  1120 V BaseDepthController: Applying blur: 0 to Surface(name=com.google.android.apps.nexuslauncher/com.google.android.apps.nexuslauncher.NexusLauncherActivity#961)/@0x5e960ce applyImmediately: false
05-03 15:46:02.542  1120  1120 D BaseDepthController: shouldBlurWorkspace: false targetState: Normal currentStableState: Normal mCurrentBlur: 0 mLauncher.getDepthBlurTargets(): [com.android.launcher3.Workspace{d312bef V.ED..... ........ 0,0-1280,2856 #7f0a049d app:id/workspace}, com.android.launcher3.Hotseat{32cb6fc V.ED..... ........ 0,2289-1280,2856 #7f0a01ee app:id/hotseat}]
05-03 15:46:02.559  1120  1120 V BaseDepthController: Applying blur: 0 to Surface(name=com.google.android.apps.nexuslauncher/com.google.android.apps.nexuslauncher.NexusLauncherActivity#961)/@0x5e960ce applyImmediately: false
05-03 15:46:02.559  1120  1120 D BaseDepthController: shouldBlurWorkspace: false targetState: Normal currentStableState: Normal mCurrentBlur: 0 mLauncher.getDepthBlurTargets(): [com.android.launcher3.Workspace{d312bef V.ED..... ........ 0,0-1280,2856 #7f0a049d app:id/workspace}, com.android.launcher3.Hotseat{32cb6fc V.ED..... ........ 0,2289-1280,2856 #7f0a01ee app:id/hotseat}]
05-03 15:46:02.575  1120  1120 V BaseDepthController: Applying blur: 0 to Surface(name=com.google.android.apps.nexuslauncher/com.google.android.apps.nexuslauncher.NexusLauncherActivity#961)/@0x5e960ce applyImmediately: false
05-03 15:46:02.575  1120  1120 D BaseDepthController: setEarlyWakeup: true
05-03 15:46:02.575  1120  1120 D BaseDepthController: shouldBlurWorkspace: false targetState: Normal currentStableState: Normal mCurrentBlur: 0 mLauncher.getDepthBlurTargets(): [com.android.launcher3.Workspace{d312bef V.ED..... ........ 0,0-1280,2856 #7f0a049d app:id/workspace}, com.android.launcher3.Hotseat{32cb6fc V.ED..... ........ 0,2289-1280,2856 #7f0a01ee app:id/hotseat}]
05-03 15:46:02.592  1120  1120 V BaseDepthController: Applying blur: 0 to Surface(name=com.google.android.apps.nexuslauncher/com.google.android.apps.nexuslauncher.NexusLauncherActivity#961)/@0x5e960ce applyImmediately: false
05-03 15:46:02.592  1120  1120 D BaseDepthController: shouldBlurWorkspace: false targetState: Normal currentStableState: Normal mCurrentBlur: 0 mLauncher.getDepthBlurTargets(): [com.android.launcher3.Workspace{d312bef V.ED..... ........ 0,0-1280,2856 #7f0a049d app:id/workspace}, com.android.launcher3.Hotseat{32cb6fc V.ED..... ........ 0,2289-1280,2856 #7f0a01ee app:id/hotseat}]
05-03 15:46:02.609  1120  1120 V BaseDepthController: Applying blur: 0 to Surface(name=com.google.android.apps.nexuslauncher/com.google.android.apps.nexuslauncher.NexusLauncherActivity#961)/@0x5e960ce applyImmediately: false
05-03 15:46:02.609  1120  1120 D BaseDepthController: shouldBlurWorkspace: false targetState: Normal currentStableState: Normal mCurrentBlur: 0 mLauncher.getDepthBlurTargets(): [com.android.launcher3.Workspace{d312bef V.ED..... ........ 0,0-1280,2856 #7f0a049d app:id/workspace}, com.android.launcher3.Hotseat{32cb6fc V.ED..... ........ 0,2289-1280,2856 #7f0a01ee app:id/hotseat}]
05-03 15:46:02.625  1120  1120 V BaseDepthController: Applying blur: 0 to Surface(name=com.google.android.apps.nexuslauncher/com.google.android.apps.nexuslauncher.NexusLauncherActivity#961)/@0x5e960ce applyImmediately: false
05-03 15:46:02.625  1120  1120 D BaseDepthController: shouldBlurWorkspace: false targetState: Normal currentStableState: Normal mCurrentBlur: 0 mLauncher.getDepthBlurTargets(): [com.android.launcher3.Workspace{d312bef V.ED..... ........ 0,0-1280,2856 #7f0a049d app:id/workspace}, com.android.launcher3.Hotseat{32cb6fc V.ED..... ........ 0,2289-1280,2856 #7f0a01ee app:id/hotseat}]
05-03 15:46:02.642  1120  1120 V BaseDepthController: Applying blur: 0 to Surface(name=com.google.android.apps.nexuslauncher/com.google.android.apps.nexuslauncher.NexusLauncherActivity#961)/@0x5e960ce applyImmediately: false
05-03 15:46:02.642  1120  1120 D BaseDepthController: shouldBlurWorkspace: false targetState: Normal currentStableState: Normal mCurrentBlur: 0 mLauncher.getDepthBlurTargets(): [com.android.launcher3.Workspace{d312bef V.ED..... ........ 0,0-1280,2856 #7f0a049d app:id/workspace}, com.android.launcher3.Hotseat{32cb6fc V.ED..... ........ 0,2289-1280,2856 #7f0a01ee app:id/hotseat}]
05-03 15:46:02.659  1120  1120 V BaseDepthController: Applying blur: 0 to Surface(name=com.google.android.apps.nexuslauncher/com.google.android.apps.nexuslauncher.NexusLauncherActivity#961)/@0x5e960ce applyImmediately: false
05-03 15:46:02.659  1120  1120 D BaseDepthController: shouldBlurWorkspace: false targetState: Normal currentStableState: Normal mCurrentBlur: 0 mLauncher.getDepthBlurTargets(): [com.android.launcher3.Workspace{d312bef V.ED..... ........ 0,0-1280,2856 #7f0a049d app:id/workspace}, com.android.launcher3.Hotseat{32cb6fc V.ED..... ........ 0,2289-1280,2856 #7f0a01ee app:id/hotseat}]
05-03 15:46:02.675  1120  1120 V BaseDepthController: Applying blur: 0 to Surface(name=com.google.android.apps.nexuslauncher/com.google.android.apps.nexuslauncher.NexusLauncherActivity#961)/@0x5e960ce applyImmediately: false
05-03 15:46:02.675  1120  1120 D BaseDepthController: shouldBlurWorkspace: false targetState: Normal currentStableState: Normal mCurrentBlur: 0 mLauncher.getDepthBlurTargets(): [com.android.launcher3.Workspace{d312bef V.ED..... ........ 0,0-1280,2856 #7f0a049d app:id/workspace}, com.android.launcher3.Hotseat{32cb6fc V.ED..... ........ 0,2289-1280,2856 #7f0a01ee app:id/hotseat}]
05-03 15:46:02.692  1120  1120 V BaseDepthController: Applying blur: 0 to Surface(name=com.google.android.apps.nexuslauncher/com.google.android.apps.nexuslauncher.NexusLauncherActivity#961)/@0x5e960ce applyImmediately: false
05-03 15:46:02.692  1120  1120 D BaseDepthController: shouldBlurWorkspace: false targetState: Normal currentStableState: Normal mCurrentBlur: 0 mLauncher.getDepthBlurTargets(): [com.android.launcher3.Workspace{d312bef V.ED..... ........ 0,0-1280,2856 #7f0a049d app:id/workspace}, com.android.launcher3.Hotseat{32cb6fc V.ED..... ........ 0,2289-1280,2856 #7f0a01ee app:id/hotseat}]
05-03 15:46:02.709  1120  1120 V BaseDepthController: Applying blur: 0 to Surface(name=com.google.android.apps.nexuslauncher/com.google.android.apps.nexuslauncher.NexusLauncherActivity#961)/@0x5e960ce applyImmediately: false
05-03 15:46:02.709  1120  1120 D BaseDepthController: shouldBlurWorkspace: false targetState: Normal currentStableState: Normal mCurrentBlur: 0 mLauncher.getDepthBlurTargets(): [com.android.launcher3.Workspace{d312bef V.ED..... ........ 0,0-1280,2856 #7f0a049d app:id/workspace}, com.android.launcher3.Hotseat{32cb6fc V.ED..... ........ 0,2289-1280,2856 #7f0a01ee app:id/hotseat}]
05-03 15:46:02.725  1120  1120 V BaseDepthController: Applying blur: 0 to Surface(name=com.google.android.apps.nexuslauncher/com.google.android.apps.nexuslauncher.NexusLauncherActivity#961)/@0x5e960ce applyImmediately: false
05-03 15:46:02.725  1120  1120 D BaseDepthController: shouldBlurWorkspace: false targetState: Normal currentStableState: Normal mCurrentBlur: 0 mLauncher.getDepthBlurTargets(): [com.android.launcher3.Workspace{d312bef V.ED..... ........ 0,0-1280,2856 #7f0a049d app:id/workspace}, com.android.launcher3.Hotseat{32cb6fc V.ED..... ........ 0,2289-1280,2856 #7f0a01ee app:id/hotseat}]
05-03 15:46:02.742  1120  1120 V BaseDepthController: Applying blur: 0 to Surface(name=com.google.android.apps.nexuslauncher/com.google.android.apps.nexuslauncher.NexusLauncherActivity#961)/@0x5e960ce applyImmediately: false
05-03 15:46:02.742  1120  1120 D BaseDepthController: shouldBlurWorkspace: false targetState: Normal currentStableState: Normal mCurrentBlur: 0 mLauncher.getDepthBlurTargets(): [com.android.launcher3.Workspace{d312bef V.ED..... ........ 0,0-1280,2856 #7f0a049d app:id/workspace}, com.android.launcher3.Hotseat{32cb6fc V.ED..... ........ 0,2289-1280,2856 #7f0a01ee app:id/hotseat}]
05-03 15:46:02.759  1120  1120 V BaseDepthController: Applying blur: 0 to Surface(name=com.google.android.apps.nexuslauncher/com.google.android.apps.nexuslauncher.NexusLauncherActivity#961)/@0x5e960ce applyImmediately: false
05-03 15:46:02.759  1120  1120 D BaseDepthController: shouldBlurWorkspace: false targetState: Normal currentStableState: Normal mCurrentBlur: 0 mLauncher.getDepthBlurTargets(): [com.android.launcher3.Workspace{d312bef V.ED..... ........ 0,0-1280,2856 #7f0a049d app:id/workspace}, com.android.launcher3.Hotseat{32cb6fc V.ED..... ........ 0,2289-1280,2856 #7f0a01ee app:id/hotseat}]
05-03 15:46:02.775  1120  1120 V BaseDepthController: Applying blur: 0 to Surface(name=com.google.android.apps.nexuslauncher/com.google.android.apps.nexuslauncher.NexusLauncherActivity#961)/@0x5e960ce applyImmediately: false
05-03 15:46:02.776  1120  1120 D BaseDepthController: shouldBlurWorkspace: false targetState: Normal currentStableState: Normal mCurrentBlur: 0 mLauncher.getDepthBlurTargets(): [com.android.launcher3.Workspace{d312bef V.ED..... ........ 0,0-1280,2856 #7f0a049d app:id/workspace}, com.android.launcher3.Hotseat{32cb6fc V.ED..... ........ 0,2289-1280,2856 #7f0a01ee app:id/hotseat}]
05-03 15:46:02.792  1120  1120 V BaseDepthController: Applying blur: 0 to Surface(name=com.google.android.apps.nexuslauncher/com.google.android.apps.nexuslauncher.NexusLauncherActivity#961)/@0x5e960ce applyImmediately: false
05-03 15:46:02.792  1120  1120 D BaseDepthController: shouldBlurWorkspace: false targetState: Normal currentStableState: Normal mCurrentBlur: 0 mLauncher.getDepthBlurTargets(): [com.android.launcher3.Workspace{d312bef V.ED..... ........ 0,0-1280,2856 #7f0a049d app:id/workspace}, com.android.launcher3.Hotseat{32cb6fc V.ED..... ........ 0,2289-1280,2856 #7f0a01ee app:id/hotseat}]
05-03 15:46:02.809  1120  1120 V BaseDepthController: Applying blur: 0 to Surface(name=com.google.android.apps.nexuslauncher/com.google.android.apps.nexuslauncher.NexusLauncherActivity#961)/@0x5e960ce applyImmediately: false
05-03 15:46:02.809  1120  1120 D BaseDepthController: shouldBlurWorkspace: false targetState: Normal currentStableState: Normal mCurrentBlur: 0 mLauncher.getDepthBlurTargets(): [com.android.launcher3.Workspace{d312bef V.ED..... ........ 0,0-1280,2856 #7f0a049d app:id/workspace}, com.android.launcher3.Hotseat{32cb6fc V.ED..... ........ 0,2289-1280,2856 #7f0a01ee app:id/hotseat}]
05-03 15:46:02.825  1120  1120 V BaseDepthController: Applying blur: 0 to Surface(name=com.google.android.apps.nexuslauncher/com.google.android.apps.nexuslauncher.NexusLauncherActivity#961)/@0x5e960ce applyImmediately: false
05-03 15:46:02.825  1120  1120 D BaseDepthController: shouldBlurWorkspace: false targetState: Normal currentStableState: Normal mCurrentBlur: 0 mLauncher.getDepthBlurTargets(): [com.android.launcher3.Workspace{d312bef V.ED..... ........ 0,0-1280,2856 #7f0a049d app:id/workspace}, com.android.launcher3.Hotseat{32cb6fc V.ED..... ........ 0,2289-1280,2856 #7f0a01ee app:id/hotseat}]
05-03 15:46:02.842  1120  1120 V BaseDepthController: Applying blur: 0 to Surface(name=com.google.android.apps.nexuslauncher/com.google.android.apps.nexuslauncher.NexusLauncherActivity#961)/@0x5e960ce applyImmediately: false
05-03 15:46:02.842  1120  1120 D BaseDepthController: shouldBlurWorkspace: false targetState: Normal currentStableState: Normal mCurrentBlur: 0 mLauncher.getDepthBlurTargets(): [com.android.launcher3.Workspace{d312bef V.ED..... ........ 0,0-1280,2856 #7f0a049d app:id/workspace}, com.android.launcher3.Hotseat{32cb6fc V.ED..... ........ 0,2289-1280,2856 #7f0a01ee app:id/hotseat}]
05-03 15:46:02.859  1120  1120 V BaseDepthController: Applying blur: 0 to Surface(name=com.google.android.apps.nexuslauncher/com.google.android.apps.nexuslauncher.NexusLauncherActivity#961)/@0x5e960ce applyImmediately: false
05-03 15:46:02.859  1120  1120 D BaseDepthController: shouldBlurWorkspace: false targetState: Normal currentStableState: Normal mCurrentBlur: 0 mLauncher.getDepthBlurTargets(): [com.android.launcher3.Workspace{d312bef V.ED..... ........ 0,0-1280,2856 #7f0a049d app:id/workspace}, com.android.launcher3.Hotseat{32cb6fc V.ED..... ........ 0,2289-1280,2856 #7f0a01ee app:id/hotseat}]
05-03 15:46:02.875  1120  1120 V BaseDepthController: Applying blur: 0 to Surface(name=com.google.android.apps.nexuslauncher/com.google.android.apps.nexuslauncher.NexusLauncherActivity#961)/@0x5e960ce applyImmediately: false
05-03 15:46:02.875  1120  1120 D BaseDepthController: shouldBlurWorkspace: false targetState: Normal currentStableState: Normal mCurrentBlur: 0 mLauncher.getDepthBlurTargets(): [com.android.launcher3.Workspace{d312bef V.ED..... ........ 0,0-1280,2856 #7f0a049d app:id/workspace}, com.android.launcher3.Hotseat{32cb6fc V.ED..... ........ 0,2289-1280,2856 #7f0a01ee app:id/hotseat}]
05-03 15:46:02.892  1120  1120 V BaseDepthController: Applying blur: 0 to Surface(name=com.google.android.apps.nexuslauncher/com.google.android.apps.nexuslauncher.NexusLauncherActivity#961)/@0x5e960ce applyImmediately: false
05-03 15:46:02.892  1120  1120 D BaseDepthController: shouldBlurWorkspace: false targetState: Normal currentStableState: Normal mCurrentBlur: 0 mLauncher.getDepthBlurTargets(): [com.android.launcher3.Workspace{d312bef V.ED..... ........ 0,0-1280,2856 #7f0a049d app:id/workspace}, com.android.launcher3.Hotseat{32cb6fc V.ED..... ........ 0,2289-1280,2856 #7f0a01ee app:id/hotseat}]
05-03 15:46:02.909  1120  1120 V BaseDepthController: Applying blur: 0 to Surface(name=com.google.android.apps.nexuslauncher/com.google.android.apps.nexuslauncher.NexusLauncherActivity#961)/@0x5e960ce applyImmediately: false
05-03 15:46:02.909  1120  1120 D BaseDepthController: shouldBlurWorkspace: false targetState: Normal currentStableState: Normal mCurrentBlur: 0 mLauncher.getDepthBlurTargets(): [com.android.launcher3.Workspace{d312bef V.ED..... ........ 0,0-1280,2856 #7f0a049d app:id/workspace}, com.android.launcher3.Hotseat{32cb6fc V.ED..... ........ 0,2289-1280,2856 #7f0a01ee app:id/hotseat}]
05-03 15:46:02.925  1120  1120 V BaseDepthController: Applying blur: 0 to Surface(name=com.google.android.apps.nexuslauncher/com.google.android.apps.nexuslauncher.NexusLauncherActivity#961)/@0x5e960ce applyImmediately: false
05-03 15:46:02.925  1120  1120 D BaseDepthController: shouldBlurWorkspace: false targetState: Normal currentStableState: Normal mCurrentBlur: 0 mLauncher.getDepthBlurTargets(): [com.android.launcher3.Workspace{d312bef V.ED..... ........ 0,0-1280,2856 #7f0a049d app:id/workspace}, com.android.launcher3.Hotseat{32cb6fc V.ED..... ........ 0,2289-1280,2856 #7f0a01ee app:id/hotseat}]
05-03 15:46:02.942  1120  1120 V BaseDepthController: Applying blur: 0 to Surface(name=com.google.android.apps.nexuslauncher/com.google.android.apps.nexuslauncher.NexusLauncherActivity#961)/@0x5e960ce applyImmediately: false
05-03 15:46:02.942  1120  1120 D BaseDepthController: shouldBlurWorkspace: false targetState: Normal currentStableState: Normal mCurrentBlur: 0 mLauncher.getDepthBlurTargets(): [com.android.launcher3.Workspace{d312bef V.ED..... ........ 0,0-1280,2856 #7f0a049d app:id/workspace}, com.android.launcher3.Hotseat{32cb6fc V.ED..... ........ 0,2289-1280,2856 #7f0a01ee app:id/hotseat}]
05-03 15:46:02.959  1120  1120 V BaseDepthController: Applying blur: 0 to Surface(name=com.google.android.apps.nexuslauncher/com.google.android.apps.nexuslauncher.NexusLauncherActivity#961)/@0x5e960ce applyImmediately: false
05-03 15:46:02.959  1120  1120 D BaseDepthController: shouldBlurWorkspace: false targetState: Normal currentStableState: Normal mCurrentBlur: 0 mLauncher.getDepthBlurTargets(): [com.android.launcher3.Workspace{d312bef V.ED..... ........ 0,0-1280,2856 #7f0a049d app:id/workspace}, com.android.launcher3.Hotseat{32cb6fc V.ED..... ........ 0,2289-1280,2856 #7f0a01ee app:id/hotseat}]
05-03 15:46:02.975  1120  1120 V BaseDepthController: Applying blur: 0 to Surface(name=com.google.android.apps.nexuslauncher/com.google.android.apps.nexuslauncher.NexusLauncherActivity#961)/@0x5e960ce applyImmediately: false
05-03 15:46:02.975  1120  1120 D BaseDepthController: shouldBlurWorkspace: false targetState: Normal currentStableState: Normal mCurrentBlur: 0 mLauncher.getDepthBlurTargets(): [com.android.launcher3.Workspace{d312bef V.ED..... ........ 0,0-1280,2856 #7f0a049d app:id/workspace}, com.android.launcher3.Hotseat{32cb6fc V.ED..... ........ 0,2289-1280,2856 #7f0a01ee app:id/hotseat}]
05-03 15:46:02.992  1120  1120 V BaseDepthController: Applying blur: 0 to Surface(name=com.google.android.apps.nexuslauncher/com.google.android.apps.nexuslauncher.NexusLauncherActivity#961)/@0x5e960ce applyImmediately: false
05-03 15:46:02.992  1120  1120 D BaseDepthController: shouldBlurWorkspace: false targetState: Normal currentStableState: Normal mCurrentBlur: 0 mLauncher.getDepthBlurTargets(): [com.android.launcher3.Workspace{d312bef V.ED..... ........ 0,0-1280,2856 #7f0a049d app:id/workspace}, com.android.launcher3.Hotseat{32cb6fc V.ED..... ........ 0,2289-1280,2856 #7f0a01ee app:id/hotseat}]
05-03 15:46:03.025  1120  1120 V BaseDepthController: Applying blur: 0 to Surface(name=com.google.android.apps.nexuslauncher/com.google.android.apps.nexuslauncher.NexusLauncherActivity#961)/@0x5e960ce applyImmediately: false
05-03 15:46:03.025  1120  1120 D BaseDepthController: shouldBlurWorkspace: false targetState: Normal currentStableState: Normal mCurrentBlur: 0 mLauncher.getDepthBlurTargets(): [com.android.launcher3.Workspace{d312bef V.ED..... ........ 0,0-1280,2856 #7f0a049d app:id/workspace}, com.android.launcher3.Hotseat{32cb6fc V.ED..... ........ 0,2289-1280,2856 #7f0a01ee app:id/hotseat}]
05-03 15:46:03.042  1120  1120 V BaseDepthController: Applying blur: 0 to Surface(name=com.google.android.apps.nexuslauncher/com.google.android.apps.nexuslauncher.NexusLauncherActivity#961)/@0x5e960ce applyImmediately: false
05-03 15:46:03.042  1120  1120 D BaseDepthController: shouldBlurWorkspace: false targetState: Normal currentStableState: Normal mCurrentBlur: 0 mLauncher.getDepthBlurTargets(): [com.android.launcher3.Workspace{d312bef V.ED..... ........ 0,0-1280,2856 #7f0a049d app:id/workspace}, com.android.launcher3.Hotseat{32cb6fc V.ED..... ........ 0,2289-1280,2856 #7f0a01ee app:id/hotseat}]
05-03 15:46:03.075  1120  1120 V BaseDepthController: Applying blur: 0 to Surface(name=com.google.android.apps.nexuslauncher/com.google.android.apps.nexuslauncher.NexusLauncherActivity#961)/@0x5e960ce applyImmediately: false
05-03 15:46:03.075  1120  1120 D BaseDepthController: shouldBlurWorkspace: false targetState: Normal currentStableState: Normal mCurrentBlur: 0 mLauncher.getDepthBlurTargets(): [com.android.launcher3.Workspace{d312bef V.ED..... ........ 0,0-1280,2856 #7f0a049d app:id/workspace}, com.android.launcher3.Hotseat{32cb6fc V.ED..... ........ 0,2289-1280,2856 #7f0a01ee app:id/hotseat}]
05-03 15:46:03.110  1120  1120 V BaseDepthController: Applying blur: 0 to Surface(name=com.google.android.apps.nexuslauncher/com.google.android.apps.nexuslauncher.NexusLauncherActivity#961)/@0x5e960ce applyImmediately: false
05-03 15:46:03.110  1120  1120 D BaseDepthController: shouldBlurWorkspace: false targetState: Normal currentStableState: Normal mCurrentBlur: 0 mLauncher.getDepthBlurTargets(): [com.android.launcher3.Workspace{d312bef V.ED..... ........ 0,0-1280,2856 #7f0a049d app:id/workspace}, com.android.launcher3.Hotseat{32cb6fc V.ED..... ........ 0,2289-1280,2856 #7f0a01ee app:id/hotseat}]
05-03 15:46:03.159  1120  1120 V BaseDepthController: Applying blur: 0 to Surface(name=com.google.android.apps.nexuslauncher/com.google.android.apps.nexuslauncher.NexusLauncherActivity#961)/@0x5e960ce applyImmediately: false
05-03 15:46:03.159  1120  1120 D BaseDepthController: shouldBlurWorkspace: false targetState: Normal currentStableState: Normal mCurrentBlur: 0 mLauncher.getDepthBlurTargets(): [com.android.launcher3.Workspace{d312bef V.ED..... ........ 0,0-1280,2856 #7f0a049d app:id/workspace}, com.android.launcher3.Hotseat{32cb6fc V.ED..... ........ 0,2289-1280,2856 #7f0a01ee app:id/hotseat}]
05-03 15:46:03.225  1120  1120 V BaseDepthController: Applying blur: 0 to Surface(name=com.google.android.apps.nexuslauncher/com.google.android.apps.nexuslauncher.NexusLauncherActivity#961)/@0x5e960ce applyImmediately: false
05-03 15:46:03.225  1120  1120 D BaseDepthController: setEarlyWakeup: false
05-03 15:46:03.226  1120  1120 D BaseDepthController: shouldBlurWorkspace: false targetState: Normal currentStableState: Normal mCurrentBlur: 0 mLauncher.getDepthBlurTargets(): [com.android.launcher3.Workspace{d312bef V.ED..... ........ 0,0-1280,2856 #7f0a049d app:id/workspace}, com.android.launcher3.Hotseat{32cb6fc V.ED..... ........ 0,2289-1280,2856 #7f0a01ee app:id/hotseat}]
05-03 15:46:03.375  1120  1120 D ScalingWorkspaceRevealAnim: onAnimationEnd, workspace and hotseat are visible
05-03 15:46:03.375  1120  1120 V BaseDepthController: Applying blur: 0 to Surface(name=com.google.android.apps.nexuslauncher/com.google.android.apps.nexuslauncher.NexusLauncherActivity#961)/@0x5e960ce applyImmediately: false
05-03 15:46:03.376  1120  1120 D BaseDepthController: shouldBlurWorkspace: false targetState: Normal currentStableState: Normal mCurrentBlur: 0 mLauncher.getDepthBlurTargets(): [com.android.launcher3.Workspace{d312bef V.ED..... ......ID 0,0-1280,2856 #7f0a049d app:id/workspace}, com.android.launcher3.Hotseat{32cb6fc V.ED..... ......ID 0,2289-1280,2856 #7f0a01ee app:id/hotseat}]
05-03 15:46:03.376   990  1440 V WindowManagerShell: Received remote transition finished callback for (#74)
05-03 15:46:03.376   990  1074 V WindowManagerShell: Transition animation finished (aborted=false), notifying core (#74) android.os.BinderProxy@1d72f3c@0
05-03 15:46:03.377   741   761 V WindowManager: Finish Transition (#74): created at 05-03 15:46:02.328 collect-started=0.033ms request-sent=0.137ms started=2.256ms ready=6.226ms sent=45.342ms commit=46.741ms finished=1048.816ms
05-03 15:46:03.379   741  1899 E libbinder.IPCThreadState: Binder transaction failure. id: 1499285, cmd: BR_DEAD_REPLY (29189), error: -22 (Invalid argument)
05-03 15:46:03.379   741  1899 W ActivityManager: pid 741 system sent binder code 7 with flags 1 and got error -32
05-03 15:46:03.379   741  1899 W WindowManager: Exception thrown during dispatchAppVisibility Window{5d84c99 u0 de.teilgedanken.stalltagebuch/dev.dioxus.main.MainActivity EXITING}
05-03 15:46:03.379   741  1899 W WindowManager: android.os.DeadObjectException
05-03 15:46:03.379   741  1899 W WindowManager: 	at android.os.BinderProxy.transactNative(Native Method)
05-03 15:46:03.379   741  1899 W WindowManager: 	at android.os.BinderProxy.transact(BinderProxy.java:599)
05-03 15:46:03.379   741  1899 W WindowManager: 	at android.view.IWindow$Stub$Proxy.dispatchAppVisibility(IWindow.java:535)
05-03 15:46:03.379   741  1899 W WindowManager: 	at com.android.server.wm.WindowState.sendAppVisibilityToClients(WindowState.java:3266)
05-03 15:46:03.379   741  1899 W WindowManager: 	at com.android.server.wm.WindowContainer.sendAppVisibilityToClients(WindowContainer.java:1218)
05-03 15:46:03.379   741  1899 W WindowManager: 	at com.android.server.wm.WindowToken.setClientVisible(WindowToken.java:394)
05-03 15:46:03.379   741  1899 W WindowManager: 	at com.android.server.wm.ActivityRecord.commitVisibility(ActivityRecord.java:5626)
05-03 15:46:03.379   741  1899 W WindowManager: 	at com.android.server.wm.Transition.finishTransition(Transition.java:1500)
05-03 15:46:03.379   741  1899 W WindowManager: 	at com.android.server.wm.TransitionController.finishTransition(TransitionController.java:1096)
05-03 15:46:03.379   741  1899 W WindowManager: 	at com.android.server.wm.WindowOrganizerController.finishTransition(WindowOrganizerController.java:518)
05-03 15:46:03.379   741  1899 W WindowManager: 	at android.window.IWindowOrganizerController$Stub.onTransact(IWindowOrganizerController.java:270)
05-03 15:46:03.379   741  1899 W WindowManager: 	at com.android.server.wm.WindowOrganizerController.onTransact(WindowOrganizerController.java:233)
05-03 15:46:03.379   741  1899 W WindowManager: 	at android.os.Binder.execTransactInternal(Binder.java:1478)
05-03 15:46:03.379   741  1899 W WindowManager: 	at android.os.Binder.execTransact(Binder.java:1418)
05-03 15:46:03.379   741  1899 W Process : Unable to open /proc/9921/status
05-03 15:46:03.381   990  1074 V WindowManagerShell: Track 0 became idle
05-03 15:46:03.381   990  1074 V WindowManagerShell: All active transition animations finished
05-03 15:46:03.381  1120  1120 D RecentsView: onTaskRemoved: 210, not handling task stack changes
05-03 15:46:03.381  1120  1120 D RecentsView: onTaskRemoved: 210, not handling task stack changes
05-03 15:46:03.382   741  1899 W WindowManager: takeTaskSnapshot: taskId=210 not found or not visible
05-03 15:46:03.383   741   966 W ImageReader_JNI: Unable to acquire a buffer item, very likely client tried to acquire more than maxImages buffers
05-03 15:46:03.393   990  1074 V ShellTaskOrganizer: Task vanished taskId=210
05-03 15:46:03.393   990  1074 V ShellTaskOrganizer: Fullscreen Task Vanished: #210
05-03 15:46:03.393   990  1074 D ShellDesktopMode: AppToWebRepository: Task 210 is vanishing. Removing task data from repository
05-03 15:46:03.394  1120  1120 D b/417220811: invalidateLoadedTasks - previous requestLoadId: -1
05-03 15:46:03.425   592   592 E BpTransactionCompletedListener: Failed to transact (-32)
05-03 15:46:03.999   741   885 I HalDevMgr: bestIfaceCreationProposal is null, requestIface=STA, existingIface=[name=wlan0 type=STA]
05-03 15:46:05.473   979   979 I wpa_supplicant: wlan0: CTRL-EVENT-BEACON-LOSS 
