05-03 15:59:36.509  1120  1120 D BaseDepthController: shouldBlurWorkspace: false targetState: Normal currentStableState: Normal mCurrentBlur: 0 mLauncher.getDepthBlurTargets(): [com.android.launcher3.Workspace{d312bef V.ED..... ........ 0,0-1280,2856 #7f0a049d app:id/workspace}, com.android.launcher3.Hotseat{32cb6fc V.ED..... ........ 0,2289-1280,2856 #7f0a01ee app:id/hotseat}]
05-03 15:59:36.526  1120  1120 V BaseDepthController: Applying blur: 0 to Surface(name=com.google.android.apps.nexuslauncher/com.google.android.apps.nexuslauncher.NexusLauncherActivity#1130)/@0x5e960ce applyImmediately: false
05-03 15:59:36.526  1120  1120 D BaseDepthController: shouldBlurWorkspace: false targetState: Normal currentStableState: Normal mCurrentBlur: 0 mLauncher.getDepthBlurTargets(): [com.android.launcher3.Workspace{d312bef V.ED..... ........ 0,0-1280,2856 #7f0a049d app:id/workspace}, com.android.launcher3.Hotseat{32cb6fc V.ED..... ........ 0,2289-1280,2856 #7f0a01ee app:id/hotseat}]
05-03 15:59:36.534   741   899 D InetDiagMessage: Destroyed 0 sockets, proto=IPPROTO_TCP, family=AF_INET, states=14
05-03 15:59:36.534   741   899 D InetDiagMessage: Destroyed 0 sockets, proto=IPPROTO_TCP, family=AF_INET6, states=14
05-03 15:59:36.534   741   899 D InetDiagMessage: Destroyed live tcp sockets for uids={10214} in 1ms
05-03 15:59:36.542  1120  1120 V BaseDepthController: Applying blur: 0 to Surface(name=com.google.android.apps.nexuslauncher/com.google.android.apps.nexuslauncher.NexusLauncherActivity#1130)/@0x5e960ce applyImmediately: false
05-03 15:59:36.542  1120  1120 D BaseDepthController: shouldBlurWorkspace: false targetState: Normal currentStableState: Normal mCurrentBlur: 0 mLauncher.getDepthBlurTargets(): [com.android.launcher3.Workspace{d312bef V.ED..... ........ 0,0-1280,2856 #7f0a049d app:id/workspace}, com.android.launcher3.Hotseat{32cb6fc V.ED..... ........ 0,2289-1280,2856 #7f0a01ee app:id/hotseat}]
05-03 15:59:36.559  1120  1120 V BaseDepthController: Applying blur: 0 to Surface(name=com.google.android.apps.nexuslauncher/com.google.android.apps.nexuslauncher.NexusLauncherActivity#1130)/@0x5e960ce applyImmediately: false
05-03 15:59:36.559  1120  1120 D BaseDepthController: shouldBlurWorkspace: false targetState: Normal currentStableState: Normal mCurrentBlur: 0 mLauncher.getDepthBlurTargets(): [com.android.launcher3.Workspace{d312bef V.ED..... ........ 0,0-1280,2856 #7f0a049d app:id/workspace}, com.android.launcher3.Hotseat{32cb6fc V.ED..... ........ 0,2289-1280,2856 #7f0a01ee app:id/hotseat}]
05-03 15:59:36.575  1120  1120 V BaseDepthController: Applying blur: 0 to Surface(name=com.google.android.apps.nexuslauncher/com.google.android.apps.nexuslauncher.NexusLauncherActivity#1130)/@0x5e960ce applyImmediately: false
05-03 15:59:36.575  1120  1120 D BaseDepthController: setEarlyWakeup: true
05-03 15:59:36.575  1120  1120 D BaseDepthController: shouldBlurWorkspace: false targetState: Normal currentStableState: Normal mCurrentBlur: 0 mLauncher.getDepthBlurTargets(): [com.android.launcher3.Workspace{d312bef V.ED..... ........ 0,0-1280,2856 #7f0a049d app:id/workspace}, com.android.launcher3.Hotseat{32cb6fc V.ED..... ........ 0,2289-1280,2856 #7f0a01ee app:id/hotseat}]
05-03 15:59:36.592  1120  1120 V BaseDepthController: Applying blur: 0 to Surface(name=com.google.android.apps.nexuslauncher/com.google.android.apps.nexuslauncher.NexusLauncherActivity#1130)/@0x5e960ce applyImmediately: false
05-03 15:59:36.592  1120  1120 D BaseDepthController: shouldBlurWorkspace: false targetState: Normal currentStableState: Normal mCurrentBlur: 0 mLauncher.getDepthBlurTargets(): [com.android.launcher3.Workspace{d312bef V.ED..... ........ 0,0-1280,2856 #7f0a049d app:id/workspace}, com.android.launcher3.Hotseat{32cb6fc V.ED..... ........ 0,2289-1280,2856 #7f0a01ee app:id/hotseat}]
05-03 15:59:36.609  1120  1120 V BaseDepthController: Applying blur: 0 to Surface(name=com.google.android.apps.nexuslauncher/com.google.android.apps.nexuslauncher.NexusLauncherActivity#1130)/@0x5e960ce applyImmediately: false
05-03 15:59:36.609  1120  1120 D BaseDepthController: shouldBlurWorkspace: false targetState: Normal currentStableState: Normal mCurrentBlur: 0 mLauncher.getDepthBlurTargets(): [com.android.launcher3.Workspace{d312bef V.ED..... ........ 0,0-1280,2856 #7f0a049d app:id/workspace}, com.android.launcher3.Hotseat{32cb6fc V.ED..... ........ 0,2289-1280,2856 #7f0a01ee app:id/hotseat}]
05-03 15:59:36.625  1120  1120 V BaseDepthController: Applying blur: 0 to Surface(name=com.google.android.apps.nexuslauncher/com.google.android.apps.nexuslauncher.NexusLauncherActivity#1130)/@0x5e960ce applyImmediately: false
05-03 15:59:36.626  1120  1120 D BaseDepthController: shouldBlurWorkspace: false targetState: Normal currentStableState: Normal mCurrentBlur: 0 mLauncher.getDepthBlurTargets(): [com.android.launcher3.Workspace{d312bef V.ED..... ........ 0,0-1280,2856 #7f0a049d app:id/workspace}, com.android.launcher3.Hotseat{32cb6fc V.ED..... ........ 0,2289-1280,2856 #7f0a01ee app:id/hotseat}]
05-03 15:59:36.642  1120  1120 V BaseDepthController: Applying blur: 0 to Surface(name=com.google.android.apps.nexuslauncher/com.google.android.apps.nexuslauncher.NexusLauncherActivity#1130)/@0x5e960ce applyImmediately: false
05-03 15:59:36.642  1120  1120 D BaseDepthController: shouldBlurWorkspace: false targetState: Normal currentStableState: Normal mCurrentBlur: 0 mLauncher.getDepthBlurTargets(): [com.android.launcher3.Workspace{d312bef V.ED..... ........ 0,0-1280,2856 #7f0a049d app:id/workspace}, com.android.launcher3.Hotseat{32cb6fc V.ED..... ........ 0,2289-1280,2856 #7f0a01ee app:id/hotseat}]
05-03 15:59:36.659  1120  1120 V BaseDepthController: Applying blur: 0 to Surface(name=com.google.android.apps.nexuslauncher/com.google.android.apps.nexuslauncher.NexusLauncherActivity#1130)/@0x5e960ce applyImmediately: false
05-03 15:59:36.659  1120  1120 D BaseDepthController: shouldBlurWorkspace: false targetState: Normal currentStableState: Normal mCurrentBlur: 0 mLauncher.getDepthBlurTargets(): [com.android.launcher3.Workspace{d312bef V.ED..... ........ 0,0-1280,2856 #7f0a049d app:id/workspace}, com.android.launcher3.Hotseat{32cb6fc V.ED..... ........ 0,2289-1280,2856 #7f0a01ee app:id/hotseat}]
05-03 15:59:36.675  1120  1120 V BaseDepthController: Applying blur: 0 to Surface(name=com.google.android.apps.nexuslauncher/com.google.android.apps.nexuslauncher.NexusLauncherActivity#1130)/@0x5e960ce applyImmediately: false
05-03 15:59:36.675  1120  1120 D BaseDepthController: shouldBlurWorkspace: false targetState: Normal currentStableState: Normal mCurrentBlur: 0 mLauncher.getDepthBlurTargets(): [com.android.launcher3.Workspace{d312bef V.ED..... ........ 0,0-1280,2856 #7f0a049d app:id/workspace}, com.android.launcher3.Hotseat{32cb6fc V.ED..... ........ 0,2289-1280,2856 #7f0a01ee app:id/hotseat}]
05-03 15:59:36.692  1120  1120 V BaseDepthController: Applying blur: 0 to Surface(name=com.google.android.apps.nexuslauncher/com.google.android.apps.nexuslauncher.NexusLauncherActivity#1130)/@0x5e960ce applyImmediately: false
05-03 15:59:36.692  1120  1120 D BaseDepthController: shouldBlurWorkspace: false targetState: Normal currentStableState: Normal mCurrentBlur: 0 mLauncher.getDepthBlurTargets(): [com.android.launcher3.Workspace{d312bef V.ED..... ........ 0,0-1280,2856 #7f0a049d app:id/workspace}, com.android.launcher3.Hotseat{32cb6fc V.ED..... ........ 0,2289-1280,2856 #7f0a01ee app:id/hotseat}]
05-03 15:59:36.709  1120  1120 V BaseDepthController: Applying blur: 0 to Surface(name=com.google.android.apps.nexuslauncher/com.google.android.apps.nexuslauncher.NexusLauncherActivity#1130)/@0x5e960ce applyImmediately: false
05-03 15:59:36.709  1120  1120 D BaseDepthController: shouldBlurWorkspace: false targetState: Normal currentStableState: Normal mCurrentBlur: 0 mLauncher.getDepthBlurTargets(): [com.android.launcher3.Workspace{d312bef V.ED..... ........ 0,0-1280,2856 #7f0a049d app:id/workspace}, com.android.launcher3.Hotseat{32cb6fc V.ED..... ........ 0,2289-1280,2856 #7f0a01ee app:id/hotseat}]
05-03 15:59:36.725  1120  1120 V BaseDepthController: Applying blur: 0 to Surface(name=com.google.android.apps.nexuslauncher/com.google.android.apps.nexuslauncher.NexusLauncherActivity#1130)/@0x5e960ce applyImmediately: false
05-03 15:59:36.725  1120  1120 D BaseDepthController: shouldBlurWorkspace: false targetState: Normal currentStableState: Normal mCurrentBlur: 0 mLauncher.getDepthBlurTargets(): [com.android.launcher3.Workspace{d312bef V.ED..... ........ 0,0-1280,2856 #7f0a049d app:id/workspace}, com.android.launcher3.Hotseat{32cb6fc V.ED..... ........ 0,2289-1280,2856 #7f0a01ee app:id/hotseat}]
05-03 15:59:36.742  1120  1120 V BaseDepthController: Applying blur: 0 to Surface(name=com.google.android.apps.nexuslauncher/com.google.android.apps.nexuslauncher.NexusLauncherActivity#1130)/@0x5e960ce applyImmediately: false
05-03 15:59:36.742  1120  1120 D BaseDepthController: shouldBlurWorkspace: false targetState: Normal currentStableState: Normal mCurrentBlur: 0 mLauncher.getDepthBlurTargets(): [com.android.launcher3.Workspace{d312bef V.ED..... ........ 0,0-1280,2856 #7f0a049d app:id/workspace}, com.android.launcher3.Hotseat{32cb6fc V.ED..... ........ 0,2289-1280,2856 #7f0a01ee app:id/hotseat}]
05-03 15:59:36.759  1120  1120 V BaseDepthController: Applying blur: 0 to Surface(name=com.google.android.apps.nexuslauncher/com.google.android.apps.nexuslauncher.NexusLauncherActivity#1130)/@0x5e960ce applyImmediately: false
05-03 15:59:36.759  1120  1120 D BaseDepthController: shouldBlurWorkspace: false targetState: Normal currentStableState: Normal mCurrentBlur: 0 mLauncher.getDepthBlurTargets(): [com.android.launcher3.Workspace{d312bef V.ED..... ........ 0,0-1280,2856 #7f0a049d app:id/workspace}, com.android.launcher3.Hotseat{32cb6fc V.ED..... ........ 0,2289-1280,2856 #7f0a01ee app:id/hotseat}]
05-03 15:59:36.775  1120  1120 V BaseDepthController: Applying blur: 0 to Surface(name=com.google.android.apps.nexuslauncher/com.google.android.apps.nexuslauncher.NexusLauncherActivity#1130)/@0x5e960ce applyImmediately: false
05-03 15:59:36.775  1120  1120 D BaseDepthController: shouldBlurWorkspace: false targetState: Normal currentStableState: Normal mCurrentBlur: 0 mLauncher.getDepthBlurTargets(): [com.android.launcher3.Workspace{d312bef V.ED..... ........ 0,0-1280,2856 #7f0a049d app:id/workspace}, com.android.launcher3.Hotseat{32cb6fc V.ED..... ........ 0,2289-1280,2856 #7f0a01ee app:id/hotseat}]
05-03 15:59:36.792  1120  1120 V BaseDepthController: Applying blur: 0 to Surface(name=com.google.android.apps.nexuslauncher/com.google.android.apps.nexuslauncher.NexusLauncherActivity#1130)/@0x5e960ce applyImmediately: false
05-03 15:59:36.792  1120  1120 D BaseDepthController: shouldBlurWorkspace: false targetState: Normal currentStableState: Normal mCurrentBlur: 0 mLauncher.getDepthBlurTargets(): [com.android.launcher3.Workspace{d312bef V.ED..... ........ 0,0-1280,2856 #7f0a049d app:id/workspace}, com.android.launcher3.Hotseat{32cb6fc V.ED..... ........ 0,2289-1280,2856 #7f0a01ee app:id/hotseat}]
05-03 15:59:36.808  1120  1120 V BaseDepthController: Applying blur: 0 to Surface(name=com.google.android.apps.nexuslauncher/com.google.android.apps.nexuslauncher.NexusLauncherActivity#1130)/@0x5e960ce applyImmediately: false
05-03 15:59:36.809  1120  1120 D BaseDepthController: shouldBlurWorkspace: false targetState: Normal currentStableState: Normal mCurrentBlur: 0 mLauncher.getDepthBlurTargets(): [com.android.launcher3.Workspace{d312bef V.ED..... ........ 0,0-1280,2856 #7f0a049d app:id/workspace}, com.android.launcher3.Hotseat{32cb6fc V.ED..... ........ 0,2289-1280,2856 #7f0a01ee app:id/hotseat}]
05-03 15:59:36.819   741   764 W ActivityTaskManager: Activity top resumed state loss timeout for ActivityRecord{171754782 u0 de.teilgedanken.stalltagebuch/dev.dioxus.main.MainActivity t216 f} isExiting}
05-03 15:59:36.825  1120  1120 V BaseDepthController: Applying blur: 0 to Surface(name=com.google.android.apps.nexuslauncher/com.google.android.apps.nexuslauncher.NexusLauncherActivity#1130)/@0x5e960ce applyImmediately: false
05-03 15:59:36.826  1120  1120 D BaseDepthController: shouldBlurWorkspace: false targetState: Normal currentStableState: Normal mCurrentBlur: 0 mLauncher.getDepthBlurTargets(): [com.android.launcher3.Workspace{d312bef V.ED..... ........ 0,0-1280,2856 #7f0a049d app:id/workspace}, com.android.launcher3.Hotseat{32cb6fc V.ED..... ........ 0,2289-1280,2856 #7f0a01ee app:id/hotseat}]
05-03 15:59:36.842  1120  1120 V BaseDepthController: Applying blur: 0 to Surface(name=com.google.android.apps.nexuslauncher/com.google.android.apps.nexuslauncher.NexusLauncherActivity#1130)/@0x5e960ce applyImmediately: false
05-03 15:59:36.842  1120  1120 D BaseDepthController: shouldBlurWorkspace: false targetState: Normal currentStableState: Normal mCurrentBlur: 0 mLauncher.getDepthBlurTargets(): [com.android.launcher3.Workspace{d312bef V.ED..... ........ 0,0-1280,2856 #7f0a049d app:id/workspace}, com.android.launcher3.Hotseat{32cb6fc V.ED..... ........ 0,2289-1280,2856 #7f0a01ee app:id/hotseat}]
05-03 15:59:36.848  1267  1273 W SQLiteConnectionPool: A SQLiteConnection object for database '/data/user/0/com.google.android.gms/databases/metadata.db' was leaked!  Please fix your application to end transactions in progress properly and to close the database when it is no longer needed.
05-03 15:59:36.848  1267  1273 W System  : A resource failed to call SQLiteConnection.close. 
05-03 15:59:36.848  1267  1273 W SQLiteConnectionPool: A SQLiteConnection object for database '/data/user/0/com.google.android.gms/databases/metadata.db' was leaked!  Please fix your application to end transactions in progress properly and to close the database when it is no longer needed.
05-03 15:59:36.848  1267  1273 W System  : A resource failed to call SQLiteConnection.close. 
05-03 15:59:36.859  1120  1120 V BaseDepthController: Applying blur: 0 to Surface(name=com.google.android.apps.nexuslauncher/com.google.android.apps.nexuslauncher.NexusLauncherActivity#1130)/@0x5e960ce applyImmediately: false
05-03 15:59:36.859  1120  1120 D BaseDepthController: shouldBlurWorkspace: false targetState: Normal currentStableState: Normal mCurrentBlur: 0 mLauncher.getDepthBlurTargets(): [com.android.launcher3.Workspace{d312bef V.ED..... ........ 0,0-1280,2856 #7f0a049d app:id/workspace}, com.android.launcher3.Hotseat{32cb6fc V.ED..... ........ 0,2289-1280,2856 #7f0a01ee app:id/hotseat}]
05-03 15:59:36.875  1120  1120 V BaseDepthController: Applying blur: 0 to Surface(name=com.google.android.apps.nexuslauncher/com.google.android.apps.nexuslauncher.NexusLauncherActivity#1130)/@0x5e960ce applyImmediately: false
05-03 15:59:36.875  1120  1120 D BaseDepthController: shouldBlurWorkspace: false targetState: Normal currentStableState: Normal mCurrentBlur: 0 mLauncher.getDepthBlurTargets(): [com.android.launcher3.Workspace{d312bef V.ED..... ........ 0,0-1280,2856 #7f0a049d app:id/workspace}, com.android.launcher3.Hotseat{32cb6fc V.ED..... ........ 0,2289-1280,2856 #7f0a01ee app:id/hotseat}]
05-03 15:59:36.892  1120  1120 V BaseDepthController: Applying blur: 0 to Surface(name=com.google.android.apps.nexuslauncher/com.google.android.apps.nexuslauncher.NexusLauncherActivity#1130)/@0x5e960ce applyImmediately: false
05-03 15:59:36.892  1120  1120 D BaseDepthController: shouldBlurWorkspace: false targetState: Normal currentStableState: Normal mCurrentBlur: 0 mLauncher.getDepthBlurTargets(): [com.android.launcher3.Workspace{d312bef V.ED..... ........ 0,0-1280,2856 #7f0a049d app:id/workspace}, com.android.launcher3.Hotseat{32cb6fc V.ED..... ........ 0,2289-1280,2856 #7f0a01ee app:id/hotseat}]
05-03 15:59:36.908  1120  1120 V BaseDepthController: Applying blur: 0 to Surface(name=com.google.android.apps.nexuslauncher/com.google.android.apps.nexuslauncher.NexusLauncherActivity#1130)/@0x5e960ce applyImmediately: false
05-03 15:59:36.908  1120  1120 D BaseDepthController: shouldBlurWorkspace: false targetState: Normal currentStableState: Normal mCurrentBlur: 0 mLauncher.getDepthBlurTargets(): [com.android.launcher3.Workspace{d312bef V.ED..... ........ 0,0-1280,2856 #7f0a049d app:id/workspace}, com.android.launcher3.Hotseat{32cb6fc V.ED..... ........ 0,2289-1280,2856 #7f0a01ee app:id/hotseat}]
05-03 15:59:36.925  1120  1120 V BaseDepthController: Applying blur: 0 to Surface(name=com.google.android.apps.nexuslauncher/com.google.android.apps.nexuslauncher.NexusLauncherActivity#1130)/@0x5e960ce applyImmediately: false
05-03 15:59:36.925  1120  1120 D BaseDepthController: shouldBlurWorkspace: false targetState: Normal currentStableState: Normal mCurrentBlur: 0 mLauncher.getDepthBlurTargets(): [com.android.launcher3.Workspace{d312bef V.ED..... ........ 0,0-1280,2856 #7f0a049d app:id/workspace}, com.android.launcher3.Hotseat{32cb6fc V.ED..... ........ 0,2289-1280,2856 #7f0a01ee app:id/hotseat}]
05-03 15:59:36.942  1120  1120 V BaseDepthController: Applying blur: 0 to Surface(name=com.google.android.apps.nexuslauncher/com.google.android.apps.nexuslauncher.NexusLauncherActivity#1130)/@0x5e960ce applyImmediately: false
05-03 15:59:36.942  1120  1120 D BaseDepthController: shouldBlurWorkspace: false targetState: Normal currentStableState: Normal mCurrentBlur: 0 mLauncher.getDepthBlurTargets(): [com.android.launcher3.Workspace{d312bef V.ED..... ........ 0,0-1280,2856 #7f0a049d app:id/workspace}, com.android.launcher3.Hotseat{32cb6fc V.ED..... ........ 0,2289-1280,2856 #7f0a01ee app:id/hotseat}]
05-03 15:59:36.959  1120  1120 V BaseDepthController: Applying blur: 0 to Surface(name=com.google.android.apps.nexuslauncher/com.google.android.apps.nexuslauncher.NexusLauncherActivity#1130)/@0x5e960ce applyImmediately: false
05-03 15:59:36.959  1120  1120 D BaseDepthController: shouldBlurWorkspace: false targetState: Normal currentStableState: Normal mCurrentBlur: 0 mLauncher.getDepthBlurTargets(): [com.android.launcher3.Workspace{d312bef V.ED..... ........ 0,0-1280,2856 #7f0a049d app:id/workspace}, com.android.launcher3.Hotseat{32cb6fc V.ED..... ........ 0,2289-1280,2856 #7f0a01ee app:id/hotseat}]
05-03 15:59:36.975  1120  1120 V BaseDepthController: Applying blur: 0 to Surface(name=com.google.android.apps.nexuslauncher/com.google.android.apps.nexuslauncher.NexusLauncherActivity#1130)/@0x5e960ce applyImmediately: false
05-03 15:59:36.975  1120  1120 D BaseDepthController: shouldBlurWorkspace: false targetState: Normal currentStableState: Normal mCurrentBlur: 0 mLauncher.getDepthBlurTargets(): [com.android.launcher3.Workspace{d312bef V.ED..... ........ 0,0-1280,2856 #7f0a049d app:id/workspace}, com.android.launcher3.Hotseat{32cb6fc V.ED..... ........ 0,2289-1280,2856 #7f0a01ee app:id/hotseat}]
05-03 15:59:36.992  1120  1120 V BaseDepthController: Applying blur: 0 to Surface(name=com.google.android.apps.nexuslauncher/com.google.android.apps.nexuslauncher.NexusLauncherActivity#1130)/@0x5e960ce applyImmediately: false
05-03 15:59:36.992  1120  1120 D BaseDepthController: shouldBlurWorkspace: false targetState: Normal currentStableState: Normal mCurrentBlur: 0 mLauncher.getDepthBlurTargets(): [com.android.launcher3.Workspace{d312bef V.ED..... ........ 0,0-1280,2856 #7f0a049d app:id/workspace}, com.android.launcher3.Hotseat{32cb6fc V.ED..... ........ 0,2289-1280,2856 #7f0a01ee app:id/hotseat}]
05-03 15:59:37.025  1120  1120 V BaseDepthController: Applying blur: 0 to Surface(name=com.google.android.apps.nexuslauncher/com.google.android.apps.nexuslauncher.NexusLauncherActivity#1130)/@0x5e960ce applyImmediately: false
05-03 15:59:37.025  1120  1120 D BaseDepthController: shouldBlurWorkspace: false targetState: Normal currentStableState: Normal mCurrentBlur: 0 mLauncher.getDepthBlurTargets(): [com.android.launcher3.Workspace{d312bef V.ED..... ........ 0,0-1280,2856 #7f0a049d app:id/workspace}, com.android.launcher3.Hotseat{32cb6fc V.ED..... ........ 0,2289-1280,2856 #7f0a01ee app:id/hotseat}]
05-03 15:59:37.042  1120  1120 V BaseDepthController: Applying blur: 0 to Surface(name=com.google.android.apps.nexuslauncher/com.google.android.apps.nexuslauncher.NexusLauncherActivity#1130)/@0x5e960ce applyImmediately: false
05-03 15:59:37.042  1120  1120 D BaseDepthController: shouldBlurWorkspace: false targetState: Normal currentStableState: Normal mCurrentBlur: 0 mLauncher.getDepthBlurTargets(): [com.android.launcher3.Workspace{d312bef V.ED..... ........ 0,0-1280,2856 #7f0a049d app:id/workspace}, com.android.launcher3.Hotseat{32cb6fc V.ED..... ........ 0,2289-1280,2856 #7f0a01ee app:id/hotseat}]
05-03 15:59:37.075  1120  1120 V BaseDepthController: Applying blur: 0 to Surface(name=com.google.android.apps.nexuslauncher/com.google.android.apps.nexuslauncher.NexusLauncherActivity#1130)/@0x5e960ce applyImmediately: false
05-03 15:59:37.075  1120  1120 D BaseDepthController: shouldBlurWorkspace: false targetState: Normal currentStableState: Normal mCurrentBlur: 0 mLauncher.getDepthBlurTargets(): [com.android.launcher3.Workspace{d312bef V.ED..... ........ 0,0-1280,2856 #7f0a049d app:id/workspace}, com.android.launcher3.Hotseat{32cb6fc V.ED..... ........ 0,2289-1280,2856 #7f0a01ee app:id/hotseat}]
05-03 15:59:37.109  1120  1120 V BaseDepthController: Applying blur: 0 to Surface(name=com.google.android.apps.nexuslauncher/com.google.android.apps.nexuslauncher.NexusLauncherActivity#1130)/@0x5e960ce applyImmediately: false
05-03 15:59:37.109  1120  1120 D BaseDepthController: shouldBlurWorkspace: false targetState: Normal currentStableState: Normal mCurrentBlur: 0 mLauncher.getDepthBlurTargets(): [com.android.launcher3.Workspace{d312bef V.ED..... ........ 0,0-1280,2856 #7f0a049d app:id/workspace}, com.android.launcher3.Hotseat{32cb6fc V.ED..... ........ 0,2289-1280,2856 #7f0a01ee app:id/hotseat}]
05-03 15:59:37.158  1120  1120 V BaseDepthController: Applying blur: 0 to Surface(name=com.google.android.apps.nexuslauncher/com.google.android.apps.nexuslauncher.NexusLauncherActivity#1130)/@0x5e960ce applyImmediately: false
05-03 15:59:37.159  1120  1120 D BaseDepthController: shouldBlurWorkspace: false targetState: Normal currentStableState: Normal mCurrentBlur: 0 mLauncher.getDepthBlurTargets(): [com.android.launcher3.Workspace{d312bef V.ED..... ........ 0,0-1280,2856 #7f0a049d app:id/workspace}, com.android.launcher3.Hotseat{32cb6fc V.ED..... ........ 0,2289-1280,2856 #7f0a01ee app:id/hotseat}]
05-03 15:59:37.225  1120  1120 V BaseDepthController: Applying blur: 0 to Surface(name=com.google.android.apps.nexuslauncher/com.google.android.apps.nexuslauncher.NexusLauncherActivity#1130)/@0x5e960ce applyImmediately: false
05-03 15:59:37.225  1120  1120 D BaseDepthController: setEarlyWakeup: false
05-03 15:59:37.225  1120  1120 D BaseDepthController: shouldBlurWorkspace: false targetState: Normal currentStableState: Normal mCurrentBlur: 0 mLauncher.getDepthBlurTargets(): [com.android.launcher3.Workspace{d312bef V.ED..... ........ 0,0-1280,2856 #7f0a049d app:id/workspace}, com.android.launcher3.Hotseat{32cb6fc V.ED..... ........ 0,2289-1280,2856 #7f0a01ee app:id/hotseat}]
05-03 15:59:37.375  1120  1120 D ScalingWorkspaceRevealAnim: onAnimationEnd, workspace and hotseat are visible
05-03 15:59:37.375  1120  1120 V BaseDepthController: Applying blur: 0 to Surface(name=com.google.android.apps.nexuslauncher/com.google.android.apps.nexuslauncher.NexusLauncherActivity#1130)/@0x5e960ce applyImmediately: false
05-03 15:59:37.375  1120  1120 D BaseDepthController: shouldBlurWorkspace: false targetState: Normal currentStableState: Normal mCurrentBlur: 0 mLauncher.getDepthBlurTargets(): [com.android.launcher3.Workspace{d312bef V.ED..... ......ID 0,0-1280,2856 #7f0a049d app:id/workspace}, com.android.launcher3.Hotseat{32cb6fc V.ED..... ......ID 0,2289-1280,2856 #7f0a01ee app:id/hotseat}]
05-03 15:59:37.376   990  1002 V WindowManagerShell: Received remote transition finished callback for (#86)
05-03 15:59:37.376   990  1074 V WindowManagerShell: Transition animation finished (aborted=false), notifying core (#86) android.os.BinderProxy@af0cbc@0
05-03 15:59:37.378   741   761 V WindowManager: Finish Transition (#86): created at 05-03 15:59:36.318 collect-started=0.023ms request-sent=0.129ms started=2.674ms ready=22.245ms sent=59.378ms commit=15.138ms finished=1058.997ms
05-03 15:59:37.379   741  1076 E libbinder.IPCThreadState: Binder transaction failure. id: 1608108, cmd: BR_DEAD_REPLY (29189), error: -22 (Invalid argument)
05-03 15:59:37.379   741  1076 W ActivityManager: pid 741 system sent binder code 7 with flags 1 and got error -32
05-03 15:59:37.379   741  1076 W WindowManager: Exception thrown during dispatchAppVisibility Window{9741171 u0 de.teilgedanken.stalltagebuch/dev.dioxus.main.MainActivity EXITING}
05-03 15:59:37.379   741  1076 W WindowManager: android.os.DeadObjectException
05-03 15:59:37.379   741  1076 W WindowManager: 	at android.os.BinderProxy.transactNative(Native Method)
05-03 15:59:37.379   741  1076 W WindowManager: 	at android.os.BinderProxy.transact(BinderProxy.java:599)
05-03 15:59:37.379   741  1076 W WindowManager: 	at android.view.IWindow$Stub$Proxy.dispatchAppVisibility(IWindow.java:535)
05-03 15:59:37.379   741  1076 W WindowManager: 	at com.android.server.wm.WindowState.sendAppVisibilityToClients(WindowState.java:3266)
05-03 15:59:37.379   741  1076 W WindowManager: 	at com.android.server.wm.WindowContainer.sendAppVisibilityToClients(WindowContainer.java:1218)
05-03 15:59:37.379   741  1076 W WindowManager: 	at com.android.server.wm.WindowToken.setClientVisible(WindowToken.java:394)
05-03 15:59:37.379   741  1076 W WindowManager: 	at com.android.server.wm.ActivityRecord.commitVisibility(ActivityRecord.java:5626)
05-03 15:59:37.379   741  1076 W WindowManager: 	at com.android.server.wm.Transition.finishTransition(Transition.java:1500)
05-03 15:59:37.379   741  1076 W WindowManager: 	at com.android.server.wm.TransitionController.finishTransition(TransitionController.java:1096)
05-03 15:59:37.379   741  1076 W WindowManager: 	at com.android.server.wm.WindowOrganizerController.finishTransition(WindowOrganizerController.java:518)
05-03 15:59:37.379   741  1076 W WindowManager: 	at android.window.IWindowOrganizerController$Stub.onTransact(IWindowOrganizerController.java:270)
05-03 15:59:37.379   741  1076 W WindowManager: 	at com.android.server.wm.WindowOrganizerController.onTransact(WindowOrganizerController.java:233)
05-03 15:59:37.379   741  1076 W WindowManager: 	at android.os.Binder.execTransactInternal(Binder.java:1478)
05-03 15:59:37.379   741  1076 W WindowManager: 	at android.os.Binder.execTransact(Binder.java:1418)
05-03 15:59:37.379   741  1076 W Process : Unable to open /proc/11569/status
05-03 15:59:37.380   990  1074 V WindowManagerShell: Track 0 became idle
05-03 15:59:37.381   990  1074 V WindowManagerShell: All active transition animations finished
05-03 15:59:37.381  1120  1120 D RecentsView: onTaskRemoved: 216, not handling task stack changes
05-03 15:59:37.381  1120  1120 D RecentsView: onTaskRemoved: 216, not handling task stack changes
05-03 15:59:37.382   741  1076 W WindowManager: takeTaskSnapshot: taskId=216 not found or not visible
05-03 15:59:37.387   741   966 W ImageReader_JNI: Unable to acquire a buffer item, very likely client tried to acquire more than maxImages buffers
05-03 15:59:37.405   990  1074 V ShellTaskOrganizer: Task vanished taskId=216
05-03 15:59:37.405   990  1074 V ShellTaskOrganizer: Fullscreen Task Vanished: #216
05-03 15:59:37.405   990  1074 D ShellDesktopMode: AppToWebRepository: Task 216 is vanishing. Removing task data from repository
05-03 15:59:37.405  1120  1120 D b/417220811: invalidateLoadedTasks - previous requestLoadId: -1
05-03 15:59:37.425   592   592 E BpTransactionCompletedListener: Failed to transact (-32)
05-03 15:59:38.067   741   885 I HalDevMgr: bestIfaceCreationProposal is null, requestIface=STA, existingIface=[name=wlan0 type=STA]
05-03 15:59:40.577   979   979 I wpa_supplicant: wlan0: CTRL-EVENT-BEACON-LOSS 
05-03 15:59:41.071   741   885 I HalDevMgr: bestIfaceCreationProposal is null, requestIface=STA, existingIface=[name=wlan0 type=STA]
05-03 15:59:42.387  1119  1290 D SatelliteController: iisInCarrierRoamingNbIotNtn: satellite is disabled
05-03 15:59:42.388  1119  1290 D SatelliteController: getCarrierRoamingNtnConnectType: Falling back to global carrier config connect type: 0
05-03 15:59:44.076   741   885 I HalDevMgr: bestIfaceCreationProposal is null, requestIface=STA, existingIface=[name=wlan0 type=STA]
05-03 15:59:47.080   741   885 I HalDevMgr: bestIfaceCreationProposal is null, requestIface=STA, existingIface=[name=wlan0 type=STA]
05-03 15:59:48.007   741  1076 V WindowManager: DesktopModeLaunchParamsModifier: phase= 0 task=null activity=null display-from-option=0 display-id=0 task-display-area-windowing-mode=1 suggested-display-area=DefaultTaskDisplayArea@197945830 task null, skipping
05-03 15:59:48.007   741  1078 W AS.PlaybackActivityMon: No piid assigned for invalid/internal port id 15
05-03 15:59:48.007   741  1076 V WindowManager: TaskLaunchParamsModifier:phase=0 task=null activity=null display-from-option=0 display-id=0 task-display-area-windowing-mode=1 suggested-display-area=DefaultTaskDisplayArea@197945830
05-03 15:59:48.008   741  1076 V GrammaticalInflectionUtils: AttributionSource: android.content.AttributionSource@f86d0235 does not have READ_SYSTEM_GRAMMATICAL_GENDER permission.
05-03 15:59:48.008   741  1076 V WindowManager: DesktopModeLaunchParamsModifier: phase= 0 task=null activity=ActivityRecord{167999325 u0 de.teilgedanken.stalltagebuch/dev.dioxus.main.MainActivity display-from-option=0 display-id=0 task-display-area-windowing-mode=1 suggested-display-area=DefaultTaskDisplayArea@197945830 task null, skipping
05-03 15:59:48.008   741  1076 V WindowManager: TaskLaunchParamsModifier:phase=0 task=null activity=ActivityRecord{167999325 u0 de.teilgedanken.stalltagebuch/dev.dioxus.main.MainActivity t-1} display-from-option=0 display-id=0 task-display-area-windowing-mode=1 suggested-display-area=DefaultTaskDisplayArea@197945830
05-03 15:59:48.008   741  1076 V WindowManager: DesktopModeLaunchParamsModifier: phase= 3 task=null activity=ActivityRecord{167999325 u0 de.teilgedanken.stalltagebuch/dev.dioxus.main.MainActivity t-1} display-from-option=0 display-id=0 task-display-area-windowing-mode=1 suggested-display-area=DefaultTaskDisplayArea@197945830 task null, skipping
05-03 15:59:48.008   741  1076 V WindowManager: TaskLaunchParamsModifier:phase=3 task=null activity=ActivityRecord{167999325 u0 de.teilgedanken.stalltagebuch/dev.dioxus.main.MainActivity t-1} display-from-option=0 display-id=0 task-display-area-windowing-mode=1 suggested-display-area=DefaultTaskDisplayArea@197945830 inherit-from-source=fullscreen non-freeform-task-display-area display-area=DefaultTaskDisplayArea@197945830 skip-bounds-fullscreen
05-03 15:59:48.009   741  1076 V WindowManager: DesktopModeLaunchParamsModifier: phase= 3 task=Task{c658d2 #217 type=standard A=10219:de.teilgedanken.stalltagebuch} activity=ActivityRecord{167999325 u0 de.teilgedanken.stalltagebuch/dev.dioxus.main.MainActivity t-1} display-from-option=0 display-id=0 task-display-area-windowing-mode=1 suggested-display-area=DefaultTaskDisplayArea@197945830 not entering desktop mode, skipping
05-03 15:59:48.009   741  1076 V WindowManager: TaskLaunchParamsModifier:phase=3 task=Task{c658d2 #217 type=standard A=10219:de.teilgedanken.stalltagebuch} activity=ActivityRecord{167999325 u0 de.teilgedanken.stalltagebuch/dev.dioxus.main.MainActivity t-1} display-from-option=0 display-id=0 task-display-area-windowing-mode=1 suggested-display-area=DefaultTaskDisplayArea@197945830 inherit-from-source=fullscreen non-freeform-task-display-area display-area=DefaultTaskDisplayArea@197945830 skip-bounds-fullscreen
05-03 15:59:48.011   741  1076 I ActivityTaskManager: START u0 {act=android.intent.action.MAIN cat=[android.intent.category.LAUNCHER] flg=0x10200000 xflg=0x4 cmp=de.teilgedanken.stalltagebuch/dev.dioxus.main.MainActivity bnds=[994,2289][1192,2512]} with LAUNCH_MULTIPLE from uid 10183 (com.google.android.apps.nexuslauncher) (sr=213739524) (BAL_ALLOW_VISIBLE_WINDOW) result code=0
05-03 15:59:48.011  1120  1120 D StatsLog: LAUNCHER_APP_LAUNCH_TAP
05-03 15:59:48.011  1120  1120 D StatsLog: LAUNCHER_HOTSEAT_RANKED
05-03 15:59:48.012   741   764 V GrammaticalInflectionUtils: AttributionSource: android.content.AttributionSource@f86d0235 does not have READ_SYSTEM_GRAMMATICAL_GENDER permission.
05-03 15:59:48.012   592   975 I libbinder.BpBinder: onLastStrongRef automatically unlinking death recipients for descriptor: '(not cached)'
05-03 15:59:48.013  1120  1120 D BaseActivity: Launcher flags updated: [state_started|state_resumed|state_deferred_resumed|state_window_focused] -[state_user_active]
05-03 15:59:48.013  1120  1120 D BaseActivity: Launcher flags updated: [state_started|state_window_focused] -[state_resumed|state_deferred_resumed]
05-03 15:59:48.013  1120  1120 W SplitSelectStateCtor: Missing session instanceIds
05-03 15:59:48.013  1120  1120 D StatsLog: LAUNCHER_SPLIT_SELECTION_EXIT_INTERRUPTED
05-03 15:59:48.014   990  1074 V WindowManagerShell: Transition requested (#87): android.os.BinderProxy@ff8db31 TransitionRequestInfo { type = OPEN, triggerTask = TaskInfo{userId=0 taskId=217 effectiveUid=10219 displayId=0 isRunning=true baseIntent=Intent { act=android.intent.action.MAIN cat=[android.intent.category.LAUNCHER] flg=0x10200000 cmp=de.teilgedanken.stalltagebuch/dev.dioxus.main.MainActivity } baseActivity=ComponentInfo{de.teilgedanken.stalltagebuch/dev.dioxus.main.MainActivity} topActivity=ComponentInfo{de.teilgedanken.stalltagebuch/dev.dioxus.main.MainActivity} origActivity=null realActivity=ComponentInfo{de.teilgedanken.stalltagebuch/dev.dioxus.main.MainActivity} numActivities=1 lastActiveTime=13276433 supportsMultiWindow=true resizeMode=1 isResizeable=true minWidth=-1 minHeight=-1 defaultMinSize=220 token=WCT{android.os.BinderProxy@8a47216} topActivityType=1 pictureInPictureParams=null shouldDockBigOverlays=false launchIntoPipHostTaskId=-1 lastParentTaskIdBeforePip=-1 displayCutoutSafeInsets=Rect(0, 156 - 0, 0) topActivityInfo=ActivityInfo{bcb7797 dev.dioxus.main.MainActivity} launchCookies=[android.os.BinderProxy@9dc1d84] positionInParent=Point(0, 0) parentTaskId=-1 isFocused=false isVisible=false isVisibleRequested=false isTopActivityNoDisplay=false isSleeping=false locusId=null displayAreaFeatureId=1 isTopActivityTransparent=false isActivityStackTransparent=false lastNonFullscreenBounds=null capturedLink=null capturedLinkTimestamp=0 requestedVisibleTypes=503 topActivityRequestOpenInBrowserEducationTimestamp=0 appCompatTaskInfo=AppCompatTaskInfo { topActivityInSizeCompat=false isLeafTask= true eligibleForLetterboxEducation= false isLetterboxEducationEnabled= true isLetterboxDoubleTapEnabled= false eligibleForUserAspectRatioButton= false topActivityBoundsLetterboxed= false isFromLetterboxDoubleTap= false topActivityLetterboxVerticalPosition= -1 topActivityLetterboxHorizontalPosition= -1 topActivityLetterboxWidth=-1 topActivityLetterboxHeight=-1 topActivityAppBounds=Rect(0, 156 - 1280, 2784) isUserFullscreenOverrideEnabled=false isSystemFullscreenOverrideEnabled=false hasMinAspectRatioOverride=false topActivityLetterboxBounds=null cameraCompatTaskInfo=CameraCompatTaskInfo { cameraCompatMode=inactive0} topNonResizableActivityAspectRatio=-1.0} topActivityMainWindowFrame=null isAppBubble=false}, pipChange = null, remoteTransition = RemoteTransition { remoteTransition = android.window.IRemoteTransition$Stub$Proxy@bcef96d, appThread = android.app.IApplicationThread$Stub$Proxy@e6d99a2, debugName = QuickstepLaunch }, displayChange = null, requestedLocation = null, userChange = null, windowingLayerChange = null, flags = 0, debugId = 87 }
05-03 15:59:48.014  1120  1191 D QuickstepModelDelegate: notifyAppTargetEvent action=1 launchLocation=folder/hotseat/-1/[-1,0]/[1,1]
05-03 15:59:48.015   990  1074 D ShellSplitScreen: logExit: no-op, mLoggerSessionId is null
05-03 15:59:48.015   990  1074 V WindowManagerShell: RemoteTransition directly requested for (#87) android.os.BinderProxy@ff8db31: RemoteTransition { remoteTransition = android.window.IRemoteTransition$Stub$Proxy@bcef96d, appThread = android.app.IApplicationThread$Stub$Proxy@e6d99a2, debugName = QuickstepLaunch }
05-03 15:59:48.016   642  4283 W libbinder.IPCThreadState: Sending oneway calls to frozen process.
05-03 15:59:48.016   642  4283 W libbinder.IPCThreadState: Sending oneway calls to frozen process.
05-03 15:59:48.016   741  1782 V WindowManager: Defer transition id=87 for TaskFragmentTransaction=android.os.Binder@ad33515
05-03 15:59:48.016   741  1782 V WindowManager: deferTransitionReady deferReadyDepth=1 stack=com.android.server.wm.TransitionController.deferTransitionReady:1061 com.android.server.wm.TaskFragmentOrganizerController$TaskFragmentOrganizerState.dispatchTransaction:517 com.android.server.wm.TaskFragmentOrganizerController.dispatchPendingEvents:1259 com.android.server.wm.TaskFragmentOrganizerController.dispatchPendingEvents:1228 com.android.server.wm.RootWindowContainer.performSurfacePlacement:777 
05-03 15:59:48.016   990  1074 V WindowManagerShell: Transition (#87): request handled by DefaultMixedHandler
05-03 15:59:48.016   990  1074 D WindowManagerShell: setLauncherKeepClearAreaHeight: visible=false, height=567
05-03 15:59:48.017   741   943 D BackgroundInstallControlService: Package event received: 0
05-03 15:59:48.017  1120  1120 D RecentsView: onTaskDisplayChanged: 217, new displayId = 0
05-03 15:59:48.017  1120  1120 D b/417220811: invalidateLoadedTasks - previous requestLoadId: -1
05-03 15:59:48.017  1120  1120 D b/417220811: invalidateLoadedTasks - previous requestLoadId: -1
05-03 15:59:48.017   741  1076 V WindowManager: Continue transition id=87 for TaskFragmentTransaction=android.os.Binder@ad33515
05-03 15:59:48.017   741  1076 V WindowManager: continueTransitionReady deferReadyDepth=0 stack=com.android.server.wm.TransitionController.continueTransitionReady:1071 com.android.server.wm.TaskFragmentOrganizerController$TaskFragmentOrganizerState.onTransactionFinished:546 com.android.server.wm.TaskFragmentOrganizerController.onTransactionHandled:740 android.window.ITaskFragmentOrganizerController$Stub.onTransact:225 android.os.Binder.execTransactInternal:1473 
05-03 15:59:48.018   523   523 D Zygote  : Forked child process 11863
05-03 15:59:48.018   741   772 I ActivityManager: Start proc 11863:de.teilgedanken.stalltagebuch/u0a219 for next-top-activity {de.teilgedanken.stalltagebuch/dev.dioxus.main.MainActivity}
05-03 15:59:48.023 11863 11863 I Zygote  : Process 11863 created for de.teilgedanken.stalltagebuch
05-03 15:59:48.023 11863 11863 I n.stalltagebuch: Using CollectorTypeCMC GC.
05-03 15:59:48.023 11863 11863 W n.stalltagebuch: Unexpected CPU variant for x86: x86_64.
05-03 15:59:48.023 11863 11863 W n.stalltagebuch: Known variants: atom, sandybridge, silvermont, goldmont, goldmont-plus, goldmont-without-sha-xsaves, tremont, kabylake, alderlake, default
05-03 15:59:48.025 11863 11863 D nativeloader: Load libframework-connectivity-tiramisu-jni.so using APEX ns com_android_tethering for caller /apex/com.android.tethering/javalib/framework-connectivity-t.jar: ok
05-03 15:59:48.025   990  1151 D WindowOnBackDispatcher: setTopOnBackInvokedCallback (unwrapped): android.view.ViewRootImpl$$ExternalSyntheticLambda12@afadee
05-03 15:59:48.026   741  1076 D CoreBackPreview: Window{7fad0ff u0 Splash Screen de.teilgedanken.stalltagebuch}: Setting back callback OnBackInvokedCallbackInfo{mCallback=android.window.IOnBackInvokedCallback$Stub$Proxy@3b57e1b, mPriority=0, mIsAnimationCallback=false, mOverrideBehavior=0}
05-03 15:59:48.029   741   943 D BackgroundInstallControlService: Package event received: 0
05-03 15:59:48.029 11863 11863 D CompatChangeReporter: Compat change id reported: 242716250; UID 10219; state: ENABLED
05-03 15:59:48.034 11863 11863 D nativeloader: Configuring clns-9 for other apk /data/app/~~P97h51U804NMWBaFhy1ymQ==/de.teilgedanken.stalltagebuch-ms3Az-eBMu4V9NcnCZ6xKQ==/base.apk. target_sdk_version=34, uses_libraries=, library_path=/data/app/~~P97h51U804NMWBaFhy1ymQ==/de.teilgedanken.stalltagebuch-ms3Az-eBMu4V9NcnCZ6xKQ==/lib/x86_64:/data/app/~~P97h51U804NMWBaFhy1ymQ==/de.teilgedanken.stalltagebuch-ms3Az-eBMu4V9NcnCZ6xKQ==/base.apk!/lib/x86_64, permitted_path=/data:/mnt/expand:/data/user/0/de.teilgedanken.stalltagebuch
05-03 15:59:48.036 11863 11863 V GraphicsEnvironment: Currently set values for:
05-03 15:59:48.036 11863 11863 V GraphicsEnvironment:   angle_gl_driver_selection_pkgs=[]
05-03 15:59:48.036 11863 11863 V GraphicsEnvironment:   angle_gl_driver_selection_values=[]
05-03 15:59:48.036 11863 11863 V GraphicsEnvironment: de.teilgedanken.stalltagebuch is not listed in per-application setting
05-03 15:59:48.037 11863 11863 V GraphicsEnvironment: ANGLE allowlist from config: com.dreamgames.royalmatch com.dts.freefiremax com.dxx.firenow com.gramgames.mergedragons com.ludo.king com.mojang.minecraftpe com.my.defense com.nintendo.zaka com.os.airforce com.playrix.fishdomdd.gplay io.teslatech.callbreak jp.konami.prospia net.peakgames.toonblast
05-03 15:59:48.037 11863 11863 V GraphicsEnvironment: No special selections for ANGLE, returning default driver choice
05-03 15:59:48.037 11863 11863 V GraphicsEnvironment: Neither updatable production driver nor prerelease driver is supported.
05-03 15:59:48.041 11863 11876 I DisplayManager: Choreographer implicitly registered for the refresh rate.
05-03 15:59:48.041   741   943 D BackgroundInstallControlService: Package event received: 0
05-03 15:59:48.049   741   943 D BackgroundInstallControlService: Package event received: 0
05-03 15:59:48.050  1120  1120 D BaseActivity: Launcher flags updated: [state_started] -[state_window_focused]
05-03 15:59:48.053   583   684 D AudioFlinger: mixer(0x7b354a0e5790) throttle end: throttle time(33)
05-03 15:59:48.061   990  1212 V WindowManagerShell: onTransitionReady(transaction=3182570775423)
05-03 15:59:48.061   741   761 V WindowManager: Sent Transition (#87) createdAt=05-03 15:59:48.008 via request=TransitionRequestInfo { type = OPEN, triggerTask = TaskInfo{userId=0 taskId=217 effectiveUid=10219 displayId=0 isRunning=true baseIntent=Intent { act=android.intent.action.MAIN cat=[android.intent.category.LAUNCHER] flg=0x10200000 cmp=de.teilgedanken.stalltagebuch/dev.dioxus.main.MainActivity } baseActivity=ComponentInfo{de.teilgedanken.stalltagebuch/dev.dioxus.main.MainActivity} topActivity=ComponentInfo{de.teilgedanken.stalltagebuch/dev.dioxus.main.MainActivity} origActivity=null realActivity=ComponentInfo{de.teilgedanken.stalltagebuch/dev.dioxus.main.MainActivity} numActivities=1 lastActiveTime=13276433 supportsMultiWindow=true resizeMode=1 isResizeable=true minWidth=-1 minHeight=-1 defaultMinSize=220 token=WCT{RemoteToken{51192fc Task{c658d2 #217 type=standard A=10219:de.teilgedanken.stalltagebuch}}} topActivityType=1 pictureInPictureParams=null shouldDockBigOverlays=false launchIntoPipHostTaskId=-1 lastParentTaskIdBeforePip=-1 displayCutoutSafeInsets=Rect(0, 156 - 0, 0) topActivityInfo=ActivityInfo{e2c8d85 dev.dioxus.main.MainActivity} launchCookies=[android.os.BinderProxy@5f4f7da] positionInParent=Point(0, 0) parentTaskId=-1 isFocused=false isVisible=false isVisibleRequested=false isTopActivityNoDisplay=false isSleeping=false locusId=null displayAreaFeatureId=1 isTopActivityTransparent=false isActivityStackTransparent=false lastNonFullscreenBounds=null capturedLink=null capturedLinkTimestamp=0 requestedVisibleTypes=503 topActivityRequestOpenInBrowserEducationTimestamp=0 appCompatTaskInfo=AppCompatTaskInfo { topActivityInSizeCompat=false isLeafTask= true eligibleForLetterboxEducation= false isLetterboxEducationEnabled= true isLetterboxDoubleTapEnabled= false eligibleForUserAspectRatioButton= false topActivityBoundsLetterboxed= false isFromLetterboxDoubleTap= false topActivityLetterboxVerticalPosition= -1 topActivityLetterboxHorizontalPosition= -1 topActivityLetterboxWidth=-1 topActivityLetterboxHeight=-1 topActivityAppBounds=Rect(0, 156 - 1280, 2784) isUserFullscreenOverrideEnabled=false isSystemFullscreenOverrideEnabled=false hasMinAspectRatioOverride=false topActivityLetterboxBounds=null cameraCompatTaskInfo=CameraCompatTaskInfo { cameraCompatMode=inactive0} topNonResizableActivityAspectRatio=-1.0} topActivityMainWindowFrame=null isAppBubble=false}, pipChange = null, remoteTransition = RemoteTransition { remoteTransition = android.window.IRemoteTransition$Stub$Proxy@96e240b, appThread = android.app.IApplicationThread$Stub$Proxy@e62e2e8, debugName = QuickstepLaunch }, displayChange = null, requestedLocation = null, userChange = null, windowingLayerChange = null, flags = 0, debugId = 87 }
05-03 15:59:48.061   990  1074 V WindowManagerShell: onTransitionReady (#87) android.os.BinderProxy@ff8db31: {id=87 t=OPEN f=0x0 trk=0 r=[0@Point(0, 0)] c=[
05-03 15:59:48.061   990  1074 V WindowManagerShell:         {m=OPEN f=NONE leash=Surface(name=Task=217#1139)/@0x3c5f2a1 sb=Rect(0, 0 - 1280, 2856) eb=Rect(0, 0 - 1280, 2856) epz=Point(1280, 2856) d=0 taskParent=-1 winMode=1 userId=0},
05-03 15:59:48.061   990  1074 V WindowManagerShell:         {m=TO_BACK f=SHOW_WALLPAPER leash=Surface(name=Task=1#44)/@0x4bb8cc6 sb=Rect(0, 0 - 1280, 2856) eb=Rect(0, 0 - 1280, 2856) epz=Point(1280, 2856) d=0 taskParent=-1 winMode=1 userId=0},
05-03 15:59:48.061   990  1074 V WindowManagerShell:         {m=TO_BACK f=IS_WALLPAPER leash=Surface(name=WallpaperWindowToken{1325bc3}#60)/@0xfe37487 sb=Rect(0, 0 - 1280, 2856) eb=Rect(0, 0 - 1280, 2856) epz=Point(1280, 2856) d=0}
05-03 15:59:48.061   990  1074 V WindowManagerShell:     ]}
05-03 15:59:48.061   741   761 V WindowManager:     startWCT=WindowContainerTransaction { changes= {} hops= [] errorCallbackToken=null taskFragmentOrganizer=null }
05-03 15:59:48.061   741   761 V WindowManager:     info={id=87 t=OPEN f=0x0 trk=0 r=[0@Point(0, 0)] c=[
05-03 15:59:48.061   741   761 V WindowManager:         {WCT{RemoteToken{51192fc Task{c658d2 #217 type=standard A=10219:de.teilgedanken.stalltagebuch}}} m=OPEN f=NONE leash=Surface(name=Task=217#1139)/@0x4f3dcce sb=Rect(0, 0 - 1280, 2856) eb=Rect(0, 0 - 1280, 2856) epz=Point(1280, 2856) d=0 taskParent=-1 winMode=1 userId=0},
05-03 15:59:48.061   741   761 V WindowManager:         {WCT{RemoteToken{ad00647 Task{26559cf #1 type=home}}} m=TO_BACK f=SHOW_WALLPAPER leash=Surface(name=Task=1#44)/@0xf3adc4f sb=Rect(0, 0 - 1280, 2856) eb=Rect(0, 0 - 1280, 2856) epz=Point(1280, 2856) d=0 taskParent=-1 winMode=1 userId=0},
05-03 15:59:48.061   741   761 V WindowManager:         {m=TO_BACK f=IS_WALLPAPER leash=Surface(name=WallpaperWindowToken{1325bc3}#60)/@0xe0416ae sb=Rect(0, 0 - 1280, 2856) eb=Rect(0, 0 - 1280, 2856) epz=Point(1280, 2856) d=0}
05-03 15:59:48.061   741   761 V WindowManager:     ]}
05-03 15:59:48.061   990  1074 V WindowManagerShell: Playing animation for (#87) android.os.BinderProxy@ff8db31@0
05-03 15:59:48.061   990  1074 V WindowManagerShell:  try firstHandler com.android.wm.shell.transition.DefaultMixedHandler@f6cd71
05-03 15:59:48.061   990  1074 V WindowManagerShell: Mixed transition for opening an intent with a remote transition and PIP or Desktop #87
05-03 15:59:48.061   990  1074 V WindowManagerShell: tryAnimateOpenIntentWithRemoteAndPipOrDesktop
05-03 15:59:48.061   990  1074 V WindowManagerShell:  Delegate animation for (#87) to RemoteTransition { remoteTransition = android.window.IRemoteTransition$Stub$Proxy@bcef96d, appThread = android.app.IApplicationThread$Stub$Proxy@e6d99a2, debugName = QuickstepLaunch }
05-03 15:59:48.062   990  1074 V WindowManagerShell:  animated by firstHandler
05-03 15:59:48.062   990  1074 V ShellTaskOrganizer: Task appeared taskId=217 listener=FullscreenTaskListener
05-03 15:59:48.062   990  1074 V ShellTaskOrganizer: Fullscreen Task Appeared: #217
05-03 15:59:48.063 11863 11863 D nativeloader: Load /data/app/~~P97h51U804NMWBaFhy1ymQ==/de.teilgedanken.stalltagebuch-ms3Az-eBMu4V9NcnCZ6xKQ==/base.apk!/lib/x86_64/libmain.so using class loader ns clns-9 (caller=/data/app/~~P97h51U804NMWBaFhy1ymQ==/de.teilgedanken.stalltagebuch-ms3Az-eBMu4V9NcnCZ6xKQ==/base.apk): ok
05-03 15:59:48.063  1120  1120 D LauncherStateManager: StateManager.cancelAnimation: animation ongoing: false, partial trace:
05-03 15:59:48.063  1120  1120 D LauncherStateManager: 	at com.android.launcher3.statemanager.StateManager.setCurrentAnimation(go/retraceme 7101499b44b219b757f6885b35ae099b24fc769225595efcaaacae5b0f94500b:18)
05-03 15:59:48.063  1120  1120 D LauncherStateManager: 	at com.android.launcher3.QuickstepTransitionManager$AppLaunchAnimationRunner.onAnimationStart(go/retraceme 7101499b44b219b757f6885b35ae099b24fc769225595efcaaacae5b0f94500b:430)
05-03 15:59:48.063  1120  1120 D LauncherStateManager: 	at com.android.launcher3.LauncherAnimationRunner$$ExternalSyntheticLambda2.run(go/retraceme 7101499b44b219b757f6885b35ae099b24fc769225595efcaaacae5b0f94500b:72)
05-03 15:59:48.067 11863 11876 I GFXSTREAM: [eglDisplay.cpp(297)] Opening libGLESv1_CM_emulation.so
05-03 15:59:48.067 11863 11876 I GFXSTREAM: [eglDisplay.cpp(297)] Opening libGLESv2_emulation.so
05-03 15:59:48.067 11863 11863 D AppCompatDelegate: Checking for metadata for AppLocalesMetadataHolderService : Service not found
05-03 15:59:48.069 11863 11863 E ashmem  : Pinning is deprecated since Android Q. Please use trim or other methods.
05-03 15:59:48.071 11863 11876 W HWUI    : Failed to choose config with EGL_SWAP_BEHAVIOR_PRESERVED, retrying without...
05-03 15:59:48.071 11863 11876 W HWUI    : Failed to initialize 101010-2 format, error = EGL_SUCCESS
05-03 15:59:48.072 11863 11880 D stalltagebuch: jni::wrapper::java_vm::vm: Attached thread main (ThreadId(2)). 1 threads attached
05-03 15:59:48.072 11863 11880 I stalltagebuch: stalltagebuch: Android TLS verifier initialized
